
 RUN  v5.0.0 /Users/za/.local/share/king-down-supervised-20260922/integration

 ❯ src/ai/search-repetition.test.ts (5 tests | 4 failed) 31ms
   × search respects prior positions even when the halfmove clock is zero 9ms
   × includes spent Strike state in the search repetition key 4ms
   × quiescence applies the fifty-move draw and starts from its own history/state 11ms
   × cuts the reversible Ogre/pawn check cycle during search 3ms

 Test Files  1 failed (1)
      Tests  4 failed | 1 passed (5)
   Start at  03:20:53
   Duration  239ms (transform 60%, tests 25%, import 13%, worker 2%)


⎯⎯⎯⎯⎯⎯⎯ Failed Tests 4 ⎯⎯⎯⎯⎯⎯⎯

 FAIL  src/ai/search-repetition.test.ts > search respects prior positions even when the halfmove clock is zero
AssertionError: expected false to be true // Object.is equality

- Expected
+ Received

- true
+ false

 ❯ src/ai/search-repetition.test.ts:35:30
     33|   resetSearchState();
     34|   const result = search(pos, { maxDepth: 1, history });
     35|   expect(result.score === 0).toBe(true);
       |                              ^
     36|   expect(result.nodes).toBe(legalMoves(pos).length);
     37| });

⎯⎯⎯⎯⎯⎯⎯⎯⎯⎯⎯⎯⎯⎯⎯⎯⎯⎯⎯⎯⎯⎯⎯⎯[1/4]⎯

 FAIL  src/ai/search-repetition.test.ts > includes spent Strike state in the search repetition key
AssertionError: expected false to be true // Object.is equality

- Expected
+ Received

- true
+ false

 ❯ src/ai/search-repetition.test.ts:43:61
     41|   const history = legalMoves(pos).map(m => positionKey(makeMove(pos, m…
     42|   resetSearchState();
     43|   expect(search(pos, { maxDepth: 1, history }).score === 0).toBe(true);
       |                                                             ^
     44| });
     45|

⎯⎯⎯⎯⎯⎯⎯⎯⎯⎯⎯⎯⎯⎯⎯⎯⎯⎯⎯⎯⎯⎯⎯⎯[2/4]⎯

 FAIL  src/ai/search-repetition.test.ts > quiescence applies the fifty-move draw and starts from its own history/state
AssertionError: expected 690 to be +0 // Object.is equality

- Expected
+ Received

- 0
+ 690

 ❯ src/ai/search-repetition.test.ts:51:51
     49|   search(pos, { maxDepth: 1, history: [positionKey(pos)] });
     50|   expect(quiesceScore(pos)).toBe(quiet);
     51|   expect(quiesceScore({ ...pos, halfmove: 100 })).toBe(0);
       |                                                   ^
     52| });
     53|

⎯⎯⎯⎯⎯⎯⎯⎯⎯⎯⎯⎯⎯⎯⎯⎯⎯⎯⎯⎯⎯⎯⎯⎯[3/4]⎯

 FAIL  src/ai/search-repetition.test.ts > cuts the reversible Ogre/pawn check cycle during search
AssertionError: expected 448 to be less than 150
 ❯ src/ai/search-repetition.test.ts:62:24
     60|   // Baseline visits 448 nodes by revisiting the two-ply checked posit…
     61|   // cycle should be cut on recurrence, not searched repeatedly until …
     62|   expect(result.nodes).toBeLessThan(150);
       |                        ^
     63| });
     64|

⎯⎯⎯⎯⎯⎯⎯⎯⎯⎯⎯⎯⎯⎯⎯⎯⎯⎯⎯⎯⎯⎯⎯⎯[4/4]⎯

