[?2026h[?25l[1Ggathering model components [K[?25h[?2026l[?2026h[?25l[1Gusing existing layer sha256:8134c367d5f056c1cf35da1cc18742b5e64c466506d75549eb7bc80ee72d6190 [K
using existing layer sha256:db5bb09a2b18e32d14c4d7e18c2c9abe3f67e99a428599bd5ed1bc3dda8afec7 [K
using existing layer sha256:57ec4ee6512c76da10c445eef520d0135fa62fb00ee1c5dd0d8069e0047fa447 [K
using existing layer sha256:4f78d0f734a897177bc75d9e01c8f437692f03daebbc5f9d40c9cca0922af05e [K
using existing layer sha256:6def9c627eb8166f1e49fc6665c79963589d8e7d55e22d3ee3b6f277d737d1ed [K
using existing layer sha256:01f57cc78a6f2025f21287c2b772943121134ad6b9d997f8b53f7a48ac7ad5f2 [K
using existing layer sha256:ccea93eff1494d2dffc8f2bf90c3284e7536b97f614f551c26df9d882ea2f793 [K
using existing layer sha256:8e04699e3b6183db07af546907aba112710413744ca0c7b7db36231166384718 [K
using existing layer sha256:bffb860211df1cf45ce34bee35fe74c83f892ca4397f63b1eaa249b65f73da99 [K
using existing layer sha256:a784c89595edd89a89825b705560421c6d5d031c263c38f48abf486bde95947d [K
using existing layer sha256:41bb98d2e1bd15f023ad31715a27be270404e80eec0d3b0b5716acb590bd9893 [K
using existing layer sha256:bf62693a88d022d0789ee162f2af25c494808434aceebff4b7df712fe941b7f4 [K
using existing layer sha256:af908e4b42c018ef923ebc38c16083aa75051dc3778b92b1443adabd2cab2267 [K
using existing layer sha256:e70c136c1b78ddc1fb0905bac8e733a4dc448d4f852a5dd75143fffc70be550e [K
using existing layer sha256:5cf6a0d37262d14d63f860636fa03c7524098a16a7afe6ab689ad7ed2fcd94c7 [K
using existing layer sha256:27225450ac9c6529872ee1924fcb0962ff5634834f817040f444118116f4e516 [K
using existing layer sha256:0997f410c57a1f4e53b09e4be8f4a172d90edd9564368fb0847030937229b9f3 [K
using existing layer sha256:5a205aa76328f59df93a9091d0496aeda4615c6b0c495cbd37e14c79c0cd0f94 [K
using existing layer sha256:7768af27c1fafa9cc9011c1dc20067e03f8915e03b63504550e11d5066986d13 [K
using existing layer sha256:ce99b4cb2983d118806ce0a8b777a35b093e2000a503ebde25853284c9dfa003 [K
using existing layer sha256:4c6a8e842ef0d8504549facfb03f1273a8d0022991519bc1888522cc1a5517d1 [K
creating new layer sha256:857f77ad34b58bc6daf5c5e5652de9a3a295e3ff6e89d17dc833b7739da02b41 [K
writing manifest [K
success [K[?25h[?2026l
