[ab2.base] 1600 games (0 already done), 1600 to play on 7 workers -> sim/out/ab2.base.jsonl
[ab2.base] depth 3, 4 random opening plies, ply cap 300, pairs off (both sides identical; --pairs forces them on)
[ab2.base] rules {}, values {}
[ab2.base] 1/1600  0.5 games/s  ETA 0h53m29s
[ab2.base] 3/1600  0.7 games/s  ETA 0h35m33s
[ab2.base] 7/1600  1.2 games/s  ETA 0h22m47s
[ab2.base] 11/1600  1.4 games/s  ETA 0h19m17s
[ab2.base] 17/1600  1.7 games/s  ETA 0h15m32s
[ab2.base] 22/1600  1.8 games/s  ETA 0h14m21s
[ab2.base] 26/1600  1.9 games/s  ETA 0h14m08s
[ab2.base] 32/1600  2.0 games/s  ETA 0h13m05s
[ab2.base] 34/1600  1.9 games/s  ETA 0h13m50s
[ab2.base] 39/1600  1.9 games/s  ETA 0h13m21s
[ab2.base] 43/1600  2.0 games/s  ETA 0h13m17s
[ab2.base] 47/1600  2.0 games/s  ETA 0h13m13s
[ab2.base] 49/1600  1.9 games/s  ETA 0h13m43s
[ab2.base] 54/1600  1.9 games/s  ETA 0h13m22s
[ab2.base] 57/1600  1.9 games/s  ETA 0h13m32s
[ab2.base] 64/1600  2.0 games/s  ETA 0h12m48s
[ab2.base] 68/1600  2.0 games/s  ETA 0h12m46s
[ab2.base] 70/1600  1.9 games/s  ETA 0h13m07s
[ab2.base] 74/1600  1.9 games/s  ETA 0h13m04s
[ab2.base] 79/1600  2.0 games/s  ETA 0h12m50s
[ab2.base] 83/1600  2.0 games/s  ETA 0h12m48s
[ab2.base] 88/1600  2.0 games/s  ETA 0h12m36s
[ab2.base] 89/1600  1.9 games/s  ETA 0h13m01s
[ab2.base] 95/1600  2.0 games/s  ETA 0h12m41s
[ab2.base] 101/1600  2.0 games/s  ETA 0h12m22s
[ab2.base] 104/1600  2.0 games/s  ETA 0h12m28s
[ab2.base] 108/1600  2.0 games/s  ETA 0h12m26s
[ab2.base] 112/1600  2.0 games/s  ETA 0h12m24s
[ab2.base] 114/1600  2.0 games/s  ETA 0h12m36s
[ab2.base] 120/1600  2.0 games/s  ETA 0h12m20s
[ab2.base] 125/1600  2.0 games/s  ETA 0h12m12s
[ab2.base] 129/1600  2.0 games/s  ETA 0h12m10s
[ab2.base] 132/1600  2.0 games/s  ETA 0h12m14s
[ab2.base] 138/1600  2.0 games/s  ETA 0h12m01s
[ab2.base] 141/1600  2.0 games/s  ETA 0h12m05s
[ab2.base] 146/1600  2.0 games/s  ETA 0h11m57s
[ab2.base] 152/1600  2.1 games/s  ETA 0h11m45s
[ab2.base] 155/1600  2.0 games/s  ETA 0h11m49s
[ab2.base] 160/1600  2.0 games/s  ETA 0h11m42s
[ab2.base] 162/1600  2.0 games/s  ETA 0h11m50s
[ab2.base] 168/1600  2.0 games/s  ETA 0h11m39s
[ab2.base] 170/1600  2.0 games/s  ETA 0h11m47s
[ab2.base] 175/1600  2.0 games/s  ETA 0h11m40s
[ab2.base] 180/1600  2.0 games/s  ETA 0h11m34s
[ab2.base] 184/1600  2.0 games/s  ETA 0h11m33s
[ab2.base] 186/1600  2.0 games/s  ETA 0h11m40s
[ab2.base] 191/1600  2.0 games/s  ETA 0h11m34s
[ab2.base] 194/1600  2.0 games/s  ETA 0h11m36s
[ab2.base] 197/1600  2.0 games/s  ETA 0h11m38s
[ab2.base] 201/1600  2.0 games/s  ETA 0h11m36s
[ab2.base] 203/1600  2.0 games/s  ETA 0h11m42s
[ab2.base] 204/1600  2.0 games/s  ETA 0h11m52s
[ab2.base] 206/1600  1.9 games/s  ETA 0h11m57s
[ab2.base] 207/1600  1.9 games/s  ETA 0h12m07s
[ab2.base] 210/1600  1.9 games/s  ETA 0h12m08s
[ab2.base] 213/1600  1.9 games/s  ETA 0h12m09s
[ab2.base] 213/1600  1.9 games/s  ETA 0h12m23s
[ab2.base] 216/1600  1.9 games/s  ETA 0h12m23s
[ab2.base] 216/1600  1.8 games/s  ETA 0h12m36s
[ab2.base] 217/1600  1.8 games/s  ETA 0h12m45s
[ab2.base] 219/1600  1.8 games/s  ETA 0h12m50s
[ab2.base] 222/1600  1.8 games/s  ETA 0h12m50s
[ab2.base] 223/1600  1.8 games/s  ETA 0h12m58s
[ab2.base] 225/1600  1.8 games/s  ETA 0h13m02s
[ab2.base] 226/1600  1.7 games/s  ETA 0h13m11s
[ab2.base] 229/1600  1.7 games/s  ETA 0h13m10s
[ab2.base] 230/1600  1.7 games/s  ETA 0h13m18s
[ab2.base] 231/1600  1.7 games/s  ETA 0h13m26s
[ab2.base] 233/1600  1.7 games/s  ETA 0h13m30s
[ab2.base] 234/1600  1.7 games/s  ETA 0h13m37s
[ab2.base] 237/1600  1.7 games/s  ETA 0h13m37s
[ab2.base] 238/1600  1.7 games/s  ETA 0h13m44s
[ab2.base] 239/1600  1.6 games/s  ETA 0h13m52s
[ab2.base] 240/1600  1.6 games/s  ETA 0h13m59s
[ab2.base] 242/1600  1.6 games/s  ETA 0h14m02s
[ab2.base] 243/1600  1.6 games/s  ETA 0h14m09s
[ab2.base] 246/1600  1.6 games/s  ETA 0h14m08s
[ab2.base] 249/1600  1.6 games/s  ETA 0h14m07s
[ab2.base] 250/1600  1.6 games/s  ETA 0h14m13s
[ab2.base] 252/1600  1.6 games/s  ETA 0h14m16s
[ab2.base] 254/1600  1.6 games/s  ETA 0h14m19s
[ab2.base] 256/1600  1.6 games/s  ETA 0h14m21s
[ab2.base] 260/1600  1.6 games/s  ETA 0h14m16s
[ab2.base] 261/1600  1.6 games/s  ETA 0h14m22s
[ab2.base] 263/1600  1.5 games/s  ETA 0h14m24s
[ab2.base] 264/1600  1.5 games/s  ETA 0h14m31s
[ab2.base] 268/1600  1.5 games/s  ETA 0h14m25s
[ab2.base] 268/1600  1.5 games/s  ETA 0h14m35s
[ab2.base] 269/1600  1.5 games/s  ETA 0h14m41s
[ab2.base] 270/1600  1.5 games/s  ETA 0h14m47s
[ab2.base] 273/1600  1.5 games/s  ETA 0h14m45s
[ab2.base] 275/1600  1.5 games/s  ETA 0h14m47s
[ab2.base] 275/1600  1.5 games/s  ETA 0h14m56s
[ab2.base] 277/1600  1.5 games/s  ETA 0h14m58s
[ab2.base] 279/1600  1.5 games/s  ETA 0h15m00s
[ab2.base] 280/1600  1.5 games/s  ETA 0h15m05s
[ab2.base] 284/1600  1.5 games/s  ETA 0h14m59s
[ab2.base] 286/1600  1.5 games/s  ETA 0h15m01s
[ab2.base] 286/1600  1.4 games/s  ETA 0h15m10s
[ab2.base] 289/1600  1.4 games/s  ETA 0h15m08s
[ab2.base] 291/1600  1.4 games/s  ETA 0h15m09s
[ab2.base] 295/1600  1.4 games/s  ETA 0h15m03s
[ab2.base] 296/1600  1.4 games/s  ETA 0h15m08s
[ab2.base] 299/1600  1.4 games/s  ETA 0h15m05s
[ab2.base] 299/1600  1.4 games/s  ETA 0h15m14s
[ab2.base] 301/1600  1.4 games/s  ETA 0h15m15s
[ab2.base] 304/1600  1.4 games/s  ETA 0h15m13s
[ab2.base] 306/1600  1.4 games/s  ETA 0h15m14s
[ab2.base] 306/1600  1.4 games/s  ETA 0h15m22s
[ab2.base] 308/1600  1.4 games/s  ETA 0h15m23s
[ab2.base] 310/1600  1.4 games/s  ETA 0h15m24s
[ab2.base] 311/1600  1.4 games/s  ETA 0h15m29s
[ab2.base] 313/1600  1.4 games/s  ETA 0h15m30s
[ab2.base] 314/1600  1.4 games/s  ETA 0h15m34s
[ab2.base] 315/1600  1.4 games/s  ETA 0h15m39s
[ab2.base] 316/1600  1.4 games/s  ETA 0h15m43s
[ab2.base] 318/1600  1.4 games/s  ETA 0h15m44s
[ab2.base] 320/1600  1.4 games/s  ETA 0h15m44s
[ab2.base] 322/1600  1.4 games/s  ETA 0h15m45s
[ab2.base] 324/1600  1.3 games/s  ETA 0h15m45s
[ab2.base] 325/1600  1.3 games/s  ETA 0h15m50s
[ab2.base] 325/1600  1.3 games/s  ETA 0h15m58s
[ab2.base] 328/1600  1.3 games/s  ETA 0h15m54s
[ab2.base] 329/1600  1.3 games/s  ETA 0h15m58s
[ab2.base] 331/1600  1.3 games/s  ETA 0h15m59s
[ab2.base] 332/1600  1.3 games/s  ETA 0h16m03s
[ab2.base] 335/1600  1.3 games/s  ETA 0h15m59s
[ab2.base] 335/1600  1.3 games/s  ETA 0h16m07s
[ab2.base] 336/1600  1.3 games/s  ETA 0h16m11s
[ab2.base] 338/1600  1.3 games/s  ETA 0h16m11s
[ab2.base] 340/1600  1.3 games/s  ETA 0h16m11s
[ab2.base] 342/1600  1.3 games/s  ETA 0h16m11s
[ab2.base] 343/1600  1.3 games/s  ETA 0h16m15s
[ab2.base] 346/1600  1.3 games/s  ETA 0h16m12s
[ab2.base] 346/1600  1.3 games/s  ETA 0h16m19s
[ab2.base] 347/1600  1.3 games/s  ETA 0h16m23s
[ab2.base] 349/1600  1.3 games/s  ETA 0h16m22s
[ab2.base] 352/1600  1.3 games/s  ETA 0h16m19s
[ab2.base] 353/1600  1.3 games/s  ETA 0h16m22s
[ab2.base] 354/1600  1.3 games/s  ETA 0h16m26s
[ab2.base] 355/1600  1.3 games/s  ETA 0h16m29s
[ab2.base] 359/1600  1.3 games/s  ETA 0h16m22s
[ab2.base] 361/1600  1.3 games/s  ETA 0h16m22s
[ab2.base] 361/1600  1.3 games/s  ETA 0h16m29s
[ab2.base] 362/1600  1.2 games/s  ETA 0h16m32s
[ab2.base] 364/1600  1.2 games/s  ETA 0h16m32s
[ab2.base] 366/1600  1.2 games/s  ETA 0h16m32s
[ab2.base] 368/1600  1.2 games/s  ETA 0h16m31s
[ab2.base] 369/1600  1.2 games/s  ETA 0h16m34s
[ab2.base] 371/1600  1.2 games/s  ETA 0h16m34s
[ab2.base] 374/1600  1.2 games/s  ETA 0h16m30s
[ab2.base] 377/1600  1.2 games/s  ETA 0h16m27s
[ab2.base] 378/1600  1.2 games/s  ETA 0h16m30s
[ab2.base] 381/1600  1.2 games/s  ETA 0h16m26s
[ab2.base] 381/1600  1.2 games/s  ETA 0h16m32s
[ab2.base] 384/1600  1.2 games/s  ETA 0h16m28s
[ab2.base] 386/1600  1.2 games/s  ETA 0h16m28s
[ab2.base] 388/1600  1.2 games/s  ETA 0h16m27s
[ab2.base] 390/1600  1.2 games/s  ETA 0h16m27s
[ab2.base] 391/1600  1.2 games/s  ETA 0h16m30s
[ab2.base] 393/1600  1.2 games/s  ETA 0h16m29s
[ab2.base] 395/1600  1.2 games/s  ETA 0h16m29s
[ab2.base] 398/1600  1.2 games/s  ETA 0h16m25s
[ab2.base] 400/1600  1.2 games/s  ETA 0h16m24s
[ab2.base] 400/1600  1.2 games/s  ETA 0h16m30s
[ab2.base] 402/1600  1.2 games/s  ETA 0h16m30s
[ab2.base] 403/1600  1.2 games/s  ETA 0h16m32s
[ab2.base] 406/1600  1.2 games/s  ETA 0h16m28s
[ab2.base] 407/1600  1.2 games/s  ETA 0h16m31s
[ab2.base] 409/1600  1.2 games/s  ETA 0h16m30s
[ab2.base] 411/1600  1.2 games/s  ETA 0h16m30s
[ab2.base] 414/1600  1.2 games/s  ETA 0h16m26s
[ab2.base] 418/1600  1.2 games/s  ETA 0h16m19s
[ab2.base] 418/1600  1.2 games/s  ETA 0h16m24s
[ab2.base] 420/1600  1.2 games/s  ETA 0h16m24s
[ab2.base] 422/1600  1.2 games/s  ETA 0h16m23s
[ab2.base] 425/1600  1.2 games/s  ETA 0h16m19s
[ab2.base] 425/1600  1.2 games/s  ETA 0h16m25s
[ab2.base] 427/1600  1.2 games/s  ETA 0h16m24s
[ab2.base] 428/1600  1.2 games/s  ETA 0h16m26s
[ab2.base] 429/1600  1.2 games/s  ETA 0h16m28s
[ab2.base] 431/1600  1.2 games/s  ETA 0h16m28s
[ab2.base] 433/1600  1.2 games/s  ETA 0h16m27s
[ab2.base] 434/1600  1.2 games/s  ETA 0h16m29s
[ab2.base] 436/1600  1.2 games/s  ETA 0h16m28s
[ab2.base] 438/1600  1.2 games/s  ETA 0h16m27s
[ab2.base] 441/1600  1.2 games/s  ETA 0h16m23s
[ab2.base] 443/1600  1.2 games/s  ETA 0h16m22s
[ab2.base] 443/1600  1.2 games/s  ETA 0h16m28s
[ab2.base] 444/1600  1.2 games/s  ETA 0h16m30s
[ab2.base] 446/1600  1.2 games/s  ETA 0h16m29s
[ab2.base] 449/1600  1.2 games/s  ETA 0h16m25s
[ab2.base] 450/1600  1.2 games/s  ETA 0h16m27s
[ab2.base] 451/1600  1.2 games/s  ETA 0h16m29s
[ab2.base] 454/1600  1.2 games/s  ETA 0h16m25s
[ab2.base] 456/1600  1.2 games/s  ETA 0h16m24s
[ab2.base] 457/1600  1.2 games/s  ETA 0h16m26s
[ab2.base] 459/1600  1.2 games/s  ETA 0h16m25s
[ab2.base] 461/1600  1.2 games/s  ETA 0h16m24s
[ab2.base] 465/1600  1.2 games/s  ETA 0h16m17s
[ab2.base] 466/1600  1.2 games/s  ETA 0h16m19s
[ab2.base] 468/1600  1.2 games/s  ETA 0h16m18s
[ab2.base] 473/1600  1.2 games/s  ETA 0h16m08s
[ab2.base] 475/1600  1.2 games/s  ETA 0h16m07s
[ab2.base] 476/1600  1.2 games/s  ETA 0h16m08s
[ab2.base] 479/1600  1.2 games/s  ETA 0h16m05s
[ab2.base] 481/1600  1.2 games/s  ETA 0h16m03s
[ab2.base] 483/1600  1.2 games/s  ETA 0h16m02s
[ab2.base] 483/1600  1.2 games/s  ETA 0h16m07s
[ab2.base] 485/1600  1.2 games/s  ETA 0h16m06s
[ab2.base] 487/1600  1.2 games/s  ETA 0h16m05s
[ab2.base] 487/1600  1.1 games/s  ETA 0h16m09s
[ab2.base] 489/1600  1.1 games/s  ETA 0h16m08s
[ab2.base] 492/1600  1.1 games/s  ETA 0h16m04s
[ab2.base] 493/1600  1.1 games/s  ETA 0h16m06s
[ab2.base] 497/1600  1.1 games/s  ETA 0h15m59s
[ab2.base] 497/1600  1.1 games/s  ETA 0h16m03s
[ab2.base] 499/1600  1.1 games/s  ETA 0h16m02s
[ab2.base] 502/1600  1.1 games/s  ETA 0h15m58s
[ab2.base] 506/1600  1.1 games/s  ETA 0h15m52s
[ab2.base] 506/1600  1.1 games/s  ETA 0h15m56s
[ab2.base] 508/1600  1.1 games/s  ETA 0h15m55s
[ab2.base] 510/1600  1.1 games/s  ETA 0h15m54s
[ab2.base] 512/1600  1.1 games/s  ETA 0h15m52s
[ab2.base] 513/1600  1.1 games/s  ETA 0h15m54s
[ab2.base] 515/1600  1.1 games/s  ETA 0h15m53s
[ab2.base] 516/1600  1.1 games/s  ETA 0h15m54s
[ab2.base] 521/1600  1.1 games/s  ETA 0h15m45s
[ab2.base] 521/1600  1.1 games/s  ETA 0h15m49s
[ab2.base] 522/1600  1.1 games/s  ETA 0h15m50s
[ab2.base] 523/1600  1.1 games/s  ETA 0h15m52s
[ab2.base] 525/1600  1.1 games/s  ETA 0h15m50s
[ab2.base] 528/1600  1.1 games/s  ETA 0h15m46s
[ab2.base] 530/1600  1.1 games/s  ETA 0h15m45s
[ab2.base] 531/1600  1.1 games/s  ETA 0h15m46s
[ab2.base] 533/1600  1.1 games/s  ETA 0h15m45s
[ab2.base] 534/1600  1.1 games/s  ETA 0h15m47s
[ab2.base] 537/1600  1.1 games/s  ETA 0h15m43s
[ab2.base] 538/1600  1.1 games/s  ETA 0h15m44s
[ab2.base] 539/1600  1.1 games/s  ETA 0h15m45s
[ab2.base] 540/1600  1.1 games/s  ETA 0h15m46s
[ab2.base] 544/1600  1.1 games/s  ETA 0h15m40s
[ab2.base] 546/1600  1.1 games/s  ETA 0h15m38s
[ab2.base] 547/1600  1.1 games/s  ETA 0h15m40s
[ab2.base] 547/1600  1.1 games/s  ETA 0h15m44s
[ab2.base] 550/1600  1.1 games/s  ETA 0h15m40s
[ab2.base] 554/1600  1.1 games/s  ETA 0h15m33s
[ab2.base] 554/1600  1.1 games/s  ETA 0h15m37s
[ab2.base] 556/1600  1.1 games/s  ETA 0h15m35s
[ab2.base] 557/1600  1.1 games/s  ETA 0h15m37s
[ab2.base] 561/1600  1.1 games/s  ETA 0h15m30s
[ab2.base] 562/1600  1.1 games/s  ETA 0h15m31s
[ab2.base] 564/1600  1.1 games/s  ETA 0h15m30s
[ab2.base] 565/1600  1.1 games/s  ETA 0h15m31s
[ab2.base] 565/1600  1.1 games/s  ETA 0h15m34s
[ab2.base] 567/1600  1.1 games/s  ETA 0h15m33s
[ab2.base] 569/1600  1.1 games/s  ETA 0h15m32s
[ab2.base] 571/1600  1.1 games/s  ETA 0h15m30s
[ab2.base] 571/1600  1.1 games/s  ETA 0h15m34s
[ab2.base] 573/1600  1.1 games/s  ETA 0h15m32s
[ab2.base] 576/1600  1.1 games/s  ETA 0h15m28s
[ab2.base] 577/1600  1.1 games/s  ETA 0h15m29s
[ab2.base] 581/1600  1.1 games/s  ETA 0h15m23s
[ab2.base] 581/1600  1.1 games/s  ETA 0h15m26s
[ab2.base] 582/1600  1.1 games/s  ETA 0h15m27s
[ab2.base] 584/1600  1.1 games/s  ETA 0h15m26s
[ab2.base] 587/1600  1.1 games/s  ETA 0h15m22s
[ab2.base] 587/1600  1.1 games/s  ETA 0h15m25s
[ab2.base] 589/1600  1.1 games/s  ETA 0h15m24s
[ab2.base] 589/1600  1.1 games/s  ETA 0h15m27s
[ab2.base] 590/1600  1.1 games/s  ETA 0h15m28s
[ab2.base] 592/1600  1.1 games/s  ETA 0h15m26s
[ab2.base] 592/1600  1.1 games/s  ETA 0h15m30s
[ab2.base] 594/1600  1.1 games/s  ETA 0h15m28s
[ab2.base] 597/1600  1.1 games/s  ETA 0h15m24s
[ab2.base] 599/1600  1.1 games/s  ETA 0h15m23s
[ab2.base] 600/1600  1.1 games/s  ETA 0h15m24s
[ab2.base] 603/1600  1.1 games/s  ETA 0h15m20s
[ab2.base] 603/1600  1.1 games/s  ETA 0h15m23s
[ab2.base] 605/1600  1.1 games/s  ETA 0h15m21s
[ab2.base] 605/1600  1.1 games/s  ETA 0h15m24s
[ab2.base] 609/1600  1.1 games/s  ETA 0h15m18s
[ab2.base] 610/1600  1.1 games/s  ETA 0h15m19s
[ab2.base] 611/1600  1.1 games/s  ETA 0h15m20s
[ab2.base] 614/1600  1.1 games/s  ETA 0h15m16s
[ab2.base] 616/1600  1.1 games/s  ETA 0h15m14s
[ab2.base] 618/1600  1.1 games/s  ETA 0h15m12s
[ab2.base] 619/1600  1.1 games/s  ETA 0h15m13s
[ab2.base] 623/1600  1.1 games/s  ETA 0h15m07s
[ab2.base] 624/1600  1.1 games/s  ETA 0h15m07s
[ab2.base] 626/1600  1.1 games/s  ETA 0h15m06s
[ab2.base] 628/1600  1.1 games/s  ETA 0h15m04s
[ab2.base] 628/1600  1.1 games/s  ETA 0h15m07s
[ab2.base] 631/1600  1.1 games/s  ETA 0h15m03s
[ab2.base] 633/1600  1.1 games/s  ETA 0h15m01s
[ab2.base] 635/1600  1.1 games/s  ETA 0h15m00s
[ab2.base] 637/1600  1.1 games/s  ETA 0h14m58s
[ab2.base] 641/1600  1.1 games/s  ETA 0h14m52s
[ab2.base] 641/1600  1.1 games/s  ETA 0h14m55s
[ab2.base] 643/1600  1.1 games/s  ETA 0h14m53s
[ab2.base] 644/1600  1.1 games/s  ETA 0h14m54s
[ab2.base] 644/1600  1.1 games/s  ETA 0h14m57s
[ab2.base] 646/1600  1.1 games/s  ETA 0h14m55s
[ab2.base] 647/1600  1.1 games/s  ETA 0h14m56s
[ab2.base] 648/1600  1.1 games/s  ETA 0h14m56s
[ab2.base] 652/1600  1.1 games/s  ETA 0h14m50s
[ab2.base] 655/1600  1.1 games/s  ETA 0h14m46s
[ab2.base] 655/1600  1.1 games/s  ETA 0h14m49s
[ab2.base] 655/1600  1.1 games/s  ETA 0h14m52s
[ab2.base] 657/1600  1.1 games/s  ETA 0h14m50s
[ab2.base] 658/1600  1.1 games/s  ETA 0h14m51s
[ab2.base] 660/1600  1.1 games/s  ETA 0h14m49s
[ab2.base] 663/1600  1.1 games/s  ETA 0h14m45s
[ab2.base] 664/1600  1.1 games/s  ETA 0h14m45s
[ab2.base] 667/1600  1.1 games/s  ETA 0h14m41s
[ab2.base] 667/1600  1.1 games/s  ETA 0h14m44s
[ab2.base] 669/1600  1.1 games/s  ETA 0h14m42s
[ab2.base] 670/1600  1.1 games/s  ETA 0h14m43s
[ab2.base] 670/1600  1.0 games/s  ETA 0h14m46s
[ab2.base] 671/1600  1.0 games/s  ETA 0h14m46s
[ab2.base] 674/1600  1.0 games/s  ETA 0h14m42s
[ab2.base] 676/1600  1.0 games/s  ETA 0h14m40s
[ab2.base] 678/1600  1.0 games/s  ETA 0h14m39s
[ab2.base] 680/1600  1.0 games/s  ETA 0h14m37s
[ab2.base] 680/1600  1.0 games/s  ETA 0h14m40s
[ab2.base] 682/1600  1.0 games/s  ETA 0h14m38s
[ab2.base] 684/1600  1.0 games/s  ETA 0h14m36s
[ab2.base] 688/1600  1.0 games/s  ETA 0h14m30s
[ab2.base] 689/1600  1.0 games/s  ETA 0h14m30s
[ab2.base] 689/1600  1.0 games/s  ETA 0h14m33s
[ab2.base] 691/1600  1.0 games/s  ETA 0h14m31s
[ab2.base] 695/1600  1.0 games/s  ETA 0h14m25s
[ab2.base] 696/1600  1.0 games/s  ETA 0h14m25s
[ab2.base] 699/1600  1.0 games/s  ETA 0h14m21s
[ab2.base] 701/1600  1.0 games/s  ETA 0h14m19s
[ab2.base] 702/1600  1.0 games/s  ETA 0h14m20s
[ab2.base] 707/1600  1.0 games/s  ETA 0h14m11s
[ab2.base] 707/1600  1.0 games/s  ETA 0h14m14s
[ab2.base] 709/1600  1.0 games/s  ETA 0h14m12s
[ab2.base] 712/1600  1.0 games/s  ETA 0h14m08s
[ab2.base] 713/1600  1.0 games/s  ETA 0h14m09s
[ab2.base] 716/1600  1.0 games/s  ETA 0h14m05s
[ab2.base] 718/1600  1.0 games/s  ETA 0h14m03s
[ab2.base] 719/1600  1.0 games/s  ETA 0h14m03s
[ab2.base] 720/1600  1.0 games/s  ETA 0h14m03s
[ab2.base] 722/1600  1.0 games/s  ETA 0h14m02s
[ab2.base] 724/1600  1.0 games/s  ETA 0h14m00s
[ab2.base] 724/1600  1.0 games/s  ETA 0h14m02s
[ab2.base] 726/1600  1.0 games/s  ETA 0h14m00s
[ab2.base] 727/1600  1.0 games/s  ETA 0h14m01s
[ab2.base] 728/1600  1.0 games/s  ETA 0h14m01s
[ab2.base] 730/1600  1.0 games/s  ETA 0h13m59s
[ab2.base] 734/1600  1.0 games/s  ETA 0h13m53s
[ab2.base] 737/1600  1.0 games/s  ETA 0h13m49s
[ab2.base] 737/1600  1.0 games/s  ETA 0h13m51s
[ab2.base] 738/1600  1.0 games/s  ETA 0h13m52s
[ab2.base] 742/1600  1.0 games/s  ETA 0h13m46s
[ab2.base] 743/1600  1.0 games/s  ETA 0h13m46s
[ab2.base] 743/1600  1.0 games/s  ETA 0h13m48s
[ab2.base] 744/1600  1.0 games/s  ETA 0h13m48s
[ab2.base] 746/1600  1.0 games/s  ETA 0h13m47s
[ab2.base] 749/1600  1.0 games/s  ETA 0h13m43s
[ab2.base] 751/1600  1.0 games/s  ETA 0h13m41s
[ab2.base] 755/1600  1.0 games/s  ETA 0h13m35s
[ab2.base] 756/1600  1.0 games/s  ETA 0h13m35s
[ab2.base] 759/1600  1.0 games/s  ETA 0h13m31s
[ab2.base] 762/1600  1.0 games/s  ETA 0h13m27s
[ab2.base] 763/1600  1.0 games/s  ETA 0h13m27s
[ab2.base] 763/1600  1.0 games/s  ETA 0h13m30s
[ab2.base] 764/1600  1.0 games/s  ETA 0h13m30s
[ab2.base] 767/1600  1.0 games/s  ETA 0h13m26s
[ab2.base] 769/1600  1.0 games/s  ETA 0h13m24s
[ab2.base] 769/1600  1.0 games/s  ETA 0h13m26s
[ab2.base] 774/1600  1.0 games/s  ETA 0h13m18s
[ab2.base] 774/1600  1.0 games/s  ETA 0h13m20s
[ab2.base] 776/1600  1.0 games/s  ETA 0h13m19s
[ab2.base] 778/1600  1.0 games/s  ETA 0h13m17s
[ab2.base] 780/1600  1.0 games/s  ETA 0h13m15s
[ab2.base] 781/1600  1.0 games/s  ETA 0h13m15s
[ab2.base] 783/1600  1.0 games/s  ETA 0h13m13s
[ab2.base] 785/1600  1.0 games/s  ETA 0h13m11s
[ab2.base] 786/1600  1.0 games/s  ETA 0h13m11s
[ab2.base] 786/1600  1.0 games/s  ETA 0h13m13s
[ab2.base] 788/1600  1.0 games/s  ETA 0h13m11s
[ab2.base] 790/1600  1.0 games/s  ETA 0h13m10s
[ab2.base] 794/1600  1.0 games/s  ETA 0h13m04s
[ab2.base] 794/1600  1.0 games/s  ETA 0h13m06s
[ab2.base] 796/1600  1.0 games/s  ETA 0h13m04s
[ab2.base] 797/1600  1.0 games/s  ETA 0h13m04s
[ab2.base] 798/1600  1.0 games/s  ETA 0h13m04s
[ab2.base] 801/1600  1.0 games/s  ETA 0h13m00s
[ab2.base] 802/1600  1.0 games/s  ETA 0h13m00s
[ab2.base] 803/1600  1.0 games/s  ETA 0h13m00s
[ab2.base] 804/1600  1.0 games/s  ETA 0h13m00s
[ab2.base] 806/1600  1.0 games/s  ETA 0h12m58s
[ab2.base] 809/1600  1.0 games/s  ETA 0h12m54s
[ab2.base] 810/1600  1.0 games/s  ETA 0h12m54s
[ab2.base] 813/1600  1.0 games/s  ETA 0h12m51s
[ab2.base] 817/1600  1.0 games/s  ETA 0h12m45s
[ab2.base] 818/1600  1.0 games/s  ETA 0h12m45s
[ab2.base] 820/1600  1.0 games/s  ETA 0h12m43s
[ab2.base] 822/1600  1.0 games/s  ETA 0h12m41s
[ab2.base] 822/1600  1.0 games/s  ETA 0h12m43s
[ab2.base] 823/1600  1.0 games/s  ETA 0h12m43s
[ab2.base] 827/1600  1.0 games/s  ETA 0h12m37s
[ab2.base] 829/1600  1.0 games/s  ETA 0h12m35s
[ab2.base] 830/1600  1.0 games/s  ETA 0h12m35s
[ab2.base] 831/1600  1.0 games/s  ETA 0h12m35s
[ab2.base] 833/1600  1.0 games/s  ETA 0h12m33s
[ab2.base] 834/1600  1.0 games/s  ETA 0h12m33s
[ab2.base] 835/1600  1.0 games/s  ETA 0h12m33s
[ab2.base] 838/1600  1.0 games/s  ETA 0h12m29s
[ab2.base] 840/1600  1.0 games/s  ETA 0h12m27s
[ab2.base] 842/1600  1.0 games/s  ETA 0h12m25s
[ab2.base] 845/1600  1.0 games/s  ETA 0h12m22s
[ab2.base] 847/1600  1.0 games/s  ETA 0h12m20s
[ab2.base] 849/1600  1.0 games/s  ETA 0h12m18s
[ab2.base] 850/1600  1.0 games/s  ETA 0h12m18s
[ab2.base] 852/1600  1.0 games/s  ETA 0h12m16s
[ab2.base] 856/1600  1.0 games/s  ETA 0h12m10s
[ab2.base] 857/1600  1.0 games/s  ETA 0h12m10s
[ab2.base] 860/1600  1.0 games/s  ETA 0h12m06s
[ab2.base] 861/1600  1.0 games/s  ETA 0h12m06s
[ab2.base] 865/1600  1.0 games/s  ETA 0h12m01s
[ab2.base] 865/1600  1.0 games/s  ETA 0h12m02s
[ab2.base] 866/1600  1.0 games/s  ETA 0h12m02s
[ab2.base] 868/1600  1.0 games/s  ETA 0h12m00s
[ab2.base] 871/1600  1.0 games/s  ETA 0h11m56s
[ab2.base] 873/1600  1.0 games/s  ETA 0h11m54s
[ab2.base] 873/1600  1.0 games/s  ETA 0h11m56s
[ab2.base] 875/1600  1.0 games/s  ETA 0h11m54s
[ab2.base] 879/1600  1.0 games/s  ETA 0h11m49s
[ab2.base] 880/1600  1.0 games/s  ETA 0h11m49s
[ab2.base] 882/1600  1.0 games/s  ETA 0h11m47s
[ab2.base] 884/1600  1.0 games/s  ETA 0h11m45s
[ab2.base] 886/1600  1.0 games/s  ETA 0h11m43s
[ab2.base] 888/1600  1.0 games/s  ETA 0h11m41s
[ab2.base] 890/1600  1.0 games/s  ETA 0h11m39s
[ab2.base] 893/1600  1.0 games/s  ETA 0h11m35s
[ab2.base] 895/1600  1.0 games/s  ETA 0h11m33s
[ab2.base] 897/1600  1.0 games/s  ETA 0h11m31s
[ab2.base] 898/1600  1.0 games/s  ETA 0h11m31s
[ab2.base] 901/1600  1.0 games/s  ETA 0h11m27s
[ab2.base] 902/1600  1.0 games/s  ETA 0h11m27s
[ab2.base] 904/1600  1.0 games/s  ETA 0h11m25s
[ab2.base] 908/1600  1.0 games/s  ETA 0h11m20s
[ab2.base] 908/1600  1.0 games/s  ETA 0h11m21s
[ab2.base] 910/1600  1.0 games/s  ETA 0h11m19s
[ab2.base] 912/1600  1.0 games/s  ETA 0h11m17s
[ab2.base] 914/1600  1.0 games/s  ETA 0h11m15s
[ab2.base] 918/1600  1.0 games/s  ETA 0h11m10s
[ab2.base] 920/1600  1.0 games/s  ETA 0h11m08s
[ab2.base] 923/1600  1.0 games/s  ETA 0h11m04s
[ab2.base] 923/1600  1.0 games/s  ETA 0h11m06s
[ab2.base] 924/1600  1.0 games/s  ETA 0h11m06s
[ab2.base] 928/1600  1.0 games/s  ETA 0h11m00s
[ab2.base] 929/1600  1.0 games/s  ETA 0h11m00s
[ab2.base] 931/1600  1.0 games/s  ETA 0h10m58s
[ab2.base] 933/1600  1.0 games/s  ETA 0h10m56s
[ab2.base] 935/1600  1.0 games/s  ETA 0h10m54s
[ab2.base] 938/1600  1.0 games/s  ETA 0h10m51s
[ab2.base] 941/1600  1.0 games/s  ETA 0h10m47s
[ab2.base] 946/1600  1.0 games/s  ETA 0h10m40s
[ab2.base] 949/1600  1.0 games/s  ETA 0h10m37s
[ab2.base] 950/1600  1.0 games/s  ETA 0h10m36s
[ab2.base] 952/1600  1.0 games/s  ETA 0h10m34s
[ab2.base] 954/1600  1.0 games/s  ETA 0h10m32s
[ab2.base] 960/1600  1.0 games/s  ETA 0h10m24s
[ab2.base] 960/1600  1.0 games/s  ETA 0h10m25s
[ab2.base] 962/1600  1.0 games/s  ETA 0h10m23s
[ab2.base] 965/1600  1.0 games/s  ETA 0h10m20s
[ab2.base] 967/1600  1.0 games/s  ETA 0h10m18s
[ab2.base] 970/1600  1.0 games/s  ETA 0h10m14s
[ab2.base] 972/1600  1.0 games/s  ETA 0h10m12s
[ab2.base] 975/1600  1.0 games/s  ETA 0h10m09s
[ab2.base] 975/1600  1.0 games/s  ETA 0h10m10s
[ab2.base] 979/1600  1.0 games/s  ETA 0h10m05s
[ab2.base] 982/1600  1.0 games/s  ETA 0h10m02s
[ab2.base] 985/1600  1.0 games/s  ETA 0h09m58s
[ab2.base] 988/1600  1.0 games/s  ETA 0h09m55s
[ab2.base] 991/1600  1.0 games/s  ETA 0h09m51s
[ab2.base] 994/1600  1.0 games/s  ETA 0h09m48s
[ab2.base] 998/1600  1.0 games/s  ETA 0h09m43s
[ab2.base] 1000/1600  1.0 games/s  ETA 0h09m41s
[ab2.base] 1001/1600  1.0 games/s  ETA 0h09m40s
[ab2.base] 1003/1600  1.0 games/s  ETA 0h09m38s
[ab2.base] 1005/1600  1.0 games/s  ETA 0h09m37s
[ab2.base] 1010/1600  1.0 games/s  ETA 0h09m30s
[ab2.base] 1011/1600  1.0 games/s  ETA 0h09m30s
[ab2.base] 1012/1600  1.0 games/s  ETA 0h09m29s
[ab2.base] 1015/1600  1.0 games/s  ETA 0h09m26s
[ab2.base] 1019/1600  1.0 games/s  ETA 0h09m21s
[ab2.base] 1021/1600  1.0 games/s  ETA 0h09m19s
[ab2.base] 1022/1600  1.0 games/s  ETA 0h09m19s
[ab2.base] 1023/1600  1.0 games/s  ETA 0h09m18s
[ab2.base] 1025/1600  1.0 games/s  ETA 0h09m16s
[ab2.base] 1029/1600  1.0 games/s  ETA 0h09m11s
[ab2.base] 1030/1600  1.0 games/s  ETA 0h09m11s
[ab2.base] 1032/1600  1.0 games/s  ETA 0h09m09s
[ab2.base] 1034/1600  1.0 games/s  ETA 0h09m07s
[ab2.base] 1037/1600  1.0 games/s  ETA 0h09m04s
[ab2.base] 1038/1600  1.0 games/s  ETA 0h09m03s
[ab2.base] 1041/1600  1.0 games/s  ETA 0h09m00s
[ab2.base] 1044/1600  1.0 games/s  ETA 0h08m57s
[ab2.base] 1045/1600  1.0 games/s  ETA 0h08m56s
[ab2.base] 1047/1600  1.0 games/s  ETA 0h08m54s
[ab2.base] 1050/1600  1.0 games/s  ETA 0h08m51s
[ab2.base] 1052/1600  1.0 games/s  ETA 0h08m49s
[ab2.base] 1057/1600  1.0 games/s  ETA 0h08m43s
[ab2.base] 1059/1600  1.0 games/s  ETA 0h08m41s
[ab2.base] 1060/1600  1.0 games/s  ETA 0h08m40s
[ab2.base] 1064/1600  1.0 games/s  ETA 0h08m36s
[ab2.base] 1065/1600  1.0 games/s  ETA 0h08m35s
[ab2.base] 1066/1600  1.0 games/s  ETA 0h08m35s
[ab2.base] 1067/1600  1.0 games/s  ETA 0h08m34s
[ab2.base] 1070/1600  1.0 games/s  ETA 0h08m31s
[ab2.base] 1071/1600  1.0 games/s  ETA 0h08m31s
[ab2.base] 1073/1600  1.0 games/s  ETA 0h08m29s
[ab2.base] 1075/1600  1.0 games/s  ETA 0h08m27s
[ab2.base] 1076/1600  1.0 games/s  ETA 0h08m26s
[ab2.base] 1080/1600  1.0 games/s  ETA 0h08m22s
[ab2.base] 1082/1600  1.0 games/s  ETA 0h08m20s
[ab2.base] 1085/1600  1.0 games/s  ETA 0h08m16s
[ab2.base] 1088/1600  1.0 games/s  ETA 0h08m13s
[ab2.base] 1089/1600  1.0 games/s  ETA 0h08m13s
[ab2.base] 1093/1600  1.0 games/s  ETA 0h08m08s
[ab2.base] 1096/1600  1.0 games/s  ETA 0h08m04s
[ab2.base] 1099/1600  1.0 games/s  ETA 0h08m01s
[ab2.base] 1102/1600  1.0 games/s  ETA 0h07m58s
[ab2.base] 1104/1600  1.0 games/s  ETA 0h07m56s
[ab2.base] 1106/1600  1.0 games/s  ETA 0h07m54s
[ab2.base] 1109/1600  1.0 games/s  ETA 0h07m51s
[ab2.base] 1110/1600  1.0 games/s  ETA 0h07m50s
[ab2.base] 1113/1600  1.0 games/s  ETA 0h07m47s
[ab2.base] 1115/1600  1.0 games/s  ETA 0h07m45s
[ab2.base] 1117/1600  1.0 games/s  ETA 0h07m43s
[ab2.base] 1121/1600  1.0 games/s  ETA 0h07m39s
[ab2.base] 1123/1600  1.0 games/s  ETA 0h07m37s
[ab2.base] 1124/1600  1.0 games/s  ETA 0h07m36s
[ab2.base] 1128/1600  1.0 games/s  ETA 0h07m32s
[ab2.base] 1129/1600  1.0 games/s  ETA 0h07m31s
[ab2.base] 1132/1600  1.0 games/s  ETA 0h07m28s
[ab2.base] 1136/1600  1.0 games/s  ETA 0h07m23s
[ab2.base] 1139/1600  1.0 games/s  ETA 0h07m20s
[ab2.base] 1140/1600  1.0 games/s  ETA 0h07m20s
[ab2.base] 1143/1600  1.0 games/s  ETA 0h07m16s
[ab2.base] 1146/1600  1.0 games/s  ETA 0h07m13s
[ab2.base] 1148/1600  1.0 games/s  ETA 0h07m11s
[ab2.base] 1152/1600  1.0 games/s  ETA 0h07m07s
[ab2.base] 1154/1600  1.0 games/s  ETA 0h07m05s
[ab2.base] 1157/1600  1.0 games/s  ETA 0h07m02s
[ab2.base] 1158/1600  1.0 games/s  ETA 0h07m01s
[ab2.base] 1160/1600  1.0 games/s  ETA 0h06m59s
[ab2.base] 1164/1600  1.0 games/s  ETA 0h06m55s
[ab2.base] 1166/1600  1.0 games/s  ETA 0h06m53s
[ab2.base] 1167/1600  1.0 games/s  ETA 0h06m52s
[ab2.base] 1172/1600  1.1 games/s  ETA 0h06m47s
[ab2.base] 1173/1600  1.1 games/s  ETA 0h06m46s
[ab2.base] 1178/1600  1.1 games/s  ETA 0h06m40s
[ab2.base] 1179/1600  1.1 games/s  ETA 0h06m40s
[ab2.base] 1183/1600  1.1 games/s  ETA 0h06m35s
[ab2.base] 1185/1600  1.1 games/s  ETA 0h06m33s
[ab2.base] 1188/1600  1.1 games/s  ETA 0h06m30s
[ab2.base] 1191/1600  1.1 games/s  ETA 0h06m27s
[ab2.base] 1195/1600  1.1 games/s  ETA 0h06m23s
[ab2.base] 1196/1600  1.1 games/s  ETA 0h06m22s
[ab2.base] 1200/1600  1.1 games/s  ETA 0h06m18s
[ab2.base] 1203/1600  1.1 games/s  ETA 0h06m15s
[ab2.base] 1205/1600  1.1 games/s  ETA 0h06m13s
[ab2.base] 1210/1600  1.1 games/s  ETA 0h06m07s
[ab2.base] 1215/1600  1.1 games/s  ETA 0h06m02s
[ab2.base] 1218/1600  1.1 games/s  ETA 0h05m59s
[ab2.base] 1223/1600  1.1 games/s  ETA 0h05m53s
[ab2.base] 1230/1600  1.1 games/s  ETA 0h05m45s
[ab2.base] 1232/1600  1.1 games/s  ETA 0h05m43s
[ab2.base] 1236/1600  1.1 games/s  ETA 0h05m39s
[ab2.base] 1239/1600  1.1 games/s  ETA 0h05m36s
[ab2.base] 1242/1600  1.1 games/s  ETA 0h05m33s
[ab2.base] 1244/1600  1.1 games/s  ETA 0h05m31s
[ab2.base] 1245/1600  1.1 games/s  ETA 0h05m30s
[ab2.base] 1250/1600  1.1 games/s  ETA 0h05m25s
[ab2.base] 1251/1600  1.1 games/s  ETA 0h05m24s
[ab2.base] 1254/1600  1.1 games/s  ETA 0h05m21s
[ab2.base] 1258/1600  1.1 games/s  ETA 0h05m17s
[ab2.base] 1259/1600  1.1 games/s  ETA 0h05m17s
[ab2.base] 1264/1600  1.1 games/s  ETA 0h05m11s
[ab2.base] 1265/1600  1.1 games/s  ETA 0h05m11s
[ab2.base] 1269/1600  1.1 games/s  ETA 0h05m06s
[ab2.base] 1271/1600  1.1 games/s  ETA 0h05m05s
[ab2.base] 1274/1600  1.1 games/s  ETA 0h05m02s
[ab2.base] 1277/1600  1.1 games/s  ETA 0h04m59s
[ab2.base] 1281/1600  1.1 games/s  ETA 0h04m55s
[ab2.base] 1284/1600  1.1 games/s  ETA 0h04m52s
[ab2.base] 1287/1600  1.1 games/s  ETA 0h04m49s
[ab2.base] 1289/1600  1.1 games/s  ETA 0h04m47s
[ab2.base] 1292/1600  1.1 games/s  ETA 0h04m44s
[ab2.base] 1297/1600  1.1 games/s  ETA 0h04m39s
[ab2.base] 1300/1600  1.1 games/s  ETA 0h04m36s
[ab2.base] 1303/1600  1.1 games/s  ETA 0h04m33s
[ab2.base] 1305/1600  1.1 games/s  ETA 0h04m31s
[ab2.base] 1309/1600  1.1 games/s  ETA 0h04m27s
[ab2.base] 1311/1600  1.1 games/s  ETA 0h04m25s
[ab2.base] 1315/1600  1.1 games/s  ETA 0h04m21s
[ab2.base] 1319/1600  1.1 games/s  ETA 0h04m17s
[ab2.base] 1324/1600  1.1 games/s  ETA 0h04m12s
[ab2.base] 1327/1600  1.1 games/s  ETA 0h04m09s
[ab2.base] 1331/1600  1.1 games/s  ETA 0h04m05s
[ab2.base] 1336/1600  1.1 games/s  ETA 0h04m00s
[ab2.base] 1338/1600  1.1 games/s  ETA 0h03m58s
[ab2.base] 1340/1600  1.1 games/s  ETA 0h03m56s
[ab2.base] 1346/1600  1.1 games/s  ETA 0h03m50s
[ab2.base] 1347/1600  1.1 games/s  ETA 0h03m50s
[ab2.base] 1349/1600  1.1 games/s  ETA 0h03m48s
[ab2.base] 1353/1600  1.1 games/s  ETA 0h03m44s
[ab2.base] 1356/1600  1.1 games/s  ETA 0h03m41s
[ab2.base] 1361/1600  1.1 games/s  ETA 0h03m36s
[ab2.base] 1364/1600  1.1 games/s  ETA 0h03m33s
[ab2.base] 1364/1600  1.1 games/s  ETA 0h03m33s
[ab2.base] 1369/1600  1.1 games/s  ETA 0h03m29s
[ab2.base] 1370/1600  1.1 games/s  ETA 0h03m28s
[ab2.base] 1374/1600  1.1 games/s  ETA 0h03m24s
[ab2.base] 1378/1600  1.1 games/s  ETA 0h03m20s
[ab2.base] 1381/1600  1.1 games/s  ETA 0h03m17s
[ab2.base] 1385/1600  1.1 games/s  ETA 0h03m13s
[ab2.base] 1388/1600  1.1 games/s  ETA 0h03m11s
[ab2.base] 1392/1600  1.1 games/s  ETA 0h03m07s
[ab2.base] 1397/1600  1.1 games/s  ETA 0h03m02s
[ab2.base] 1400/1600  1.1 games/s  ETA 0h02m59s
[ab2.base] 1404/1600  1.1 games/s  ETA 0h02m55s
[ab2.base] 1407/1600  1.1 games/s  ETA 0h02m52s
[ab2.base] 1411/1600  1.1 games/s  ETA 0h02m49s
[ab2.base] 1417/1600  1.1 games/s  ETA 0h02m43s
[ab2.base] 1418/1600  1.1 games/s  ETA 0h02m42s
[ab2.base] 1421/1600  1.1 games/s  ETA 0h02m39s
[ab2.base] 1426/1600  1.1 games/s  ETA 0h02m35s
[ab2.base] 1429/1600  1.1 games/s  ETA 0h02m32s
[ab2.base] 1432/1600  1.1 games/s  ETA 0h02m29s
[ab2.base] 1435/1600  1.1 games/s  ETA 0h02m26s
[ab2.base] 1438/1600  1.1 games/s  ETA 0h02m24s
[ab2.base] 1443/1600  1.1 games/s  ETA 0h02m19s
[ab2.base] 1448/1600  1.1 games/s  ETA 0h02m14s
[ab2.base] 1451/1600  1.1 games/s  ETA 0h02m11s
[ab2.base] 1455/1600  1.1 games/s  ETA 0h02m08s
[ab2.base] 1459/1600  1.1 games/s  ETA 0h02m04s
[ab2.base] 1465/1600  1.1 games/s  ETA 0h01m58s
[ab2.base] 1468/1600  1.1 games/s  ETA 0h01m56s
[ab2.base] 1472/1600  1.1 games/s  ETA 0h01m52s
[ab2.base] 1475/1600  1.1 games/s  ETA 0h01m49s
[ab2.base] 1478/1600  1.1 games/s  ETA 0h01m47s
[ab2.base] 1483/1600  1.1 games/s  ETA 0h01m42s
[ab2.base] 1487/1600  1.1 games/s  ETA 0h01m39s
[ab2.base] 1489/1600  1.1 games/s  ETA 0h01m37s
[ab2.base] 1493/1600  1.1 games/s  ETA 0h01m33s
[ab2.base] 1495/1600  1.1 games/s  ETA 0h01m31s
[ab2.base] 1498/1600  1.1 games/s  ETA 0h01m29s
[ab2.base] 1503/1600  1.1 games/s  ETA 0h01m24s
[ab2.base] 1505/1600  1.1 games/s  ETA 0h01m22s
[ab2.base] 1509/1600  1.1 games/s  ETA 0h01m19s
[ab2.base] 1512/1600  1.1 games/s  ETA 0h01m16s
[ab2.base] 1517/1600  1.1 games/s  ETA 0h01m12s
[ab2.base] 1521/1600  1.1 games/s  ETA 0h01m08s
[ab2.base] 1524/1600  1.2 games/s  ETA 0h01m06s
[ab2.base] 1526/1600  1.2 games/s  ETA 0h01m04s
[ab2.base] 1531/1600  1.2 games/s  ETA 0h00m59s
[ab2.base] 1535/1600  1.2 games/s  ETA 0h00m56s
[ab2.base] 1538/1600  1.2 games/s  ETA 0h00m53s
[ab2.base] 1541/1600  1.2 games/s  ETA 0h00m51s
[ab2.base] 1545/1600  1.2 games/s  ETA 0h00m47s
[ab2.base] 1547/1600  1.2 games/s  ETA 0h00m45s
[ab2.base] 1550/1600  1.2 games/s  ETA 0h00m43s
[ab2.base] 1554/1600  1.2 games/s  ETA 0h00m39s
[ab2.base] 1558/1600  1.2 games/s  ETA 0h00m36s
[ab2.base] 1561/1600  1.2 games/s  ETA 0h00m33s
[ab2.base] 1565/1600  1.2 games/s  ETA 0h00m30s
[ab2.base] 1569/1600  1.2 games/s  ETA 0h00m26s
[ab2.base] 1572/1600  1.2 games/s  ETA 0h00m24s
[ab2.base] 1577/1600  1.2 games/s  ETA 0h00m19s
[ab2.base] 1582/1600  1.2 games/s  ETA 0h00m15s
[ab2.base] 1587/1600  1.2 games/s  ETA 0h00m11s
[ab2.base] 1591/1600  1.2 games/s  ETA 0h00m07s
[ab2.base] 1595/1600  1.2 games/s  ETA 0h00m04s
[ab2.base] 1599/1600  1.2 games/s  ETA 0h00m00s
[ab2.base] 1600 games in 0h22m44s (1.2 games/s)
[ab2.base] summary -> sim/out/ab2.base.summary.json
[ab2.A] 1600 games (0 already done), 1600 to play on 7 workers -> sim/out/ab2.A.jsonl
[ab2.A] depth 3, 4 random opening plies, ply cap 300, pairs off (both sides identical; --pairs forces them on)
[ab2.A] rules {}, values {}
[ab2.A] 0/1600  0.0 games/s  ETA ?
[ab2.A] 6/1600  1.5 games/s  ETA 0h17m42s
[ab2.A] 10/1600  1.7 games/s  ETA 0h15m54s
[ab2.A] 14/1600  1.7 games/s  ETA 0h15m06s
[ab2.A] 14/1600  1.4 games/s  ETA 0h18m53s
[ab2.A] 20/1600  1.7 games/s  ETA 0h15m48s
[ab2.A] 27/1600  1.9 games/s  ETA 0h13m36s
[ab2.A] 31/1600  1.9 games/s  ETA 0h13m30s
[ab2.A] 35/1600  1.9 games/s  ETA 0h13m25s
[ab2.A] 40/1600  2.0 games/s  ETA 0h13m00s
[ab2.A] 45/1600  2.0 games/s  ETA 0h12m40s
[ab2.A] 50/1600  2.1 games/s  ETA 0h12m24s
[ab2.A] 53/1600  2.0 games/s  ETA 0h12m39s
[ab2.A] 58/1600  2.1 games/s  ETA 0h12m24s
[ab2.A] 65/1600  2.2 games/s  ETA 0h11m48s
[ab2.A] 69/1600  2.2 games/s  ETA 0h11m50s
[ab2.A] 73/1600  2.1 games/s  ETA 0h11m51s
[ab2.A] 79/1600  2.2 games/s  ETA 0h11m33s
[ab2.A] 83/1600  2.2 games/s  ETA 0h11m35s
[ab2.A] 91/1600  2.3 games/s  ETA 0h11m03s
[ab2.A] 97/1600  2.3 games/s  ETA 0h10m51s
[ab2.A] 102/1600  2.3 games/s  ETA 0h10m46s
[ab2.A] 110/1600  2.4 games/s  ETA 0h10m23s
[ab2.A] 113/1600  2.4 games/s  ETA 0h10m32s
[ab2.A] 118/1600  2.4 games/s  ETA 0h10m28s
[ab2.A] 124/1600  2.4 games/s  ETA 0h10m19s
[ab2.A] 130/1600  2.4 games/s  ETA 0h10m11s
[ab2.A] 134/1600  2.4 games/s  ETA 0h10m13s
[ab2.A] 138/1600  2.4 games/s  ETA 0h10m14s
[ab2.A] 143/1600  2.4 games/s  ETA 0h10m11s
[ab2.A] 144/1600  2.3 games/s  ETA 0h10m27s
[ab2.A] 152/1600  2.4 games/s  ETA 0h10m10s
[ab2.A] 155/1600  2.3 games/s  ETA 0h10m15s
[ab2.A] 159/1600  2.3 games/s  ETA 0h10m16s
[ab2.A] 163/1600  2.3 games/s  ETA 0h10m17s
[ab2.A] 167/1600  2.3 games/s  ETA 0h10m18s
[ab2.A] 172/1600  2.3 games/s  ETA 0h10m14s
[ab2.A] 175/1600  2.3 games/s  ETA 0h10m19s
[ab2.A] 180/1600  2.3 games/s  ETA 0h10m15s
[ab2.A] 185/1600  2.3 games/s  ETA 0h10m12s
[ab2.A] 190/1600  2.3 games/s  ETA 0h10m09s
[ab2.A] 192/1600  2.3 games/s  ETA 0h10m16s
[ab2.A] 198/1600  2.3 games/s  ETA 0h10m09s
[ab2.A] 204/1600  2.3 games/s  ETA 0h10m02s
[ab2.A] 209/1600  2.3 games/s  ETA 0h09m59s
[ab2.A] 216/1600  2.3 games/s  ETA 0h09m49s
[ab2.A] 222/1600  2.4 games/s  ETA 0h09m43s
[ab2.A] 226/1600  2.4 games/s  ETA 0h09m44s
[ab2.A] 230/1600  2.3 games/s  ETA 0h09m44s
[ab2.A] 234/1600  2.3 games/s  ETA 0h09m44s
[ab2.A] 238/1600  2.3 games/s  ETA 0h09m44s
[ab2.A] 242/1600  2.3 games/s  ETA 0h09m44s
[ab2.A] 250/1600  2.4 games/s  ETA 0h09m32s
[ab2.A] 255/1600  2.4 games/s  ETA 0h09m30s
[ab2.A] 260/1600  2.4 games/s  ETA 0h09m27s
[ab2.A] 264/1600  2.4 games/s  ETA 0h09m27s
[ab2.A] 268/1600  2.3 games/s  ETA 0h09m27s
[ab2.A] 273/1600  2.4 games/s  ETA 0h09m24s
[ab2.A] 278/1600  2.4 games/s  ETA 0h09m21s
[ab2.A] 282/1600  2.3 games/s  ETA 0h09m21s
[ab2.A] 287/1600  2.4 games/s  ETA 0h09m18s
[ab2.A] 292/1600  2.4 games/s  ETA 0h09m15s
[ab2.A] 296/1600  2.3 games/s  ETA 0h09m15s
[ab2.A] 301/1600  2.3 games/s  ETA 0h09m12s
[ab2.A] 306/1600  2.4 games/s  ETA 0h09m10s
[ab2.A] 309/1600  2.3 games/s  ETA 0h09m11s
[ab2.A] 312/1600  2.3 games/s  ETA 0h09m13s
[ab2.A] 319/1600  2.3 games/s  ETA 0h09m06s
[ab2.A] 322/1600  2.3 games/s  ETA 0h09m08s
[ab2.A] 329/1600  2.3 games/s  ETA 0h09m01s
[ab2.A] 333/1600  2.3 games/s  ETA 0h09m00s
[ab2.A] 341/1600  2.4 games/s  ETA 0h08m52s
[ab2.A] 344/1600  2.4 games/s  ETA 0h08m53s
[ab2.A] 349/1600  2.4 games/s  ETA 0h08m50s
[ab2.A] 353/1600  2.4 games/s  ETA 0h08m50s
[ab2.A] 356/1600  2.3 games/s  ETA 0h08m51s
[ab2.A] 360/1600  2.3 games/s  ETA 0h08m50s
[ab2.A] 367/1600  2.4 games/s  ETA 0h08m44s
[ab2.A] 373/1600  2.4 games/s  ETA 0h08m40s
[ab2.A] 375/1600  2.3 games/s  ETA 0h08m43s
[ab2.A] 380/1600  2.3 games/s  ETA 0h08m40s
[ab2.A] 386/1600  2.4 games/s  ETA 0h08m36s
[ab2.A] 392/1600  2.4 games/s  ETA 0h08m31s
[ab2.A] 396/1600  2.4 games/s  ETA 0h08m31s
[ab2.A] 399/1600  2.3 games/s  ETA 0h08m32s
[ab2.A] 406/1600  2.4 games/s  ETA 0h08m26s
[ab2.A] 409/1600  2.3 games/s  ETA 0h08m27s
[ab2.A] 416/1600  2.4 games/s  ETA 0h08m21s
[ab2.A] 423/1600  2.4 games/s  ETA 0h08m15s
[ab2.A] 427/1600  2.4 games/s  ETA 0h08m14s
[ab2.A] 432/1600  2.4 games/s  ETA 0h08m12s
[ab2.A] 434/1600  2.4 games/s  ETA 0h08m14s
[ab2.A] 440/1600  2.4 games/s  ETA 0h08m10s
[ab2.A] 445/1600  2.4 games/s  ETA 0h08m08s
[ab2.A] 450/1600  2.4 games/s  ETA 0h08m05s
[ab2.A] 454/1600  2.4 games/s  ETA 0h08m05s
[ab2.A] 459/1600  2.4 games/s  ETA 0h08m02s
[ab2.A] 464/1600  2.4 games/s  ETA 0h08m00s
[ab2.A] 470/1600  2.4 games/s  ETA 0h07m56s
[ab2.A] 475/1600  2.4 games/s  ETA 0h07m54s
[ab2.A] 482/1600  2.4 games/s  ETA 0h07m48s
[ab2.A] 488/1600  2.4 games/s  ETA 0h07m45s
[ab2.A] 492/1600  2.4 games/s  ETA 0h07m44s
[ab2.A] 495/1600  2.4 games/s  ETA 0h07m44s
[ab2.A] 501/1600  2.4 games/s  ETA 0h07m41s
[ab2.A] 506/1600  2.4 games/s  ETA 0h07m38s
[ab2.A] 511/1600  2.4 games/s  ETA 0h07m36s
[ab2.A] 515/1600  2.4 games/s  ETA 0h07m35s
[ab2.A] 520/1600  2.4 games/s  ETA 0h07m33s
[ab2.A] 527/1600  2.4 games/s  ETA 0h07m28s
[ab2.A] 533/1600  2.4 games/s  ETA 0h07m24s
[ab2.A] 537/1600  2.4 games/s  ETA 0h07m23s
[ab2.A] 543/1600  2.4 games/s  ETA 0h07m20s
[ab2.A] 550/1600  2.4 games/s  ETA 0h07m15s
[ab2.A] 553/1600  2.4 games/s  ETA 0h07m15s
[ab2.A] 560/1600  2.4 games/s  ETA 0h07m11s
[ab2.A] 563/1600  2.4 games/s  ETA 0h07m11s
[ab2.A] 569/1600  2.4 games/s  ETA 0h07m07s
[ab2.A] 573/1600  2.4 games/s  ETA 0h07m06s
[ab2.A] 577/1600  2.4 games/s  ETA 0h07m05s
[ab2.A] 582/1600  2.4 games/s  ETA 0h07m03s
[ab2.A] 589/1600  2.4 games/s  ETA 0h06m59s
[ab2.A] 593/1600  2.4 games/s  ETA 0h06m58s
[ab2.A] 596/1600  2.4 games/s  ETA 0h06m58s
[ab2.A] 604/1600  2.4 games/s  ETA 0h06m52s
[ab2.A] 609/1600  2.4 games/s  ETA 0h06m50s
[ab2.A] 616/1600  2.4 games/s  ETA 0h06m46s
[ab2.A] 622/1600  2.4 games/s  ETA 0h06m42s
[ab2.A] 627/1600  2.4 games/s  ETA 0h06m40s
[ab2.A] 632/1600  2.4 games/s  ETA 0h06m38s
[ab2.A] 637/1600  2.4 games/s  ETA 0h06m36s
[ab2.A] 641/1600  2.4 games/s  ETA 0h06m35s
[ab2.A] 649/1600  2.4 games/s  ETA 0h06m30s
[ab2.A] 652/1600  2.4 games/s  ETA 0h06m29s
[ab2.A] 657/1600  2.4 games/s  ETA 0h06m27s
[ab2.A] 660/1600  2.4 games/s  ETA 0h06m27s
[ab2.A] 665/1600  2.4 games/s  ETA 0h06m25s
[ab2.A] 671/1600  2.4 games/s  ETA 0h06m22s
[ab2.A] 673/1600  2.4 games/s  ETA 0h06m23s
[ab2.A] 676/1600  2.4 games/s  ETA 0h06m23s
[ab2.A] 682/1600  2.4 games/s  ETA 0h06m19s
[ab2.A] 686/1600  2.4 games/s  ETA 0h06m18s
[ab2.A] 692/1600  2.4 games/s  ETA 0h06m15s
[ab2.A] 696/1600  2.4 games/s  ETA 0h06m14s
[ab2.A] 701/1600  2.4 games/s  ETA 0h06m12s
[ab2.A] 709/1600  2.4 games/s  ETA 0h06m07s
[ab2.A] 712/1600  2.4 games/s  ETA 0h06m06s
[ab2.A] 715/1600  2.4 games/s  ETA 0h06m06s
[ab2.A] 721/1600  2.4 games/s  ETA 0h06m03s
[ab2.A] 728/1600  2.4 games/s  ETA 0h05m59s
[ab2.A] 732/1600  2.4 games/s  ETA 0h05m58s
[ab2.A] 739/1600  2.4 games/s  ETA 0h05m54s
[ab2.A] 743/1600  2.4 games/s  ETA 0h05m53s
[ab2.A] 749/1600  2.4 games/s  ETA 0h05m50s
[ab2.A] 751/1600  2.4 games/s  ETA 0h05m50s
[ab2.A] 758/1600  2.4 games/s  ETA 0h05m46s
[ab2.A] 763/1600  2.4 games/s  ETA 0h05m44s
[ab2.A] 768/1600  2.4 games/s  ETA 0h05m42s
[ab2.A] 775/1600  2.4 games/s  ETA 0h05m38s
[ab2.A] 779/1600  2.4 games/s  ETA 0h05m37s
[ab2.A] 784/1600  2.4 games/s  ETA 0h05m35s
[ab2.A] 790/1600  2.4 games/s  ETA 0h05m32s
[ab2.A] 792/1600  2.4 games/s  ETA 0h05m32s
[ab2.A] 800/1600  2.4 games/s  ETA 0h05m28s
[ab2.A] 803/1600  2.4 games/s  ETA 0h05m27s
[ab2.A] 807/1600  2.4 games/s  ETA 0h05m26s
[ab2.A] 814/1600  2.4 games/s  ETA 0h05m22s
[ab2.A] 818/1600  2.4 games/s  ETA 0h05m21s
[ab2.A] 825/1600  2.4 games/s  ETA 0h05m17s
[ab2.A] 830/1600  2.4 games/s  ETA 0h05m15s
[ab2.A] 836/1600  2.4 games/s  ETA 0h05m12s
[ab2.A] 839/1600  2.4 games/s  ETA 0h05m12s
[ab2.A] 844/1600  2.4 games/s  ETA 0h05m10s
[ab2.A] 847/1600  2.4 games/s  ETA 0h05m09s
[ab2.A] 853/1600  2.4 games/s  ETA 0h05m06s
[ab2.A] 856/1600  2.4 games/s  ETA 0h05m06s
[ab2.A] 862/1600  2.4 games/s  ETA 0h05m03s
[ab2.A] 864/1600  2.4 games/s  ETA 0h05m03s
[ab2.A] 868/1600  2.4 games/s  ETA 0h05m02s
[ab2.A] 874/1600  2.4 games/s  ETA 0h04m59s
[ab2.A] 878/1600  2.4 games/s  ETA 0h04m57s
[ab2.A] 881/1600  2.4 games/s  ETA 0h04m57s
[ab2.A] 887/1600  2.4 games/s  ETA 0h04m54s
[ab2.A] 892/1600  2.4 games/s  ETA 0h04m52s
[ab2.A] 898/1600  2.4 games/s  ETA 0h04m49s
[ab2.A] 904/1600  2.4 games/s  ETA 0h04m46s
[ab2.A] 911/1600  2.4 games/s  ETA 0h04m43s
[ab2.A] 916/1600  2.4 games/s  ETA 0h04m41s
[ab2.A] 922/1600  2.4 games/s  ETA 0h04m38s
[ab2.A] 928/1600  2.4 games/s  ETA 0h04m35s
[ab2.A] 933/1600  2.4 games/s  ETA 0h04m33s
[ab2.A] 937/1600  2.4 games/s  ETA 0h04m31s
[ab2.A] 944/1600  2.4 games/s  ETA 0h04m28s
[ab2.A] 949/1600  2.4 games/s  ETA 0h04m26s
[ab2.A] 954/1600  2.4 games/s  ETA 0h04m24s
[ab2.A] 958/1600  2.4 games/s  ETA 0h04m22s
[ab2.A] 964/1600  2.4 games/s  ETA 0h04m20s
[ab2.A] 971/1600  2.4 games/s  ETA 0h04m16s
[ab2.A] 977/1600  2.5 games/s  ETA 0h04m14s
[ab2.A] 983/1600  2.5 games/s  ETA 0h04m11s
[ab2.A] 990/1600  2.5 games/s  ETA 0h04m07s
[ab2.A] 995/1600  2.5 games/s  ETA 0h04m05s
[ab2.A] 998/1600  2.5 games/s  ETA 0h04m05s
[ab2.A] 1003/1600  2.5 games/s  ETA 0h04m03s
[ab2.A] 1008/1600  2.5 games/s  ETA 0h04m00s
[ab2.A] 1016/1600  2.5 games/s  ETA 0h03m57s
[ab2.A] 1018/1600  2.5 games/s  ETA 0h03m56s
[ab2.A] 1026/1600  2.5 games/s  ETA 0h03m52s
[ab2.A] 1031/1600  2.5 games/s  ETA 0h03m50s
[ab2.A] 1034/1600  2.5 games/s  ETA 0h03m50s
[ab2.A] 1039/1600  2.5 games/s  ETA 0h03m48s
[ab2.A] 1044/1600  2.5 games/s  ETA 0h03m46s
[ab2.A] 1051/1600  2.5 games/s  ETA 0h03m42s
[ab2.A] 1056/1600  2.5 games/s  ETA 0h03m40s
[ab2.A] 1060/1600  2.5 games/s  ETA 0h03m39s
[ab2.A] 1065/1600  2.5 games/s  ETA 0h03m37s
[ab2.A] 1069/1600  2.5 games/s  ETA 0h03m35s
[ab2.A] 1074/1600  2.5 games/s  ETA 0h03m33s
[ab2.A] 1079/1600  2.5 games/s  ETA 0h03m31s
[ab2.A] 1082/1600  2.5 games/s  ETA 0h03m30s
[ab2.A] 1087/1600  2.5 games/s  ETA 0h03m28s
[ab2.A] 1093/1600  2.5 games/s  ETA 0h03m26s
[ab2.A] 1097/1600  2.5 games/s  ETA 0h03m24s
[ab2.A] 1103/1600  2.5 games/s  ETA 0h03m22s
[ab2.A] 1108/1600  2.5 games/s  ETA 0h03m19s
[ab2.A] 1112/1600  2.5 games/s  ETA 0h03m18s
[ab2.A] 1116/1600  2.5 games/s  ETA 0h03m17s
[ab2.A] 1124/1600  2.5 games/s  ETA 0h03m13s
[ab2.A] 1131/1600  2.5 games/s  ETA 0h03m10s
[ab2.A] 1135/1600  2.5 games/s  ETA 0h03m08s
[ab2.A] 1141/1600  2.5 games/s  ETA 0h03m06s
[ab2.A] 1144/1600  2.5 games/s  ETA 0h03m05s
[ab2.A] 1147/1600  2.5 games/s  ETA 0h03m04s
[ab2.A] 1152/1600  2.5 games/s  ETA 0h03m02s
[ab2.A] 1157/1600  2.5 games/s  ETA 0h03m00s
[ab2.A] 1163/1600  2.5 games/s  ETA 0h02m57s
[ab2.A] 1167/1600  2.5 games/s  ETA 0h02m56s
[ab2.A] 1172/1600  2.5 games/s  ETA 0h02m53s
[ab2.A] 1177/1600  2.5 games/s  ETA 0h02m51s
[ab2.A] 1182/1600  2.5 games/s  ETA 0h02m49s
[ab2.A] 1186/1600  2.5 games/s  ETA 0h02m48s
[ab2.A] 1191/1600  2.5 games/s  ETA 0h02m46s
[ab2.A] 1197/1600  2.5 games/s  ETA 0h02m43s
[ab2.A] 1203/1600  2.5 games/s  ETA 0h02m41s
[ab2.A] 1208/1600  2.5 games/s  ETA 0h02m39s
[ab2.A] 1213/1600  2.5 games/s  ETA 0h02m37s
[ab2.A] 1217/1600  2.5 games/s  ETA 0h02m35s
[ab2.A] 1222/1600  2.5 games/s  ETA 0h02m33s
[ab2.A] 1226/1600  2.5 games/s  ETA 0h02m32s
[ab2.A] 1232/1600  2.5 games/s  ETA 0h02m29s
[ab2.A] 1237/1600  2.5 games/s  ETA 0h02m27s
[ab2.A] 1242/1600  2.5 games/s  ETA 0h02m25s
[ab2.A] 1247/1600  2.5 games/s  ETA 0h02m23s
[ab2.A] 1252/1600  2.5 games/s  ETA 0h02m21s
[ab2.A] 1256/1600  2.5 games/s  ETA 0h02m19s
[ab2.A] 1261/1600  2.5 games/s  ETA 0h02m17s
[ab2.A] 1267/1600  2.5 games/s  ETA 0h02m15s
[ab2.A] 1273/1600  2.5 games/s  ETA 0h02m12s
[ab2.A] 1274/1600  2.5 games/s  ETA 0h02m12s
[ab2.A] 1281/1600  2.5 games/s  ETA 0h02m09s
[ab2.A] 1284/1600  2.5 games/s  ETA 0h02m08s
[ab2.A] 1291/1600  2.5 games/s  ETA 0h02m05s
[ab2.A] 1296/1600  2.5 games/s  ETA 0h02m03s
[ab2.A] 1303/1600  2.5 games/s  ETA 0h02m00s
[ab2.A] 1306/1600  2.5 games/s  ETA 0h01m59s
[ab2.A] 1310/1600  2.5 games/s  ETA 0h01m57s
[ab2.A] 1315/1600  2.5 games/s  ETA 0h01m55s
[ab2.A] 1322/1600  2.5 games/s  ETA 0h01m52s
[ab2.A] 1327/1600  2.5 games/s  ETA 0h01m50s
[ab2.A] 1333/1600  2.5 games/s  ETA 0h01m48s
[ab2.A] 1337/1600  2.5 games/s  ETA 0h01m46s
[ab2.A] 1344/1600  2.5 games/s  ETA 0h01m43s
[ab2.A] 1348/1600  2.5 games/s  ETA 0h01m42s
[ab2.A] 1353/1600  2.5 games/s  ETA 0h01m40s
[ab2.A] 1358/1600  2.5 games/s  ETA 0h01m38s
[ab2.A] 1363/1600  2.5 games/s  ETA 0h01m36s
[ab2.A] 1369/1600  2.5 games/s  ETA 0h01m33s
[ab2.A] 1372/1600  2.5 games/s  ETA 0h01m32s
[ab2.A] 1379/1600  2.5 games/s  ETA 0h01m29s
[ab2.A] 1385/1600  2.5 games/s  ETA 0h01m27s
[ab2.A] 1387/1600  2.5 games/s  ETA 0h01m26s
[ab2.A] 1394/1600  2.5 games/s  ETA 0h01m23s
[ab2.A] 1402/1600  2.5 games/s  ETA 0h01m20s
[ab2.A] 1407/1600  2.5 games/s  ETA 0h01m17s
[ab2.A] 1413/1600  2.5 games/s  ETA 0h01m15s
[ab2.A] 1415/1600  2.5 games/s  ETA 0h01m14s
[ab2.A] 1423/1600  2.5 games/s  ETA 0h01m11s
[ab2.A] 1427/1600  2.5 games/s  ETA 0h01m09s
[ab2.A] 1433/1600  2.5 games/s  ETA 0h01m07s
[ab2.A] 1438/1600  2.5 games/s  ETA 0h01m05s
[ab2.A] 1446/1600  2.5 games/s  ETA 0h01m02s
[ab2.A] 1451/1600  2.5 games/s  ETA 0h01m00s
[ab2.A] 1455/1600  2.5 games/s  ETA 0h00m58s
[ab2.A] 1461/1600  2.5 games/s  ETA 0h00m55s
[ab2.A] 1467/1600  2.5 games/s  ETA 0h00m53s
[ab2.A] 1474/1600  2.5 games/s  ETA 0h00m50s
[ab2.A] 1479/1600  2.5 games/s  ETA 0h00m48s
[ab2.A] 1485/1600  2.5 games/s  ETA 0h00m46s
[ab2.A] 1489/1600  2.5 games/s  ETA 0h00m44s
[ab2.A] 1496/1600  2.5 games/s  ETA 0h00m41s
[ab2.A] 1501/1600  2.5 games/s  ETA 0h00m39s
[ab2.A] 1505/1600  2.5 games/s  ETA 0h00m38s
[ab2.A] 1509/1600  2.5 games/s  ETA 0h00m36s
[ab2.A] 1513/1600  2.5 games/s  ETA 0h00m34s
[ab2.A] 1519/1600  2.5 games/s  ETA 0h00m32s
[ab2.A] 1525/1600  2.5 games/s  ETA 0h00m30s
[ab2.A] 1530/1600  2.5 games/s  ETA 0h00m28s
[ab2.A] 1536/1600  2.5 games/s  ETA 0h00m25s
[ab2.A] 1541/1600  2.5 games/s  ETA 0h00m23s
[ab2.A] 1549/1600  2.5 games/s  ETA 0h00m20s
[ab2.A] 1552/1600  2.5 games/s  ETA 0h00m19s
[ab2.A] 1555/1600  2.5 games/s  ETA 0h00m18s
[ab2.A] 1561/1600  2.5 games/s  ETA 0h00m15s
[ab2.A] 1565/1600  2.5 games/s  ETA 0h00m14s
[ab2.A] 1572/1600  2.5 games/s  ETA 0h00m11s
[ab2.A] 1576/1600  2.5 games/s  ETA 0h00m09s
[ab2.A] 1582/1600  2.5 games/s  ETA 0h00m07s
[ab2.A] 1586/1600  2.5 games/s  ETA 0h00m05s
[ab2.A] 1590/1600  2.5 games/s  ETA 0h00m04s
[ab2.A] 1594/1600  2.5 games/s  ETA 0h00m02s
[ab2.A] 1596/1600  2.5 games/s  ETA 0h00m01s
[ab2.A] 1599/1600  2.5 games/s  ETA 0h00m00s
[ab2.A] 1600 games in 0h10m44s (2.5 games/s)
[ab2.A] summary -> sim/out/ab2.A.summary.json
[ab2.B] 1600 games (0 already done), 1600 to play on 7 workers -> sim/out/ab2.B.jsonl
[ab2.B] depth 3, 4 random opening plies, ply cap 300, pairs off (both sides identical; --pairs forces them on)
[ab2.B] rules {}, values {}
[ab2.B] 1/1600  0.5 games/s  ETA 0h53m21s
[ab2.B] 5/1600  1.2 games/s  ETA 0h21m18s
[ab2.B] 11/1600  1.8 games/s  ETA 0h14m28s
[ab2.B] 15/1600  1.9 games/s  ETA 0h14m06s
[ab2.B] 18/1600  1.8 games/s  ETA 0h14m39s
[ab2.B] 22/1600  1.8 games/s  ETA 0h14m21s
[ab2.B] 27/1600  1.9 games/s  ETA 0h13m36s
[ab2.B] 28/1600  1.7 games/s  ETA 0h14m59s
[ab2.B] 33/1600  1.8 games/s  ETA 0h14m15s
[ab2.B] 35/1600  1.7 games/s  ETA 0h14m55s
[ab2.B] 40/1600  1.8 games/s  ETA 0h14m19s
[ab2.B] 44/1600  1.8 games/s  ETA 0h14m09s
[ab2.B] 50/1600  1.9 games/s  ETA 0h13m26s
[ab2.B] 54/1600  1.9 games/s  ETA 0h13m22s
[ab2.B] 58/1600  1.9 games/s  ETA 0h13m18s
[ab2.B] 63/1600  2.0 games/s  ETA 0h13m01s
[ab2.B] 67/1600  2.0 games/s  ETA 0h12m58s
[ab2.B] 71/1600  2.0 games/s  ETA 0h12m56s
[ab2.B] 74/1600  1.9 games/s  ETA 0h13m04s
[ab2.B] 78/1600  1.9 games/s  ETA 0h13m01s
[ab2.B] 83/1600  2.0 games/s  ETA 0h12m48s
[ab2.B] 88/1600  2.0 games/s  ETA 0h12m36s
[ab2.B] 95/1600  2.1 games/s  ETA 0h12m09s
[ab2.B] 99/1600  2.1 games/s  ETA 0h12m08s
[ab2.B] 102/1600  2.0 games/s  ETA 0h12m15s
[ab2.B] 105/1600  2.0 games/s  ETA 0h12m21s
[ab2.B] 107/1600  2.0 games/s  ETA 0h12m34s
[ab2.B] 112/1600  2.0 games/s  ETA 0h12m24s
[ab2.B] 117/1600  2.0 games/s  ETA 0h12m16s
[ab2.B] 121/1600  2.0 games/s  ETA 0h12m14s
[ab2.B] 124/1600  2.0 games/s  ETA 0h12m18s
[ab2.B] 128/1600  2.0 games/s  ETA 0h12m16s
[ab2.B] 135/1600  2.0 games/s  ETA 0h11m57s
[ab2.B] 138/1600  2.0 games/s  ETA 0h12m01s
[ab2.B] 142/1600  2.0 games/s  ETA 0h11m59s
[ab2.B] 145/1600  2.0 games/s  ETA 0h12m03s
[ab2.B] 149/1600  2.0 games/s  ETA 0h12m01s
[ab2.B] 153/1600  2.0 games/s  ETA 0h11m59s
[ab2.B] 157/1600  2.0 games/s  ETA 0h11m57s
[ab2.B] 162/1600  2.0 games/s  ETA 0h11m51s
[ab2.B] 169/1600  2.1 games/s  ETA 0h11m35s
[ab2.B] 170/1600  2.0 games/s  ETA 0h11m47s
[ab2.B] 175/1600  2.0 games/s  ETA 0h11m41s
[ab2.B] 180/1600  2.0 games/s  ETA 0h11m35s
[ab2.B] 183/1600  2.0 games/s  ETA 0h11m37s
[ab2.B] 186/1600  2.0 games/s  ETA 0h11m40s
[ab2.B] 189/1600  2.0 games/s  ETA 0h11m42s
[ab2.B] 192/1600  2.0 games/s  ETA 0h11m44s
[ab2.B] 196/1600  2.0 games/s  ETA 0h11m42s
[ab2.B] 199/1600  2.0 games/s  ETA 0h11m44s
[ab2.B] 199/1600  1.9 games/s  ETA 0h11m58s
[ab2.B] 205/1600  2.0 games/s  ETA 0h11m48s
[ab2.B] 211/1600  2.0 games/s  ETA 0h11m38s
[ab2.B] 215/1600  2.0 games/s  ETA 0h11m36s
[ab2.B] 218/1600  2.0 games/s  ETA 0h11m38s
[ab2.B] 221/1600  2.0 games/s  ETA 0h11m39s
[ab2.B] 227/1600  2.0 games/s  ETA 0h11m30s
[ab2.B] 233/1600  2.0 games/s  ETA 0h11m21s
[ab2.B] 237/1600  2.0 games/s  ETA 0h11m19s
[ab2.B] 239/1600  2.0 games/s  ETA 0h11m24s
[ab2.B] 242/1600  2.0 games/s  ETA 0h11m25s
[ab2.B] 246/1600  2.0 games/s  ETA 0h11m23s
[ab2.B] 252/1600  2.0 games/s  ETA 0h11m14s
[ab2.B] 256/1600  2.0 games/s  ETA 0h11m12s
[ab2.B] 261/1600  2.0 games/s  ETA 0h11m07s
[ab2.B] 264/1600  2.0 games/s  ETA 0h11m08s
[ab2.B] 269/1600  2.0 games/s  ETA 0h11m03s
[ab2.B] 271/1600  2.0 games/s  ETA 0h11m07s
[ab2.B] 278/1600  2.0 games/s  ETA 0h10m57s
[ab2.B] 283/1600  2.0 games/s  ETA 0h10m52s
[ab2.B] 289/1600  2.0 games/s  ETA 0h10m44s
[ab2.B] 295/1600  2.0 games/s  ETA 0h10m37s
[ab2.B] 298/1600  2.0 games/s  ETA 0h10m38s
[ab2.B] 303/1600  2.0 games/s  ETA 0h10m34s
[ab2.B] 308/1600  2.1 games/s  ETA 0h10m29s
[ab2.B] 312/1600  2.1 games/s  ETA 0h10m28s
[ab2.B] 316/1600  2.0 games/s  ETA 0h10m26s
[ab2.B] 321/1600  2.1 games/s  ETA 0h10m22s
[ab2.B] 325/1600  2.1 games/s  ETA 0h10m20s
[ab2.B] 331/1600  2.1 games/s  ETA 0h10m14s
[ab2.B] 334/1600  2.1 games/s  ETA 0h10m14s
[ab2.B] 337/1600  2.1 games/s  ETA 0h10m15s
[ab2.B] 341/1600  2.1 games/s  ETA 0h10m13s
[ab2.B] 344/1600  2.0 games/s  ETA 0h10m14s
[ab2.B] 348/1600  2.0 games/s  ETA 0h10m12s
[ab2.B] 352/1600  2.0 games/s  ETA 0h10m10s
[ab2.B] 356/1600  2.0 games/s  ETA 0h10m08s
[ab2.B] 358/1600  2.0 games/s  ETA 0h10m11s
[ab2.B] 362/1600  2.0 games/s  ETA 0h10m09s
[ab2.B] 366/1600  2.0 games/s  ETA 0h10m07s
[ab2.B] 372/1600  2.0 games/s  ETA 0h10m01s
[ab2.B] 374/1600  2.0 games/s  ETA 0h10m03s
[ab2.B] 377/1600  2.0 games/s  ETA 0h10m04s
[ab2.B] 384/1600  2.0 games/s  ETA 0h09m56s
[ab2.B] 386/1600  2.0 games/s  ETA 0h09m58s
[ab2.B] 390/1600  2.0 games/s  ETA 0h09m56s
[ab2.B] 393/1600  2.0 games/s  ETA 0h09m56s
[ab2.B] 398/1600  2.0 games/s  ETA 0h09m52s
[ab2.B] 402/1600  2.0 games/s  ETA 0h09m50s
[ab2.B] 407/1600  2.0 games/s  ETA 0h09m46s
[ab2.B] 412/1600  2.0 games/s  ETA 0h09m43s
[ab2.B] 415/1600  2.0 games/s  ETA 0h09m43s
[ab2.B] 420/1600  2.0 games/s  ETA 0h09m39s
[ab2.B] 423/1600  2.0 games/s  ETA 0h09m39s
[ab2.B] 427/1600  2.0 games/s  ETA 0h09m37s
[ab2.B] 429/1600  2.0 games/s  ETA 0h09m39s
[ab2.B] 435/1600  2.0 games/s  ETA 0h09m33s
[ab2.B] 438/1600  2.0 games/s  ETA 0h09m33s
[ab2.B] 445/1600  2.0 games/s  ETA 0h09m26s
[ab2.B] 448/1600  2.0 games/s  ETA 0h09m26s
[ab2.B] 452/1600  2.0 games/s  ETA 0h09m24s
[ab2.B] 457/1600  2.0 games/s  ETA 0h09m20s
[ab2.B] 464/1600  2.1 games/s  ETA 0h09m13s
[ab2.B] 466/1600  2.0 games/s  ETA 0h09m15s
[ab2.B] 471/1600  2.0 games/s  ETA 0h09m11s
[ab2.B] 476/1600  2.0 games/s  ETA 0h09m08s
[ab2.B] 480/1600  2.0 games/s  ETA 0h09m06s
[ab2.B] 483/1600  2.0 games/s  ETA 0h09m06s
[ab2.B] 487/1600  2.0 games/s  ETA 0h09m04s
[ab2.B] 491/1600  2.0 games/s  ETA 0h09m02s
[ab2.B] 495/1600  2.0 games/s  ETA 0h09m00s
[ab2.B] 500/1600  2.0 games/s  ETA 0h08m57s
[ab2.B] 503/1600  2.0 games/s  ETA 0h08m57s
[ab2.B] 505/1600  2.0 games/s  ETA 0h08m58s
[ab2.B] 508/1600  2.0 games/s  ETA 0h08m57s
[ab2.B] 512/1600  2.0 games/s  ETA 0h08m56s
[ab2.B] 516/1600  2.0 games/s  ETA 0h08m54s
[ab2.B] 519/1600  2.0 games/s  ETA 0h08m53s
[ab2.B] 522/1600  2.0 games/s  ETA 0h08m53s
[ab2.B] 529/1600  2.0 games/s  ETA 0h08m46s
[ab2.B] 533/1600  2.0 games/s  ETA 0h08m45s
[ab2.B] 539/1600  2.0 games/s  ETA 0h08m40s
[ab2.B] 543/1600  2.0 games/s  ETA 0h08m38s
[ab2.B] 546/1600  2.0 games/s  ETA 0h08m37s
[ab2.B] 550/1600  2.0 games/s  ETA 0h08m36s
[ab2.B] 551/1600  2.0 games/s  ETA 0h08m38s
[ab2.B] 557/1600  2.0 games/s  ETA 0h08m33s
[ab2.B] 561/1600  2.0 games/s  ETA 0h08m31s
[ab2.B] 565/1600  2.0 games/s  ETA 0h08m29s
[ab2.B] 570/1600  2.0 games/s  ETA 0h08m26s
[ab2.B] 572/1600  2.0 games/s  ETA 0h08m27s
[ab2.B] 574/1600  2.0 games/s  ETA 0h08m28s
[ab2.B] 577/1600  2.0 games/s  ETA 0h08m27s
[ab2.B] 582/1600  2.0 games/s  ETA 0h08m24s
[ab2.B] 587/1600  2.0 games/s  ETA 0h08m20s
[ab2.B] 589/1600  2.0 games/s  ETA 0h08m21s
[ab2.B] 593/1600  2.0 games/s  ETA 0h08m19s
[ab2.B] 596/1600  2.0 games/s  ETA 0h08m19s
[ab2.B] 600/1600  2.0 games/s  ETA 0h08m17s
[ab2.B] 606/1600  2.0 games/s  ETA 0h08m12s
[ab2.B] 610/1600  2.0 games/s  ETA 0h08m10s
[ab2.B] 614/1600  2.0 games/s  ETA 0h08m08s
[ab2.B] 619/1600  2.0 games/s  ETA 0h08m05s
[ab2.B] 625/1600  2.0 games/s  ETA 0h08m00s
[ab2.B] 629/1600  2.0 games/s  ETA 0h07m59s
[ab2.B] 636/1600  2.0 games/s  ETA 0h07m53s
[ab2.B] 638/1600  2.0 games/s  ETA 0h07m53s
[ab2.B] 642/1600  2.0 games/s  ETA 0h07m52s
[ab2.B] 647/1600  2.0 games/s  ETA 0h07m48s
[ab2.B] 651/1600  2.0 games/s  ETA 0h07m46s
[ab2.B] 655/1600  2.0 games/s  ETA 0h07m45s
[ab2.B] 661/1600  2.0 games/s  ETA 0h07m40s
[ab2.B] 668/1600  2.0 games/s  ETA 0h07m35s
[ab2.B] 671/1600  2.0 games/s  ETA 0h07m34s
[ab2.B] 675/1600  2.0 games/s  ETA 0h07m32s
[ab2.B] 682/1600  2.1 games/s  ETA 0h07m27s
[ab2.B] 685/1600  2.0 games/s  ETA 0h07m26s
[ab2.B] 688/1600  2.0 games/s  ETA 0h07m25s
[ab2.B] 694/1600  2.1 games/s  ETA 0h07m21s
[ab2.B] 698/1600  2.1 games/s  ETA 0h07m19s
[ab2.B] 703/1600  2.1 games/s  ETA 0h07m16s
[ab2.B] 709/1600  2.1 games/s  ETA 0h07m12s
[ab2.B] 712/1600  2.1 games/s  ETA 0h07m11s
[ab2.B] 717/1600  2.1 games/s  ETA 0h07m08s
[ab2.B] 723/1600  2.1 games/s  ETA 0h07m04s
[ab2.B] 732/1600  2.1 games/s  ETA 0h06m57s
[ab2.B] 736/1600  2.1 games/s  ETA 0h06m55s
[ab2.B] 740/1600  2.1 games/s  ETA 0h06m54s
[ab2.B] 747/1600  2.1 games/s  ETA 0h06m49s
[ab2.B] 750/1600  2.1 games/s  ETA 0h06m48s
[ab2.B] 755/1600  2.1 games/s  ETA 0h06m45s
[ab2.B] 759/1600  2.1 games/s  ETA 0h06m43s
[ab2.B] 766/1600  2.1 games/s  ETA 0h06m38s
[ab2.B] 771/1600  2.1 games/s  ETA 0h06m36s
[ab2.B] 775/1600  2.1 games/s  ETA 0h06m34s
[ab2.B] 778/1600  2.1 games/s  ETA 0h06m33s
[ab2.B] 782/1600  2.1 games/s  ETA 0h06m31s
[ab2.B] 787/1600  2.1 games/s  ETA 0h06m28s
[ab2.B] 789/1600  2.1 games/s  ETA 0h06m28s
[ab2.B] 794/1600  2.1 games/s  ETA 0h06m26s
[ab2.B] 799/1600  2.1 games/s  ETA 0h06m23s
[ab2.B] 803/1600  2.1 games/s  ETA 0h06m21s
[ab2.B] 811/1600  2.1 games/s  ETA 0h06m15s
[ab2.B] 813/1600  2.1 games/s  ETA 0h06m15s
[ab2.B] 816/1600  2.1 games/s  ETA 0h06m15s
[ab2.B] 823/1600  2.1 games/s  ETA 0h06m10s
[ab2.B] 827/1600  2.1 games/s  ETA 0h06m08s
[ab2.B] 831/1600  2.1 games/s  ETA 0h06m06s
[ab2.B] 835/1600  2.1 games/s  ETA 0h06m04s
[ab2.B] 840/1600  2.1 games/s  ETA 0h06m02s
[ab2.B] 844/1600  2.1 games/s  ETA 0h06m00s
[ab2.B] 849/1600  2.1 games/s  ETA 0h05m57s
[ab2.B] 854/1600  2.1 games/s  ETA 0h05m54s
[ab2.B] 857/1600  2.1 games/s  ETA 0h05m54s
[ab2.B] 861/1600  2.1 games/s  ETA 0h05m52s
[ab2.B] 864/1600  2.1 games/s  ETA 0h05m51s
[ab2.B] 869/1600  2.1 games/s  ETA 0h05m48s
[ab2.B] 873/1600  2.1 games/s  ETA 0h05m46s
[ab2.B] 880/1600  2.1 games/s  ETA 0h05m42s
[ab2.B] 883/1600  2.1 games/s  ETA 0h05m41s
[ab2.B] 889/1600  2.1 games/s  ETA 0h05m37s
[ab2.B] 895/1600  2.1 games/s  ETA 0h05m34s
[ab2.B] 899/1600  2.1 games/s  ETA 0h05m32s
[ab2.B] 904/1600  2.1 games/s  ETA 0h05m29s
[ab2.B] 907/1600  2.1 games/s  ETA 0h05m28s
[ab2.B] 914/1600  2.1 games/s  ETA 0h05m24s
[ab2.B] 918/1600  2.1 games/s  ETA 0h05m22s
[ab2.B] 922/1600  2.1 games/s  ETA 0h05m20s
[ab2.B] 931/1600  2.1 games/s  ETA 0h05m15s
[ab2.B] 935/1600  2.1 games/s  ETA 0h05m13s
[ab2.B] 938/1600  2.1 games/s  ETA 0h05m12s
[ab2.B] 944/1600  2.1 games/s  ETA 0h05m08s
[ab2.B] 950/1600  2.1 games/s  ETA 0h05m05s
[ab2.B] 956/1600  2.1 games/s  ETA 0h05m02s
[ab2.B] 960/1600  2.1 games/s  ETA 0h05m00s
[ab2.B] 965/1600  2.1 games/s  ETA 0h04m57s
[ab2.B] 969/1600  2.1 games/s  ETA 0h04m55s
[ab2.B] 974/1600  2.1 games/s  ETA 0h04m53s
[ab2.B] 977/1600  2.1 games/s  ETA 0h04m52s
[ab2.B] 984/1600  2.1 games/s  ETA 0h04m48s
[ab2.B] 992/1600  2.1 games/s  ETA 0h04m43s
[ab2.B] 998/1600  2.1 games/s  ETA 0h04m40s
[ab2.B] 1003/1600  2.2 games/s  ETA 0h04m37s
[ab2.B] 1008/1600  2.2 games/s  ETA 0h04m35s
[ab2.B] 1013/1600  2.2 games/s  ETA 0h04m32s
[ab2.B] 1018/1600  2.2 games/s  ETA 0h04m30s
[ab2.B] 1022/1600  2.2 games/s  ETA 0h04m28s
[ab2.B] 1027/1600  2.2 games/s  ETA 0h04m25s
[ab2.B] 1031/1600  2.2 games/s  ETA 0h04m24s
[ab2.B] 1034/1600  2.2 games/s  ETA 0h04m22s
[ab2.B] 1039/1600  2.2 games/s  ETA 0h04m20s
[ab2.B] 1044/1600  2.2 games/s  ETA 0h04m17s
[ab2.B] 1048/1600  2.2 games/s  ETA 0h04m16s
[ab2.B] 1054/1600  2.2 games/s  ETA 0h04m13s
[ab2.B] 1056/1600  2.2 games/s  ETA 0h04m12s
[ab2.B] 1059/1600  2.2 games/s  ETA 0h04m11s
[ab2.B] 1062/1600  2.1 games/s  ETA 0h04m10s
[ab2.B] 1067/1600  2.1 games/s  ETA 0h04m07s
[ab2.B] 1072/1600  2.2 games/s  ETA 0h04m05s
[ab2.B] 1075/1600  2.1 games/s  ETA 0h04m04s
[ab2.B] 1082/1600  2.2 games/s  ETA 0h04m00s
[ab2.B] 1086/1600  2.2 games/s  ETA 0h03m58s
[ab2.B] 1094/1600  2.2 games/s  ETA 0h03m54s
[ab2.B] 1098/1600  2.2 games/s  ETA 0h03m52s
[ab2.B] 1102/1600  2.2 games/s  ETA 0h03m50s
[ab2.B] 1107/1600  2.2 games/s  ETA 0h03m48s
[ab2.B] 1112/1600  2.2 games/s  ETA 0h03m45s
[ab2.B] 1115/1600  2.2 games/s  ETA 0h03m44s
[ab2.B] 1118/1600  2.2 games/s  ETA 0h03m43s
[ab2.B] 1122/1600  2.2 games/s  ETA 0h03m41s
[ab2.B] 1125/1600  2.2 games/s  ETA 0h03m40s
[ab2.B] 1134/1600  2.2 games/s  ETA 0h03m35s
[ab2.B] 1139/1600  2.2 games/s  ETA 0h03m33s
[ab2.B] 1145/1600  2.2 games/s  ETA 0h03m30s
[ab2.B] 1151/1600  2.2 games/s  ETA 0h03m26s
[ab2.B] 1153/1600  2.2 games/s  ETA 0h03m26s
[ab2.B] 1158/1600  2.2 games/s  ETA 0h03m24s
[ab2.B] 1164/1600  2.2 games/s  ETA 0h03m20s
[ab2.B] 1168/1600  2.2 games/s  ETA 0h03m19s
[ab2.B] 1174/1600  2.2 games/s  ETA 0h03m16s
[ab2.B] 1176/1600  2.2 games/s  ETA 0h03m15s
[ab2.B] 1181/1600  2.2 games/s  ETA 0h03m13s
[ab2.B] 1186/1600  2.2 games/s  ETA 0h03m10s
[ab2.B] 1188/1600  2.2 games/s  ETA 0h03m10s
[ab2.B] 1193/1600  2.2 games/s  ETA 0h03m07s
[ab2.B] 1196/1600  2.2 games/s  ETA 0h03m06s
[ab2.B] 1202/1600  2.2 games/s  ETA 0h03m03s
[ab2.B] 1208/1600  2.2 games/s  ETA 0h03m00s
[ab2.B] 1212/1600  2.2 games/s  ETA 0h02m58s
[ab2.B] 1218/1600  2.2 games/s  ETA 0h02m55s
[ab2.B] 1222/1600  2.2 games/s  ETA 0h02m54s
[ab2.B] 1229/1600  2.2 games/s  ETA 0h02m50s
[ab2.B] 1233/1600  2.2 games/s  ETA 0h02m48s
[ab2.B] 1237/1600  2.2 games/s  ETA 0h02m46s
[ab2.B] 1241/1600  2.2 games/s  ETA 0h02m45s
[ab2.B] 1245/1600  2.2 games/s  ETA 0h02m43s
[ab2.B] 1252/1600  2.2 games/s  ETA 0h02m39s
[ab2.B] 1257/1600  2.2 games/s  ETA 0h02m37s
[ab2.B] 1264/1600  2.2 games/s  ETA 0h02m33s
[ab2.B] 1268/1600  2.2 games/s  ETA 0h02m31s
[ab2.B] 1273/1600  2.2 games/s  ETA 0h02m29s
[ab2.B] 1278/1600  2.2 games/s  ETA 0h02m27s
[ab2.B] 1283/1600  2.2 games/s  ETA 0h02m24s
[ab2.B] 1288/1600  2.2 games/s  ETA 0h02m22s
[ab2.B] 1291/1600  2.2 games/s  ETA 0h02m21s
[ab2.B] 1294/1600  2.2 games/s  ETA 0h02m20s
[ab2.B] 1296/1600  2.2 games/s  ETA 0h02m19s
[ab2.B] 1301/1600  2.2 games/s  ETA 0h02m17s
[ab2.B] 1306/1600  2.2 games/s  ETA 0h02m14s
[ab2.B] 1311/1600  2.2 games/s  ETA 0h02m12s
[ab2.B] 1316/1600  2.2 games/s  ETA 0h02m10s
[ab2.B] 1320/1600  2.2 games/s  ETA 0h02m08s
[ab2.B] 1324/1600  2.2 games/s  ETA 0h02m06s
[ab2.B] 1328/1600  2.2 games/s  ETA 0h02m04s
[ab2.B] 1334/1600  2.2 games/s  ETA 0h02m01s
[ab2.B] 1336/1600  2.2 games/s  ETA 0h02m01s
[ab2.B] 1342/1600  2.2 games/s  ETA 0h01m58s
[ab2.B] 1345/1600  2.2 games/s  ETA 0h01m56s
[ab2.B] 1350/1600  2.2 games/s  ETA 0h01m54s
[ab2.B] 1352/1600  2.2 games/s  ETA 0h01m53s
[ab2.B] 1357/1600  2.2 games/s  ETA 0h01m51s
[ab2.B] 1362/1600  2.2 games/s  ETA 0h01m49s
[ab2.B] 1367/1600  2.2 games/s  ETA 0h01m46s
[ab2.B] 1371/1600  2.2 games/s  ETA 0h01m44s
[ab2.B] 1374/1600  2.2 games/s  ETA 0h01m43s
[ab2.B] 1380/1600  2.2 games/s  ETA 0h01m40s
[ab2.B] 1387/1600  2.2 games/s  ETA 0h01m37s
[ab2.B] 1390/1600  2.2 games/s  ETA 0h01m36s
[ab2.B] 1395/1600  2.2 games/s  ETA 0h01m33s
[ab2.B] 1399/1600  2.2 games/s  ETA 0h01m32s
[ab2.B] 1403/1600  2.2 games/s  ETA 0h01m30s
[ab2.B] 1408/1600  2.2 games/s  ETA 0h01m27s
[ab2.B] 1413/1600  2.2 games/s  ETA 0h01m25s
[ab2.B] 1416/1600  2.2 games/s  ETA 0h01m24s
[ab2.B] 1422/1600  2.2 games/s  ETA 0h01m21s
[ab2.B] 1428/1600  2.2 games/s  ETA 0h01m18s
[ab2.B] 1432/1600  2.2 games/s  ETA 0h01m16s
[ab2.B] 1436/1600  2.2 games/s  ETA 0h01m14s
[ab2.B] 1443/1600  2.2 games/s  ETA 0h01m11s
[ab2.B] 1447/1600  2.2 games/s  ETA 0h01m09s
[ab2.B] 1452/1600  2.2 games/s  ETA 0h01m07s
[ab2.B] 1456/1600  2.2 games/s  ETA 0h01m05s
[ab2.B] 1460/1600  2.2 games/s  ETA 0h01m03s
[ab2.B] 1464/1600  2.2 games/s  ETA 0h01m02s
[ab2.B] 1465/1600  2.2 games/s  ETA 0h01m01s
[ab2.B] 1472/1600  2.2 games/s  ETA 0h00m58s
[ab2.B] 1476/1600  2.2 games/s  ETA 0h00m56s
[ab2.B] 1482/1600  2.2 games/s  ETA 0h00m53s
[ab2.B] 1488/1600  2.2 games/s  ETA 0h00m51s
[ab2.B] 1492/1600  2.2 games/s  ETA 0h00m49s
[ab2.B] 1496/1600  2.2 games/s  ETA 0h00m47s
[ab2.B] 1501/1600  2.2 games/s  ETA 0h00m45s
[ab2.B] 1506/1600  2.2 games/s  ETA 0h00m42s
[ab2.B] 1509/1600  2.2 games/s  ETA 0h00m41s
[ab2.B] 1515/1600  2.2 games/s  ETA 0h00m38s
[ab2.B] 1518/1600  2.2 games/s  ETA 0h00m37s
[ab2.B] 1520/1600  2.2 games/s  ETA 0h00m36s
[ab2.B] 1527/1600  2.2 games/s  ETA 0h00m33s
[ab2.B] 1535/1600  2.2 games/s  ETA 0h00m29s
[ab2.B] 1538/1600  2.2 games/s  ETA 0h00m28s
[ab2.B] 1540/1600  2.2 games/s  ETA 0h00m27s
[ab2.B] 1544/1600  2.2 games/s  ETA 0h00m25s
[ab2.B] 1548/1600  2.2 games/s  ETA 0h00m23s
[ab2.B] 1552/1600  2.2 games/s  ETA 0h00m21s
[ab2.B] 1556/1600  2.2 games/s  ETA 0h00m20s
[ab2.B] 1560/1600  2.2 games/s  ETA 0h00m18s
[ab2.B] 1569/1600  2.2 games/s  ETA 0h00m14s
[ab2.B] 1573/1600  2.2 games/s  ETA 0h00m12s
[ab2.B] 1576/1600  2.2 games/s  ETA 0h00m10s
[ab2.B] 1580/1600  2.2 games/s  ETA 0h00m09s
[ab2.B] 1585/1600  2.2 games/s  ETA 0h00m06s
[ab2.B] 1591/1600  2.2 games/s  ETA 0h00m04s
[ab2.B] 1596/1600  2.2 games/s  ETA 0h00m01s
[ab2.B] 1599/1600  2.2 games/s  ETA 0h00m00s
[ab2.B] 1600 games in 0h12m09s (2.2 games/s)
[ab2.B] summary -> sim/out/ab2.B.summary.json
[ab2.AB] 1600 games (0 already done), 1600 to play on 7 workers -> sim/out/ab2.AB.jsonl
[ab2.AB] depth 3, 4 random opening plies, ply cap 300, pairs off (both sides identical; --pairs forces them on)
[ab2.AB] rules {}, values {}
[ab2.AB] 0/1600  0.0 games/s  ETA ?
[ab2.AB] 3/1600  0.7 games/s  ETA 0h35m31s
[ab2.AB] 7/1600  1.2 games/s  ETA 0h22m46s
[ab2.AB] 14/1600  1.7 games/s  ETA 0h15m07s
[ab2.AB] 18/1600  1.8 games/s  ETA 0h14m39s
[ab2.AB] 23/1600  1.9 games/s  ETA 0h13m43s
[ab2.AB] 28/1600  2.0 games/s  ETA 0h13m06s
[ab2.AB] 35/1600  2.2 games/s  ETA 0h11m56s
[ab2.AB] 40/1600  2.2 games/s  ETA 0h11m42s
[ab2.AB] 44/1600  2.2 games/s  ETA 0h11m47s
[ab2.AB] 51/1600  2.3 games/s  ETA 0h11m08s
[ab2.AB] 54/1600  2.2 games/s  ETA 0h11m27s
[ab2.AB] 60/1600  2.3 games/s  ETA 0h11m07s
[ab2.AB] 67/1600  2.4 games/s  ETA 0h10m41s
[ab2.AB] 73/1600  2.4 games/s  ETA 0h10m27s
[ab2.AB] 85/1600  2.7 games/s  ETA 0h09m30s
[ab2.AB] 90/1600  2.6 games/s  ETA 0h09m30s
[ab2.AB] 97/1600  2.7 games/s  ETA 0h09m18s
[ab2.AB] 104/1600  2.7 games/s  ETA 0h09m06s
[ab2.AB] 109/1600  2.7 games/s  ETA 0h09m07s
[ab2.AB] 116/1600  2.8 games/s  ETA 0h08m57s
[ab2.AB] 123/1600  2.8 games/s  ETA 0h08m48s
[ab2.AB] 131/1600  2.8 games/s  ETA 0h08m36s
[ab2.AB] 139/1600  2.9 games/s  ETA 0h08m24s
[ab2.AB] 149/1600  3.0 games/s  ETA 0h08m07s
[ab2.AB] 155/1600  3.0 games/s  ETA 0h08m05s
[ab2.AB] 163/1600  3.0 games/s  ETA 0h07m56s
[ab2.AB] 168/1600  3.0 games/s  ETA 0h07m57s
[ab2.AB] 178/1600  3.1 games/s  ETA 0h07m43s
[ab2.AB] 186/1600  3.1 games/s  ETA 0h07m36s
[ab2.AB] 192/1600  3.1 games/s  ETA 0h07m34s
[ab2.AB] 199/1600  3.1 games/s  ETA 0h07m30s
[ab2.AB] 207/1600  3.1 games/s  ETA 0h07m24s
[ab2.AB] 213/1600  3.1 games/s  ETA 0h07m23s
[ab2.AB] 223/1600  3.2 games/s  ETA 0h07m12s
[ab2.AB] 230/1600  3.2 games/s  ETA 0h07m09s
[ab2.AB] 236/1600  3.2 games/s  ETA 0h07m07s
[ab2.AB] 244/1600  3.2 games/s  ETA 0h07m02s
[ab2.AB] 251/1600  3.2 games/s  ETA 0h06m59s
[ab2.AB] 259/1600  3.2 games/s  ETA 0h06m54s
[ab2.AB] 266/1600  3.2 games/s  ETA 0h06m51s
[ab2.AB] 276/1600  3.3 games/s  ETA 0h06m43s
[ab2.AB] 283/1600  3.3 games/s  ETA 0h06m40s
[ab2.AB] 289/1600  3.3 games/s  ETA 0h06m39s
[ab2.AB] 297/1600  3.3 games/s  ETA 0h06m35s
[ab2.AB] 305/1600  3.3 games/s  ETA 0h06m30s
[ab2.AB] 312/1600  3.3 games/s  ETA 0h06m28s
[ab2.AB] 322/1600  3.4 games/s  ETA 0h06m21s
[ab2.AB] 329/1600  3.4 games/s  ETA 0h06m18s
[ab2.AB] 342/1600  3.4 games/s  ETA 0h06m08s
[ab2.AB] 351/1600  3.4 games/s  ETA 0h06m03s
[ab2.AB] 359/1600  3.4 games/s  ETA 0h05m59s
[ab2.AB] 366/1600  3.5 games/s  ETA 0h05m57s
[ab2.AB] 372/1600  3.4 games/s  ETA 0h05m56s
[ab2.AB] 382/1600  3.5 games/s  ETA 0h05m50s
[ab2.AB] 391/1600  3.5 games/s  ETA 0h05m46s
[ab2.AB] 399/1600  3.5 games/s  ETA 0h05m43s
[ab2.AB] 407/1600  3.5 games/s  ETA 0h05m40s
[ab2.AB] 413/1600  3.5 games/s  ETA 0h05m39s
[ab2.AB] 421/1600  3.5 games/s  ETA 0h05m36s
[ab2.AB] 431/1600  3.5 games/s  ETA 0h05m31s
[ab2.AB] 442/1600  3.6 games/s  ETA 0h05m25s
[ab2.AB] 448/1600  3.6 games/s  ETA 0h05m24s
[ab2.AB] 457/1600  3.6 games/s  ETA 0h05m20s
[ab2.AB] 467/1600  3.6 games/s  ETA 0h05m15s
[ab2.AB] 475/1600  3.6 games/s  ETA 0h05m12s
[ab2.AB] 482/1600  3.6 games/s  ETA 0h05m10s
[ab2.AB] 489/1600  3.6 games/s  ETA 0h05m09s
[ab2.AB] 498/1600  3.6 games/s  ETA 0h05m05s
[ab2.AB] 505/1600  3.6 games/s  ETA 0h05m03s
[ab2.AB] 513/1600  3.6 games/s  ETA 0h05m01s
[ab2.AB] 519/1600  3.6 games/s  ETA 0h05m00s
[ab2.AB] 526/1600  3.6 games/s  ETA 0h04m58s
[ab2.AB] 531/1600  3.6 games/s  ETA 0h04m58s
[ab2.AB] 537/1600  3.6 games/s  ETA 0h04m57s
[ab2.AB] 547/1600  3.6 games/s  ETA 0h04m52s
[ab2.AB] 556/1600  3.6 games/s  ETA 0h04m49s
[ab2.AB] 563/1600  3.6 games/s  ETA 0h04m47s
[ab2.AB] 568/1600  3.6 games/s  ETA 0h04m47s
[ab2.AB] 576/1600  3.6 games/s  ETA 0h04m44s
[ab2.AB] 582/1600  3.6 games/s  ETA 0h04m43s
[ab2.AB] 589/1600  3.6 games/s  ETA 0h04m41s
[ab2.AB] 600/1600  3.6 games/s  ETA 0h04m36s
[ab2.AB] 605/1600  3.6 games/s  ETA 0h04m36s
[ab2.AB] 613/1600  3.6 games/s  ETA 0h04m33s
[ab2.AB] 620/1600  3.6 games/s  ETA 0h04m32s
[ab2.AB] 628/1600  3.6 games/s  ETA 0h04m29s
[ab2.AB] 640/1600  3.6 games/s  ETA 0h04m24s
[ab2.AB] 648/1600  3.6 games/s  ETA 0h04m21s
[ab2.AB] 656/1600  3.6 games/s  ETA 0h04m19s
[ab2.AB] 663/1600  3.6 games/s  ETA 0h04m17s
[ab2.AB] 671/1600  3.6 games/s  ETA 0h04m14s
[ab2.AB] 681/1600  3.7 games/s  ETA 0h04m11s
[ab2.AB] 688/1600  3.7 games/s  ETA 0h04m09s
[ab2.AB] 697/1600  3.7 games/s  ETA 0h04m06s
[ab2.AB] 704/1600  3.7 games/s  ETA 0h04m04s
[ab2.AB] 714/1600  3.7 games/s  ETA 0h04m00s
[ab2.AB] 724/1600  3.7 games/s  ETA 0h03m57s
[ab2.AB] 732/1600  3.7 games/s  ETA 0h03m54s
[ab2.AB] 740/1600  3.7 games/s  ETA 0h03m52s
[ab2.AB] 748/1600  3.7 games/s  ETA 0h03m50s
[ab2.AB] 759/1600  3.7 games/s  ETA 0h03m46s
[ab2.AB] 768/1600  3.7 games/s  ETA 0h03m43s
[ab2.AB] 775/1600  3.7 games/s  ETA 0h03m41s
[ab2.AB] 783/1600  3.7 games/s  ETA 0h03m39s
[ab2.AB] 788/1600  3.7 games/s  ETA 0h03m38s
[ab2.AB] 797/1600  3.7 games/s  ETA 0h03m35s
[ab2.AB] 807/1600  3.7 games/s  ETA 0h03m32s
[ab2.AB] 817/1600  3.7 games/s  ETA 0h03m29s
[ab2.AB] 822/1600  3.7 games/s  ETA 0h03m28s
[ab2.AB] 830/1600  3.7 games/s  ETA 0h03m26s
[ab2.AB] 838/1600  3.7 games/s  ETA 0h03m23s
[ab2.AB] 844/1600  3.7 games/s  ETA 0h03m22s
[ab2.AB] 850/1600  3.7 games/s  ETA 0h03m21s
[ab2.AB] 860/1600  3.7 games/s  ETA 0h03m18s
[ab2.AB] 868/1600  3.7 games/s  ETA 0h03m15s
[ab2.AB] 874/1600  3.7 games/s  ETA 0h03m14s
[ab2.AB] 883/1600  3.7 games/s  ETA 0h03m11s
[ab2.AB] 894/1600  3.8 games/s  ETA 0h03m08s
[ab2.AB] 902/1600  3.8 games/s  ETA 0h03m05s
[ab2.AB] 910/1600  3.8 games/s  ETA 0h03m03s
[ab2.AB] 918/1600  3.8 games/s  ETA 0h03m01s
[ab2.AB] 925/1600  3.8 games/s  ETA 0h02m59s
[ab2.AB] 936/1600  3.8 games/s  ETA 0h02m56s
[ab2.AB] 942/1600  3.8 games/s  ETA 0h02m54s
[ab2.AB] 951/1600  3.8 games/s  ETA 0h02m52s
[ab2.AB] 961/1600  3.8 games/s  ETA 0h02m49s
[ab2.AB] 968/1600  3.8 games/s  ETA 0h02m47s
[ab2.AB] 977/1600  3.8 games/s  ETA 0h02m44s
[ab2.AB] 986/1600  3.8 games/s  ETA 0h02m42s
[ab2.AB] 997/1600  3.8 games/s  ETA 0h02m38s
[ab2.AB] 1003/1600  3.8 games/s  ETA 0h02m37s
[ab2.AB] 1008/1600  3.8 games/s  ETA 0h02m36s
[ab2.AB] 1014/1600  3.8 games/s  ETA 0h02m34s
[ab2.AB] 1025/1600  3.8 games/s  ETA 0h02m31s
[ab2.AB] 1035/1600  3.8 games/s  ETA 0h02m28s
[ab2.AB] 1040/1600  3.8 games/s  ETA 0h02m27s
[ab2.AB] 1045/1600  3.8 games/s  ETA 0h02m26s
[ab2.AB] 1054/1600  3.8 games/s  ETA 0h02m24s
[ab2.AB] 1061/1600  3.8 games/s  ETA 0h02m22s
[ab2.AB] 1069/1600  3.8 games/s  ETA 0h02m20s
[ab2.AB] 1078/1600  3.8 games/s  ETA 0h02m17s
[ab2.AB] 1089/1600  3.8 games/s  ETA 0h02m14s
[ab2.AB] 1097/1600  3.8 games/s  ETA 0h02m12s
[ab2.AB] 1107/1600  3.8 games/s  ETA 0h02m09s
[ab2.AB] 1116/1600  3.8 games/s  ETA 0h02m06s
[ab2.AB] 1128/1600  3.8 games/s  ETA 0h02m03s
[ab2.AB] 1136/1600  3.8 games/s  ETA 0h02m00s
[ab2.AB] 1149/1600  3.9 games/s  ETA 0h01m57s
[ab2.AB] 1161/1600  3.9 games/s  ETA 0h01m53s
[ab2.AB] 1173/1600  3.9 games/s  ETA 0h01m50s
[ab2.AB] 1186/1600  3.9 games/s  ETA 0h01m46s
[ab2.AB] 1197/1600  3.9 games/s  ETA 0h01m43s
[ab2.AB] 1207/1600  3.9 games/s  ETA 0h01m40s
[ab2.AB] 1217/1600  3.9 games/s  ETA 0h01m37s
[ab2.AB] 1235/1600  4.0 games/s  ETA 0h01m32s
[ab2.AB] 1247/1600  4.0 games/s  ETA 0h01m28s
[ab2.AB] 1257/1600  4.0 games/s  ETA 0h01m26s
[ab2.AB] 1270/1600  4.0 games/s  ETA 0h01m22s
[ab2.AB] 1281/1600  4.0 games/s  ETA 0h01m19s
[ab2.AB] 1290/1600  4.0 games/s  ETA 0h01m17s
[ab2.AB] 1298/1600  4.0 games/s  ETA 0h01m15s
[ab2.AB] 1311/1600  4.0 games/s  ETA 0h01m11s
[ab2.AB] 1320/1600  4.0 games/s  ETA 0h01m09s
[ab2.AB] 1334/1600  4.0 games/s  ETA 0h01m05s
[ab2.AB] 1344/1600  4.0 games/s  ETA 0h01m03s
[ab2.AB] 1355/1600  4.1 games/s  ETA 0h01m00s
[ab2.AB] 1366/1600  4.1 games/s  ETA 0h00m57s
[ab2.AB] 1376/1600  4.1 games/s  ETA 0h00m55s
[ab2.AB] 1386/1600  4.1 games/s  ETA 0h00m52s
[ab2.AB] 1393/1600  4.1 games/s  ETA 0h00m50s
[ab2.AB] 1401/1600  4.1 games/s  ETA 0h00m48s
[ab2.AB] 1407/1600  4.1 games/s  ETA 0h00m47s
[ab2.AB] 1415/1600  4.1 games/s  ETA 0h00m45s
[ab2.AB] 1421/1600  4.1 games/s  ETA 0h00m44s
[ab2.AB] 1427/1600  4.1 games/s  ETA 0h00m42s
[ab2.AB] 1434/1600  4.0 games/s  ETA 0h00m41s
[ab2.AB] 1442/1600  4.0 games/s  ETA 0h00m39s
[ab2.AB] 1449/1600  4.0 games/s  ETA 0h00m37s
[ab2.AB] 1459/1600  4.0 games/s  ETA 0h00m34s
[ab2.AB] 1467/1600  4.0 games/s  ETA 0h00m32s
[ab2.AB] 1476/1600  4.1 games/s  ETA 0h00m30s
[ab2.AB] 1486/1600  4.1 games/s  ETA 0h00m28s
[ab2.AB] 1494/1600  4.1 games/s  ETA 0h00m26s
[ab2.AB] 1500/1600  4.1 games/s  ETA 0h00m24s
[ab2.AB] 1506/1600  4.0 games/s  ETA 0h00m23s
[ab2.AB] 1512/1600  4.0 games/s  ETA 0h00m21s
[ab2.AB] 1521/1600  4.0 games/s  ETA 0h00m19s
[ab2.AB] 1529/1600  4.0 games/s  ETA 0h00m17s
[ab2.AB] 1537/1600  4.0 games/s  ETA 0h00m15s
[ab2.AB] 1547/1600  4.0 games/s  ETA 0h00m13s
[ab2.AB] 1554/1600  4.0 games/s  ETA 0h00m11s
[ab2.AB] 1561/1600  4.0 games/s  ETA 0h00m09s
[ab2.AB] 1568/1600  4.0 games/s  ETA 0h00m07s
[ab2.AB] 1578/1600  4.0 games/s  ETA 0h00m05s
[ab2.AB] 1590/1600  4.1 games/s  ETA 0h00m02s
[ab2.AB] 1599/1600  4.1 games/s  ETA 0h00m00s
[ab2.AB] 1600 games in 0h06m34s (4.1 games/s)
[ab2.AB] summary -> sim/out/ab2.AB.summary.json
