[arr-final-d4] 2000 games (0 already done), 2000 to play on 6 workers -> sim/out/arr-final-d4.jsonl
[arr-final-d4] depth 4, 4 random opening plies, ply cap 300, pairs off (both sides identical; --pairs forces them on)
[arr-final-d4] rules {}, values {}
[arr-final-d4] 0/2000  0.0 games/s  ETA ?
[arr-final-d4] 0/2000  0.0 games/s  ETA ?
[arr-final-d4] 1/2000  0.2 games/s  ETA 3h20m01s
[arr-final-d4] 4/2000  0.5 games/s  ETA 1h06m34s
[arr-final-d4] 4/2000  0.4 games/s  ETA 1h23m13s
[arr-final-d4] 4/2000  0.3 games/s  ETA 1h39m53s
[arr-final-d4] 6/2000  0.4 games/s  ETA 1h17m36s
[arr-final-d4] 8/2000  0.5 games/s  ETA 1h06m27s
[arr-final-d4] 9/2000  0.5 games/s  ETA 1h06m25s
[arr-final-d4] 11/2000  0.5 games/s  ETA 1h00m19s
[arr-final-d4] 12/2000  0.5 games/s  ETA 1h00m48s
[arr-final-d4] 12/2000  0.5 games/s  ETA 1h06m19s
[arr-final-d4] 12/2000  0.5 games/s  ETA 1h11m51s
[arr-final-d4] 14/2000  0.5 games/s  ETA 1h06m15s
[arr-final-d4] 16/2000  0.5 games/s  ETA 1h02m03s
[arr-final-d4] 17/2000  0.5 games/s  ETA 1h02m16s
[arr-final-d4] 18/2000  0.5 games/s  ETA 1h02m26s
[arr-final-d4] 21/2000  0.6 games/s  ETA 0h56m35s
[arr-final-d4] 22/2000  0.6 games/s  ETA 0h56m59s
[arr-final-d4] 23/2000  0.6 games/s  ETA 0h57m21s
[arr-final-d4] 24/2000  0.6 games/s  ETA 0h57m40s
[arr-final-d4] 25/2000  0.6 games/s  ETA 0h57m58s
[arr-final-d4] 26/2000  0.6 games/s  ETA 0h58m15s
[arr-final-d4] 27/2000  0.6 games/s  ETA 0h58m30s
[arr-final-d4] 27/2000  0.5 games/s  ETA 1h00m56s
[arr-final-d4] 29/2000  0.6 games/s  ETA 0h58m57s
[arr-final-d4] 31/2000  0.6 games/s  ETA 0h57m12s
[arr-final-d4] 31/2000  0.6 games/s  ETA 0h59m19s
[arr-final-d4] 33/2000  0.6 games/s  ETA 0h57m40s
[arr-final-d4] 34/2000  0.6 games/s  ETA 0h57m52s
[arr-final-d4] 36/2000  0.6 games/s  ETA 0h56m25s
[arr-final-d4] 38/2000  0.6 games/s  ETA 0h55m07s
[arr-final-d4] 38/2000  0.6 games/s  ETA 0h56m50s
[arr-final-d4] 40/2000  0.6 games/s  ETA 0h55m34s
[arr-final-d4] 42/2000  0.6 games/s  ETA 0h54m26s
[arr-final-d4] 43/2000  0.6 games/s  ETA 0h54m39s
[arr-final-d4] 44/2000  0.6 games/s  ETA 0h54m52s
[arr-final-d4] 45/2000  0.6 games/s  ETA 0h55m04s
[arr-final-d4] 47/2000  0.6 games/s  ETA 0h54m04s
[arr-final-d4] 49/2000  0.6 games/s  ETA 0h53m08s
[arr-final-d4] 50/2000  0.6 games/s  ETA 0h53m20s
[arr-final-d4] 51/2000  0.6 games/s  ETA 0h53m32s
[arr-final-d4] 53/2000  0.6 games/s  ETA 0h52m42s
[arr-final-d4] 55/2000  0.6 games/s  ETA 0h51m54s
[arr-final-d4] 56/2000  0.6 games/s  ETA 0h52m07s
[arr-final-d4] 58/2000  0.6 games/s  ETA 0h51m23s
[arr-final-d4] 60/2000  0.6 games/s  ETA 0h50m41s
[arr-final-d4] 63/2000  0.7 games/s  ETA 0h49m14s
[arr-final-d4] 65/2000  0.7 games/s  ETA 0h48m39s
[arr-final-d4] 66/2000  0.7 games/s  ETA 0h48m52s
[arr-final-d4] 67/2000  0.7 games/s  ETA 0h49m05s
[arr-final-d4] 68/2000  0.7 games/s  ETA 0h49m17s
[arr-final-d4] 70/2000  0.7 games/s  ETA 0h48m45s
[arr-final-d4] 72/2000  0.7 games/s  ETA 0h48m14s
[arr-final-d4] 74/2000  0.7 games/s  ETA 0h47m45s
[arr-final-d4] 74/2000  0.7 games/s  ETA 0h48m37s
[arr-final-d4] 75/2000  0.7 games/s  ETA 0h48m48s
[arr-final-d4] 77/2000  0.7 games/s  ETA 0h48m19s
[arr-final-d4] 77/2000  0.7 games/s  ETA 0h49m09s
[arr-final-d4] 77/2000  0.6 games/s  ETA 0h49m59s
[arr-final-d4] 79/2000  0.6 games/s  ETA 0h49m29s
[arr-final-d4] 80/2000  0.6 games/s  ETA 0h49m38s
[arr-final-d4] 82/2000  0.7 games/s  ETA 0h49m09s
[arr-final-d4] 83/2000  0.6 games/s  ETA 0h49m18s
[arr-final-d4] 84/2000  0.6 games/s  ETA 0h49m27s
[arr-final-d4] 85/2000  0.6 games/s  ETA 0h49m36s
[arr-final-d4] 86/2000  0.6 games/s  ETA 0h49m44s
[arr-final-d4] 88/2000  0.6 games/s  ETA 0h49m17s
[arr-final-d4] 89/2000  0.6 games/s  ETA 0h49m25s
[arr-final-d4] 90/2000  0.6 games/s  ETA 0h49m33s
[arr-final-d4] 92/2000  0.6 games/s  ETA 0h49m07s
[arr-final-d4] 93/2000  0.6 games/s  ETA 0h49m15s
[arr-final-d4] 93/2000  0.6 games/s  ETA 0h49m56s
[arr-final-d4] 95/2000  0.6 games/s  ETA 0h49m30s
[arr-final-d4] 96/2000  0.6 games/s  ETA 0h49m37s
[arr-final-d4] 97/2000  0.6 games/s  ETA 0h49m44s
[arr-final-d4] 100/2000  0.6 games/s  ETA 0h48m48s
[arr-final-d4] 101/2000  0.6 games/s  ETA 0h48m55s
[arr-final-d4] 102/2000  0.6 games/s  ETA 0h49m02s
[arr-final-d4] 106/2000  0.7 games/s  ETA 0h47m41s
[arr-final-d4] 107/2000  0.7 games/s  ETA 0h47m48s
[arr-final-d4] 111/2000  0.7 games/s  ETA 0h46m33s
[arr-final-d4] 111/2000  0.7 games/s  ETA 0h47m07s
[arr-final-d4] 112/2000  0.7 games/s  ETA 0h47m14s
[arr-final-d4] 114/2000  0.7 games/s  ETA 0h46m55s
[arr-final-d4] 115/2000  0.7 games/s  ETA 0h47m01s
[arr-final-d4] 118/2000  0.7 games/s  ETA 0h46m17s
[arr-final-d4] 119/2000  0.7 games/s  ETA 0h46m24s
[arr-final-d4] 121/2000  0.7 games/s  ETA 0h46m06s
[arr-final-d4] 123/2000  0.7 games/s  ETA 0h45m49s
[arr-final-d4] 124/2000  0.7 games/s  ETA 0h45m56s
[arr-final-d4] 126/2000  0.7 games/s  ETA 0h45m39s
[arr-final-d4] 128/2000  0.7 games/s  ETA 0h45m22s
[arr-final-d4] 129/2000  0.7 games/s  ETA 0h45m29s
[arr-final-d4] 131/2000  0.7 games/s  ETA 0h45m13s
[arr-final-d4] 132/2000  0.7 games/s  ETA 0h45m19s
[arr-final-d4] 134/2000  0.7 games/s  ETA 0h45m04s
[arr-final-d4] 135/2000  0.7 games/s  ETA 0h45m10s
[arr-final-d4] 136/2000  0.7 games/s  ETA 0h45m16s
[arr-final-d4] 138/2000  0.7 games/s  ETA 0h45m01s
[arr-final-d4] 138/2000  0.7 games/s  ETA 0h45m28s
[arr-final-d4] 139/2000  0.7 games/s  ETA 0h45m33s
[arr-final-d4] 140/2000  0.7 games/s  ETA 0h45m39s
[arr-final-d4] 142/2000  0.7 games/s  ETA 0h45m24s
[arr-final-d4] 144/2000  0.7 games/s  ETA 0h45m09s
[arr-final-d4] 144/2000  0.7 games/s  ETA 0h45m34s
[arr-final-d4] 145/2000  0.7 games/s  ETA 0h45m40s
[arr-final-d4] 145/2000  0.7 games/s  ETA 0h46m05s
[arr-final-d4] 146/2000  0.7 games/s  ETA 0h46m10s
[arr-final-d4] 147/2000  0.7 games/s  ETA 0h46m15s
[arr-final-d4] 148/2000  0.7 games/s  ETA 0h46m20s
[arr-final-d4] 149/2000  0.7 games/s  ETA 0h46m25s
[arr-final-d4] 152/2000  0.7 games/s  ETA 0h45m50s
[arr-final-d4] 153/2000  0.7 games/s  ETA 0h45m54s
[arr-final-d4] 154/2000  0.7 games/s  ETA 0h45m59s
[arr-final-d4] 156/2000  0.7 games/s  ETA 0h45m44s
[arr-final-d4] 158/2000  0.7 games/s  ETA 0h45m30s
[arr-final-d4] 158/2000  0.7 games/s  ETA 0h45m53s
[arr-final-d4] 161/2000  0.7 games/s  ETA 0h45m21s
[arr-final-d4] 161/2000  0.7 games/s  ETA 0h45m43s
[arr-final-d4] 162/2000  0.7 games/s  ETA 0h45m48s
[arr-final-d4] 165/2000  0.7 games/s  ETA 0h45m16s
[arr-final-d4] 166/2000  0.7 games/s  ETA 0h45m20s
[arr-final-d4] 166/2000  0.7 games/s  ETA 0h45m42s
[arr-final-d4] 166/2000  0.7 games/s  ETA 0h46m04s
[arr-final-d4] 170/2000  0.7 games/s  ETA 0h45m15s
[arr-final-d4] 170/2000  0.7 games/s  ETA 0h45m36s
[arr-final-d4] 171/2000  0.7 games/s  ETA 0h45m40s
[arr-final-d4] 172/2000  0.7 games/s  ETA 0h45m44s
[arr-final-d4] 173/2000  0.7 games/s  ETA 0h45m48s
[arr-final-d4] 174/2000  0.7 games/s  ETA 0h45m51s
[arr-final-d4] 174/2000  0.7 games/s  ETA 0h46m12s
[arr-final-d4] 175/2000  0.7 games/s  ETA 0h46m16s
[arr-final-d4] 176/2000  0.7 games/s  ETA 0h46m19s
[arr-final-d4] 176/2000  0.7 games/s  ETA 0h46m40s
[arr-final-d4] 177/2000  0.7 games/s  ETA 0h46m43s
[arr-final-d4] 179/2000  0.7 games/s  ETA 0h46m29s
[arr-final-d4] 179/2000  0.6 games/s  ETA 0h46m50s
[arr-final-d4] 181/2000  0.7 games/s  ETA 0h46m36s
[arr-final-d4] 182/2000  0.6 games/s  ETA 0h46m39s
[arr-final-d4] 183/2000  0.6 games/s  ETA 0h46m42s
[arr-final-d4] 186/2000  0.7 games/s  ETA 0h46m12s
[arr-final-d4] 186/2000  0.6 games/s  ETA 0h46m31s
[arr-final-d4] 187/2000  0.6 games/s  ETA 0h46m34s
[arr-final-d4] 188/2000  0.6 games/s  ETA 0h46m37s
[arr-final-d4] 190/2000  0.7 games/s  ETA 0h46m24s
[arr-final-d4] 190/2000  0.6 games/s  ETA 0h46m43s
[arr-final-d4] 190/2000  0.6 games/s  ETA 0h47m02s
[arr-final-d4] 191/2000  0.6 games/s  ETA 0h47m05s
[arr-final-d4] 194/2000  0.6 games/s  ETA 0h46m35s
[arr-final-d4] 195/2000  0.6 games/s  ETA 0h46m38s
[arr-final-d4] 198/2000  0.7 games/s  ETA 0h46m09s
[arr-final-d4] 198/2000  0.6 games/s  ETA 0h46m27s
[arr-final-d4] 200/2000  0.6 games/s  ETA 0h46m14s
[arr-final-d4] 201/2000  0.6 games/s  ETA 0h46m17s
[arr-final-d4] 201/2000  0.6 games/s  ETA 0h46m35s
[arr-final-d4] 203/2000  0.6 games/s  ETA 0h46m22s
[arr-final-d4] 203/2000  0.6 games/s  ETA 0h46m39s
[arr-final-d4] 204/2000  0.6 games/s  ETA 0h46m42s
[arr-final-d4] 205/2000  0.6 games/s  ETA 0h46m44s
[arr-final-d4] 206/2000  0.6 games/s  ETA 0h46m46s
[arr-final-d4] 208/2000  0.6 games/s  ETA 0h46m33s
[arr-final-d4] 208/2000  0.6 games/s  ETA 0h46m51s
[arr-final-d4] 210/2000  0.6 games/s  ETA 0h46m38s
[arr-final-d4] 212/2000  0.6 games/s  ETA 0h46m25s
[arr-final-d4] 212/2000  0.6 games/s  ETA 0h46m42s
[arr-final-d4] 214/2000  0.6 games/s  ETA 0h46m30s
[arr-final-d4] 217/2000  0.6 games/s  ETA 0h46m03s
[arr-final-d4] 217/2000  0.6 games/s  ETA 0h46m19s
[arr-final-d4] 218/2000  0.6 games/s  ETA 0h46m21s
[arr-final-d4] 219/2000  0.6 games/s  ETA 0h46m23s
[arr-final-d4] 220/2000  0.6 games/s  ETA 0h46m25s
[arr-final-d4] 223/2000  0.6 games/s  ETA 0h45m59s
[arr-final-d4] 224/2000  0.6 games/s  ETA 0h46m01s
[arr-final-d4] 226/2000  0.6 games/s  ETA 0h45m49s
[arr-final-d4] 227/2000  0.6 games/s  ETA 0h45m51s
[arr-final-d4] 229/2000  0.6 games/s  ETA 0h45m40s
[arr-final-d4] 230/2000  0.6 games/s  ETA 0h45m42s
[arr-final-d4] 232/2000  0.6 games/s  ETA 0h45m30s
[arr-final-d4] 234/2000  0.6 games/s  ETA 0h45m19s
[arr-final-d4] 236/2000  0.7 games/s  ETA 0h45m08s
[arr-final-d4] 237/2000  0.7 games/s  ETA 0h45m10s
[arr-final-d4] 238/2000  0.6 games/s  ETA 0h45m12s
[arr-final-d4] 240/2000  0.7 games/s  ETA 0h45m01s
[arr-final-d4] 242/2000  0.7 games/s  ETA 0h44m50s
[arr-final-d4] 244/2000  0.7 games/s  ETA 0h44m39s
[arr-final-d4] 245/2000  0.7 games/s  ETA 0h44m41s
[arr-final-d4] 245/2000  0.7 games/s  ETA 0h44m55s
[arr-final-d4] 246/2000  0.7 games/s  ETA 0h44m57s
[arr-final-d4] 247/2000  0.6 games/s  ETA 0h44m59s
[arr-final-d4] 250/2000  0.7 games/s  ETA 0h44m36s
[arr-final-d4] 250/2000  0.7 games/s  ETA 0h44m50s
[arr-final-d4] 252/2000  0.7 games/s  ETA 0h44m39s
[arr-final-d4] 253/2000  0.7 games/s  ETA 0h44m41s
[arr-final-d4] 255/2000  0.7 games/s  ETA 0h44m31s
[arr-final-d4] 256/2000  0.7 games/s  ETA 0h44m32s
[arr-final-d4] 256/2000  0.6 games/s  ETA 0h44m46s
[arr-final-d4] 257/2000  0.6 games/s  ETA 0h44m48s
[arr-final-d4] 260/2000  0.7 games/s  ETA 0h44m26s
[arr-final-d4] 261/2000  0.7 games/s  ETA 0h44m27s
[arr-final-d4] 261/2000  0.6 games/s  ETA 0h44m40s
[arr-final-d4] 263/2000  0.7 games/s  ETA 0h44m30s
[arr-final-d4] 264/2000  0.6 games/s  ETA 0h44m32s
[arr-final-d4] 264/2000  0.6 games/s  ETA 0h44m45s
[arr-final-d4] 266/2000  0.6 games/s  ETA 0h44m35s
[arr-final-d4] 266/2000  0.6 games/s  ETA 0h44m48s
[arr-final-d4] 268/2000  0.6 games/s  ETA 0h44m38s
[arr-final-d4] 269/2000  0.6 games/s  ETA 0h44m39s
[arr-final-d4] 271/2000  0.6 games/s  ETA 0h44m29s
[arr-final-d4] 272/2000  0.6 games/s  ETA 0h44m30s
[arr-final-d4] 274/2000  0.6 games/s  ETA 0h44m20s
[arr-final-d4] 274/2000  0.6 games/s  ETA 0h44m33s
[arr-final-d4] 275/2000  0.6 games/s  ETA 0h44m34s
[arr-final-d4] 276/2000  0.6 games/s  ETA 0h44m35s
[arr-final-d4] 278/2000  0.6 games/s  ETA 0h44m25s
[arr-final-d4] 279/2000  0.6 games/s  ETA 0h44m27s
[arr-final-d4] 280/2000  0.6 games/s  ETA 0h44m28s
[arr-final-d4] 280/2000  0.6 games/s  ETA 0h44m40s
[arr-final-d4] 284/2000  0.6 games/s  ETA 0h44m08s
[arr-final-d4] 286/2000  0.6 games/s  ETA 0h43m59s
[arr-final-d4] 286/2000  0.6 games/s  ETA 0h44m11s
[arr-final-d4] 289/2000  0.7 games/s  ETA 0h43m51s
[arr-final-d4] 289/2000  0.6 games/s  ETA 0h44m02s
[arr-final-d4] 290/2000  0.6 games/s  ETA 0h44m04s
[arr-final-d4] 291/2000  0.6 games/s  ETA 0h44m05s
[arr-final-d4] 294/2000  0.6 games/s  ETA 0h43m45s
[arr-final-d4] 295/2000  0.6 games/s  ETA 0h43m46s
[arr-final-d4] 295/2000  0.6 games/s  ETA 0h43m57s
[arr-final-d4] 297/2000  0.6 games/s  ETA 0h43m48s
[arr-final-d4] 300/2000  0.7 games/s  ETA 0h43m29s
[arr-final-d4] 301/2000  0.7 games/s  ETA 0h43m30s
[arr-final-d4] 302/2000  0.7 games/s  ETA 0h43m31s
[arr-final-d4] 302/2000  0.6 games/s  ETA 0h43m42s
[arr-final-d4] 304/2000  0.6 games/s  ETA 0h43m33s
[arr-final-d4] 307/2000  0.7 games/s  ETA 0h43m14s
[arr-final-d4] 307/2000  0.6 games/s  ETA 0h43m25s
[arr-final-d4] 309/2000  0.7 games/s  ETA 0h43m16s
[arr-final-d4] 310/2000  0.7 games/s  ETA 0h43m17s
[arr-final-d4] 311/2000  0.7 games/s  ETA 0h43m18s
[arr-final-d4] 311/2000  0.6 games/s  ETA 0h43m29s
[arr-final-d4] 314/2000  0.7 games/s  ETA 0h43m10s
[arr-final-d4] 315/2000  0.7 games/s  ETA 0h43m11s
[arr-final-d4] 315/2000  0.6 games/s  ETA 0h43m22s
[arr-final-d4] 317/2000  0.6 games/s  ETA 0h43m13s
[arr-final-d4] 320/2000  0.7 games/s  ETA 0h42m54s
[arr-final-d4] 320/2000  0.6 games/s  ETA 0h43m05s
[arr-final-d4] 321/2000  0.6 games/s  ETA 0h43m06s
[arr-final-d4] 323/2000  0.7 games/s  ETA 0h42m57s
[arr-final-d4] 324/2000  0.7 games/s  ETA 0h42m58s
[arr-final-d4] 324/2000  0.6 games/s  ETA 0h43m08s
[arr-final-d4] 324/2000  0.6 games/s  ETA 0h43m19s
[arr-final-d4] 325/2000  0.6 games/s  ETA 0h43m19s
[arr-final-d4] 326/2000  0.6 games/s  ETA 0h43m20s
[arr-final-d4] 328/2000  0.6 games/s  ETA 0h43m11s
[arr-final-d4] 330/2000  0.6 games/s  ETA 0h43m03s
[arr-final-d4] 331/2000  0.6 games/s  ETA 0h43m04s
[arr-final-d4] 333/2000  0.6 games/s  ETA 0h42m55s
[arr-final-d4] 334/2000  0.6 games/s  ETA 0h42m56s
[arr-final-d4] 337/2000  0.6 games/s  ETA 0h42m38s
[arr-final-d4] 337/2000  0.6 games/s  ETA 0h42m48s
[arr-final-d4] 340/2000  0.7 games/s  ETA 0h42m30s
[arr-final-d4] 342/2000  0.7 games/s  ETA 0h42m22s
[arr-final-d4] 343/2000  0.7 games/s  ETA 0h42m23s
[arr-final-d4] 344/2000  0.7 games/s  ETA 0h42m24s
[arr-final-d4] 345/2000  0.7 games/s  ETA 0h42m24s
[arr-final-d4] 347/2000  0.7 games/s  ETA 0h42m16s
[arr-final-d4] 348/2000  0.7 games/s  ETA 0h42m17s
[arr-final-d4] 349/2000  0.7 games/s  ETA 0h42m17s
[arr-final-d4] 352/2000  0.7 games/s  ETA 0h42m01s
[arr-final-d4] 353/2000  0.7 games/s  ETA 0h42m01s
[arr-final-d4] 354/2000  0.7 games/s  ETA 0h42m02s
[arr-final-d4] 354/2000  0.7 games/s  ETA 0h42m11s
[arr-final-d4] 356/2000  0.7 games/s  ETA 0h42m03s
[arr-final-d4] 359/2000  0.7 games/s  ETA 0h41m47s
[arr-final-d4] 361/2000  0.7 games/s  ETA 0h41m39s
[arr-final-d4] 362/2000  0.7 games/s  ETA 0h41m40s
[arr-final-d4] 363/2000  0.7 games/s  ETA 0h41m40s
[arr-final-d4] 364/2000  0.7 games/s  ETA 0h41m41s
[arr-final-d4] 364/2000  0.7 games/s  ETA 0h41m50s
[arr-final-d4] 364/2000  0.6 games/s  ETA 0h41m59s
[arr-final-d4] 365/2000  0.6 games/s  ETA 0h41m59s
[arr-final-d4] 368/2000  0.7 games/s  ETA 0h41m43s
[arr-final-d4] 369/2000  0.7 games/s  ETA 0h41m44s
[arr-final-d4] 369/2000  0.6 games/s  ETA 0h41m52s
[arr-final-d4] 370/2000  0.6 games/s  ETA 0h41m53s
[arr-final-d4] 370/2000  0.6 games/s  ETA 0h42m02s
[arr-final-d4] 374/2000  0.7 games/s  ETA 0h41m37s
[arr-final-d4] 377/2000  0.7 games/s  ETA 0h41m22s
[arr-final-d4] 378/2000  0.7 games/s  ETA 0h41m22s
[arr-final-d4] 380/2000  0.7 games/s  ETA 0h41m14s
[arr-final-d4] 381/2000  0.7 games/s  ETA 0h41m15s
[arr-final-d4] 382/2000  0.7 games/s  ETA 0h41m15s
[arr-final-d4] 384/2000  0.7 games/s  ETA 0h41m08s
[arr-final-d4] 384/2000  0.7 games/s  ETA 0h41m16s
[arr-final-d4] 385/2000  0.7 games/s  ETA 0h41m17s
[arr-final-d4] 387/2000  0.7 games/s  ETA 0h41m09s
[arr-final-d4] 387/2000  0.7 games/s  ETA 0h41m18s
[arr-final-d4] 389/2000  0.7 games/s  ETA 0h41m10s
[arr-final-d4] 390/2000  0.7 games/s  ETA 0h41m10s
[arr-final-d4] 392/2000  0.7 games/s  ETA 0h41m03s
[arr-final-d4] 394/2000  0.7 games/s  ETA 0h40m56s
[arr-final-d4] 394/2000  0.7 games/s  ETA 0h41m04s
[arr-final-d4] 395/2000  0.7 games/s  ETA 0h41m04s
[arr-final-d4] 397/2000  0.7 games/s  ETA 0h40m57s
[arr-final-d4] 397/2000  0.7 games/s  ETA 0h41m05s
[arr-final-d4] 397/2000  0.6 games/s  ETA 0h41m13s
[arr-final-d4] 398/2000  0.6 games/s  ETA 0h41m13s
[arr-final-d4] 402/2000  0.7 games/s  ETA 0h40m50s
[arr-final-d4] 403/2000  0.7 games/s  ETA 0h40m51s
[arr-final-d4] 405/2000  0.7 games/s  ETA 0h40m44s
[arr-final-d4] 407/2000  0.7 games/s  ETA 0h40m36s
[arr-final-d4] 409/2000  0.7 games/s  ETA 0h40m29s
[arr-final-d4] 409/2000  0.7 games/s  ETA 0h40m37s
[arr-final-d4] 410/2000  0.7 games/s  ETA 0h40m37s
[arr-final-d4] 411/2000  0.7 games/s  ETA 0h40m37s
[arr-final-d4] 414/2000  0.7 games/s  ETA 0h40m23s
[arr-final-d4] 416/2000  0.7 games/s  ETA 0h40m16s
[arr-final-d4] 416/2000  0.7 games/s  ETA 0h40m23s
[arr-final-d4] 416/2000  0.7 games/s  ETA 0h40m31s
[arr-final-d4] 419/2000  0.7 games/s  ETA 0h40m17s
[arr-final-d4] 420/2000  0.7 games/s  ETA 0h40m17s
[arr-final-d4] 420/2000  0.7 games/s  ETA 0h40m24s
[arr-final-d4] 421/2000  0.7 games/s  ETA 0h40m25s
[arr-final-d4] 423/2000  0.7 games/s  ETA 0h40m18s
[arr-final-d4] 424/2000  0.7 games/s  ETA 0h40m18s
[arr-final-d4] 424/2000  0.6 games/s  ETA 0h40m25s
[arr-final-d4] 425/2000  0.6 games/s  ETA 0h40m25s
[arr-final-d4] 426/2000  0.6 games/s  ETA 0h40m26s
[arr-final-d4] 426/2000  0.6 games/s  ETA 0h40m33s
[arr-final-d4] 427/2000  0.6 games/s  ETA 0h40m33s
[arr-final-d4] 428/2000  0.6 games/s  ETA 0h40m33s
[arr-final-d4] 430/2000  0.6 games/s  ETA 0h40m26s
[arr-final-d4] 431/2000  0.6 games/s  ETA 0h40m26s
[arr-final-d4] 432/2000  0.6 games/s  ETA 0h40m26s
[arr-final-d4] 434/2000  0.6 games/s  ETA 0h40m19s
[arr-final-d4] 434/2000  0.6 games/s  ETA 0h40m27s
[arr-final-d4] 435/2000  0.6 games/s  ETA 0h40m27s
[arr-final-d4] 435/2000  0.6 games/s  ETA 0h40m34s
[arr-final-d4] 437/2000  0.6 games/s  ETA 0h40m27s
[arr-final-d4] 437/2000  0.6 games/s  ETA 0h40m34s
[arr-final-d4] 437/2000  0.6 games/s  ETA 0h40m41s
[arr-final-d4] 438/2000  0.6 games/s  ETA 0h40m41s
[arr-final-d4] 439/2000  0.6 games/s  ETA 0h40m41s
[arr-final-d4] 440/2000  0.6 games/s  ETA 0h40m41s
[arr-final-d4] 441/2000  0.6 games/s  ETA 0h40m41s
[arr-final-d4] 443/2000  0.6 games/s  ETA 0h40m34s
[arr-final-d4] 444/2000  0.6 games/s  ETA 0h40m34s
[arr-final-d4] 444/2000  0.6 games/s  ETA 0h40m41s
[arr-final-d4] 447/2000  0.6 games/s  ETA 0h40m27s
[arr-final-d4] 448/2000  0.6 games/s  ETA 0h40m27s
[arr-final-d4] 449/2000  0.6 games/s  ETA 0h40m27s
[arr-final-d4] 450/2000  0.6 games/s  ETA 0h40m27s
[arr-final-d4] 452/2000  0.6 games/s  ETA 0h40m20s
[arr-final-d4] 453/2000  0.6 games/s  ETA 0h40m20s
[arr-final-d4] 454/2000  0.6 games/s  ETA 0h40m19s
[arr-final-d4] 456/2000  0.6 games/s  ETA 0h40m13s
[arr-final-d4] 458/2000  0.6 games/s  ETA 0h40m06s
[arr-final-d4] 458/2000  0.6 games/s  ETA 0h40m12s
[arr-final-d4] 458/2000  0.6 games/s  ETA 0h40m19s
[arr-final-d4] 462/2000  0.6 games/s  ETA 0h39m59s
[arr-final-d4] 462/2000  0.6 games/s  ETA 0h40m05s
[arr-final-d4] 464/2000  0.6 games/s  ETA 0h39m58s
[arr-final-d4] 465/2000  0.6 games/s  ETA 0h39m58s
[arr-final-d4] 467/2000  0.6 games/s  ETA 0h39m51s
[arr-final-d4] 470/2000  0.6 games/s  ETA 0h39m38s
[arr-final-d4] 470/2000  0.6 games/s  ETA 0h39m45s
[arr-final-d4] 471/2000  0.6 games/s  ETA 0h39m44s
[arr-final-d4] 472/2000  0.6 games/s  ETA 0h39m44s
[arr-final-d4] 474/2000  0.6 games/s  ETA 0h39m38s
[arr-final-d4] 476/2000  0.6 games/s  ETA 0h39m31s
[arr-final-d4] 478/2000  0.6 games/s  ETA 0h39m24s
[arr-final-d4] 480/2000  0.6 games/s  ETA 0h39m18s
[arr-final-d4] 480/2000  0.6 games/s  ETA 0h39m24s
[arr-final-d4] 481/2000  0.6 games/s  ETA 0h39m24s
[arr-final-d4] 484/2000  0.6 games/s  ETA 0h39m11s
[arr-final-d4] 486/2000  0.6 games/s  ETA 0h39m04s
[arr-final-d4] 487/2000  0.6 games/s  ETA 0h39m04s
[arr-final-d4] 487/2000  0.6 games/s  ETA 0h39m10s
[arr-final-d4] 488/2000  0.6 games/s  ETA 0h39m10s
[arr-final-d4] 490/2000  0.6 games/s  ETA 0h39m04s
[arr-final-d4] 492/2000  0.6 games/s  ETA 0h38m57s
[arr-final-d4] 493/2000  0.6 games/s  ETA 0h38m57s
[arr-final-d4] 495/2000  0.6 games/s  ETA 0h38m51s
[arr-final-d4] 495/2000  0.6 games/s  ETA 0h38m57s
[arr-final-d4] 497/2000  0.6 games/s  ETA 0h38m50s
[arr-final-d4] 498/2000  0.6 games/s  ETA 0h38m50s
[arr-final-d4] 501/2000  0.6 games/s  ETA 0h38m37s
[arr-final-d4] 501/2000  0.6 games/s  ETA 0h38m43s
[arr-final-d4] 502/2000  0.6 games/s  ETA 0h38m43s
[arr-final-d4] 505/2000  0.6 games/s  ETA 0h38m31s
[arr-final-d4] 506/2000  0.6 games/s  ETA 0h38m31s
[arr-final-d4] 506/2000  0.6 games/s  ETA 0h38m36s
[arr-final-d4] 507/2000  0.6 games/s  ETA 0h38m36s
[arr-final-d4] 509/2000  0.6 games/s  ETA 0h38m30s
[arr-final-d4] 511/2000  0.6 games/s  ETA 0h38m24s
[arr-final-d4] 511/2000  0.6 games/s  ETA 0h38m29s
[arr-final-d4] 512/2000  0.6 games/s  ETA 0h38m29s
[arr-final-d4] 513/2000  0.6 games/s  ETA 0h38m29s
[arr-final-d4] 514/2000  0.6 games/s  ETA 0h38m29s
[arr-final-d4] 514/2000  0.6 games/s  ETA 0h38m34s
[arr-final-d4] 517/2000  0.6 games/s  ETA 0h38m22s
[arr-final-d4] 518/2000  0.6 games/s  ETA 0h38m22s
[arr-final-d4] 519/2000  0.6 games/s  ETA 0h38m22s
[arr-final-d4] 521/2000  0.6 games/s  ETA 0h38m15s
[arr-final-d4] 523/2000  0.6 games/s  ETA 0h38m09s
[arr-final-d4] 523/2000  0.6 games/s  ETA 0h38m15s
[arr-final-d4] 526/2000  0.6 games/s  ETA 0h38m03s
[arr-final-d4] 526/2000  0.6 games/s  ETA 0h38m08s
[arr-final-d4] 527/2000  0.6 games/s  ETA 0h38m08s
[arr-final-d4] 527/2000  0.6 games/s  ETA 0h38m14s
[arr-final-d4] 529/2000  0.6 games/s  ETA 0h38m07s
[arr-final-d4] 530/2000  0.6 games/s  ETA 0h38m07s
[arr-final-d4] 532/2000  0.6 games/s  ETA 0h38m01s
[arr-final-d4] 535/2000  0.6 games/s  ETA 0h37m49s
[arr-final-d4] 535/2000  0.6 games/s  ETA 0h37m54s
[arr-final-d4] 536/2000  0.6 games/s  ETA 0h37m54s
[arr-final-d4] 536/2000  0.6 games/s  ETA 0h38m00s
[arr-final-d4] 536/2000  0.6 games/s  ETA 0h38m05s
[arr-final-d4] 541/2000  0.6 games/s  ETA 0h37m42s
[arr-final-d4] 541/2000  0.6 games/s  ETA 0h37m47s
[arr-final-d4] 545/2000  0.6 games/s  ETA 0h37m29s
[arr-final-d4] 546/2000  0.6 games/s  ETA 0h37m29s
[arr-final-d4] 547/2000  0.6 games/s  ETA 0h37m29s
[arr-final-d4] 547/2000  0.6 games/s  ETA 0h37m34s
[arr-final-d4] 549/2000  0.6 games/s  ETA 0h37m28s
[arr-final-d4] 552/2000  0.6 games/s  ETA 0h37m17s
[arr-final-d4] 553/2000  0.6 games/s  ETA 0h37m16s
[arr-final-d4] 553/2000  0.6 games/s  ETA 0h37m21s
[arr-final-d4] 556/2000  0.6 games/s  ETA 0h37m10s
[arr-final-d4] 556/2000  0.6 games/s  ETA 0h37m15s
[arr-final-d4] 557/2000  0.6 games/s  ETA 0h37m15s
[arr-final-d4] 557/2000  0.6 games/s  ETA 0h37m20s
[arr-final-d4] 558/2000  0.6 games/s  ETA 0h37m20s
[arr-final-d4] 559/2000  0.6 games/s  ETA 0h37m19s
[arr-final-d4] 560/2000  0.6 games/s  ETA 0h37m19s
[arr-final-d4] 562/2000  0.6 games/s  ETA 0h37m13s
[arr-final-d4] 564/2000  0.6 games/s  ETA 0h37m07s
[arr-final-d4] 564/2000  0.6 games/s  ETA 0h37m12s
[arr-final-d4] 565/2000  0.6 games/s  ETA 0h37m12s
[arr-final-d4] 566/2000  0.6 games/s  ETA 0h37m11s
[arr-final-d4] 567/2000  0.6 games/s  ETA 0h37m11s
[arr-final-d4] 568/2000  0.6 games/s  ETA 0h37m10s
[arr-final-d4] 569/2000  0.6 games/s  ETA 0h37m10s
[arr-final-d4] 571/2000  0.6 games/s  ETA 0h37m04s
[arr-final-d4] 572/2000  0.6 games/s  ETA 0h37m03s
[arr-final-d4] 573/2000  0.6 games/s  ETA 0h37m03s
[arr-final-d4] 573/2000  0.6 games/s  ETA 0h37m08s
[arr-final-d4] 576/2000  0.6 games/s  ETA 0h36m57s
[arr-final-d4] 577/2000  0.6 games/s  ETA 0h36m56s
[arr-final-d4] 580/2000  0.6 games/s  ETA 0h36m45s
[arr-final-d4] 580/2000  0.6 games/s  ETA 0h36m50s
[arr-final-d4] 582/2000  0.6 games/s  ETA 0h36m44s
[arr-final-d4] 584/2000  0.6 games/s  ETA 0h36m38s
[arr-final-d4] 585/2000  0.6 games/s  ETA 0h36m38s
[arr-final-d4] 586/2000  0.6 games/s  ETA 0h36m37s
[arr-final-d4] 586/2000  0.6 games/s  ETA 0h36m42s
[arr-final-d4] 587/2000  0.6 games/s  ETA 0h36m42s
[arr-final-d4] 587/2000  0.6 games/s  ETA 0h36m47s
[arr-final-d4] 588/2000  0.6 games/s  ETA 0h36m46s
[arr-final-d4] 590/2000  0.6 games/s  ETA 0h36m40s
[arr-final-d4] 591/2000  0.6 games/s  ETA 0h36m40s
[arr-final-d4] 592/2000  0.6 games/s  ETA 0h36m39s
[arr-final-d4] 595/2000  0.6 games/s  ETA 0h36m28s
[arr-final-d4] 596/2000  0.6 games/s  ETA 0h36m28s
[arr-final-d4] 598/2000  0.6 games/s  ETA 0h36m22s
[arr-final-d4] 600/2000  0.6 games/s  ETA 0h36m16s
[arr-final-d4] 603/2000  0.6 games/s  ETA 0h36m05s
[arr-final-d4] 604/2000  0.6 games/s  ETA 0h36m05s
[arr-final-d4] 604/2000  0.6 games/s  ETA 0h36m09s
[arr-final-d4] 605/2000  0.6 games/s  ETA 0h36m09s
[arr-final-d4] 607/2000  0.6 games/s  ETA 0h36m03s
[arr-final-d4] 608/2000  0.6 games/s  ETA 0h36m03s
[arr-final-d4] 611/2000  0.6 games/s  ETA 0h35m52s
[arr-final-d4] 612/2000  0.6 games/s  ETA 0h35m52s
[arr-final-d4] 613/2000  0.6 games/s  ETA 0h35m51s
[arr-final-d4] 615/2000  0.6 games/s  ETA 0h35m45s
[arr-final-d4] 616/2000  0.6 games/s  ETA 0h35m45s
[arr-final-d4] 618/2000  0.6 games/s  ETA 0h35m39s
[arr-final-d4] 618/2000  0.6 games/s  ETA 0h35m44s
[arr-final-d4] 619/2000  0.6 games/s  ETA 0h35m43s
[arr-final-d4] 620/2000  0.6 games/s  ETA 0h35m43s
[arr-final-d4] 621/2000  0.6 games/s  ETA 0h35m42s
[arr-final-d4] 623/2000  0.6 games/s  ETA 0h35m37s
[arr-final-d4] 624/2000  0.6 games/s  ETA 0h35m36s
[arr-final-d4] 625/2000  0.6 games/s  ETA 0h35m35s
[arr-final-d4] 627/2000  0.6 games/s  ETA 0h35m30s
[arr-final-d4] 628/2000  0.6 games/s  ETA 0h35m29s
[arr-final-d4] 629/2000  0.6 games/s  ETA 0h35m29s
[arr-final-d4] 630/2000  0.6 games/s  ETA 0h35m28s
[arr-final-d4] 631/2000  0.6 games/s  ETA 0h35m28s
[arr-final-d4] 631/2000  0.6 games/s  ETA 0h35m32s
[arr-final-d4] 632/2000  0.6 games/s  ETA 0h35m31s
[arr-final-d4] 635/2000  0.6 games/s  ETA 0h35m21s
[arr-final-d4] 636/2000  0.6 games/s  ETA 0h35m20s
[arr-final-d4] 638/2000  0.6 games/s  ETA 0h35m15s
[arr-final-d4] 639/2000  0.6 games/s  ETA 0h35m14s
[arr-final-d4] 639/2000  0.6 games/s  ETA 0h35m19s
[arr-final-d4] 640/2000  0.6 games/s  ETA 0h35m18s
[arr-final-d4] 641/2000  0.6 games/s  ETA 0h35m17s
[arr-final-d4] 642/2000  0.6 games/s  ETA 0h35m17s
[arr-final-d4] 642/2000  0.6 games/s  ETA 0h35m21s
[arr-final-d4] 644/2000  0.6 games/s  ETA 0h35m15s
[arr-final-d4] 645/2000  0.6 games/s  ETA 0h35m15s
[arr-final-d4] 646/2000  0.6 games/s  ETA 0h35m14s
[arr-final-d4] 646/2000  0.6 games/s  ETA 0h35m18s
[arr-final-d4] 646/2000  0.6 games/s  ETA 0h35m23s
[arr-final-d4] 646/2000  0.6 games/s  ETA 0h35m27s
[arr-final-d4] 650/2000  0.6 games/s  ETA 0h35m12s
[arr-final-d4] 650/2000  0.6 games/s  ETA 0h35m16s
[arr-final-d4] 651/2000  0.6 games/s  ETA 0h35m15s
[arr-final-d4] 652/2000  0.6 games/s  ETA 0h35m14s
[arr-final-d4] 654/2000  0.6 games/s  ETA 0h35m09s
[arr-final-d4] 654/2000  0.6 games/s  ETA 0h35m13s
[arr-final-d4] 655/2000  0.6 games/s  ETA 0h35m12s
[arr-final-d4] 657/2000  0.6 games/s  ETA 0h35m07s
[arr-final-d4] 659/2000  0.6 games/s  ETA 0h35m01s
[arr-final-d4] 660/2000  0.6 games/s  ETA 0h35m01s
[arr-final-d4] 661/2000  0.6 games/s  ETA 0h35m00s
[arr-final-d4] 662/2000  0.6 games/s  ETA 0h34m59s
[arr-final-d4] 663/2000  0.6 games/s  ETA 0h34m59s
[arr-final-d4] 665/2000  0.6 games/s  ETA 0h34m53s
[arr-final-d4] 665/2000  0.6 games/s  ETA 0h34m57s
[arr-final-d4] 666/2000  0.6 games/s  ETA 0h34m57s
[arr-final-d4] 669/2000  0.6 games/s  ETA 0h34m46s
[arr-final-d4] 670/2000  0.6 games/s  ETA 0h34m46s
[arr-final-d4] 671/2000  0.6 games/s  ETA 0h34m45s
[arr-final-d4] 673/2000  0.6 games/s  ETA 0h34m40s
[arr-final-d4] 674/2000  0.6 games/s  ETA 0h34m39s
[arr-final-d4] 674/2000  0.6 games/s  ETA 0h34m43s
[arr-final-d4] 676/2000  0.6 games/s  ETA 0h34m38s
[arr-final-d4] 678/2000  0.6 games/s  ETA 0h34m32s
[arr-final-d4] 679/2000  0.6 games/s  ETA 0h34m31s
[arr-final-d4] 680/2000  0.6 games/s  ETA 0h34m31s
[arr-final-d4] 682/2000  0.6 games/s  ETA 0h34m25s
[arr-final-d4] 683/2000  0.6 games/s  ETA 0h34m25s
[arr-final-d4] 684/2000  0.6 games/s  ETA 0h34m24s
[arr-final-d4] 684/2000  0.6 games/s  ETA 0h34m28s
[arr-final-d4] 687/2000  0.6 games/s  ETA 0h34m18s
[arr-final-d4] 688/2000  0.6 games/s  ETA 0h34m17s
[arr-final-d4] 689/2000  0.6 games/s  ETA 0h34m16s
[arr-final-d4] 689/2000  0.6 games/s  ETA 0h34m20s
[arr-final-d4] 690/2000  0.6 games/s  ETA 0h34m19s
[arr-final-d4] 690/2000  0.6 games/s  ETA 0h34m23s
[arr-final-d4] 691/2000  0.6 games/s  ETA 0h34m22s
[arr-final-d4] 694/2000  0.6 games/s  ETA 0h34m13s
[arr-final-d4] 695/2000  0.6 games/s  ETA 0h34m12s
[arr-final-d4] 696/2000  0.6 games/s  ETA 0h34m11s
[arr-final-d4] 698/2000  0.6 games/s  ETA 0h34m06s
[arr-final-d4] 698/2000  0.6 games/s  ETA 0h34m10s
[arr-final-d4] 699/2000  0.6 games/s  ETA 0h34m09s
[arr-final-d4] 701/2000  0.6 games/s  ETA 0h34m03s
[arr-final-d4] 702/2000  0.6 games/s  ETA 0h34m03s
[arr-final-d4] 703/2000  0.6 games/s  ETA 0h34m02s
[arr-final-d4] 705/2000  0.6 games/s  ETA 0h33m57s
[arr-final-d4] 707/2000  0.6 games/s  ETA 0h33m51s
[arr-final-d4] 710/2000  0.6 games/s  ETA 0h33m42s
[arr-final-d4] 710/2000  0.6 games/s  ETA 0h33m45s
[arr-final-d4] 711/2000  0.6 games/s  ETA 0h33m45s
[arr-final-d4] 713/2000  0.6 games/s  ETA 0h33m39s
[arr-final-d4] 714/2000  0.6 games/s  ETA 0h33m39s
[arr-final-d4] 716/2000  0.6 games/s  ETA 0h33m33s
[arr-final-d4] 719/2000  0.6 games/s  ETA 0h33m24s
[arr-final-d4] 720/2000  0.6 games/s  ETA 0h33m23s
[arr-final-d4] 721/2000  0.6 games/s  ETA 0h33m22s
[arr-final-d4] 722/2000  0.6 games/s  ETA 0h33m22s
[arr-final-d4] 725/2000  0.6 games/s  ETA 0h33m12s
[arr-final-d4] 725/2000  0.6 games/s  ETA 0h33m16s
[arr-final-d4] 725/2000  0.6 games/s  ETA 0h33m19s
[arr-final-d4] 728/2000  0.6 games/s  ETA 0h33m10s
[arr-final-d4] 729/2000  0.6 games/s  ETA 0h33m09s
[arr-final-d4] 729/2000  0.6 games/s  ETA 0h33m12s
[arr-final-d4] 729/2000  0.6 games/s  ETA 0h33m16s
[arr-final-d4] 730/2000  0.6 games/s  ETA 0h33m15s
[arr-final-d4] 731/2000  0.6 games/s  ETA 0h33m14s
[arr-final-d4] 731/2000  0.6 games/s  ETA 0h33m18s
[arr-final-d4] 732/2000  0.6 games/s  ETA 0h33m17s
[arr-final-d4] 734/2000  0.6 games/s  ETA 0h33m12s
[arr-final-d4] 734/2000  0.6 games/s  ETA 0h33m15s
[arr-final-d4] 736/2000  0.6 games/s  ETA 0h33m10s
[arr-final-d4] 736/2000  0.6 games/s  ETA 0h33m14s
[arr-final-d4] 738/2000  0.6 games/s  ETA 0h33m08s
[arr-final-d4] 740/2000  0.6 games/s  ETA 0h33m03s
[arr-final-d4] 741/2000  0.6 games/s  ETA 0h33m02s
[arr-final-d4] 744/2000  0.6 games/s  ETA 0h32m53s
[arr-final-d4] 745/2000  0.6 games/s  ETA 0h32m52s
[arr-final-d4] 746/2000  0.6 games/s  ETA 0h32m51s
[arr-final-d4] 747/2000  0.6 games/s  ETA 0h32m51s
[arr-final-d4] 747/2000  0.6 games/s  ETA 0h32m54s
[arr-final-d4] 750/2000  0.6 games/s  ETA 0h32m45s
[arr-final-d4] 752/2000  0.6 games/s  ETA 0h32m40s
[arr-final-d4] 753/2000  0.6 games/s  ETA 0h32m39s
[arr-final-d4] 754/2000  0.6 games/s  ETA 0h32m38s
[arr-final-d4] 754/2000  0.6 games/s  ETA 0h32m41s
[arr-final-d4] 755/2000  0.6 games/s  ETA 0h32m40s
[arr-final-d4] 756/2000  0.6 games/s  ETA 0h32m39s
[arr-final-d4] 757/2000  0.6 games/s  ETA 0h32m39s
[arr-final-d4] 760/2000  0.6 games/s  ETA 0h32m29s
[arr-final-d4] 761/2000  0.6 games/s  ETA 0h32m29s
[arr-final-d4] 762/2000  0.6 games/s  ETA 0h32m28s
[arr-final-d4] 764/2000  0.6 games/s  ETA 0h32m23s
[arr-final-d4] 765/2000  0.6 games/s  ETA 0h32m22s
[arr-final-d4] 768/2000  0.6 games/s  ETA 0h32m13s
[arr-final-d4] 768/2000  0.6 games/s  ETA 0h32m16s
[arr-final-d4] 769/2000  0.6 games/s  ETA 0h32m15s
[arr-final-d4] 771/2000  0.6 games/s  ETA 0h32m10s
[arr-final-d4] 773/2000  0.6 games/s  ETA 0h32m05s
[arr-final-d4] 774/2000  0.6 games/s  ETA 0h32m04s
[arr-final-d4] 774/2000  0.6 games/s  ETA 0h32m07s
[arr-final-d4] 775/2000  0.6 games/s  ETA 0h32m07s
[arr-final-d4] 776/2000  0.6 games/s  ETA 0h32m06s
[arr-final-d4] 777/2000  0.6 games/s  ETA 0h32m05s
[arr-final-d4] 777/2000  0.6 games/s  ETA 0h32m08s
[arr-final-d4] 777/2000  0.6 games/s  ETA 0h32m11s
[arr-final-d4] 779/2000  0.6 games/s  ETA 0h32m06s
[arr-final-d4] 781/2000  0.6 games/s  ETA 0h32m01s
[arr-final-d4] 781/2000  0.6 games/s  ETA 0h32m04s
[arr-final-d4] 782/2000  0.6 games/s  ETA 0h32m03s
[arr-final-d4] 782/2000  0.6 games/s  ETA 0h32m06s
[arr-final-d4] 783/2000  0.6 games/s  ETA 0h32m05s
[arr-final-d4] 784/2000  0.6 games/s  ETA 0h32m05s
[arr-final-d4] 785/2000  0.6 games/s  ETA 0h32m04s
[arr-final-d4] 787/2000  0.6 games/s  ETA 0h31m59s
[arr-final-d4] 787/2000  0.6 games/s  ETA 0h32m02s
[arr-final-d4] 789/2000  0.6 games/s  ETA 0h31m57s
[arr-final-d4] 791/2000  0.6 games/s  ETA 0h31m52s
[arr-final-d4] 791/2000  0.6 games/s  ETA 0h31m55s
[arr-final-d4] 792/2000  0.6 games/s  ETA 0h31m54s
[arr-final-d4] 793/2000  0.6 games/s  ETA 0h31m53s
[arr-final-d4] 796/2000  0.6 games/s  ETA 0h31m44s
[arr-final-d4] 797/2000  0.6 games/s  ETA 0h31m43s
[arr-final-d4] 798/2000  0.6 games/s  ETA 0h31m42s
[arr-final-d4] 798/2000  0.6 games/s  ETA 0h31m45s
[arr-final-d4] 800/2000  0.6 games/s  ETA 0h31m40s
[arr-final-d4] 801/2000  0.6 games/s  ETA 0h31m39s
[arr-final-d4] 804/2000  0.6 games/s  ETA 0h31m30s
[arr-final-d4] 805/2000  0.6 games/s  ETA 0h31m30s
[arr-final-d4] 805/2000  0.6 games/s  ETA 0h31m32s
[arr-final-d4] 805/2000  0.6 games/s  ETA 0h31m35s
[arr-final-d4] 810/2000  0.6 games/s  ETA 0h31m19s
[arr-final-d4] 810/2000  0.6 games/s  ETA 0h31m22s
[arr-final-d4] 810/2000  0.6 games/s  ETA 0h31m25s
[arr-final-d4] 812/2000  0.6 games/s  ETA 0h31m20s
[arr-final-d4] 814/2000  0.6 games/s  ETA 0h31m15s
[arr-final-d4] 815/2000  0.6 games/s  ETA 0h31m14s
[arr-final-d4] 815/2000  0.6 games/s  ETA 0h31m17s
[arr-final-d4] 816/2000  0.6 games/s  ETA 0h31m16s
[arr-final-d4] 816/2000  0.6 games/s  ETA 0h31m19s
[arr-final-d4] 819/2000  0.6 games/s  ETA 0h31m10s
[arr-final-d4] 819/2000  0.6 games/s  ETA 0h31m13s
[arr-final-d4] 820/2000  0.6 games/s  ETA 0h31m12s
[arr-final-d4] 820/2000  0.6 games/s  ETA 0h31m15s
[arr-final-d4] 820/2000  0.6 games/s  ETA 0h31m18s
[arr-final-d4] 822/2000  0.6 games/s  ETA 0h31m13s
[arr-final-d4] 823/2000  0.6 games/s  ETA 0h31m12s
[arr-final-d4] 826/2000  0.6 games/s  ETA 0h31m03s
[arr-final-d4] 827/2000  0.6 games/s  ETA 0h31m02s
[arr-final-d4] 828/2000  0.6 games/s  ETA 0h31m01s
[arr-final-d4] 829/2000  0.6 games/s  ETA 0h31m00s
[arr-final-d4] 829/2000  0.6 games/s  ETA 0h31m03s
[arr-final-d4] 830/2000  0.6 games/s  ETA 0h31m02s
[arr-final-d4] 831/2000  0.6 games/s  ETA 0h31m01s
[arr-final-d4] 831/2000  0.6 games/s  ETA 0h31m04s
[arr-final-d4] 833/2000  0.6 games/s  ETA 0h30m59s
[arr-final-d4] 835/2000  0.6 games/s  ETA 0h30m54s
[arr-final-d4] 835/2000  0.6 games/s  ETA 0h30m57s
[arr-final-d4] 835/2000  0.6 games/s  ETA 0h31m00s
[arr-final-d4] 835/2000  0.6 games/s  ETA 0h31m02s
[arr-final-d4] 836/2000  0.6 games/s  ETA 0h31m01s
[arr-final-d4] 838/2000  0.6 games/s  ETA 0h30m57s
[arr-final-d4] 839/2000  0.6 games/s  ETA 0h30m56s
[arr-final-d4] 840/2000  0.6 games/s  ETA 0h30m54s
[arr-final-d4] 840/2000  0.6 games/s  ETA 0h30m57s
[arr-final-d4] 841/2000  0.6 games/s  ETA 0h30m56s
[arr-final-d4] 843/2000  0.6 games/s  ETA 0h30m51s
[arr-final-d4] 844/2000  0.6 games/s  ETA 0h30m50s
[arr-final-d4] 844/2000  0.6 games/s  ETA 0h30m53s
[arr-final-d4] 844/2000  0.6 games/s  ETA 0h30m56s
[arr-final-d4] 846/2000  0.6 games/s  ETA 0h30m51s
[arr-final-d4] 847/2000  0.6 games/s  ETA 0h30m50s
[arr-final-d4] 847/2000  0.6 games/s  ETA 0h30m53s
[arr-final-d4] 848/2000  0.6 games/s  ETA 0h30m52s
[arr-final-d4] 848/2000  0.6 games/s  ETA 0h30m54s
[arr-final-d4] 848/2000  0.6 games/s  ETA 0h30m57s
[arr-final-d4] 850/2000  0.6 games/s  ETA 0h30m52s
[arr-final-d4] 852/2000  0.6 games/s  ETA 0h30m47s
[arr-final-d4] 853/2000  0.6 games/s  ETA 0h30m46s
[arr-final-d4] 853/2000  0.6 games/s  ETA 0h30m49s
[arr-final-d4] 856/2000  0.6 games/s  ETA 0h30m40s
[arr-final-d4] 858/2000  0.6 games/s  ETA 0h30m35s
[arr-final-d4] 860/2000  0.6 games/s  ETA 0h30m31s
[arr-final-d4] 861/2000  0.6 games/s  ETA 0h30m29s
[arr-final-d4] 862/2000  0.6 games/s  ETA 0h30m28s
[arr-final-d4] 865/2000  0.6 games/s  ETA 0h30m20s
[arr-final-d4] 865/2000  0.6 games/s  ETA 0h30m22s
[arr-final-d4] 866/2000  0.6 games/s  ETA 0h30m21s
[arr-final-d4] 868/2000  0.6 games/s  ETA 0h30m17s
[arr-final-d4] 868/2000  0.6 games/s  ETA 0h30m19s
[arr-final-d4] 870/2000  0.6 games/s  ETA 0h30m14s
[arr-final-d4] 871/2000  0.6 games/s  ETA 0h30m13s
[arr-final-d4] 871/2000  0.6 games/s  ETA 0h30m16s
[arr-final-d4] 873/2000  0.6 games/s  ETA 0h30m11s
[arr-final-d4] 873/2000  0.6 games/s  ETA 0h30m14s
[arr-final-d4] 874/2000  0.6 games/s  ETA 0h30m13s
[arr-final-d4] 876/2000  0.6 games/s  ETA 0h30m08s
[arr-final-d4] 877/2000  0.6 games/s  ETA 0h30m07s
[arr-final-d4] 877/2000  0.6 games/s  ETA 0h30m09s
[arr-final-d4] 880/2000  0.6 games/s  ETA 0h30m01s
[arr-final-d4] 882/2000  0.6 games/s  ETA 0h29m56s
[arr-final-d4] 884/2000  0.6 games/s  ETA 0h29m51s
[arr-final-d4] 885/2000  0.6 games/s  ETA 0h29m50s
[arr-final-d4] 886/2000  0.6 games/s  ETA 0h29m49s
[arr-final-d4] 888/2000  0.6 games/s  ETA 0h29m44s
[arr-final-d4] 889/2000  0.6 games/s  ETA 0h29m43s
[arr-final-d4] 890/2000  0.6 games/s  ETA 0h29m42s
[arr-final-d4] 890/2000  0.6 games/s  ETA 0h29m45s
[arr-final-d4] 893/2000  0.6 games/s  ETA 0h29m36s
[arr-final-d4] 893/2000  0.6 games/s  ETA 0h29m39s
[arr-final-d4] 894/2000  0.6 games/s  ETA 0h29m38s
[arr-final-d4] 895/2000  0.6 games/s  ETA 0h29m37s
[arr-final-d4] 895/2000  0.6 games/s  ETA 0h29m39s
[arr-final-d4] 897/2000  0.6 games/s  ETA 0h29m34s
[arr-final-d4] 899/2000  0.6 games/s  ETA 0h29m30s
[arr-final-d4] 899/2000  0.6 games/s  ETA 0h29m32s
[arr-final-d4] 901/2000  0.6 games/s  ETA 0h29m27s
[arr-final-d4] 903/2000  0.6 games/s  ETA 0h29m23s
[arr-final-d4] 904/2000  0.6 games/s  ETA 0h29m22s
[arr-final-d4] 904/2000  0.6 games/s  ETA 0h29m24s
[arr-final-d4] 905/2000  0.6 games/s  ETA 0h29m23s
[arr-final-d4] 906/2000  0.6 games/s  ETA 0h29m22s
[arr-final-d4] 908/2000  0.6 games/s  ETA 0h29m17s
[arr-final-d4] 908/2000  0.6 games/s  ETA 0h29m19s
[arr-final-d4] 910/2000  0.6 games/s  ETA 0h29m15s
[arr-final-d4] 910/2000  0.6 games/s  ETA 0h29m17s
[arr-final-d4] 910/2000  0.6 games/s  ETA 0h29m20s
[arr-final-d4] 911/2000  0.6 games/s  ETA 0h29m18s
[arr-final-d4] 913/2000  0.6 games/s  ETA 0h29m14s
[arr-final-d4] 915/2000  0.6 games/s  ETA 0h29m09s
[arr-final-d4] 915/2000  0.6 games/s  ETA 0h29m11s
[arr-final-d4] 916/2000  0.6 games/s  ETA 0h29m10s
[arr-final-d4] 918/2000  0.6 games/s  ETA 0h29m06s
[arr-final-d4] 919/2000  0.6 games/s  ETA 0h29m04s
[arr-final-d4] 919/2000  0.6 games/s  ETA 0h29m07s
[arr-final-d4] 921/2000  0.6 games/s  ETA 0h29m02s
[arr-final-d4] 921/2000  0.6 games/s  ETA 0h29m04s
[arr-final-d4] 923/2000  0.6 games/s  ETA 0h29m00s
[arr-final-d4] 923/2000  0.6 games/s  ETA 0h29m02s
[arr-final-d4] 923/2000  0.6 games/s  ETA 0h29m04s
[arr-final-d4] 924/2000  0.6 games/s  ETA 0h29m03s
[arr-final-d4] 925/2000  0.6 games/s  ETA 0h29m02s
[arr-final-d4] 928/2000  0.6 games/s  ETA 0h28m54s
[arr-final-d4] 929/2000  0.6 games/s  ETA 0h28m53s
[arr-final-d4] 929/2000  0.6 games/s  ETA 0h28m55s
[arr-final-d4] 930/2000  0.6 games/s  ETA 0h28m54s
[arr-final-d4] 932/2000  0.6 games/s  ETA 0h28m49s
[arr-final-d4] 932/2000  0.6 games/s  ETA 0h28m51s
[arr-final-d4] 935/2000  0.6 games/s  ETA 0h28m43s
[arr-final-d4] 936/2000  0.6 games/s  ETA 0h28m42s
[arr-final-d4] 936/2000  0.6 games/s  ETA 0h28m44s
[arr-final-d4] 937/2000  0.6 games/s  ETA 0h28m43s
[arr-final-d4] 938/2000  0.6 games/s  ETA 0h28m42s
[arr-final-d4] 939/2000  0.6 games/s  ETA 0h28m41s
[arr-final-d4] 941/2000  0.6 games/s  ETA 0h28m36s
[arr-final-d4] 942/2000  0.6 games/s  ETA 0h28m35s
[arr-final-d4] 943/2000  0.6 games/s  ETA 0h28m34s
[arr-final-d4] 944/2000  0.6 games/s  ETA 0h28m33s
[arr-final-d4] 946/2000  0.6 games/s  ETA 0h28m28s
[arr-final-d4] 947/2000  0.6 games/s  ETA 0h28m27s
[arr-final-d4] 948/2000  0.6 games/s  ETA 0h28m26s
[arr-final-d4] 949/2000  0.6 games/s  ETA 0h28m24s
[arr-final-d4] 949/2000  0.6 games/s  ETA 0h28m27s
[arr-final-d4] 949/2000  0.6 games/s  ETA 0h28m29s
[arr-final-d4] 950/2000  0.6 games/s  ETA 0h28m28s
[arr-final-d4] 951/2000  0.6 games/s  ETA 0h28m26s
[arr-final-d4] 952/2000  0.6 games/s  ETA 0h28m25s
[arr-final-d4] 953/2000  0.6 games/s  ETA 0h28m24s
[arr-final-d4] 955/2000  0.6 games/s  ETA 0h28m19s
[arr-final-d4] 956/2000  0.6 games/s  ETA 0h28m18s
[arr-final-d4] 958/2000  0.6 games/s  ETA 0h28m14s
[arr-final-d4] 959/2000  0.6 games/s  ETA 0h28m12s
[arr-final-d4] 959/2000  0.6 games/s  ETA 0h28m14s
[arr-final-d4] 960/2000  0.6 games/s  ETA 0h28m13s
[arr-final-d4] 963/2000  0.6 games/s  ETA 0h28m05s
[arr-final-d4] 965/2000  0.6 games/s  ETA 0h28m01s
[arr-final-d4] 968/2000  0.6 games/s  ETA 0h27m53s
[arr-final-d4] 970/2000  0.6 games/s  ETA 0h27m48s
[arr-final-d4] 970/2000  0.6 games/s  ETA 0h27m50s
[arr-final-d4] 970/2000  0.6 games/s  ETA 0h27m52s
[arr-final-d4] 970/2000  0.6 games/s  ETA 0h27m55s
[arr-final-d4] 974/2000  0.6 games/s  ETA 0h27m43s
[arr-final-d4] 975/2000  0.6 games/s  ETA 0h27m42s
[arr-final-d4] 976/2000  0.6 games/s  ETA 0h27m41s
[arr-final-d4] 976/2000  0.6 games/s  ETA 0h27m43s
[arr-final-d4] 978/2000  0.6 games/s  ETA 0h27m38s
[arr-final-d4] 979/2000  0.6 games/s  ETA 0h27m37s
[arr-final-d4] 981/2000  0.6 games/s  ETA 0h27m33s
[arr-final-d4] 981/2000  0.6 games/s  ETA 0h27m35s
[arr-final-d4] 983/2000  0.6 games/s  ETA 0h27m30s
[arr-final-d4] 984/2000  0.6 games/s  ETA 0h27m29s
[arr-final-d4] 984/2000  0.6 games/s  ETA 0h27m31s
[arr-final-d4] 985/2000  0.6 games/s  ETA 0h27m30s
[arr-final-d4] 986/2000  0.6 games/s  ETA 0h27m29s
[arr-final-d4] 987/2000  0.6 games/s  ETA 0h27m27s
[arr-final-d4] 989/2000  0.6 games/s  ETA 0h27m23s
[arr-final-d4] 989/2000  0.6 games/s  ETA 0h27m25s
[arr-final-d4] 990/2000  0.6 games/s  ETA 0h27m24s
[arr-final-d4] 992/2000  0.6 games/s  ETA 0h27m19s
[arr-final-d4] 992/2000  0.6 games/s  ETA 0h27m21s
[arr-final-d4] 993/2000  0.6 games/s  ETA 0h27m20s
[arr-final-d4] 993/2000  0.6 games/s  ETA 0h27m22s
[arr-final-d4] 996/2000  0.6 games/s  ETA 0h27m14s
[arr-final-d4] 998/2000  0.6 games/s  ETA 0h27m10s
[arr-final-d4] 998/2000  0.6 games/s  ETA 0h27m12s
[arr-final-d4] 999/2000  0.6 games/s  ETA 0h27m10s
[arr-final-d4] 1001/2000  0.6 games/s  ETA 0h27m06s
[arr-final-d4] 1003/2000  0.6 games/s  ETA 0h27m01s
[arr-final-d4] 1004/2000  0.6 games/s  ETA 0h27m00s
[arr-final-d4] 1004/2000  0.6 games/s  ETA 0h27m02s
[arr-final-d4] 1004/2000  0.6 games/s  ETA 0h27m04s
[arr-final-d4] 1004/2000  0.6 games/s  ETA 0h27m06s
[arr-final-d4] 1006/2000  0.6 games/s  ETA 0h27m01s
[arr-final-d4] 1007/2000  0.6 games/s  ETA 0h27m00s
[arr-final-d4] 1008/2000  0.6 games/s  ETA 0h26m59s
[arr-final-d4] 1009/2000  0.6 games/s  ETA 0h26m58s
[arr-final-d4] 1011/2000  0.6 games/s  ETA 0h26m53s
[arr-final-d4] 1012/2000  0.6 games/s  ETA 0h26m52s
[arr-final-d4] 1013/2000  0.6 games/s  ETA 0h26m51s
[arr-final-d4] 1013/2000  0.6 games/s  ETA 0h26m53s
[arr-final-d4] 1013/2000  0.6 games/s  ETA 0h26m54s
[arr-final-d4] 1015/2000  0.6 games/s  ETA 0h26m50s
[arr-final-d4] 1016/2000  0.6 games/s  ETA 0h26m49s
[arr-final-d4] 1018/2000  0.6 games/s  ETA 0h26m44s
[arr-final-d4] 1018/2000  0.6 games/s  ETA 0h26m46s
[arr-final-d4] 1019/2000  0.6 games/s  ETA 0h26m45s
[arr-final-d4] 1021/2000  0.6 games/s  ETA 0h26m40s
[arr-final-d4] 1023/2000  0.6 games/s  ETA 0h26m36s
[arr-final-d4] 1025/2000  0.6 games/s  ETA 0h26m31s
[arr-final-d4] 1026/2000  0.6 games/s  ETA 0h26m30s
[arr-final-d4] 1027/2000  0.6 games/s  ETA 0h26m29s
[arr-final-d4] 1029/2000  0.6 games/s  ETA 0h26m24s
[arr-final-d4] 1031/2000  0.6 games/s  ETA 0h26m20s
[arr-final-d4] 1031/2000  0.6 games/s  ETA 0h26m22s
[arr-final-d4] 1033/2000  0.6 games/s  ETA 0h26m17s
[arr-final-d4] 1033/2000  0.6 games/s  ETA 0h26m19s
[arr-final-d4] 1034/2000  0.6 games/s  ETA 0h26m18s
[arr-final-d4] 1035/2000  0.6 games/s  ETA 0h26m17s
[arr-final-d4] 1037/2000  0.6 games/s  ETA 0h26m12s
[arr-final-d4] 1038/2000  0.6 games/s  ETA 0h26m11s
[arr-final-d4] 1039/2000  0.6 games/s  ETA 0h26m10s
[arr-final-d4] 1041/2000  0.6 games/s  ETA 0h26m05s
[arr-final-d4] 1042/2000  0.6 games/s  ETA 0h26m04s
[arr-final-d4] 1044/2000  0.6 games/s  ETA 0h25m59s
[arr-final-d4] 1044/2000  0.6 games/s  ETA 0h26m01s
[arr-final-d4] 1046/2000  0.6 games/s  ETA 0h25m57s
[arr-final-d4] 1046/2000  0.6 games/s  ETA 0h25m59s
[arr-final-d4] 1048/2000  0.6 games/s  ETA 0h25m54s
[arr-final-d4] 1051/2000  0.6 games/s  ETA 0h25m47s
[arr-final-d4] 1051/2000  0.6 games/s  ETA 0h25m49s
[arr-final-d4] 1051/2000  0.6 games/s  ETA 0h25m50s
[arr-final-d4] 1052/2000  0.6 games/s  ETA 0h25m49s
[arr-final-d4] 1055/2000  0.6 games/s  ETA 0h25m42s
[arr-final-d4] 1055/2000  0.6 games/s  ETA 0h25m43s
[arr-final-d4] 1056/2000  0.6 games/s  ETA 0h25m42s
[arr-final-d4] 1058/2000  0.6 games/s  ETA 0h25m38s
[arr-final-d4] 1060/2000  0.6 games/s  ETA 0h25m33s
[arr-final-d4] 1061/2000  0.6 games/s  ETA 0h25m32s
[arr-final-d4] 1063/2000  0.6 games/s  ETA 0h25m28s
[arr-final-d4] 1063/2000  0.6 games/s  ETA 0h25m29s
[arr-final-d4] 1063/2000  0.6 games/s  ETA 0h25m31s
[arr-final-d4] 1064/2000  0.6 games/s  ETA 0h25m30s
[arr-final-d4] 1064/2000  0.6 games/s  ETA 0h25m32s
[arr-final-d4] 1066/2000  0.6 games/s  ETA 0h25m27s
[arr-final-d4] 1066/2000  0.6 games/s  ETA 0h25m29s
[arr-final-d4] 1067/2000  0.6 games/s  ETA 0h25m28s
[arr-final-d4] 1069/2000  0.6 games/s  ETA 0h25m23s
[arr-final-d4] 1070/2000  0.6 games/s  ETA 0h25m22s
[arr-final-d4] 1070/2000  0.6 games/s  ETA 0h25m24s
[arr-final-d4] 1072/2000  0.6 games/s  ETA 0h25m19s
[arr-final-d4] 1073/2000  0.6 games/s  ETA 0h25m18s
[arr-final-d4] 1074/2000  0.6 games/s  ETA 0h25m17s
[arr-final-d4] 1075/2000  0.6 games/s  ETA 0h25m15s
[arr-final-d4] 1077/2000  0.6 games/s  ETA 0h25m11s
[arr-final-d4] 1079/2000  0.6 games/s  ETA 0h25m07s
[arr-final-d4] 1081/2000  0.6 games/s  ETA 0h25m02s
[arr-final-d4] 1081/2000  0.6 games/s  ETA 0h25m04s
[arr-final-d4] 1081/2000  0.6 games/s  ETA 0h25m06s
[arr-final-d4] 1085/2000  0.6 games/s  ETA 0h24m55s
[arr-final-d4] 1085/2000  0.6 games/s  ETA 0h24m57s
[arr-final-d4] 1085/2000  0.6 games/s  ETA 0h24m59s
[arr-final-d4] 1087/2000  0.6 games/s  ETA 0h24m54s
[arr-final-d4] 1090/2000  0.6 games/s  ETA 0h24m47s
[arr-final-d4] 1091/2000  0.6 games/s  ETA 0h24m46s
[arr-final-d4] 1092/2000  0.6 games/s  ETA 0h24m44s
[arr-final-d4] 1092/2000  0.6 games/s  ETA 0h24m46s
[arr-final-d4] 1092/2000  0.6 games/s  ETA 0h24m48s
[arr-final-d4] 1093/2000  0.6 games/s  ETA 0h24m46s
[arr-final-d4] 1093/2000  0.6 games/s  ETA 0h24m48s
[arr-final-d4] 1093/2000  0.6 games/s  ETA 0h24m50s
[arr-final-d4] 1094/2000  0.6 games/s  ETA 0h24m48s
[arr-final-d4] 1095/2000  0.6 games/s  ETA 0h24m47s
[arr-final-d4] 1097/2000  0.6 games/s  ETA 0h24m43s
[arr-final-d4] 1098/2000  0.6 games/s  ETA 0h24m41s
[arr-final-d4] 1100/2000  0.6 games/s  ETA 0h24m37s
[arr-final-d4] 1101/2000  0.6 games/s  ETA 0h24m36s
[arr-final-d4] 1103/2000  0.6 games/s  ETA 0h24m31s
[arr-final-d4] 1105/2000  0.6 games/s  ETA 0h24m27s
[arr-final-d4] 1106/2000  0.6 games/s  ETA 0h24m26s
[arr-final-d4] 1106/2000  0.6 games/s  ETA 0h24m27s
[arr-final-d4] 1107/2000  0.6 games/s  ETA 0h24m26s
[arr-final-d4] 1108/2000  0.6 games/s  ETA 0h24m24s
[arr-final-d4] 1110/2000  0.6 games/s  ETA 0h24m20s
[arr-final-d4] 1111/2000  0.6 games/s  ETA 0h24m19s
[arr-final-d4] 1113/2000  0.6 games/s  ETA 0h24m14s
[arr-final-d4] 1113/2000  0.6 games/s  ETA 0h24m16s
[arr-final-d4] 1113/2000  0.6 games/s  ETA 0h24m18s
[arr-final-d4] 1113/2000  0.6 games/s  ETA 0h24m19s
[arr-final-d4] 1114/2000  0.6 games/s  ETA 0h24m18s
[arr-final-d4] 1116/2000  0.6 games/s  ETA 0h24m14s
[arr-final-d4] 1116/2000  0.6 games/s  ETA 0h24m15s
[arr-final-d4] 1117/2000  0.6 games/s  ETA 0h24m14s
[arr-final-d4] 1118/2000  0.6 games/s  ETA 0h24m12s
[arr-final-d4] 1119/2000  0.6 games/s  ETA 0h24m11s
[arr-final-d4] 1121/2000  0.6 games/s  ETA 0h24m07s
[arr-final-d4] 1121/2000  0.6 games/s  ETA 0h24m08s
[arr-final-d4] 1123/2000  0.6 games/s  ETA 0h24m04s
[arr-final-d4] 1123/2000  0.6 games/s  ETA 0h24m06s
[arr-final-d4] 1124/2000  0.6 games/s  ETA 0h24m04s
[arr-final-d4] 1125/2000  0.6 games/s  ETA 0h24m03s
[arr-final-d4] 1128/2000  0.6 games/s  ETA 0h23m56s
[arr-final-d4] 1128/2000  0.6 games/s  ETA 0h23m57s
[arr-final-d4] 1130/2000  0.6 games/s  ETA 0h23m53s
[arr-final-d4] 1130/2000  0.6 games/s  ETA 0h23m54s
[arr-final-d4] 1130/2000  0.6 games/s  ETA 0h23m56s
[arr-final-d4] 1132/2000  0.6 games/s  ETA 0h23m52s
[arr-final-d4] 1133/2000  0.6 games/s  ETA 0h23m50s
[arr-final-d4] 1134/2000  0.6 games/s  ETA 0h23m49s
[arr-final-d4] 1135/2000  0.6 games/s  ETA 0h23m47s
[arr-final-d4] 1135/2000  0.6 games/s  ETA 0h23m49s
[arr-final-d4] 1137/2000  0.6 games/s  ETA 0h23m45s
[arr-final-d4] 1137/2000  0.6 games/s  ETA 0h23m46s
[arr-final-d4] 1139/2000  0.6 games/s  ETA 0h23m42s
[arr-final-d4] 1141/2000  0.6 games/s  ETA 0h23m38s
[arr-final-d4] 1141/2000  0.6 games/s  ETA 0h23m39s
[arr-final-d4] 1142/2000  0.6 games/s  ETA 0h23m38s
[arr-final-d4] 1143/2000  0.6 games/s  ETA 0h23m36s
[arr-final-d4] 1144/2000  0.6 games/s  ETA 0h23m35s
[arr-final-d4] 1145/2000  0.6 games/s  ETA 0h23m34s
[arr-final-d4] 1145/2000  0.6 games/s  ETA 0h23m35s
[arr-final-d4] 1147/2000  0.6 games/s  ETA 0h23m31s
[arr-final-d4] 1148/2000  0.6 games/s  ETA 0h23m29s
[arr-final-d4] 1150/2000  0.6 games/s  ETA 0h23m25s
[arr-final-d4] 1152/2000  0.6 games/s  ETA 0h23m21s
[arr-final-d4] 1152/2000  0.6 games/s  ETA 0h23m22s
[arr-final-d4] 1153/2000  0.6 games/s  ETA 0h23m21s
[arr-final-d4] 1156/2000  0.6 games/s  ETA 0h23m14s
[arr-final-d4] 1156/2000  0.6 games/s  ETA 0h23m15s
[arr-final-d4] 1157/2000  0.6 games/s  ETA 0h23m14s
[arr-final-d4] 1158/2000  0.6 games/s  ETA 0h23m12s
[arr-final-d4] 1158/2000  0.6 games/s  ETA 0h23m14s
[arr-final-d4] 1160/2000  0.6 games/s  ETA 0h23m10s
[arr-final-d4] 1160/2000  0.6 games/s  ETA 0h23m11s
[arr-final-d4] 1162/2000  0.6 games/s  ETA 0h23m07s
[arr-final-d4] 1163/2000  0.6 games/s  ETA 0h23m05s
[arr-final-d4] 1165/2000  0.6 games/s  ETA 0h23m01s
[arr-final-d4] 1166/2000  0.6 games/s  ETA 0h23m00s
[arr-final-d4] 1166/2000  0.6 games/s  ETA 0h23m01s
[arr-final-d4] 1169/2000  0.6 games/s  ETA 0h22m54s
[arr-final-d4] 1169/2000  0.6 games/s  ETA 0h22m56s
[arr-final-d4] 1171/2000  0.6 games/s  ETA 0h22m51s
[arr-final-d4] 1172/2000  0.6 games/s  ETA 0h22m50s
[arr-final-d4] 1173/2000  0.6 games/s  ETA 0h22m49s
[arr-final-d4] 1176/2000  0.6 games/s  ETA 0h22m41s
[arr-final-d4] 1176/2000  0.6 games/s  ETA 0h22m43s
[arr-final-d4] 1177/2000  0.6 games/s  ETA 0h22m41s
[arr-final-d4] 1178/2000  0.6 games/s  ETA 0h22m40s
[arr-final-d4] 1181/2000  0.6 games/s  ETA 0h22m33s
[arr-final-d4] 1182/2000  0.6 games/s  ETA 0h22m32s
[arr-final-d4] 1184/2000  0.6 games/s  ETA 0h22m27s
[arr-final-d4] 1185/2000  0.6 games/s  ETA 0h22m26s
[arr-final-d4] 1187/2000  0.6 games/s  ETA 0h22m22s
[arr-final-d4] 1187/2000  0.6 games/s  ETA 0h22m23s
[arr-final-d4] 1188/2000  0.6 games/s  ETA 0h22m22s
[arr-final-d4] 1189/2000  0.6 games/s  ETA 0h22m20s
[arr-final-d4] 1191/2000  0.6 games/s  ETA 0h22m16s
[arr-final-d4] 1193/2000  0.6 games/s  ETA 0h22m12s
[arr-final-d4] 1193/2000  0.6 games/s  ETA 0h22m13s
[arr-final-d4] 1195/2000  0.6 games/s  ETA 0h22m09s
[arr-final-d4] 1196/2000  0.6 games/s  ETA 0h22m08s
[arr-final-d4] 1198/2000  0.6 games/s  ETA 0h22m04s
[arr-final-d4] 1199/2000  0.6 games/s  ETA 0h22m02s
[arr-final-d4] 1199/2000  0.6 games/s  ETA 0h22m03s
[arr-final-d4] 1201/2000  0.6 games/s  ETA 0h21m59s
[arr-final-d4] 1202/2000  0.6 games/s  ETA 0h21m58s
[arr-final-d4] 1203/2000  0.6 games/s  ETA 0h21m56s
[arr-final-d4] 1205/2000  0.6 games/s  ETA 0h21m52s
[arr-final-d4] 1206/2000  0.6 games/s  ETA 0h21m51s
[arr-final-d4] 1206/2000  0.6 games/s  ETA 0h21m52s
[arr-final-d4] 1207/2000  0.6 games/s  ETA 0h21m51s
[arr-final-d4] 1208/2000  0.6 games/s  ETA 0h21m49s
[arr-final-d4] 1209/2000  0.6 games/s  ETA 0h21m48s
[arr-final-d4] 1210/2000  0.6 games/s  ETA 0h21m46s
[arr-final-d4] 1210/2000  0.6 games/s  ETA 0h21m48s
[arr-final-d4] 1212/2000  0.6 games/s  ETA 0h21m44s
[arr-final-d4] 1213/2000  0.6 games/s  ETA 0h21m42s
[arr-final-d4] 1214/2000  0.6 games/s  ETA 0h21m41s
[arr-final-d4] 1214/2000  0.6 games/s  ETA 0h21m42s
[arr-final-d4] 1215/2000  0.6 games/s  ETA 0h21m41s
[arr-final-d4] 1216/2000  0.6 games/s  ETA 0h21m39s
[arr-final-d4] 1217/2000  0.6 games/s  ETA 0h21m38s
[arr-final-d4] 1218/2000  0.6 games/s  ETA 0h21m36s
[arr-final-d4] 1220/2000  0.6 games/s  ETA 0h21m32s
[arr-final-d4] 1220/2000  0.6 games/s  ETA 0h21m33s
[arr-final-d4] 1222/2000  0.6 games/s  ETA 0h21m29s
[arr-final-d4] 1224/2000  0.6 games/s  ETA 0h21m25s
[arr-final-d4] 1224/2000  0.6 games/s  ETA 0h21m26s
[arr-final-d4] 1225/2000  0.6 games/s  ETA 0h21m25s
[arr-final-d4] 1226/2000  0.6 games/s  ETA 0h21m24s
[arr-final-d4] 1228/2000  0.6 games/s  ETA 0h21m19s
[arr-final-d4] 1231/2000  0.6 games/s  ETA 0h21m13s
[arr-final-d4] 1232/2000  0.6 games/s  ETA 0h21m11s
[arr-final-d4] 1232/2000  0.6 games/s  ETA 0h21m12s
[arr-final-d4] 1234/2000  0.6 games/s  ETA 0h21m08s
[arr-final-d4] 1235/2000  0.6 games/s  ETA 0h21m07s
[arr-final-d4] 1237/2000  0.6 games/s  ETA 0h21m03s
[arr-final-d4] 1238/2000  0.6 games/s  ETA 0h21m01s
[arr-final-d4] 1239/2000  0.6 games/s  ETA 0h21m00s
[arr-final-d4] 1240/2000  0.6 games/s  ETA 0h20m58s
[arr-final-d4] 1241/2000  0.6 games/s  ETA 0h20m57s
[arr-final-d4] 1242/2000  0.6 games/s  ETA 0h20m55s
[arr-final-d4] 1245/2000  0.6 games/s  ETA 0h20m49s
[arr-final-d4] 1245/2000  0.6 games/s  ETA 0h20m50s
[arr-final-d4] 1245/2000  0.6 games/s  ETA 0h20m51s
[arr-final-d4] 1245/2000  0.6 games/s  ETA 0h20m52s
[arr-final-d4] 1245/2000  0.6 games/s  ETA 0h20m54s
[arr-final-d4] 1247/2000  0.6 games/s  ETA 0h20m49s
[arr-final-d4] 1248/2000  0.6 games/s  ETA 0h20m48s
[arr-final-d4] 1249/2000  0.6 games/s  ETA 0h20m47s
[arr-final-d4] 1250/2000  0.6 games/s  ETA 0h20m45s
[arr-final-d4] 1251/2000  0.6 games/s  ETA 0h20m44s
[arr-final-d4] 1252/2000  0.6 games/s  ETA 0h20m42s
[arr-final-d4] 1253/2000  0.6 games/s  ETA 0h20m41s
[arr-final-d4] 1254/2000  0.6 games/s  ETA 0h20m39s
[arr-final-d4] 1256/2000  0.6 games/s  ETA 0h20m35s
[arr-final-d4] 1258/2000  0.6 games/s  ETA 0h20m31s
[arr-final-d4] 1258/2000  0.6 games/s  ETA 0h20m32s
[arr-final-d4] 1260/2000  0.6 games/s  ETA 0h20m28s
[arr-final-d4] 1262/2000  0.6 games/s  ETA 0h20m24s
[arr-final-d4] 1264/2000  0.6 games/s  ETA 0h20m20s
[arr-final-d4] 1264/2000  0.6 games/s  ETA 0h20m21s
[arr-final-d4] 1266/2000  0.6 games/s  ETA 0h20m17s
[arr-final-d4] 1267/2000  0.6 games/s  ETA 0h20m16s
[arr-final-d4] 1267/2000  0.6 games/s  ETA 0h20m17s
[arr-final-d4] 1269/2000  0.6 games/s  ETA 0h20m13s
[arr-final-d4] 1269/2000  0.6 games/s  ETA 0h20m14s
[arr-final-d4] 1271/2000  0.6 games/s  ETA 0h20m10s
[arr-final-d4] 1272/2000  0.6 games/s  ETA 0h20m08s
[arr-final-d4] 1273/2000  0.6 games/s  ETA 0h20m07s
[arr-final-d4] 1274/2000  0.6 games/s  ETA 0h20m05s
[arr-final-d4] 1275/2000  0.6 games/s  ETA 0h20m04s
[arr-final-d4] 1276/2000  0.6 games/s  ETA 0h20m02s
[arr-final-d4] 1276/2000  0.6 games/s  ETA 0h20m03s
[arr-final-d4] 1278/2000  0.6 games/s  ETA 0h19m59s
[arr-final-d4] 1279/2000  0.6 games/s  ETA 0h19m58s
[arr-final-d4] 1280/2000  0.6 games/s  ETA 0h19m56s
[arr-final-d4] 1280/2000  0.6 games/s  ETA 0h19m58s
[arr-final-d4] 1280/2000  0.6 games/s  ETA 0h19m59s
[arr-final-d4] 1281/2000  0.6 games/s  ETA 0h19m57s
[arr-final-d4] 1283/2000  0.6 games/s  ETA 0h19m53s
[arr-final-d4] 1283/2000  0.6 games/s  ETA 0h19m54s
[arr-final-d4] 1283/2000  0.6 games/s  ETA 0h19m55s
[arr-final-d4] 1284/2000  0.6 games/s  ETA 0h19m54s
[arr-final-d4] 1287/2000  0.6 games/s  ETA 0h19m47s
[arr-final-d4] 1288/2000  0.6 games/s  ETA 0h19m46s
[arr-final-d4] 1288/2000  0.6 games/s  ETA 0h19m47s
[arr-final-d4] 1288/2000  0.6 games/s  ETA 0h19m48s
[arr-final-d4] 1288/2000  0.6 games/s  ETA 0h19m49s
[arr-final-d4] 1292/2000  0.6 games/s  ETA 0h19m40s
[arr-final-d4] 1292/2000  0.6 games/s  ETA 0h19m41s
[arr-final-d4] 1294/2000  0.6 games/s  ETA 0h19m37s
[arr-final-d4] 1294/2000  0.6 games/s  ETA 0h19m38s
[arr-final-d4] 1295/2000  0.6 games/s  ETA 0h19m36s
[arr-final-d4] 1296/2000  0.6 games/s  ETA 0h19m35s
[arr-final-d4] 1297/2000  0.6 games/s  ETA 0h19m34s
[arr-final-d4] 1298/2000  0.6 games/s  ETA 0h19m32s
[arr-final-d4] 1298/2000  0.6 games/s  ETA 0h19m33s
[arr-final-d4] 1299/2000  0.6 games/s  ETA 0h19m32s
[arr-final-d4] 1300/2000  0.6 games/s  ETA 0h19m30s
[arr-final-d4] 1300/2000  0.6 games/s  ETA 0h19m31s
[arr-final-d4] 1301/2000  0.6 games/s  ETA 0h19m30s
[arr-final-d4] 1302/2000  0.6 games/s  ETA 0h19m28s
[arr-final-d4] 1304/2000  0.6 games/s  ETA 0h19m24s
[arr-final-d4] 1304/2000  0.6 games/s  ETA 0h19m25s
[arr-final-d4] 1305/2000  0.6 games/s  ETA 0h19m24s
[arr-final-d4] 1306/2000  0.6 games/s  ETA 0h19m22s
[arr-final-d4] 1309/2000  0.6 games/s  ETA 0h19m16s
[arr-final-d4] 1309/2000  0.6 games/s  ETA 0h19m17s
[arr-final-d4] 1310/2000  0.6 games/s  ETA 0h19m15s
[arr-final-d4] 1311/2000  0.6 games/s  ETA 0h19m14s
[arr-final-d4] 1312/2000  0.6 games/s  ETA 0h19m12s
[arr-final-d4] 1313/2000  0.6 games/s  ETA 0h19m11s
[arr-final-d4] 1314/2000  0.6 games/s  ETA 0h19m09s
[arr-final-d4] 1314/2000  0.6 games/s  ETA 0h19m10s
[arr-final-d4] 1315/2000  0.6 games/s  ETA 0h19m09s
[arr-final-d4] 1317/2000  0.6 games/s  ETA 0h19m05s
[arr-final-d4] 1318/2000  0.6 games/s  ETA 0h19m03s
[arr-final-d4] 1318/2000  0.6 games/s  ETA 0h19m04s
[arr-final-d4] 1318/2000  0.6 games/s  ETA 0h19m05s
[arr-final-d4] 1320/2000  0.6 games/s  ETA 0h19m01s
[arr-final-d4] 1322/2000  0.6 games/s  ETA 0h18m57s
[arr-final-d4] 1323/2000  0.6 games/s  ETA 0h18m56s
[arr-final-d4] 1323/2000  0.6 games/s  ETA 0h18m57s
[arr-final-d4] 1324/2000  0.6 games/s  ETA 0h18m55s
[arr-final-d4] 1324/2000  0.6 games/s  ETA 0h18m56s
[arr-final-d4] 1327/2000  0.6 games/s  ETA 0h18m49s
[arr-final-d4] 1327/2000  0.6 games/s  ETA 0h18m50s
[arr-final-d4] 1328/2000  0.6 games/s  ETA 0h18m49s
[arr-final-d4] 1330/2000  0.6 games/s  ETA 0h18m45s
[arr-final-d4] 1331/2000  0.6 games/s  ETA 0h18m43s
[arr-final-d4] 1331/2000  0.6 games/s  ETA 0h18m44s
[arr-final-d4] 1331/2000  0.6 games/s  ETA 0h18m45s
[arr-final-d4] 1332/2000  0.6 games/s  ETA 0h18m44s
[arr-final-d4] 1334/2000  0.6 games/s  ETA 0h18m40s
[arr-final-d4] 1335/2000  0.6 games/s  ETA 0h18m38s
[arr-final-d4] 1336/2000  0.6 games/s  ETA 0h18m37s
[arr-final-d4] 1336/2000  0.6 games/s  ETA 0h18m38s
[arr-final-d4] 1337/2000  0.6 games/s  ETA 0h18m36s
[arr-final-d4] 1337/2000  0.6 games/s  ETA 0h18m37s
[arr-final-d4] 1338/2000  0.6 games/s  ETA 0h18m36s
[arr-final-d4] 1338/2000  0.6 games/s  ETA 0h18m37s
[arr-final-d4] 1341/2000  0.6 games/s  ETA 0h18m30s
[arr-final-d4] 1343/2000  0.6 games/s  ETA 0h18m26s
[arr-final-d4] 1343/2000  0.6 games/s  ETA 0h18m27s
[arr-final-d4] 1343/2000  0.6 games/s  ETA 0h18m28s
[arr-final-d4] 1344/2000  0.6 games/s  ETA 0h18m27s
[arr-final-d4] 1345/2000  0.6 games/s  ETA 0h18m25s
[arr-final-d4] 1346/2000  0.6 games/s  ETA 0h18m23s
[arr-final-d4] 1347/2000  0.6 games/s  ETA 0h18m22s
[arr-final-d4] 1348/2000  0.6 games/s  ETA 0h18m20s
[arr-final-d4] 1348/2000  0.6 games/s  ETA 0h18m21s
[arr-final-d4] 1351/2000  0.6 games/s  ETA 0h18m15s
[arr-final-d4] 1352/2000  0.6 games/s  ETA 0h18m13s
[arr-final-d4] 1354/2000  0.6 games/s  ETA 0h18m09s
[arr-final-d4] 1355/2000  0.6 games/s  ETA 0h18m08s
[arr-final-d4] 1356/2000  0.6 games/s  ETA 0h18m06s
[arr-final-d4] 1358/2000  0.6 games/s  ETA 0h18m02s
[arr-final-d4] 1359/2000  0.6 games/s  ETA 0h18m01s
[arr-final-d4] 1360/2000  0.6 games/s  ETA 0h17m59s
[arr-final-d4] 1361/2000  0.6 games/s  ETA 0h17m58s
[arr-final-d4] 1361/2000  0.6 games/s  ETA 0h17m58s
[arr-final-d4] 1362/2000  0.6 games/s  ETA 0h17m57s
[arr-final-d4] 1362/2000  0.6 games/s  ETA 0h17m58s
[arr-final-d4] 1363/2000  0.6 games/s  ETA 0h17m56s
[arr-final-d4] 1365/2000  0.6 games/s  ETA 0h17m52s
[arr-final-d4] 1366/2000  0.6 games/s  ETA 0h17m51s
[arr-final-d4] 1366/2000  0.6 games/s  ETA 0h17m52s
[arr-final-d4] 1367/2000  0.6 games/s  ETA 0h17m50s
[arr-final-d4] 1369/2000  0.6 games/s  ETA 0h17m46s
[arr-final-d4] 1369/2000  0.6 games/s  ETA 0h17m47s
[arr-final-d4] 1370/2000  0.6 games/s  ETA 0h17m45s
[arr-final-d4] 1371/2000  0.6 games/s  ETA 0h17m44s
[arr-final-d4] 1372/2000  0.6 games/s  ETA 0h17m42s
[arr-final-d4] 1373/2000  0.6 games/s  ETA 0h17m41s
[arr-final-d4] 1373/2000  0.6 games/s  ETA 0h17m42s
[arr-final-d4] 1373/2000  0.6 games/s  ETA 0h17m43s
[arr-final-d4] 1374/2000  0.6 games/s  ETA 0h17m41s
[arr-final-d4] 1375/2000  0.6 games/s  ETA 0h17m40s
[arr-final-d4] 1377/2000  0.6 games/s  ETA 0h17m36s
[arr-final-d4] 1378/2000  0.6 games/s  ETA 0h17m34s
[arr-final-d4] 1380/2000  0.6 games/s  ETA 0h17m30s
[arr-final-d4] 1381/2000  0.6 games/s  ETA 0h17m28s
[arr-final-d4] 1381/2000  0.6 games/s  ETA 0h17m29s
[arr-final-d4] 1382/2000  0.6 games/s  ETA 0h17m28s
[arr-final-d4] 1382/2000  0.6 games/s  ETA 0h17m29s
[arr-final-d4] 1386/2000  0.6 games/s  ETA 0h17m20s
[arr-final-d4] 1387/2000  0.6 games/s  ETA 0h17m18s
[arr-final-d4] 1388/2000  0.6 games/s  ETA 0h17m17s
[arr-final-d4] 1388/2000  0.6 games/s  ETA 0h17m18s
[arr-final-d4] 1388/2000  0.6 games/s  ETA 0h17m18s
[arr-final-d4] 1391/2000  0.6 games/s  ETA 0h17m12s
[arr-final-d4] 1392/2000  0.6 games/s  ETA 0h17m10s
[arr-final-d4] 1393/2000  0.6 games/s  ETA 0h17m09s
[arr-final-d4] 1394/2000  0.6 games/s  ETA 0h17m07s
[arr-final-d4] 1395/2000  0.6 games/s  ETA 0h17m06s
[arr-final-d4] 1396/2000  0.6 games/s  ETA 0h17m04s
[arr-final-d4] 1396/2000  0.6 games/s  ETA 0h17m05s
[arr-final-d4] 1397/2000  0.6 games/s  ETA 0h17m03s
[arr-final-d4] 1398/2000  0.6 games/s  ETA 0h17m02s
[arr-final-d4] 1399/2000  0.6 games/s  ETA 0h17m00s
[arr-final-d4] 1401/2000  0.6 games/s  ETA 0h16m56s
[arr-final-d4] 1402/2000  0.6 games/s  ETA 0h16m55s
[arr-final-d4] 1404/2000  0.6 games/s  ETA 0h16m51s
[arr-final-d4] 1405/2000  0.6 games/s  ETA 0h16m49s
[arr-final-d4] 1405/2000  0.6 games/s  ETA 0h16m50s
[arr-final-d4] 1406/2000  0.6 games/s  ETA 0h16m48s
[arr-final-d4] 1406/2000  0.6 games/s  ETA 0h16m49s
[arr-final-d4] 1407/2000  0.6 games/s  ETA 0h16m48s
[arr-final-d4] 1409/2000  0.6 games/s  ETA 0h16m44s
[arr-final-d4] 1409/2000  0.6 games/s  ETA 0h16m45s
[arr-final-d4] 1409/2000  0.6 games/s  ETA 0h16m45s
[arr-final-d4] 1410/2000  0.6 games/s  ETA 0h16m44s
[arr-final-d4] 1412/2000  0.6 games/s  ETA 0h16m40s
[arr-final-d4] 1413/2000  0.6 games/s  ETA 0h16m38s
[arr-final-d4] 1414/2000  0.6 games/s  ETA 0h16m37s
[arr-final-d4] 1414/2000  0.6 games/s  ETA 0h16m38s
[arr-final-d4] 1416/2000  0.6 games/s  ETA 0h16m34s
[arr-final-d4] 1417/2000  0.6 games/s  ETA 0h16m32s
[arr-final-d4] 1417/2000  0.6 games/s  ETA 0h16m33s
[arr-final-d4] 1420/2000  0.6 games/s  ETA 0h16m26s
[arr-final-d4] 1421/2000  0.6 games/s  ETA 0h16m25s
[arr-final-d4] 1423/2000  0.6 games/s  ETA 0h16m21s
[arr-final-d4] 1423/2000  0.6 games/s  ETA 0h16m22s
[arr-final-d4] 1425/2000  0.6 games/s  ETA 0h16m18s
[arr-final-d4] 1425/2000  0.6 games/s  ETA 0h16m19s
[arr-final-d4] 1425/2000  0.6 games/s  ETA 0h16m19s
[arr-final-d4] 1426/2000  0.6 games/s  ETA 0h16m18s
[arr-final-d4] 1426/2000  0.6 games/s  ETA 0h16m19s
[arr-final-d4] 1428/2000  0.6 games/s  ETA 0h16m15s
[arr-final-d4] 1430/2000  0.6 games/s  ETA 0h16m11s
[arr-final-d4] 1431/2000  0.6 games/s  ETA 0h16m09s
[arr-final-d4] 1431/2000  0.6 games/s  ETA 0h16m10s
[arr-final-d4] 1432/2000  0.6 games/s  ETA 0h16m08s
[arr-final-d4] 1433/2000  0.6 games/s  ETA 0h16m07s
[arr-final-d4] 1433/2000  0.6 games/s  ETA 0h16m07s
[arr-final-d4] 1435/2000  0.6 games/s  ETA 0h16m03s
[arr-final-d4] 1437/2000  0.6 games/s  ETA 0h15m59s
[arr-final-d4] 1438/2000  0.6 games/s  ETA 0h15m58s
[arr-final-d4] 1440/2000  0.6 games/s  ETA 0h15m54s
[arr-final-d4] 1440/2000  0.6 games/s  ETA 0h15m55s
[arr-final-d4] 1440/2000  0.6 games/s  ETA 0h15m55s
[arr-final-d4] 1440/2000  0.6 games/s  ETA 0h15m56s
[arr-final-d4] 1442/2000  0.6 games/s  ETA 0h15m52s
[arr-final-d4] 1442/2000  0.6 games/s  ETA 0h15m53s
[arr-final-d4] 1443/2000  0.6 games/s  ETA 0h15m51s
[arr-final-d4] 1445/2000  0.6 games/s  ETA 0h15m48s
[arr-final-d4] 1445/2000  0.6 games/s  ETA 0h15m48s
[arr-final-d4] 1447/2000  0.6 games/s  ETA 0h15m44s
[arr-final-d4] 1447/2000  0.6 games/s  ETA 0h15m45s
[arr-final-d4] 1448/2000  0.6 games/s  ETA 0h15m43s
[arr-final-d4] 1451/2000  0.6 games/s  ETA 0h15m37s
[arr-final-d4] 1451/2000  0.6 games/s  ETA 0h15m38s
[arr-final-d4] 1453/2000  0.6 games/s  ETA 0h15m34s
[arr-final-d4] 1455/2000  0.6 games/s  ETA 0h15m30s
[arr-final-d4] 1455/2000  0.6 games/s  ETA 0h15m31s
[arr-final-d4] 1459/2000  0.6 games/s  ETA 0h15m22s
[arr-final-d4] 1460/2000  0.6 games/s  ETA 0h15m21s
[arr-final-d4] 1460/2000  0.6 games/s  ETA 0h15m21s
[arr-final-d4] 1461/2000  0.6 games/s  ETA 0h15m20s
[arr-final-d4] 1463/2000  0.6 games/s  ETA 0h15m16s
[arr-final-d4] 1464/2000  0.6 games/s  ETA 0h15m14s
[arr-final-d4] 1464/2000  0.6 games/s  ETA 0h15m15s
[arr-final-d4] 1465/2000  0.6 games/s  ETA 0h15m13s
[arr-final-d4] 1465/2000  0.6 games/s  ETA 0h15m14s
[arr-final-d4] 1467/2000  0.6 games/s  ETA 0h15m10s
[arr-final-d4] 1468/2000  0.6 games/s  ETA 0h15m08s
[arr-final-d4] 1468/2000  0.6 games/s  ETA 0h15m09s
[arr-final-d4] 1470/2000  0.6 games/s  ETA 0h15m05s
[arr-final-d4] 1470/2000  0.6 games/s  ETA 0h15m06s
[arr-final-d4] 1471/2000  0.6 games/s  ETA 0h15m04s
[arr-final-d4] 1472/2000  0.6 games/s  ETA 0h15m03s
[arr-final-d4] 1472/2000  0.6 games/s  ETA 0h15m04s
[arr-final-d4] 1473/2000  0.6 games/s  ETA 0h15m02s
[arr-final-d4] 1476/2000  0.6 games/s  ETA 0h14m56s
[arr-final-d4] 1477/2000  0.6 games/s  ETA 0h14m54s
[arr-final-d4] 1477/2000  0.6 games/s  ETA 0h14m55s
[arr-final-d4] 1479/2000  0.6 games/s  ETA 0h14m51s
[arr-final-d4] 1479/2000  0.6 games/s  ETA 0h14m52s
[arr-final-d4] 1480/2000  0.6 games/s  ETA 0h14m50s
[arr-final-d4] 1481/2000  0.6 games/s  ETA 0h14m48s
[arr-final-d4] 1485/2000  0.6 games/s  ETA 0h14m40s
[arr-final-d4] 1487/2000  0.6 games/s  ETA 0h14m36s
[arr-final-d4] 1488/2000  0.6 games/s  ETA 0h14m34s
[arr-final-d4] 1488/2000  0.6 games/s  ETA 0h14m35s
[arr-final-d4] 1489/2000  0.6 games/s  ETA 0h14m33s
[arr-final-d4] 1491/2000  0.6 games/s  ETA 0h14m29s
[arr-final-d4] 1491/2000  0.6 games/s  ETA 0h14m30s
[arr-final-d4] 1491/2000  0.6 games/s  ETA 0h14m31s
[arr-final-d4] 1492/2000  0.6 games/s  ETA 0h14m29s
[arr-final-d4] 1492/2000  0.6 games/s  ETA 0h14m30s
[arr-final-d4] 1492/2000  0.6 games/s  ETA 0h14m31s
[arr-final-d4] 1494/2000  0.6 games/s  ETA 0h14m27s
[arr-final-d4] 1495/2000  0.6 games/s  ETA 0h14m25s
[arr-final-d4] 1496/2000  0.6 games/s  ETA 0h14m23s
[arr-final-d4] 1497/2000  0.6 games/s  ETA 0h14m22s
[arr-final-d4] 1498/2000  0.6 games/s  ETA 0h14m20s
[arr-final-d4] 1498/2000  0.6 games/s  ETA 0h14m21s
[arr-final-d4] 1499/2000  0.6 games/s  ETA 0h14m19s
[arr-final-d4] 1500/2000  0.6 games/s  ETA 0h14m18s
[arr-final-d4] 1501/2000  0.6 games/s  ETA 0h14m16s
[arr-final-d4] 1502/2000  0.6 games/s  ETA 0h14m14s
[arr-final-d4] 1503/2000  0.6 games/s  ETA 0h14m13s
[arr-final-d4] 1503/2000  0.6 games/s  ETA 0h14m13s
[arr-final-d4] 1504/2000  0.6 games/s  ETA 0h14m12s
[arr-final-d4] 1505/2000  0.6 games/s  ETA 0h14m10s
[arr-final-d4] 1506/2000  0.6 games/s  ETA 0h14m09s
[arr-final-d4] 1507/2000  0.6 games/s  ETA 0h14m07s
[arr-final-d4] 1508/2000  0.6 games/s  ETA 0h14m05s
[arr-final-d4] 1508/2000  0.6 games/s  ETA 0h14m06s
[arr-final-d4] 1510/2000  0.6 games/s  ETA 0h14m02s
[arr-final-d4] 1511/2000  0.6 games/s  ETA 0h14m00s
[arr-final-d4] 1511/2000  0.6 games/s  ETA 0h14m01s
[arr-final-d4] 1512/2000  0.6 games/s  ETA 0h13m59s
[arr-final-d4] 1513/2000  0.6 games/s  ETA 0h13m58s
[arr-final-d4] 1515/2000  0.6 games/s  ETA 0h13m54s
[arr-final-d4] 1515/2000  0.6 games/s  ETA 0h13m55s
[arr-final-d4] 1516/2000  0.6 games/s  ETA 0h13m53s
[arr-final-d4] 1516/2000  0.6 games/s  ETA 0h13m54s
[arr-final-d4] 1516/2000  0.6 games/s  ETA 0h13m54s
[arr-final-d4] 1518/2000  0.6 games/s  ETA 0h13m50s
[arr-final-d4] 1518/2000  0.6 games/s  ETA 0h13m51s
[arr-final-d4] 1519/2000  0.6 games/s  ETA 0h13m49s
[arr-final-d4] 1520/2000  0.6 games/s  ETA 0h13m48s
[arr-final-d4] 1521/2000  0.6 games/s  ETA 0h13m46s
[arr-final-d4] 1522/2000  0.6 games/s  ETA 0h13m44s
[arr-final-d4] 1524/2000  0.6 games/s  ETA 0h13m40s
[arr-final-d4] 1524/2000  0.6 games/s  ETA 0h13m41s
[arr-final-d4] 1524/2000  0.6 games/s  ETA 0h13m42s
[arr-final-d4] 1524/2000  0.6 games/s  ETA 0h13m42s
[arr-final-d4] 1526/2000  0.6 games/s  ETA 0h13m38s
[arr-final-d4] 1526/2000  0.6 games/s  ETA 0h13m39s
[arr-final-d4] 1529/2000  0.6 games/s  ETA 0h13m33s
[arr-final-d4] 1529/2000  0.6 games/s  ETA 0h13m33s
[arr-final-d4] 1529/2000  0.6 games/s  ETA 0h13m34s
[arr-final-d4] 1529/2000  0.6 games/s  ETA 0h13m35s
[arr-final-d4] 1529/2000  0.6 games/s  ETA 0h13m35s
[arr-final-d4] 1530/2000  0.6 games/s  ETA 0h13m34s
[arr-final-d4] 1530/2000  0.6 games/s  ETA 0h13m34s
[arr-final-d4] 1531/2000  0.6 games/s  ETA 0h13m33s
[arr-final-d4] 1532/2000  0.6 games/s  ETA 0h13m31s
[arr-final-d4] 1534/2000  0.6 games/s  ETA 0h13m27s
[arr-final-d4] 1534/2000  0.6 games/s  ETA 0h13m28s
[arr-final-d4] 1535/2000  0.6 games/s  ETA 0h13m26s
[arr-final-d4] 1537/2000  0.6 games/s  ETA 0h13m22s
[arr-final-d4] 1537/2000  0.6 games/s  ETA 0h13m23s
[arr-final-d4] 1537/2000  0.6 games/s  ETA 0h13m23s
[arr-final-d4] 1538/2000  0.6 games/s  ETA 0h13m22s
[arr-final-d4] 1540/2000  0.6 games/s  ETA 0h13m18s
[arr-final-d4] 1540/2000  0.6 games/s  ETA 0h13m18s
[arr-final-d4] 1542/2000  0.6 games/s  ETA 0h13m14s
[arr-final-d4] 1543/2000  0.6 games/s  ETA 0h13m13s
[arr-final-d4] 1545/2000  0.6 games/s  ETA 0h13m09s
[arr-final-d4] 1547/2000  0.6 games/s  ETA 0h13m05s
[arr-final-d4] 1548/2000  0.6 games/s  ETA 0h13m03s
[arr-final-d4] 1551/2000  0.6 games/s  ETA 0h12m57s
[arr-final-d4] 1551/2000  0.6 games/s  ETA 0h12m58s
[arr-final-d4] 1551/2000  0.6 games/s  ETA 0h12m58s
[arr-final-d4] 1551/2000  0.6 games/s  ETA 0h12m59s
[arr-final-d4] 1552/2000  0.6 games/s  ETA 0h12m57s
[arr-final-d4] 1553/2000  0.6 games/s  ETA 0h12m56s
[arr-final-d4] 1553/2000  0.6 games/s  ETA 0h12m56s
[arr-final-d4] 1555/2000  0.6 games/s  ETA 0h12m52s
[arr-final-d4] 1557/2000  0.6 games/s  ETA 0h12m48s
[arr-final-d4] 1558/2000  0.6 games/s  ETA 0h12m47s
[arr-final-d4] 1560/2000  0.6 games/s  ETA 0h12m43s
[arr-final-d4] 1560/2000  0.6 games/s  ETA 0h12m43s
[arr-final-d4] 1560/2000  0.6 games/s  ETA 0h12m44s
[arr-final-d4] 1562/2000  0.6 games/s  ETA 0h12m40s
[arr-final-d4] 1562/2000  0.6 games/s  ETA 0h12m41s
[arr-final-d4] 1562/2000  0.6 games/s  ETA 0h12m41s
[arr-final-d4] 1564/2000  0.6 games/s  ETA 0h12m37s
[arr-final-d4] 1565/2000  0.6 games/s  ETA 0h12m36s
[arr-final-d4] 1566/2000  0.6 games/s  ETA 0h12m34s
[arr-final-d4] 1566/2000  0.6 games/s  ETA 0h12m35s
[arr-final-d4] 1567/2000  0.6 games/s  ETA 0h12m33s
[arr-final-d4] 1568/2000  0.6 games/s  ETA 0h12m31s
[arr-final-d4] 1569/2000  0.6 games/s  ETA 0h12m30s
[arr-final-d4] 1570/2000  0.6 games/s  ETA 0h12m28s
[arr-final-d4] 1570/2000  0.6 games/s  ETA 0h12m28s
[arr-final-d4] 1574/2000  0.6 games/s  ETA 0h12m20s
[arr-final-d4] 1575/2000  0.6 games/s  ETA 0h12m18s
[arr-final-d4] 1575/2000  0.6 games/s  ETA 0h12m19s
[arr-final-d4] 1576/2000  0.6 games/s  ETA 0h12m17s
[arr-final-d4] 1578/2000  0.6 games/s  ETA 0h12m13s
[arr-final-d4] 1579/2000  0.6 games/s  ETA 0h12m12s
[arr-final-d4] 1579/2000  0.6 games/s  ETA 0h12m12s
[arr-final-d4] 1579/2000  0.6 games/s  ETA 0h12m13s
[arr-final-d4] 1579/2000  0.6 games/s  ETA 0h12m13s
[arr-final-d4] 1581/2000  0.6 games/s  ETA 0h12m10s
[arr-final-d4] 1583/2000  0.6 games/s  ETA 0h12m06s
[arr-final-d4] 1583/2000  0.6 games/s  ETA 0h12m06s
[arr-final-d4] 1584/2000  0.6 games/s  ETA 0h12m04s
[arr-final-d4] 1585/2000  0.6 games/s  ETA 0h12m03s
[arr-final-d4] 1585/2000  0.6 games/s  ETA 0h12m03s
[arr-final-d4] 1587/2000  0.6 games/s  ETA 0h11m59s
[arr-final-d4] 1588/2000  0.6 games/s  ETA 0h11m58s
[arr-final-d4] 1588/2000  0.6 games/s  ETA 0h11m58s
[arr-final-d4] 1588/2000  0.6 games/s  ETA 0h11m59s
[arr-final-d4] 1589/2000  0.6 games/s  ETA 0h11m57s
[arr-final-d4] 1590/2000  0.6 games/s  ETA 0h11m55s
[arr-final-d4] 1590/2000  0.6 games/s  ETA 0h11m56s
[arr-final-d4] 1592/2000  0.6 games/s  ETA 0h11m52s
[arr-final-d4] 1592/2000  0.6 games/s  ETA 0h11m53s
[arr-final-d4] 1593/2000  0.6 games/s  ETA 0h11m51s
[arr-final-d4] 1596/2000  0.6 games/s  ETA 0h11m45s
[arr-final-d4] 1598/2000  0.6 games/s  ETA 0h11m41s
[arr-final-d4] 1598/2000  0.6 games/s  ETA 0h11m42s
[arr-final-d4] 1598/2000  0.6 games/s  ETA 0h11m42s
[arr-final-d4] 1598/2000  0.6 games/s  ETA 0h11m43s
[arr-final-d4] 1599/2000  0.6 games/s  ETA 0h11m41s
[arr-final-d4] 1600/2000  0.6 games/s  ETA 0h11m39s
[arr-final-d4] 1602/2000  0.6 games/s  ETA 0h11m35s
[arr-final-d4] 1603/2000  0.6 games/s  ETA 0h11m34s
[arr-final-d4] 1603/2000  0.6 games/s  ETA 0h11m34s
[arr-final-d4] 1604/2000  0.6 games/s  ETA 0h11m32s
[arr-final-d4] 1604/2000  0.6 games/s  ETA 0h11m33s
[arr-final-d4] 1605/2000  0.6 games/s  ETA 0h11m31s
[arr-final-d4] 1606/2000  0.6 games/s  ETA 0h11m30s
[arr-final-d4] 1607/2000  0.6 games/s  ETA 0h11m28s
[arr-final-d4] 1607/2000  0.6 games/s  ETA 0h11m28s
[arr-final-d4] 1607/2000  0.6 games/s  ETA 0h11m29s
[arr-final-d4] 1609/2000  0.6 games/s  ETA 0h11m25s
[arr-final-d4] 1609/2000  0.6 games/s  ETA 0h11m25s
[arr-final-d4] 1609/2000  0.6 games/s  ETA 0h11m26s
[arr-final-d4] 1611/2000  0.6 games/s  ETA 0h11m22s
[arr-final-d4] 1611/2000  0.6 games/s  ETA 0h11m23s
[arr-final-d4] 1612/2000  0.6 games/s  ETA 0h11m21s
[arr-final-d4] 1612/2000  0.6 games/s  ETA 0h11m21s
[arr-final-d4] 1615/2000  0.6 games/s  ETA 0h11m15s
[arr-final-d4] 1616/2000  0.6 games/s  ETA 0h11m14s
[arr-final-d4] 1618/2000  0.6 games/s  ETA 0h11m10s
[arr-final-d4] 1618/2000  0.6 games/s  ETA 0h11m10s
[arr-final-d4] 1618/2000  0.6 games/s  ETA 0h11m11s
[arr-final-d4] 1621/2000  0.6 games/s  ETA 0h11m05s
[arr-final-d4] 1622/2000  0.6 games/s  ETA 0h11m03s
[arr-final-d4] 1623/2000  0.6 games/s  ETA 0h11m01s
[arr-final-d4] 1624/2000  0.6 games/s  ETA 0h10m59s
[arr-final-d4] 1624/2000  0.6 games/s  ETA 0h11m00s
[arr-final-d4] 1626/2000  0.6 games/s  ETA 0h10m56s
[arr-final-d4] 1626/2000  0.6 games/s  ETA 0h10m57s
[arr-final-d4] 1627/2000  0.6 games/s  ETA 0h10m55s
[arr-final-d4] 1627/2000  0.6 games/s  ETA 0h10m55s
[arr-final-d4] 1629/2000  0.6 games/s  ETA 0h10m51s
[arr-final-d4] 1630/2000  0.6 games/s  ETA 0h10m50s
[arr-final-d4] 1630/2000  0.6 games/s  ETA 0h10m50s
[arr-final-d4] 1633/2000  0.6 games/s  ETA 0h10m44s
[arr-final-d4] 1634/2000  0.6 games/s  ETA 0h10m42s
[arr-final-d4] 1635/2000  0.6 games/s  ETA 0h10m41s
[arr-final-d4] 1635/2000  0.6 games/s  ETA 0h10m41s
[arr-final-d4] 1636/2000  0.6 games/s  ETA 0h10m40s
[arr-final-d4] 1638/2000  0.6 games/s  ETA 0h10m36s
[arr-final-d4] 1640/2000  0.6 games/s  ETA 0h10m32s
[arr-final-d4] 1641/2000  0.6 games/s  ETA 0h10m30s
[arr-final-d4] 1641/2000  0.6 games/s  ETA 0h10m31s
[arr-final-d4] 1641/2000  0.6 games/s  ETA 0h10m31s
[arr-final-d4] 1642/2000  0.6 games/s  ETA 0h10m29s
[arr-final-d4] 1643/2000  0.6 games/s  ETA 0h10m28s
[arr-final-d4] 1644/2000  0.6 games/s  ETA 0h10m26s
[arr-final-d4] 1644/2000  0.6 games/s  ETA 0h10m26s
[arr-final-d4] 1645/2000  0.6 games/s  ETA 0h10m25s
[arr-final-d4] 1646/2000  0.6 games/s  ETA 0h10m23s
[arr-final-d4] 1646/2000  0.6 games/s  ETA 0h10m23s
[arr-final-d4] 1646/2000  0.6 games/s  ETA 0h10m24s
[arr-final-d4] 1648/2000  0.6 games/s  ETA 0h10m20s
[arr-final-d4] 1649/2000  0.6 games/s  ETA 0h10m18s
[arr-final-d4] 1649/2000  0.6 games/s  ETA 0h10m19s
[arr-final-d4] 1651/2000  0.6 games/s  ETA 0h10m15s
[arr-final-d4] 1652/2000  0.6 games/s  ETA 0h10m13s
[arr-final-d4] 1653/2000  0.6 games/s  ETA 0h10m11s
[arr-final-d4] 1654/2000  0.6 games/s  ETA 0h10m10s
[arr-final-d4] 1655/2000  0.6 games/s  ETA 0h10m08s
[arr-final-d4] 1656/2000  0.6 games/s  ETA 0h10m06s
[arr-final-d4] 1657/2000  0.6 games/s  ETA 0h10m04s
[arr-final-d4] 1659/2000  0.6 games/s  ETA 0h10m01s
[arr-final-d4] 1659/2000  0.6 games/s  ETA 0h10m01s
[arr-final-d4] 1660/2000  0.6 games/s  ETA 0h09m59s
[arr-final-d4] 1661/2000  0.6 games/s  ETA 0h09m58s
[arr-final-d4] 1662/2000  0.6 games/s  ETA 0h09m56s
[arr-final-d4] 1665/2000  0.6 games/s  ETA 0h09m50s
[arr-final-d4] 1665/2000  0.6 games/s  ETA 0h09m50s
[arr-final-d4] 1666/2000  0.6 games/s  ETA 0h09m49s
[arr-final-d4] 1666/2000  0.6 games/s  ETA 0h09m49s
[arr-final-d4] 1668/2000  0.6 games/s  ETA 0h09m45s
[arr-final-d4] 1668/2000  0.6 games/s  ETA 0h09m46s
[arr-final-d4] 1669/2000  0.6 games/s  ETA 0h09m44s
[arr-final-d4] 1670/2000  0.6 games/s  ETA 0h09m42s
[arr-final-d4] 1671/2000  0.6 games/s  ETA 0h09m40s
[arr-final-d4] 1671/2000  0.6 games/s  ETA 0h09m41s
[arr-final-d4] 1672/2000  0.6 games/s  ETA 0h09m39s
[arr-final-d4] 1673/2000  0.6 games/s  ETA 0h09m37s
[arr-final-d4] 1673/2000  0.6 games/s  ETA 0h09m38s
[arr-final-d4] 1675/2000  0.6 games/s  ETA 0h09m34s
[arr-final-d4] 1675/2000  0.6 games/s  ETA 0h09m34s
[arr-final-d4] 1676/2000  0.6 games/s  ETA 0h09m33s
[arr-final-d4] 1677/2000  0.6 games/s  ETA 0h09m31s
[arr-final-d4] 1678/2000  0.6 games/s  ETA 0h09m29s
[arr-final-d4] 1678/2000  0.6 games/s  ETA 0h09m30s
[arr-final-d4] 1678/2000  0.6 games/s  ETA 0h09m30s
[arr-final-d4] 1681/2000  0.6 games/s  ETA 0h09m24s
[arr-final-d4] 1682/2000  0.6 games/s  ETA 0h09m22s
[arr-final-d4] 1683/2000  0.6 games/s  ETA 0h09m21s
[arr-final-d4] 1683/2000  0.6 games/s  ETA 0h09m21s
[arr-final-d4] 1683/2000  0.6 games/s  ETA 0h09m21s
[arr-final-d4] 1685/2000  0.6 games/s  ETA 0h09m17s
[arr-final-d4] 1685/2000  0.6 games/s  ETA 0h09m18s
[arr-final-d4] 1686/2000  0.6 games/s  ETA 0h09m16s
[arr-final-d4] 1686/2000  0.6 games/s  ETA 0h09m16s
[arr-final-d4] 1688/2000  0.6 games/s  ETA 0h09m13s
[arr-final-d4] 1689/2000  0.6 games/s  ETA 0h09m11s
[arr-final-d4] 1689/2000  0.6 games/s  ETA 0h09m11s
[arr-final-d4] 1691/2000  0.6 games/s  ETA 0h09m07s
[arr-final-d4] 1693/2000  0.6 games/s  ETA 0h09m04s
[arr-final-d4] 1693/2000  0.6 games/s  ETA 0h09m04s
[arr-final-d4] 1694/2000  0.6 games/s  ETA 0h09m02s
[arr-final-d4] 1695/2000  0.6 games/s  ETA 0h09m01s
[arr-final-d4] 1696/2000  0.6 games/s  ETA 0h08m59s
[arr-final-d4] 1697/2000  0.6 games/s  ETA 0h08m57s
[arr-final-d4] 1697/2000  0.6 games/s  ETA 0h08m57s
[arr-final-d4] 1699/2000  0.6 games/s  ETA 0h08m54s
[arr-final-d4] 1700/2000  0.6 games/s  ETA 0h08m52s
[arr-final-d4] 1700/2000  0.6 games/s  ETA 0h08m52s
[arr-final-d4] 1701/2000  0.6 games/s  ETA 0h08m50s
[arr-final-d4] 1701/2000  0.6 games/s  ETA 0h08m51s
[arr-final-d4] 1703/2000  0.6 games/s  ETA 0h08m47s
[arr-final-d4] 1704/2000  0.6 games/s  ETA 0h08m45s
[arr-final-d4] 1705/2000  0.6 games/s  ETA 0h08m44s
[arr-final-d4] 1706/2000  0.6 games/s  ETA 0h08m42s
[arr-final-d4] 1707/2000  0.6 games/s  ETA 0h08m40s
[arr-final-d4] 1708/2000  0.6 games/s  ETA 0h08m38s
[arr-final-d4] 1710/2000  0.6 games/s  ETA 0h08m35s
[arr-final-d4] 1713/2000  0.6 games/s  ETA 0h08m29s
[arr-final-d4] 1713/2000  0.6 games/s  ETA 0h08m29s
[arr-final-d4] 1713/2000  0.6 games/s  ETA 0h08m29s
[arr-final-d4] 1713/2000  0.6 games/s  ETA 0h08m30s
[arr-final-d4] 1715/2000  0.6 games/s  ETA 0h08m26s
[arr-final-d4] 1717/2000  0.6 games/s  ETA 0h08m22s
[arr-final-d4] 1717/2000  0.6 games/s  ETA 0h08m22s
[arr-final-d4] 1719/2000  0.6 games/s  ETA 0h08m19s
[arr-final-d4] 1720/2000  0.6 games/s  ETA 0h08m17s
[arr-final-d4] 1721/2000  0.6 games/s  ETA 0h08m15s
[arr-final-d4] 1721/2000  0.6 games/s  ETA 0h08m15s
[arr-final-d4] 1722/2000  0.6 games/s  ETA 0h08m14s
[arr-final-d4] 1722/2000  0.6 games/s  ETA 0h08m14s
[arr-final-d4] 1723/2000  0.6 games/s  ETA 0h08m12s
[arr-final-d4] 1725/2000  0.6 games/s  ETA 0h08m08s
[arr-final-d4] 1727/2000  0.6 games/s  ETA 0h08m05s
[arr-final-d4] 1728/2000  0.6 games/s  ETA 0h08m03s
[arr-final-d4] 1729/2000  0.6 games/s  ETA 0h08m01s
[arr-final-d4] 1730/2000  0.6 games/s  ETA 0h07m59s
[arr-final-d4] 1730/2000  0.6 games/s  ETA 0h08m00s
[arr-final-d4] 1731/2000  0.6 games/s  ETA 0h07m58s
[arr-final-d4] 1731/2000  0.6 games/s  ETA 0h07m58s
[arr-final-d4] 1732/2000  0.6 games/s  ETA 0h07m57s
[arr-final-d4] 1733/2000  0.6 games/s  ETA 0h07m55s
[arr-final-d4] 1734/2000  0.6 games/s  ETA 0h07m53s
[arr-final-d4] 1734/2000  0.6 games/s  ETA 0h07m53s
[arr-final-d4] 1735/2000  0.6 games/s  ETA 0h07m52s
[arr-final-d4] 1735/2000  0.6 games/s  ETA 0h07m52s
[arr-final-d4] 1736/2000  0.6 games/s  ETA 0h07m50s
[arr-final-d4] 1737/2000  0.6 games/s  ETA 0h07m48s
[arr-final-d4] 1737/2000  0.6 games/s  ETA 0h07m49s
[arr-final-d4] 1739/2000  0.6 games/s  ETA 0h07m45s
[arr-final-d4] 1739/2000  0.6 games/s  ETA 0h07m45s
[arr-final-d4] 1741/2000  0.6 games/s  ETA 0h07m41s
[arr-final-d4] 1742/2000  0.6 games/s  ETA 0h07m40s
[arr-final-d4] 1742/2000  0.6 games/s  ETA 0h07m40s
[arr-final-d4] 1743/2000  0.6 games/s  ETA 0h07m38s
[arr-final-d4] 1746/2000  0.6 games/s  ETA 0h07m32s
[arr-final-d4] 1747/2000  0.6 games/s  ETA 0h07m31s
[arr-final-d4] 1747/2000  0.6 games/s  ETA 0h07m31s
[arr-final-d4] 1747/2000  0.6 games/s  ETA 0h07m31s
[arr-final-d4] 1748/2000  0.6 games/s  ETA 0h07m29s
[arr-final-d4] 1748/2000  0.6 games/s  ETA 0h07m30s
[arr-final-d4] 1749/2000  0.6 games/s  ETA 0h07m28s
[arr-final-d4] 1751/2000  0.6 games/s  ETA 0h07m24s
[arr-final-d4] 1752/2000  0.6 games/s  ETA 0h07m22s
[arr-final-d4] 1754/2000  0.6 games/s  ETA 0h07m19s
[arr-final-d4] 1754/2000  0.6 games/s  ETA 0h07m19s
[arr-final-d4] 1755/2000  0.6 games/s  ETA 0h07m17s
[arr-final-d4] 1756/2000  0.6 games/s  ETA 0h07m15s
[arr-final-d4] 1757/2000  0.6 games/s  ETA 0h07m14s
[arr-final-d4] 1758/2000  0.6 games/s  ETA 0h07m12s
[arr-final-d4] 1759/2000  0.6 games/s  ETA 0h07m10s
[arr-final-d4] 1759/2000  0.6 games/s  ETA 0h07m10s
[arr-final-d4] 1759/2000  0.6 games/s  ETA 0h07m11s
[arr-final-d4] 1761/2000  0.6 games/s  ETA 0h07m07s
[arr-final-d4] 1761/2000  0.6 games/s  ETA 0h07m07s
[arr-final-d4] 1762/2000  0.6 games/s  ETA 0h07m05s
[arr-final-d4] 1764/2000  0.6 games/s  ETA 0h07m02s
[arr-final-d4] 1766/2000  0.6 games/s  ETA 0h06m58s
[arr-final-d4] 1768/2000  0.6 games/s  ETA 0h06m54s
[arr-final-d4] 1768/2000  0.6 games/s  ETA 0h06m54s
[arr-final-d4] 1769/2000  0.6 games/s  ETA 0h06m53s
[arr-final-d4] 1769/2000  0.6 games/s  ETA 0h06m53s
[arr-final-d4] 1769/2000  0.6 games/s  ETA 0h06m53s
[arr-final-d4] 1771/2000  0.6 games/s  ETA 0h06m49s
[arr-final-d4] 1773/2000  0.6 games/s  ETA 0h06m45s
[arr-final-d4] 1773/2000  0.6 games/s  ETA 0h06m46s
[arr-final-d4] 1773/2000  0.6 games/s  ETA 0h06m46s
[arr-final-d4] 1774/2000  0.6 games/s  ETA 0h06m44s
[arr-final-d4] 1774/2000  0.6 games/s  ETA 0h06m44s
[arr-final-d4] 1776/2000  0.6 games/s  ETA 0h06m41s
[arr-final-d4] 1776/2000  0.6 games/s  ETA 0h06m41s
[arr-final-d4] 1778/2000  0.6 games/s  ETA 0h06m37s
[arr-final-d4] 1778/2000  0.6 games/s  ETA 0h06m37s
[arr-final-d4] 1780/2000  0.6 games/s  ETA 0h06m34s
[arr-final-d4] 1781/2000  0.6 games/s  ETA 0h06m32s
[arr-final-d4] 1782/2000  0.6 games/s  ETA 0h06m30s
[arr-final-d4] 1785/2000  0.6 games/s  ETA 0h06m24s
[arr-final-d4] 1785/2000  0.6 games/s  ETA 0h06m25s
[arr-final-d4] 1786/2000  0.6 games/s  ETA 0h06m23s
[arr-final-d4] 1788/2000  0.6 games/s  ETA 0h06m19s
[arr-final-d4] 1788/2000  0.6 games/s  ETA 0h06m19s
[arr-final-d4] 1789/2000  0.6 games/s  ETA 0h06m17s
[arr-final-d4] 1789/2000  0.6 games/s  ETA 0h06m18s
[arr-final-d4] 1791/2000  0.6 games/s  ETA 0h06m14s
[arr-final-d4] 1792/2000  0.6 games/s  ETA 0h06m12s
[arr-final-d4] 1792/2000  0.6 games/s  ETA 0h06m12s
[arr-final-d4] 1793/2000  0.6 games/s  ETA 0h06m11s
[arr-final-d4] 1794/2000  0.6 games/s  ETA 0h06m09s
[arr-final-d4] 1795/2000  0.6 games/s  ETA 0h06m07s
[arr-final-d4] 1796/2000  0.6 games/s  ETA 0h06m05s
[arr-final-d4] 1798/2000  0.6 games/s  ETA 0h06m02s
[arr-final-d4] 1799/2000  0.6 games/s  ETA 0h06m00s
[arr-final-d4] 1799/2000  0.6 games/s  ETA 0h06m00s
[arr-final-d4] 1800/2000  0.6 games/s  ETA 0h05m58s
[arr-final-d4] 1801/2000  0.6 games/s  ETA 0h05m57s
[arr-final-d4] 1802/2000  0.6 games/s  ETA 0h05m55s
[arr-final-d4] 1802/2000  0.6 games/s  ETA 0h05m55s
[arr-final-d4] 1803/2000  0.6 games/s  ETA 0h05m53s
[arr-final-d4] 1805/2000  0.6 games/s  ETA 0h05m49s
[arr-final-d4] 1806/2000  0.6 games/s  ETA 0h05m48s
[arr-final-d4] 1807/2000  0.6 games/s  ETA 0h05m46s
[arr-final-d4] 1808/2000  0.6 games/s  ETA 0h05m44s
[arr-final-d4] 1809/2000  0.6 games/s  ETA 0h05m42s
[arr-final-d4] 1809/2000  0.6 games/s  ETA 0h05m43s
[arr-final-d4] 1811/2000  0.6 games/s  ETA 0h05m39s
[arr-final-d4] 1811/2000  0.6 games/s  ETA 0h05m39s
[arr-final-d4] 1812/2000  0.6 games/s  ETA 0h05m37s
[arr-final-d4] 1814/2000  0.6 games/s  ETA 0h05m33s
[arr-final-d4] 1814/2000  0.6 games/s  ETA 0h05m34s
[arr-final-d4] 1816/2000  0.6 games/s  ETA 0h05m30s
[arr-final-d4] 1816/2000  0.6 games/s  ETA 0h05m30s
[arr-final-d4] 1816/2000  0.6 games/s  ETA 0h05m30s
[arr-final-d4] 1818/2000  0.6 games/s  ETA 0h05m27s
[arr-final-d4] 1819/2000  0.6 games/s  ETA 0h05m25s
[arr-final-d4] 1820/2000  0.6 games/s  ETA 0h05m23s
[arr-final-d4] 1820/2000  0.6 games/s  ETA 0h05m23s
[arr-final-d4] 1822/2000  0.6 games/s  ETA 0h05m19s
[arr-final-d4] 1824/2000  0.6 games/s  ETA 0h05m16s
[arr-final-d4] 1826/2000  0.6 games/s  ETA 0h05m12s
[arr-final-d4] 1826/2000  0.6 games/s  ETA 0h05m12s
[arr-final-d4] 1826/2000  0.6 games/s  ETA 0h05m12s
[arr-final-d4] 1826/2000  0.6 games/s  ETA 0h05m13s
[arr-final-d4] 1829/2000  0.6 games/s  ETA 0h05m07s
[arr-final-d4] 1830/2000  0.6 games/s  ETA 0h05m05s
[arr-final-d4] 1830/2000  0.6 games/s  ETA 0h05m05s
[arr-final-d4] 1832/2000  0.6 games/s  ETA 0h05m01s
[arr-final-d4] 1833/2000  0.6 games/s  ETA 0h05m00s
[arr-final-d4] 1833/2000  0.6 games/s  ETA 0h05m00s
[arr-final-d4] 1834/2000  0.6 games/s  ETA 0h04m58s
[arr-final-d4] 1836/2000  0.6 games/s  ETA 0h04m54s
[arr-final-d4] 1837/2000  0.6 games/s  ETA 0h04m53s
[arr-final-d4] 1838/2000  0.6 games/s  ETA 0h04m51s
[arr-final-d4] 1839/2000  0.6 games/s  ETA 0h04m49s
[arr-final-d4] 1840/2000  0.6 games/s  ETA 0h04m47s
[arr-final-d4] 1840/2000  0.6 games/s  ETA 0h04m47s
[arr-final-d4] 1840/2000  0.6 games/s  ETA 0h04m48s
[arr-final-d4] 1841/2000  0.6 games/s  ETA 0h04m46s
[arr-final-d4] 1841/2000  0.6 games/s  ETA 0h04m46s
[arr-final-d4] 1842/2000  0.6 games/s  ETA 0h04m44s
[arr-final-d4] 1842/2000  0.6 games/s  ETA 0h04m44s
[arr-final-d4] 1843/2000  0.6 games/s  ETA 0h04m43s
[arr-final-d4] 1846/2000  0.6 games/s  ETA 0h04m37s
[arr-final-d4] 1846/2000  0.6 games/s  ETA 0h04m37s
[arr-final-d4] 1846/2000  0.6 games/s  ETA 0h04m37s
[arr-final-d4] 1847/2000  0.6 games/s  ETA 0h04m35s
[arr-final-d4] 1849/2000  0.6 games/s  ETA 0h04m32s
[arr-final-d4] 1849/2000  0.6 games/s  ETA 0h04m32s
[arr-final-d4] 1850/2000  0.6 games/s  ETA 0h04m30s
[arr-final-d4] 1850/2000  0.6 games/s  ETA 0h04m30s
[arr-final-d4] 1851/2000  0.6 games/s  ETA 0h04m28s
[arr-final-d4] 1852/2000  0.6 games/s  ETA 0h04m27s
[arr-final-d4] 1855/2000  0.6 games/s  ETA 0h04m21s
[arr-final-d4] 1855/2000  0.6 games/s  ETA 0h04m21s
[arr-final-d4] 1856/2000  0.6 games/s  ETA 0h04m19s
[arr-final-d4] 1857/2000  0.6 games/s  ETA 0h04m18s
[arr-final-d4] 1861/2000  0.6 games/s  ETA 0h04m10s
[arr-final-d4] 1861/2000  0.6 games/s  ETA 0h04m10s
[arr-final-d4] 1862/2000  0.6 games/s  ETA 0h04m08s
[arr-final-d4] 1863/2000  0.6 games/s  ETA 0h04m07s
[arr-final-d4] 1866/2000  0.6 games/s  ETA 0h04m01s
[arr-final-d4] 1867/2000  0.6 games/s  ETA 0h03m59s
[arr-final-d4] 1867/2000  0.6 games/s  ETA 0h03m59s
[arr-final-d4] 1869/2000  0.6 games/s  ETA 0h03m56s
[arr-final-d4] 1869/2000  0.6 games/s  ETA 0h03m56s
[arr-final-d4] 1869/2000  0.6 games/s  ETA 0h03m56s
[arr-final-d4] 1871/2000  0.6 games/s  ETA 0h03m52s
[arr-final-d4] 1873/2000  0.6 games/s  ETA 0h03m48s
[arr-final-d4] 1873/2000  0.6 games/s  ETA 0h03m48s
[arr-final-d4] 1873/2000  0.6 games/s  ETA 0h03m49s
[arr-final-d4] 1875/2000  0.6 games/s  ETA 0h03m45s
[arr-final-d4] 1876/2000  0.6 games/s  ETA 0h03m43s
[arr-final-d4] 1878/2000  0.6 games/s  ETA 0h03m39s
[arr-final-d4] 1879/2000  0.6 games/s  ETA 0h03m38s
[arr-final-d4] 1880/2000  0.6 games/s  ETA 0h03m36s
[arr-final-d4] 1881/2000  0.6 games/s  ETA 0h03m34s
[arr-final-d4] 1881/2000  0.6 games/s  ETA 0h03m34s
[arr-final-d4] 1882/2000  0.6 games/s  ETA 0h03m32s
[arr-final-d4] 1883/2000  0.6 games/s  ETA 0h03m31s
[arr-final-d4] 1883/2000  0.6 games/s  ETA 0h03m31s
[arr-final-d4] 1883/2000  0.6 games/s  ETA 0h03m31s
[arr-final-d4] 1884/2000  0.6 games/s  ETA 0h03m29s
[arr-final-d4] 1885/2000  0.6 games/s  ETA 0h03m27s
[arr-final-d4] 1885/2000  0.6 games/s  ETA 0h03m27s
[arr-final-d4] 1885/2000  0.6 games/s  ETA 0h03m27s
[arr-final-d4] 1885/2000  0.6 games/s  ETA 0h03m28s
[arr-final-d4] 1885/2000  0.6 games/s  ETA 0h03m28s
[arr-final-d4] 1888/2000  0.6 games/s  ETA 0h03m22s
[arr-final-d4] 1888/2000  0.6 games/s  ETA 0h03m22s
[arr-final-d4] 1889/2000  0.6 games/s  ETA 0h03m20s
[arr-final-d4] 1890/2000  0.6 games/s  ETA 0h03m19s
[arr-final-d4] 1891/2000  0.6 games/s  ETA 0h03m17s
[arr-final-d4] 1892/2000  0.6 games/s  ETA 0h03m15s
[arr-final-d4] 1893/2000  0.6 games/s  ETA 0h03m13s
[arr-final-d4] 1893/2000  0.6 games/s  ETA 0h03m13s
[arr-final-d4] 1894/2000  0.6 games/s  ETA 0h03m12s
[arr-final-d4] 1894/2000  0.6 games/s  ETA 0h03m12s
[arr-final-d4] 1894/2000  0.6 games/s  ETA 0h03m12s
[arr-final-d4] 1894/2000  0.6 games/s  ETA 0h03m12s
[arr-final-d4] 1894/2000  0.6 games/s  ETA 0h03m12s
[arr-final-d4] 1894/2000  0.6 games/s  ETA 0h03m12s
[arr-final-d4] 1898/2000  0.6 games/s  ETA 0h03m05s
[arr-final-d4] 1898/2000  0.6 games/s  ETA 0h03m05s
[arr-final-d4] 1898/2000  0.6 games/s  ETA 0h03m05s
[arr-final-d4] 1899/2000  0.6 games/s  ETA 0h03m03s
[arr-final-d4] 1900/2000  0.6 games/s  ETA 0h03m01s
[arr-final-d4] 1901/2000  0.6 games/s  ETA 0h02m59s
[arr-final-d4] 1901/2000  0.6 games/s  ETA 0h02m59s
[arr-final-d4] 1901/2000  0.5 games/s  ETA 0h03m00s
[arr-final-d4] 1902/2000  0.5 games/s  ETA 0h02m58s
[arr-final-d4] 1902/2000  0.5 games/s  ETA 0h02m58s
[arr-final-d4] 1905/2000  0.6 games/s  ETA 0h02m52s
[arr-final-d4] 1906/2000  0.6 games/s  ETA 0h02m50s
[arr-final-d4] 1907/2000  0.6 games/s  ETA 0h02m49s
[arr-final-d4] 1907/2000  0.5 games/s  ETA 0h02m49s
[arr-final-d4] 1907/2000  0.5 games/s  ETA 0h02m49s
[arr-final-d4] 1907/2000  0.5 games/s  ETA 0h02m49s
[arr-final-d4] 1908/2000  0.5 games/s  ETA 0h02m47s
[arr-final-d4] 1908/2000  0.5 games/s  ETA 0h02m47s
[arr-final-d4] 1909/2000  0.5 games/s  ETA 0h02m45s
[arr-final-d4] 1912/2000  0.5 games/s  ETA 0h02m40s
[arr-final-d4] 1912/2000  0.5 games/s  ETA 0h02m40s
[arr-final-d4] 1914/2000  0.5 games/s  ETA 0h02m36s
[arr-final-d4] 1915/2000  0.5 games/s  ETA 0h02m34s
[arr-final-d4] 1915/2000  0.5 games/s  ETA 0h02m34s
[arr-final-d4] 1915/2000  0.5 games/s  ETA 0h02m34s
[arr-final-d4] 1915/2000  0.5 games/s  ETA 0h02m35s
[arr-final-d4] 1917/2000  0.5 games/s  ETA 0h02m31s
[arr-final-d4] 1918/2000  0.5 games/s  ETA 0h02m29s
[arr-final-d4] 1919/2000  0.5 games/s  ETA 0h02m27s
[arr-final-d4] 1919/2000  0.5 games/s  ETA 0h02m27s
[arr-final-d4] 1919/2000  0.5 games/s  ETA 0h02m27s
[arr-final-d4] 1920/2000  0.5 games/s  ETA 0h02m26s
[arr-final-d4] 1921/2000  0.5 games/s  ETA 0h02m24s
[arr-final-d4] 1922/2000  0.5 games/s  ETA 0h02m22s
[arr-final-d4] 1922/2000  0.5 games/s  ETA 0h02m22s
[arr-final-d4] 1923/2000  0.5 games/s  ETA 0h02m20s
[arr-final-d4] 1923/2000  0.5 games/s  ETA 0h02m20s
[arr-final-d4] 1923/2000  0.5 games/s  ETA 0h02m20s
[arr-final-d4] 1924/2000  0.5 games/s  ETA 0h02m19s
[arr-final-d4] 1926/2000  0.5 games/s  ETA 0h02m15s
[arr-final-d4] 1926/2000  0.5 games/s  ETA 0h02m15s
[arr-final-d4] 1926/2000  0.5 games/s  ETA 0h02m15s
[arr-final-d4] 1928/2000  0.5 games/s  ETA 0h02m11s
[arr-final-d4] 1929/2000  0.5 games/s  ETA 0h02m09s
[arr-final-d4] 1929/2000  0.5 games/s  ETA 0h02m09s
[arr-final-d4] 1929/2000  0.5 games/s  ETA 0h02m10s
[arr-final-d4] 1930/2000  0.5 games/s  ETA 0h02m08s
[arr-final-d4] 1930/2000  0.5 games/s  ETA 0h02m08s
[arr-final-d4] 1930/2000  0.5 games/s  ETA 0h02m08s
[arr-final-d4] 1931/2000  0.5 games/s  ETA 0h02m06s
[arr-final-d4] 1934/2000  0.5 games/s  ETA 0h02m00s
[arr-final-d4] 1934/2000  0.5 games/s  ETA 0h02m00s
[arr-final-d4] 1935/2000  0.5 games/s  ETA 0h01m59s
[arr-final-d4] 1936/2000  0.5 games/s  ETA 0h01m57s
[arr-final-d4] 1938/2000  0.5 games/s  ETA 0h01m53s
[arr-final-d4] 1939/2000  0.5 games/s  ETA 0h01m51s
[arr-final-d4] 1939/2000  0.5 games/s  ETA 0h01m51s
[arr-final-d4] 1940/2000  0.5 games/s  ETA 0h01m50s
[arr-final-d4] 1940/2000  0.5 games/s  ETA 0h01m50s
[arr-final-d4] 1941/2000  0.5 games/s  ETA 0h01m48s
[arr-final-d4] 1943/2000  0.5 games/s  ETA 0h01m44s
[arr-final-d4] 1944/2000  0.5 games/s  ETA 0h01m42s
[arr-final-d4] 1946/2000  0.5 games/s  ETA 0h01m38s
[arr-final-d4] 1946/2000  0.5 games/s  ETA 0h01m39s
[arr-final-d4] 1946/2000  0.5 games/s  ETA 0h01m39s
[arr-final-d4] 1947/2000  0.5 games/s  ETA 0h01m37s
[arr-final-d4] 1947/2000  0.5 games/s  ETA 0h01m37s
[arr-final-d4] 1949/2000  0.5 games/s  ETA 0h01m33s
[arr-final-d4] 1949/2000  0.5 games/s  ETA 0h01m33s
[arr-final-d4] 1949/2000  0.5 games/s  ETA 0h01m33s
[arr-final-d4] 1950/2000  0.5 games/s  ETA 0h01m31s
[arr-final-d4] 1952/2000  0.5 games/s  ETA 0h01m28s
[arr-final-d4] 1952/2000  0.5 games/s  ETA 0h01m28s
[arr-final-d4] 1952/2000  0.5 games/s  ETA 0h01m28s
[arr-final-d4] 1954/2000  0.5 games/s  ETA 0h01m24s
[arr-final-d4] 1956/2000  0.5 games/s  ETA 0h01m20s
[arr-final-d4] 1957/2000  0.5 games/s  ETA 0h01m18s
[arr-final-d4] 1957/2000  0.5 games/s  ETA 0h01m19s
[arr-final-d4] 1958/2000  0.5 games/s  ETA 0h01m17s
[arr-final-d4] 1959/2000  0.5 games/s  ETA 0h01m15s
[arr-final-d4] 1959/2000  0.5 games/s  ETA 0h01m15s
[arr-final-d4] 1962/2000  0.5 games/s  ETA 0h01m09s
[arr-final-d4] 1964/2000  0.5 games/s  ETA 0h01m06s
[arr-final-d4] 1964/2000  0.5 games/s  ETA 0h01m06s
[arr-final-d4] 1965/2000  0.5 games/s  ETA 0h01m04s
[arr-final-d4] 1966/2000  0.5 games/s  ETA 0h01m02s
[arr-final-d4] 1967/2000  0.5 games/s  ETA 0h01m00s
[arr-final-d4] 1967/2000  0.5 games/s  ETA 0h01m00s
[arr-final-d4] 1970/2000  0.5 games/s  ETA 0h00m55s
[arr-final-d4] 1971/2000  0.5 games/s  ETA 0h00m53s
[arr-final-d4] 1972/2000  0.5 games/s  ETA 0h00m51s
[arr-final-d4] 1972/2000  0.5 games/s  ETA 0h00m51s
[arr-final-d4] 1973/2000  0.5 games/s  ETA 0h00m49s
[arr-final-d4] 1974/2000  0.5 games/s  ETA 0h00m47s
[arr-final-d4] 1976/2000  0.5 games/s  ETA 0h00m44s
[arr-final-d4] 1978/2000  0.5 games/s  ETA 0h00m40s
[arr-final-d4] 1980/2000  0.5 games/s  ETA 0h00m36s
[arr-final-d4] 1980/2000  0.5 games/s  ETA 0h00m36s
[arr-final-d4] 1980/2000  0.5 games/s  ETA 0h00m36s
[arr-final-d4] 1981/2000  0.5 games/s  ETA 0h00m34s
[arr-final-d4] 1982/2000  0.5 games/s  ETA 0h00m33s
[arr-final-d4] 1984/2000  0.5 games/s  ETA 0h00m29s
[arr-final-d4] 1984/2000  0.5 games/s  ETA 0h00m29s
[arr-final-d4] 1986/2000  0.5 games/s  ETA 0h00m25s
[arr-final-d4] 1986/2000  0.5 games/s  ETA 0h00m25s
[arr-final-d4] 1987/2000  0.5 games/s  ETA 0h00m23s
[arr-final-d4] 1988/2000  0.5 games/s  ETA 0h00m22s
[arr-final-d4] 1990/2000  0.5 games/s  ETA 0h00m18s
[arr-final-d4] 1991/2000  0.5 games/s  ETA 0h00m16s
[arr-final-d4] 1992/2000  0.5 games/s  ETA 0h00m14s
[arr-final-d4] 1993/2000  0.5 games/s  ETA 0h00m12s
[arr-final-d4] 1995/2000  0.5 games/s  ETA 0h00m09s
[arr-final-d4] 1995/2000  0.5 games/s  ETA 0h00m09s
[arr-final-d4] 1997/2000  0.5 games/s  ETA 0h00m05s
[arr-final-d4] 1997/2000  0.5 games/s  ETA 0h00m05s
[arr-final-d4] 1998/2000  0.5 games/s  ETA 0h00m03s
[arr-final-d4] 2000 games in 1h01m14s (0.5 games/s)
[arr-final-d4] summary -> sim/out/arr-final-d4.summary.json
