[cards-b4] 2 entrants, 100 games (841 done), depth 3, armies perPair, 1 workers
[cards-b4] rules {"markFree":true,"hasteCaptures":false,"strikeCaptures":false,"strikePawns":false}
[cards-b4] 0/87  0.00 games/s  ETA Infinity min
[cards-b4] 0/87  0.00 games/s  ETA Infinity min
[cards-b4] 1/87  0.01 games/s  ETA 129 min
[cards-b4] 1/87  0.01 games/s  ETA 172 min
[cards-b4] 1/87  0.01 games/s  ETA 215 min
[cards-b4] 1/87  0.01 games/s  ETA 258 min
[cards-b4] 2/87  0.01 games/s  ETA 149 min
[cards-b4] 2/87  0.01 games/s  ETA 170 min
[cards-b4] 2/87  0.01 games/s  ETA 191 min
[cards-b4] 2/87  0.01 games/s  ETA 213 min
[cards-b4] 3/87  0.01 games/s  ETA 154 min
[cards-b4] 3/87  0.01 games/s  ETA 168 min
[cards-b4] 4/87  0.01 games/s  ETA 135 min
[cards-b4] 4/87  0.01 games/s  ETA 145 min
[cards-b4] 5/87  0.01 games/s  ETA 123 min
[cards-b4] 5/87  0.01 games/s  ETA 131 min
[cards-b4] 5/87  0.01 games/s  ETA 139 min
[cards-b4] 6/87  0.01 games/s  ETA 122 min
[cards-b4] 6/87  0.01 games/s  ETA 128 min
[cards-b4] 6/87  0.01 games/s  ETA 135 min
[cards-b4] 6/87  0.01 games/s  ETA 142 min
[cards-b4] 6/87  0.01 games/s  ETA 149 min
[cards-b4] 7/87  0.01 games/s  ETA 131 min
[cards-b4] 7/87  0.01 games/s  ETA 137 min
[cards-b4] 7/87  0.01 games/s  ETA 143 min
[cards-b4] 7/87  0.01 games/s  ETA 149 min
[cards-b4] 7/87  0.01 games/s  ETA 154 min
[cards-b4] 7/87  0.01 games/s  ETA 160 min
[cards-b4] 7/87  0.01 games/s  ETA 166 min
[cards-b4] 8/87  0.01 games/s  ETA 148 min
[cards-b4] 8/87  0.01 games/s  ETA 153 min
[cards-b4] 8/87  0.01 games/s  ETA 158 min
[cards-b4] 8/87  0.01 games/s  ETA 163 min
[cards-b4] 8/87  0.01 games/s  ETA 168 min
[cards-b4] 8/87  0.01 games/s  ETA 173 min
[cards-b4] 8/87  0.01 games/s  ETA 178 min
[cards-b4] 8/87  0.01 games/s  ETA 183 min
[cards-b4] 8/87  0.01 games/s  ETA 188 min
[cards-b4] 8/87  0.01 games/s  ETA 193 min
[cards-b4] 8/87  0.01 games/s  ETA 198 min
[cards-b4] 8/87  0.01 games/s  ETA 202 min
[cards-b4] 8/87  0.01 games/s  ETA 207 min
[cards-b4] 8/87  0.01 games/s  ETA 212 min
[cards-b4] 8/87  0.01 games/s  ETA 217 min
[cards-b4] 8/87  0.01 games/s  ETA 222 min
[cards-b4] 9/87  0.01 games/s  ETA 199 min
[cards-b4] 9/87  0.01 games/s  ETA 204 min
[cards-b4] 9/87  0.01 games/s  ETA 208 min
[cards-b4] 9/87  0.01 games/s  ETA 212 min
[cards-b4] 9/87  0.01 games/s  ETA 217 min
[cards-b4] 10/87  0.01 games/s  ETA 196 min
[cards-b4] 10/87  0.01 games/s  ETA 200 min
[cards-b4] 10/87  0.01 games/s  ETA 204 min
[cards-b4] 10/87  0.01 games/s  ETA 208 min
[cards-b4] 10/87  0.01 games/s  ETA 212 min
[cards-b4] 10/87  0.01 games/s  ETA 216 min
[cards-b4] 10/87  0.01 games/s  ETA 219 min
[cards-b4] 11/87  0.01 games/s  ETA 200 min
[cards-b4] 11/87  0.01 games/s  ETA 204 min
[cards-b4] 11/87  0.01 games/s  ETA 207 min
[cards-b4] 11/87  0.01 games/s  ETA 211 min
[cards-b4] 12/87  0.01 games/s  ETA 194 min
[cards-b4] 12/87  0.01 games/s  ETA 197 min
[cards-b4] 12/87  0.01 games/s  ETA 200 min
[cards-b4] 13/87  0.01 games/s  ETA 185 min
[cards-b4] 13/87  0.01 games/s  ETA 188 min
[cards-b4] 13/87  0.01 games/s  ETA 191 min
[cards-b4] 13/87  0.01 games/s  ETA 194 min
[cards-b4] 13/87  0.01 games/s  ETA 196 min
[cards-b4] 13/87  0.01 games/s  ETA 199 min
[cards-b4] 13/87  0.01 games/s  ETA 202 min
[cards-b4] 14/87  0.01 games/s  ETA 188 min
[cards-b4] 15/87  0.01 games/s  ETA 175 min
[cards-b4] 15/87  0.01 games/s  ETA 178 min
[cards-b4] 15/87  0.01 games/s  ETA 180 min
[cards-b4] 15/87  0.01 games/s  ETA 182 min
[cards-b4] 16/87  0.01 games/s  ETA 171 min
[cards-b4] 16/87  0.01 games/s  ETA 173 min
[cards-b4] 17/87  0.01 games/s  ETA 163 min
[cards-b4] 17/87  0.01 games/s  ETA 165 min
[cards-b4] 17/87  0.01 games/s  ETA 167 min
[cards-b4] 17/87  0.01 games/s  ETA 169 min
[cards-b4] 17/87  0.01 games/s  ETA 171 min
[cards-b4] 17/87  0.01 games/s  ETA 173 min
[cards-b4] 17/87  0.01 games/s  ETA 175 min
[cards-b4] 17/87  0.01 games/s  ETA 177 min
[cards-b4] 17/87  0.01 games/s  ETA 179 min
[cards-b4] 17/87  0.01 games/s  ETA 181 min
[cards-b4] 17/87  0.01 games/s  ETA 183 min
[cards-b4] 18/87  0.01 games/s  ETA 173 min
[cards-b4] 18/87  0.01 games/s  ETA 174 min
[cards-b4] 18/87  0.01 games/s  ETA 176 min
[cards-b4] 19/87  0.01 games/s  ETA 166 min
[cards-b4] 19/87  0.01 games/s  ETA 168 min
[cards-b4] 19/87  0.01 games/s  ETA 170 min
[cards-b4] 19/87  0.01 games/s  ETA 172 min
[cards-b4] 19/87  0.01 games/s  ETA 174 min
[cards-b4] 19/87  0.01 games/s  ETA 175 min
[cards-b4] 20/87  0.01 games/s  ETA 166 min
[cards-b4] 21/87  0.01 games/s  ETA 157 min
[cards-b4] 21/87  0.01 games/s  ETA 159 min
[cards-b4] 21/87  0.01 games/s  ETA 160 min
[cards-b4] 21/87  0.01 games/s  ETA 162 min
[cards-b4] 21/87  0.01 games/s  ETA 163 min
[cards-b4] 22/87  0.01 games/s  ETA 155 min
[cards-b4] 22/87  0.01 games/s  ETA 157 min
[cards-b4] 22/87  0.01 games/s  ETA 158 min
[cards-b4] 22/87  0.01 games/s  ETA 160 min
[cards-b4] 23/87  0.01 games/s  ETA 152 min
[cards-b4] 23/87  0.01 games/s  ETA 153 min
[cards-b4] 23/87  0.01 games/s  ETA 154 min
[cards-b4] 23/87  0.01 games/s  ETA 156 min
[cards-b4] 23/87  0.01 games/s  ETA 157 min
[cards-b4] 24/87  0.01 games/s  ETA 150 min
[cards-b4] 24/87  0.01 games/s  ETA 151 min
[cards-b4] 24/87  0.01 games/s  ETA 152 min
[cards-b4] 24/87  0.01 games/s  ETA 154 min
[cards-b4] 24/87  0.01 games/s  ETA 155 min
[cards-b4] 24/87  0.01 games/s  ETA 156 min
[cards-b4] 24/87  0.01 games/s  ETA 158 min
[cards-b4] 24/87  0.01 games/s  ETA 159 min
[cards-b4] 24/87  0.01 games/s  ETA 160 min
[cards-b4] 24/87  0.01 games/s  ETA 161 min
[cards-b4] 24/87  0.01 games/s  ETA 163 min
[cards-b4] 24/87  0.01 games/s  ETA 164 min
[cards-b4] 25/87  0.01 games/s  ETA 156 min
[cards-b4] 25/87  0.01 games/s  ETA 157 min
[cards-b4] 25/87  0.01 games/s  ETA 159 min
[cards-b4] 26/87  0.01 games/s  ETA 151 min
[cards-b4] 26/87  0.01 games/s  ETA 153 min
[cards-b4] 26/87  0.01 games/s  ETA 154 min
[cards-b4] 26/87  0.01 games/s  ETA 155 min
[cards-b4] 27/87  0.01 games/s  ETA 148 min
[cards-b4] 27/87  0.01 games/s  ETA 149 min
[cards-b4] 28/87  0.01 games/s  ETA 142 min
[cards-b4] 28/87  0.01 games/s  ETA 143 min
[cards-b4] 29/87  0.01 games/s  ETA 137 min
[cards-b4] 29/87  0.01 games/s  ETA 138 min
[cards-b4] 29/87  0.01 games/s  ETA 139 min
[cards-b4] 30/87  0.01 games/s  ETA 133 min
[cards-b4] 30/87  0.01 games/s  ETA 134 min
[cards-b4] 30/87  0.01 games/s  ETA 135 min
[cards-b4] 30/87  0.01 games/s  ETA 136 min
[cards-b4] 30/87  0.01 games/s  ETA 137 min
[cards-b4] 31/87  0.01 games/s  ETA 131 min
[cards-b4] 31/87  0.01 games/s  ETA 132 min
[cards-b4] 31/87  0.01 games/s  ETA 133 min
[cards-b4] 31/87  0.01 games/s  ETA 134 min
[cards-b4] 31/87  0.01 games/s  ETA 135 min
[cards-b4] 31/87  0.01 games/s  ETA 135 min
[cards-b4] 31/87  0.01 games/s  ETA 136 min
[cards-b4] 31/87  0.01 games/s  ETA 137 min
[cards-b4] 31/87  0.01 games/s  ETA 138 min
[cards-b4] 31/87  0.01 games/s  ETA 139 min
[cards-b4] 31/87  0.01 games/s  ETA 140 min
[cards-b4] 31/87  0.01 games/s  ETA 141 min
[cards-b4] 32/87  0.01 games/s  ETA 135 min
[cards-b4] 32/87  0.01 games/s  ETA 136 min
[cards-b4] 33/87  0.01 games/s  ETA 130 min
[cards-b4] 33/87  0.01 games/s  ETA 131 min
[cards-b4] 33/87  0.01 games/s  ETA 132 min
[cards-b4] 33/87  0.01 games/s  ETA 133 min
[cards-b4] 33/87  0.01 games/s  ETA 133 min
[cards-b4] 33/87  0.01 games/s  ETA 134 min
[cards-b4] 33/87  0.01 games/s  ETA 135 min
[cards-b4] 33/87  0.01 games/s  ETA 136 min
[cards-b4] 33/87  0.01 games/s  ETA 137 min
[cards-b4] 33/87  0.01 games/s  ETA 137 min
[cards-b4] 33/87  0.01 games/s  ETA 138 min
[cards-b4] 33/87  0.01 games/s  ETA 139 min
[cards-b4] 33/87  0.01 games/s  ETA 140 min
[cards-b4] 33/87  0.01 games/s  ETA 141 min
[cards-b4] 33/87  0.01 games/s  ETA 142 min
[cards-b4] 34/87  0.01 games/s  ETA 136 min
[cards-b4] 35/87  0.01 games/s  ETA 130 min
[cards-b4] 35/87  0.01 games/s  ETA 131 min
[cards-b4] 35/87  0.01 games/s  ETA 132 min
[cards-b4] 35/87  0.01 games/s  ETA 132 min
[cards-b4] 36/87  0.01 games/s  ETA 127 min
[cards-b4] 36/87  0.01 games/s  ETA 128 min
[cards-b4] 36/87  0.01 games/s  ETA 128 min
[cards-b4] 36/87  0.01 games/s  ETA 129 min
[cards-b4] 36/87  0.01 games/s  ETA 130 min
[cards-b4] 36/87  0.01 games/s  ETA 130 min
[cards-b4] 37/87  0.01 games/s  ETA 125 min
[cards-b4] 37/87  0.01 games/s  ETA 126 min
[cards-b4] 38/87  0.01 games/s  ETA 121 min
[cards-b4] 38/87  0.01 games/s  ETA 121 min
[cards-b4] 38/87  0.01 games/s  ETA 122 min
[cards-b4] 39/87  0.01 games/s  ETA 117 min
[cards-b4] 39/87  0.01 games/s  ETA 118 min
[cards-b4] 39/87  0.01 games/s  ETA 118 min
[cards-b4] 39/87  0.01 games/s  ETA 119 min
[cards-b4] 39/87  0.01 games/s  ETA 119 min
[cards-b4] 39/87  0.01 games/s  ETA 120 min
[cards-b4] 39/87  0.01 games/s  ETA 121 min
[cards-b4] 39/87  0.01 games/s  ETA 121 min
[cards-b4] 39/87  0.01 games/s  ETA 122 min
[cards-b4] 40/87  0.01 games/s  ETA 117 min
[cards-b4] 40/87  0.01 games/s  ETA 118 min
[cards-b4] 40/87  0.01 games/s  ETA 118 min
[cards-b4] 40/87  0.01 games/s  ETA 119 min
[cards-b4] 40/87  0.01 games/s  ETA 119 min
[cards-b4] 40/87  0.01 games/s  ETA 120 min
[cards-b4] 40/87  0.01 games/s  ETA 120 min
[cards-b4] 40/87  0.01 games/s  ETA 121 min
[cards-b4] 41/87  0.01 games/s  ETA 116 min
[cards-b4] 41/87  0.01 games/s  ETA 117 min
[cards-b4] 41/87  0.01 games/s  ETA 117 min
[cards-b4] 42/87  0.01 games/s  ETA 113 min
[cards-b4] 42/87  0.01 games/s  ETA 113 min
[cards-b4] 42/87  0.01 games/s  ETA 114 min
[cards-b4] 42/87  0.01 games/s  ETA 114 min
[cards-b4] 42/87  0.01 games/s  ETA 115 min
[cards-b4] 42/87  0.01 games/s  ETA 115 min
[cards-b4] 42/87  0.01 games/s  ETA 116 min
[cards-b4] 43/87  0.01 games/s  ETA 111 min
[cards-b4] 43/87  0.01 games/s  ETA 112 min
[cards-b4] 44/87  0.01 games/s  ETA 107 min
[cards-b4] 44/87  0.01 games/s  ETA 108 min
[cards-b4] 44/87  0.01 games/s  ETA 108 min
[cards-b4] 45/87  0.01 games/s  ETA 104 min
[cards-b4] 45/87  0.01 games/s  ETA 104 min
[cards-b4] 45/87  0.01 games/s  ETA 105 min
[cards-b4] 45/87  0.01 games/s  ETA 105 min
[cards-b4] 45/87  0.01 games/s  ETA 105 min
[cards-b4] 46/87  0.01 games/s  ETA 101 min
[cards-b4] 46/87  0.01 games/s  ETA 102 min
[cards-b4] 46/87  0.01 games/s  ETA 102 min
[cards-b4] 46/87  0.01 games/s  ETA 103 min
[cards-b4] 46/87  0.01 games/s  ETA 103 min
[cards-b4] 46/87  0.01 games/s  ETA 103 min
[cards-b4] 47/87  0.01 games/s  ETA 99 min
[cards-b4] 47/87  0.01 games/s  ETA 100 min
[cards-b4] 47/87  0.01 games/s  ETA 100 min
[cards-b4] 47/87  0.01 games/s  ETA 100 min
[cards-b4] 47/87  0.01 games/s  ETA 101 min
[cards-b4] 47/87  0.01 games/s  ETA 101 min
[cards-b4] 48/87  0.01 games/s  ETA 97 min
[cards-b4] 48/87  0.01 games/s  ETA 98 min
[cards-b4] 48/87  0.01 games/s  ETA 98 min
[cards-b4] 48/87  0.01 games/s  ETA 98 min
[cards-b4] 49/87  0.01 games/s  ETA 94 min
[cards-b4] 49/87  0.01 games/s  ETA 95 min
[cards-b4] 49/87  0.01 games/s  ETA 95 min
[cards-b4] 49/87  0.01 games/s  ETA 95 min
[cards-b4] 50/87  0.01 games/s  ETA 91 min
[cards-b4] 50/87  0.01 games/s  ETA 92 min
[cards-b4] 50/87  0.01 games/s  ETA 92 min
[cards-b4] 50/87  0.01 games/s  ETA 93 min
[cards-b4] 51/87  0.01 games/s  ETA 89 min
[cards-b4] 51/87  0.01 games/s  ETA 89 min
[cards-b4] 51/87  0.01 games/s  ETA 89 min
[cards-b4] 51/87  0.01 games/s  ETA 90 min
[cards-b4] 51/87  0.01 games/s  ETA 90 min
[cards-b4] 51/87  0.01 games/s  ETA 90 min
[cards-b4] 52/87  0.01 games/s  ETA 87 min
[cards-b4] 52/87  0.01 games/s  ETA 87 min
[cards-b4] 52/87  0.01 games/s  ETA 87 min
[cards-b4] 52/87  0.01 games/s  ETA 88 min
[cards-b4] 53/87  0.01 games/s  ETA 84 min
[cards-b4] 53/87  0.01 games/s  ETA 84 min
[cards-b4] 53/87  0.01 games/s  ETA 84 min
[cards-b4] 54/87  0.01 games/s  ETA 81 min
[cards-b4] 54/87  0.01 games/s  ETA 81 min
[cards-b4] 54/87  0.01 games/s  ETA 81 min
[cards-b4] 54/87  0.01 games/s  ETA 82 min
[cards-b4] 55/87  0.01 games/s  ETA 78 min
[cards-b4] 55/87  0.01 games/s  ETA 78 min
[cards-b4] 55/87  0.01 games/s  ETA 79 min
[cards-b4] 56/87  0.01 games/s  ETA 75 min
[cards-b4] 56/87  0.01 games/s  ETA 75 min
[cards-b4] 56/87  0.01 games/s  ETA 76 min
[cards-b4] 57/87  0.01 games/s  ETA 72 min
[cards-b4] 57/87  0.01 games/s  ETA 72 min
[cards-b4] 57/87  0.01 games/s  ETA 73 min
[cards-b4] 57/87  0.01 games/s  ETA 73 min
[cards-b4] 57/87  0.01 games/s  ETA 73 min
[cards-b4] 57/87  0.01 games/s  ETA 73 min
[cards-b4] 58/87  0.01 games/s  ETA 70 min
[cards-b4] 58/87  0.01 games/s  ETA 70 min
[cards-b4] 58/87  0.01 games/s  ETA 71 min
[cards-b4] 58/87  0.01 games/s  ETA 71 min
[cards-b4] 58/87  0.01 games/s  ETA 71 min
[cards-b4] 58/87  0.01 games/s  ETA 71 min
[cards-b4] 58/87  0.01 games/s  ETA 72 min
[cards-b4] 58/87  0.01 games/s  ETA 72 min
[cards-b4] 58/87  0.01 games/s  ETA 72 min
[cards-b4] 59/87  0.01 games/s  ETA 69 min
[cards-b4] 59/87  0.01 games/s  ETA 69 min
[cards-b4] 59/87  0.01 games/s  ETA 69 min
[cards-b4] 59/87  0.01 games/s  ETA 69 min
[cards-b4] 60/87  0.01 games/s  ETA 66 min
[cards-b4] 60/87  0.01 games/s  ETA 66 min
[cards-b4] 60/87  0.01 games/s  ETA 66 min
[cards-b4] 60/87  0.01 games/s  ETA 67 min
[cards-b4] 60/87  0.01 games/s  ETA 67 min
[cards-b4] 60/87  0.01 games/s  ETA 67 min
[cards-b4] 61/87  0.01 games/s  ETA 64 min
[cards-b4] 61/87  0.01 games/s  ETA 64 min
[cards-b4] 61/87  0.01 games/s  ETA 64 min
[cards-b4] 61/87  0.01 games/s  ETA 64 min
[cards-b4] 62/87  0.01 games/s  ETA 61 min
[cards-b4] 62/87  0.01 games/s  ETA 61 min
[cards-b4] 62/87  0.01 games/s  ETA 61 min
[cards-b4] 62/87  0.01 games/s  ETA 62 min
[cards-b4] 62/87  0.01 games/s  ETA 62 min
[cards-b4] 62/87  0.01 games/s  ETA 62 min
[cards-b4] 63/87  0.01 games/s  ETA 59 min
[cards-b4] 63/87  0.01 games/s  ETA 59 min
[cards-b4] 63/87  0.01 games/s  ETA 59 min
[cards-b4] 63/87  0.01 games/s  ETA 59 min
[cards-b4] 63/87  0.01 games/s  ETA 60 min
[cards-b4] 64/87  0.01 games/s  ETA 56 min
[cards-b4] 64/87  0.01 games/s  ETA 57 min
[cards-b4] 65/87  0.01 games/s  ETA 53 min
[cards-b4] 65/87  0.01 games/s  ETA 54 min
[cards-b4] 65/87  0.01 games/s  ETA 54 min
[cards-b4] 65/87  0.01 games/s  ETA 54 min
[cards-b4] 65/87  0.01 games/s  ETA 54 min
[cards-b4] 66/87  0.01 games/s  ETA 51 min
[cards-b4] 66/87  0.01 games/s  ETA 51 min
[cards-b4] 67/87  0.01 games/s  ETA 48 min
[cards-b4] 67/87  0.01 games/s  ETA 48 min
[cards-b4] 67/87  0.01 games/s  ETA 49 min
[cards-b4] 67/87  0.01 games/s  ETA 49 min
[cards-b4] 67/87  0.01 games/s  ETA 49 min
[cards-b4] 67/87  0.01 games/s  ETA 49 min
[cards-b4] 67/87  0.01 games/s  ETA 49 min
[cards-b4] 67/87  0.01 games/s  ETA 49 min
[cards-b4] 67/87  0.01 games/s  ETA 49 min
[cards-b4] 67/87  0.01 games/s  ETA 50 min
[cards-b4] 68/87  0.01 games/s  ETA 47 min
[cards-b4] 68/87  0.01 games/s  ETA 47 min
[cards-b4] 68/87  0.01 games/s  ETA 47 min
[cards-b4] 69/87  0.01 games/s  ETA 44 min
[cards-b4] 69/87  0.01 games/s  ETA 44 min
[cards-b4] 69/87  0.01 games/s  ETA 44 min
[cards-b4] 69/87  0.01 games/s  ETA 44 min
[cards-b4] 69/87  0.01 games/s  ETA 44 min
[cards-b4] 70/87  0.01 games/s  ETA 41 min
[cards-b4] 70/87  0.01 games/s  ETA 42 min
[cards-b4] 71/87  0.01 games/s  ETA 39 min
[cards-b4] 71/87  0.01 games/s  ETA 39 min
[cards-b4] 71/87  0.01 games/s  ETA 39 min
[cards-b4] 71/87  0.01 games/s  ETA 39 min
[cards-b4] 71/87  0.01 games/s  ETA 39 min
[cards-b4] 71/87  0.01 games/s  ETA 39 min
[cards-b4] 72/87  0.01 games/s  ETA 36 min
[cards-b4] 72/87  0.01 games/s  ETA 36 min
[cards-b4] 72/87  0.01 games/s  ETA 37 min
[cards-b4] 72/87  0.01 games/s  ETA 37 min
[cards-b4] 72/87  0.01 games/s  ETA 37 min
[cards-b4] 72/87  0.01 games/s  ETA 37 min
[cards-b4] 72/87  0.01 games/s  ETA 37 min
[cards-b4] 72/87  0.01 games/s  ETA 37 min
[cards-b4] 72/87  0.01 games/s  ETA 37 min
[cards-b4] 73/87  0.01 games/s  ETA 34 min
[cards-b4] 73/87  0.01 games/s  ETA 34 min
[cards-b4] 73/87  0.01 games/s  ETA 35 min
[cards-b4] 73/87  0.01 games/s  ETA 35 min
[cards-b4] 73/87  0.01 games/s  ETA 35 min
[cards-b4] 74/87  0.01 games/s  ETA 32 min
[cards-b4] 74/87  0.01 games/s  ETA 32 min
[cards-b4] 74/87  0.01 games/s  ETA 32 min
[cards-b4] 74/87  0.01 games/s  ETA 32 min
[cards-b4] 74/87  0.01 games/s  ETA 32 min
[cards-b4] 74/87  0.01 games/s  ETA 32 min
[cards-b4] 74/87  0.01 games/s  ETA 32 min
[cards-b4] 74/87  0.01 games/s  ETA 33 min
[cards-b4] 74/87  0.01 games/s  ETA 33 min
[cards-b4] 74/87  0.01 games/s  ETA 33 min
[cards-b4] 74/87  0.01 games/s  ETA 33 min
[cards-b4] 74/87  0.01 games/s  ETA 33 min
[cards-b4] 75/87  0.01 games/s  ETA 30 min
[cards-b4] 75/87  0.01 games/s  ETA 30 min
[cards-b4] 75/87  0.01 games/s  ETA 30 min
[cards-b4] 75/87  0.01 games/s  ETA 30 min
[cards-b4] 76/87  0.01 games/s  ETA 27 min
[cards-b4] 76/87  0.01 games/s  ETA 28 min
[cards-b4] 77/87  0.01 games/s  ETA 25 min
[cards-b4] 77/87  0.01 games/s  ETA 25 min
[cards-b4] 77/87  0.01 games/s  ETA 25 min
[cards-b4] 78/87  0.01 games/s  ETA 22 min
[cards-b4] 78/87  0.01 games/s  ETA 22 min
[cards-b4] 79/87  0.01 games/s  ETA 20 min
[cards-b4] 79/87  0.01 games/s  ETA 20 min
[cards-b4] 79/87  0.01 games/s  ETA 20 min
[cards-b4] 79/87  0.01 games/s  ETA 20 min
[cards-b4] 79/87  0.01 games/s  ETA 20 min
[cards-b4] 79/87  0.01 games/s  ETA 20 min
[cards-b4] 79/87  0.01 games/s  ETA 20 min
[cards-b4] 79/87  0.01 games/s  ETA 20 min
[cards-b4] 79/87  0.01 games/s  ETA 20 min
[cards-b4] 80/87  0.01 games/s  ETA 17 min
[cards-b4] 80/87  0.01 games/s  ETA 17 min
[cards-b4] 80/87  0.01 games/s  ETA 17 min
[cards-b4] 80/87  0.01 games/s  ETA 17 min
[cards-b4] 80/87  0.01 games/s  ETA 17 min
[cards-b4] 80/87  0.01 games/s  ETA 18 min
[cards-b4] 80/87  0.01 games/s  ETA 18 min
[cards-b4] 80/87  0.01 games/s  ETA 18 min
[cards-b4] 80/87  0.01 games/s  ETA 18 min
[cards-b4] 81/87  0.01 games/s  ETA 15 min
[cards-b4] 81/87  0.01 games/s  ETA 15 min
[cards-b4] 81/87  0.01 games/s  ETA 15 min
[cards-b4] 81/87  0.01 games/s  ETA 15 min
[cards-b4] 81/87  0.01 games/s  ETA 15 min
[cards-b4] 81/87  0.01 games/s  ETA 15 min
[cards-b4] 81/87  0.01 games/s  ETA 15 min
[cards-b4] 81/87  0.01 games/s  ETA 15 min
[cards-b4] 81/87  0.01 games/s  ETA 15 min
[cards-b4] 81/87  0.01 games/s  ETA 15 min
[cards-b4] 81/87  0.01 games/s  ETA 15 min
[cards-b4] 82/87  0.01 games/s  ETA 13 min
[cards-b4] 82/87  0.01 games/s  ETA 13 min
[cards-b4] 82/87  0.01 games/s  ETA 13 min
[cards-b4] 83/87  0.01 games/s  ETA 10 min
[cards-b4] 83/87  0.01 games/s  ETA 10 min
[cards-b4] 83/87  0.01 games/s  ETA 10 min
[cards-b4] 83/87  0.01 games/s  ETA 10 min
[cards-b4] 83/87  0.01 games/s  ETA 10 min
[cards-b4] 83/87  0.01 games/s  ETA 10 min
[cards-b4] 83/87  0.01 games/s  ETA 10 min
[cards-b4] 83/87  0.01 games/s  ETA 10 min
[cards-b4] 83/87  0.01 games/s  ETA 10 min
[cards-b4] 83/87  0.01 games/s  ETA 10 min
[cards-b4] 83/87  0.01 games/s  ETA 10 min
[cards-b4] 83/87  0.01 games/s  ETA 10 min
[cards-b4] 84/87  0.01 games/s  ETA 8 min
[cards-b4] 84/87  0.01 games/s  ETA 8 min
[cards-b4] 85/87  0.01 games/s  ETA 5 min
[cards-b4] 85/87  0.01 games/s  ETA 5 min
[cards-b4] 85/87  0.01 games/s  ETA 5 min
[cards-b4] 85/87  0.01 games/s  ETA 5 min
[cards-b4] 85/87  0.01 games/s  ETA 5 min
[cards-b4] 85/87  0.01 games/s  ETA 5 min
[cards-b4] 85/87  0.01 games/s  ETA 5 min
[cards-b4] 85/87  0.01 games/s  ETA 5 min
[cards-b4] 85/87  0.01 games/s  ETA 5 min
[cards-b4] 86/87  0.01 games/s  ETA 3 min
[cards-b4] 86/87  0.01 games/s  ETA 3 min
[cards-b4] 86/87  0.01 games/s  ETA 3 min
[cards-b4] 86/87  0.01 games/s  ETA 3 min
[cards-b4] 86/87  0.01 games/s  ETA 3 min
[cards-b4] 86/87  0.01 games/s  ETA 3 min
[cards-b4] 87 games in 223.5 min
