[cards-b3] 2 entrants, 100 games (0 done), depth 3, armies perPair, 4 workers
[cards-b3] rules {"markFree":true,"hasteCaptures":false,"strikeCaptures":false,"strikePawns":false}
[cards-b3] 0/100  0.00 games/s  ETA Infinity min
[cards-b3] 0/100  0.00 games/s  ETA Infinity min
[cards-b3] 0/100  0.00 games/s  ETA Infinity min
[cards-b3] 0/100  0.00 games/s  ETA Infinity min
[cards-b3] 1/100  0.01 games/s  ETA 248 min
[cards-b3] 2/100  0.01 games/s  ETA 147 min
[cards-b3] 2/100  0.01 games/s  ETA 172 min
[cards-b3] 3/100  0.01 games/s  ETA 129 min
[cards-b3] 3/100  0.01 games/s  ETA 146 min
[cards-b3] 5/100  0.02 games/s  ETA 95 min
[cards-b3] 6/100  0.02 games/s  ETA 86 min
[cards-b3] 6/100  0.02 games/s  ETA 94 min
[cards-b3] 7/100  0.02 games/s  ETA 86 min
[cards-b3] 8/100  0.02 games/s  ETA 81 min
[cards-b3] 8/100  0.02 games/s  ETA 86 min
[cards-b3] 8/100  0.02 games/s  ETA 92 min
[cards-b3] 9/100  0.02 games/s  ETA 86 min
[cards-b3] 12/100  0.02 games/s  ETA 66 min
[cards-b3] 12/100  0.02 games/s  ETA 70 min
[cards-b3] 13/100  0.02 games/s  ETA 67 min
[cards-b3] 14/100  0.02 games/s  ETA 65 min
[cards-b3] 16/100  0.02 games/s  ETA 58 min
[cards-b3] 18/100  0.03 games/s  ETA 52 min
[cards-b3] 18/100  0.02 games/s  ETA 55 min
[cards-b3] 19/100  0.03 games/s  ETA 53 min
[cards-b3] 22/100  0.03 games/s  ETA 46 min
[cards-b3] 24/100  0.03 games/s  ETA 43 min
[cards-b3] 26/100  0.03 games/s  ETA 40 min
[cards-b3] 26/100  0.03 games/s  ETA 41 min
[cards-b3] 27/100  0.03 games/s  ETA 41 min
[cards-b3] 28/100  0.03 games/s  ETA 40 min
[cards-b3] 28/100  0.03 games/s  ETA 41 min
[cards-b3] 30/100  0.03 games/s  ETA 39 min
[cards-b3] 31/100  0.03 games/s  ETA 38 min
[cards-b3] 32/100  0.03 games/s  ETA 37 min
[cards-b3] 32/100  0.03 games/s  ETA 38 min
[cards-b3] 32/100  0.03 games/s  ETA 39 min
[cards-b3] 32/100  0.03 games/s  ETA 40 min
[cards-b3] 34/100  0.03 games/s  ETA 38 min
[cards-b3] 35/100  0.03 games/s  ETA 37 min
[cards-b3] 37/100  0.03 games/s  ETA 35 min
[cards-b3] 38/100  0.03 games/s  ETA 34 min
[cards-b3] 39/100  0.03 games/s  ETA 34 min
[cards-b3] 39/100  0.03 games/s  ETA 34 min
[cards-b3] 40/100  0.03 games/s  ETA 34 min
[cards-b3] 40/100  0.03 games/s  ETA 35 min
[cards-b3] 41/100  0.03 games/s  ETA 34 min
[cards-b3] 41/100  0.03 games/s  ETA 35 min
[cards-b3] 42/100  0.03 games/s  ETA 34 min
[cards-b3] 42/100  0.03 games/s  ETA 35 min
[cards-b3] 42/100  0.03 games/s  ETA 35 min
[cards-b3] 42/100  0.03 games/s  ETA 36 min
[cards-b3] 42/100  0.03 games/s  ETA 37 min
[cards-b3] 43/100  0.03 games/s  ETA 36 min
[cards-b3] 43/100  0.03 games/s  ETA 36 min
[cards-b3] 43/100  0.03 games/s  ETA 37 min
[cards-b3] 43/100  0.03 games/s  ETA 38 min
[cards-b3] 43/100  0.02 games/s  ETA 38 min
[cards-b3] 44/100  0.02 games/s  ETA 38 min
[cards-b3] 44/100  0.02 games/s  ETA 38 min
[cards-b3] 44/100  0.02 games/s  ETA 39 min
[cards-b3] 44/100  0.02 games/s  ETA 39 min
[cards-b3] 45/100  0.02 games/s  ETA 39 min
[cards-b3] 45/100  0.02 games/s  ETA 39 min
[cards-b3] 46/100  0.02 games/s  ETA 38 min
[cards-b3] 47/100  0.02 games/s  ETA 37 min
[cards-b3] 47/100  0.02 games/s  ETA 38 min
[cards-b3] 49/100  0.02 games/s  ETA 35 min
[cards-b3] 49/100  0.02 games/s  ETA 36 min
[cards-b3] 49/100  0.02 games/s  ETA 36 min
[cards-b3] 49/100  0.02 games/s  ETA 37 min
[cards-b3] 49/100  0.02 games/s  ETA 37 min
[cards-b3] 49/100  0.02 games/s  ETA 38 min
[cards-b3] 50/100  0.02 games/s  ETA 37 min
[cards-b3] 50/100  0.02 games/s  ETA 38 min
[cards-b3] 50/100  0.02 games/s  ETA 38 min
[cards-b3] 50/100  0.02 games/s  ETA 39 min
[cards-b3] 50/100  0.02 games/s  ETA 39 min
[cards-b3] 50/100  0.02 games/s  ETA 40 min
[cards-b3] 50/100  0.02 games/s  ETA 40 min
[cards-b3] 50/100  0.02 games/s  ETA 41 min
[cards-b3] 50/100  0.02 games/s  ETA 41 min
[cards-b3] 50/100  0.02 games/s  ETA 42 min
[cards-b3] 50/100  0.02 games/s  ETA 42 min
[cards-b3] 51/100  0.02 games/s  ETA 41 min
[cards-b3] 51/100  0.02 games/s  ETA 41 min
[cards-b3] 52/100  0.02 games/s  ETA 40 min
[cards-b3] 53/100  0.02 games/s  ETA 39 min
[cards-b3] 53/100  0.02 games/s  ETA 39 min
[cards-b3] 55/100  0.02 games/s  ETA 37 min
[cards-b3] 57/100  0.02 games/s  ETA 34 min
[cards-b3] 58/100  0.02 games/s  ETA 33 min
[cards-b3] 58/100  0.02 games/s  ETA 34 min
[cards-b3] 58/100  0.02 games/s  ETA 34 min
[cards-b3] 59/100  0.02 games/s  ETA 33 min
[cards-b3] 59/100  0.02 games/s  ETA 33 min
[cards-b3] 60/100  0.02 games/s  ETA 32 min
[cards-b3] 61/100  0.02 games/s  ETA 31 min
[cards-b3] 61/100  0.02 games/s  ETA 32 min
[cards-b3] 61/100  0.02 games/s  ETA 32 min
[cards-b3] 63/100  0.02 games/s  ETA 30 min
[cards-b3] 64/100  0.02 games/s  ETA 29 min
[cards-b3] 64/100  0.02 games/s  ETA 29 min
[cards-b3] 64/100  0.02 games/s  ETA 29 min
[cards-b3] 66/100  0.02 games/s  ETA 27 min
[cards-b3] 67/100  0.02 games/s  ETA 26 min
[cards-b3] 67/100  0.02 games/s  ETA 26 min
[cards-b3] 69/100  0.02 games/s  ETA 24 min
[cards-b3] 70/100  0.02 games/s  ETA 23 min
[cards-b3] 70/100  0.02 games/s  ETA 24 min
[cards-b3] 70/100  0.02 games/s  ETA 24 min
[cards-b3] 71/100  0.02 games/s  ETA 23 min
[cards-b3] 73/100  0.02 games/s  ETA 21 min
[cards-b3] 73/100  0.02 games/s  ETA 21 min
[cards-b3] 73/100  0.02 games/s  ETA 21 min
[cards-b3] 74/100  0.02 games/s  ETA 20 min
[cards-b3] 74/100  0.02 games/s  ETA 21 min
[cards-b3] 74/100  0.02 games/s  ETA 21 min
[cards-b3] 75/100  0.02 games/s  ETA 20 min
[cards-b3] 75/100  0.02 games/s  ETA 20 min
[cards-b3] 76/100  0.02 games/s  ETA 19 min
[cards-b3] 76/100  0.02 games/s  ETA 19 min
[cards-b3] 77/100  0.02 games/s  ETA 18 min
[cards-b3] 77/100  0.02 games/s  ETA 19 min
[cards-b3] 77/100  0.02 games/s  ETA 19 min
[cards-b3] 77/100  0.02 games/s  ETA 19 min
[cards-b3] 79/100  0.02 games/s  ETA 17 min
[cards-b3] 79/100  0.02 games/s  ETA 17 min
[cards-b3] 79/100  0.02 games/s  ETA 17 min
[cards-b3] 82/100  0.02 games/s  ETA 14 min
[cards-b3] 82/100  0.02 games/s  ETA 14 min
[cards-b3] 82/100  0.02 games/s  ETA 14 min
[cards-b3] 82/100  0.02 games/s  ETA 15 min
[cards-b3] 82/100  0.02 games/s  ETA 15 min
[cards-b3] 84/100  0.02 games/s  ETA 13 min
[cards-b3] 84/100  0.02 games/s  ETA 13 min
[cards-b3] 84/100  0.02 games/s  ETA 13 min
[cards-b3] 84/100  0.02 games/s  ETA 13 min
[cards-b3] 84/100  0.02 games/s  ETA 13 min
[cards-b3] 85/100  0.02 games/s  ETA 12 min
[cards-b3] 86/100  0.02 games/s  ETA 11 min
[cards-b3] 86/100  0.02 games/s  ETA 12 min
[cards-b3] 86/100  0.02 games/s  ETA 12 min
[cards-b3] 87/100  0.02 games/s  ETA 11 min
[cards-b3] 87/100  0.02 games/s  ETA 11 min
[cards-b3] 87/100  0.02 games/s  ETA 11 min
[cards-b3] 88/100  0.02 games/s  ETA 10 min
[cards-b3] 89/100  0.02 games/s  ETA 9 min
[cards-b3] 90/100  0.02 games/s  ETA 8 min
[cards-b3] 90/100  0.02 games/s  ETA 8 min
[cards-b3] 91/100  0.02 games/s  ETA 7 min
[cards-b3] 92/100  0.02 games/s  ETA 7 min
[cards-b3] 92/100  0.02 games/s  ETA 7 min
[cards-b3] 92/100  0.02 games/s  ETA 7 min
[cards-b3] 92/100  0.02 games/s  ETA 7 min
[cards-b3] 92/100  0.02 games/s  ETA 7 min
[cards-b3] 93/100  0.02 games/s  ETA 6 min
[cards-b3] 93/100  0.02 games/s  ETA 6 min
[cards-b3] 93/100  0.02 games/s  ETA 6 min
[cards-b3] 93/100  0.02 games/s  ETA 6 min
[cards-b3] 93/100  0.02 games/s  ETA 6 min
[cards-b3] 93/100  0.02 games/s  ETA 6 min
[cards-b3] 93/100  0.02 games/s  ETA 6 min
[cards-b3] 93/100  0.02 games/s  ETA 6 min
[cards-b3] 93/100  0.02 games/s  ETA 6 min
[cards-b3] 94/100  0.02 games/s  ETA 5 min
[cards-b3] 94/100  0.02 games/s  ETA 5 min
[cards-b3] 94/100  0.02 games/s  ETA 5 min
[cards-b3] 94/100  0.02 games/s  ETA 5 min
[cards-b3] 94/100  0.02 games/s  ETA 5 min
[cards-b3] 94/100  0.02 games/s  ETA 5 min
[cards-b3] 94/100  0.02 games/s  ETA 5 min
[cards-b3] 95/100  0.02 games/s  ETA 5 min
[cards-b3] 96/100  0.02 games/s  ETA 4 min
[cards-b3] 97/100  0.02 games/s  ETA 3 min
[cards-b3] 97/100  0.02 games/s  ETA 3 min
[cards-b3] 98/100  0.02 games/s  ETA 2 min
[cards-b3] 99/100  0.02 games/s  ETA 1 min
[cards-b3] 100 games in 89.4 min
