[cards-b5] 1 entrants, 50 games (10 done), depth 3, armies perPair, 1 workers
[cards-b5] rules {"markFree":true,"hasteCaptures":false,"strikeCaptures":false,"strikePawns":false}
[cards-b5] 0/50  0.00 games/s  ETA Infinity min
[cards-b5] 0/50  0.00 games/s  ETA Infinity min
[cards-b5] 1/50  0.01 games/s  ETA 74 min
[cards-b5] 1/50  0.01 games/s  ETA 98 min
[cards-b5] 2/50  0.01 games/s  ETA 60 min
[cards-b5] 2/50  0.01 games/s  ETA 72 min
[cards-b5] 2/50  0.01 games/s  ETA 84 min
[cards-b5] 2/50  0.01 games/s  ETA 96 min
[cards-b5] 2/50  0.01 games/s  ETA 108 min
[cards-b5] 3/50  0.01 games/s  ETA 78 min
[cards-b5] 4/50  0.01 games/s  ETA 63 min
[cards-b5] 4/50  0.01 games/s  ETA 69 min
[cards-b5] 4/50  0.01 games/s  ETA 75 min
[cards-b5] 5/50  0.01 games/s  ETA 63 min
[cards-b5] 5/50  0.01 games/s  ETA 68 min
[cards-b5] 6/50  0.01 games/s  ETA 59 min
[cards-b5] 6/50  0.01 games/s  ETA 62 min
[cards-b5] 6/50  0.01 games/s  ETA 66 min
[cards-b5] 6/50  0.01 games/s  ETA 70 min
[cards-b5] 7/50  0.01 games/s  ETA 61 min
[cards-b5] 7/50  0.01 games/s  ETA 65 min
[cards-b5] 7/50  0.01 games/s  ETA 68 min
[cards-b5] 7/50  0.01 games/s  ETA 71 min
[cards-b5] 8/50  0.01 games/s  ETA 63 min
[cards-b5] 8/50  0.01 games/s  ETA 66 min
[cards-b5] 8/50  0.01 games/s  ETA 68 min
[cards-b5] 9/50  0.01 games/s  ETA 62 min
[cards-b5] 10/50  0.01 games/s  ETA 56 min
[cards-b5] 11/50  0.01 games/s  ETA 51 min
[cards-b5] 13/50  0.01 games/s  ETA 43 min
[cards-b5] 13/50  0.01 games/s  ETA 44 min
[cards-b5] 14/50  0.01 games/s  ETA 41 min
[cards-b5] 15/50  0.02 games/s  ETA 39 min
[cards-b5] 15/50  0.01 games/s  ETA 40 min
[cards-b5] 16/50  0.02 games/s  ETA 37 min
[cards-b5] 19/50  0.02 games/s  ETA 29 min
[cards-b5] 19/50  0.02 games/s  ETA 30 min
[cards-b5] 19/50  0.02 games/s  ETA 31 min
[cards-b5] 19/50  0.02 games/s  ETA 32 min
[cards-b5] 19/50  0.02 games/s  ETA 33 min
[cards-b5] 19/50  0.02 games/s  ETA 33 min
[cards-b5] 19/50  0.02 games/s  ETA 34 min
[cards-b5] 19/50  0.01 games/s  ETA 35 min
[cards-b5] 19/50  0.01 games/s  ETA 36 min
[cards-b5] 19/50  0.01 games/s  ETA 37 min
[cards-b5] 20/50  0.01 games/s  ETA 35 min
[cards-b5] 20/50  0.01 games/s  ETA 35 min
[cards-b5] 23/50  0.02 games/s  ETA 28 min
[cards-b5] 23/50  0.02 games/s  ETA 29 min
[cards-b5] 23/50  0.02 games/s  ETA 29 min
[cards-b5] 23/50  0.02 games/s  ETA 30 min
[cards-b5] 24/50  0.02 games/s  ETA 28 min
[cards-b5] 24/50  0.02 games/s  ETA 29 min
[cards-b5] 24/50  0.01 games/s  ETA 29 min
[cards-b5] 25/50  0.02 games/s  ETA 28 min
[cards-b5] 25/50  0.01 games/s  ETA 28 min
[cards-b5] 26/50  0.02 games/s  ETA 26 min
[cards-b5] 26/50  0.01 games/s  ETA 27 min
[cards-b5] 27/50  0.02 games/s  ETA 25 min
[cards-b5] 29/50  0.02 games/s  ETA 22 min
[cards-b5] 29/50  0.02 games/s  ETA 22 min
[cards-b5] 29/50  0.02 games/s  ETA 22 min
[cards-b5] 31/50  0.02 games/s  ETA 19 min
[cards-b5] 32/50  0.02 games/s  ETA 18 min
[cards-b5] 32/50  0.02 games/s  ETA 18 min
[cards-b5] 32/50  0.02 games/s  ETA 19 min
[cards-b5] 33/50  0.02 games/s  ETA 17 min
[cards-b5] 33/50  0.02 games/s  ETA 18 min
[cards-b5] 34/50  0.02 games/s  ETA 16 min
[cards-b5] 35/50  0.02 games/s  ETA 15 min
[cards-b5] 35/50  0.02 games/s  ETA 15 min
[cards-b5] 35/50  0.02 games/s  ETA 15 min
[cards-b5] 36/50  0.02 games/s  ETA 14 min
[cards-b5] 36/50  0.02 games/s  ETA 14 min
[cards-b5] 37/50  0.02 games/s  ETA 13 min
[cards-b5] 37/50  0.02 games/s  ETA 13 min
[cards-b5] 38/50  0.02 games/s  ETA 12 min
[cards-b5] 38/50  0.02 games/s  ETA 12 min
[cards-b5] 38/50  0.02 games/s  ETA 12 min
[cards-b5] 40/50  0.02 games/s  ETA 10 min
[cards-b5] 41/50  0.02 games/s  ETA 9 min
[cards-b5] 42/50  0.02 games/s  ETA 8 min
[cards-b5] 43/50  0.02 games/s  ETA 7 min
[cards-b5] 43/50  0.02 games/s  ETA 7 min
[cards-b5] 44/50  0.02 games/s  ETA 6 min
[cards-b5] 45/50  0.02 games/s  ETA 5 min
[cards-b5] 45/50  0.02 games/s  ETA 5 min
[cards-b5] 45/50  0.02 games/s  ETA 5 min
[cards-b5] 45/50  0.02 games/s  ETA 5 min
[cards-b5] 46/50  0.02 games/s  ETA 4 min
[cards-b5] 48/50  0.02 games/s  ETA 2 min
[cards-b5] 49/50  0.02 games/s  ETA 1 min
[cards-b5] 49/50  0.02 games/s  ETA 1 min
[cards-b5] 49/50  0.02 games/s  ETA 1 min
[cards-b5] 49/50  0.02 games/s  ETA 1 min
[cards-b5] 49/50  0.02 games/s  ETA 1 min
[cards-b5] 50 games in 48.5 min
