[cards-b4] 2 entrants, 100 games (0 done), depth 3, armies perPair, 4 workers
[cards-b4] rules {"markFree":true,"hasteCaptures":false,"strikeCaptures":false,"strikePawns":false}
[cards-b4] 0/100  0.00 games/s  ETA Infinity min
[cards-b4] 0/100  0.00 games/s  ETA Infinity min
[cards-b4] 0/100  0.00 games/s  ETA Infinity min
[cards-b4] 1/100  0.01 games/s  ETA 198 min
[cards-b4] 2/100  0.01 games/s  ETA 123 min
[cards-b4] 2/100  0.01 games/s  ETA 147 min
[cards-b4] 2/100  0.01 games/s  ETA 172 min
[cards-b4] 2/100  0.01 games/s  ETA 196 min
[cards-b4] 2/100  0.01 games/s  ETA 221 min
[cards-b4] 2/100  0.01 games/s  ETA 245 min
[cards-b4] 3/100  0.01 games/s  ETA 178 min
[cards-b4] 3/100  0.01 games/s  ETA 194 min
[cards-b4] 4/100  0.01 games/s  ETA 156 min
[cards-b4] 5/100  0.01 games/s  ETA 133 min
[cards-b4] 6/100  0.01 games/s  ETA 118 min
[cards-b4] 6/100  0.01 games/s  ETA 125 min
[cards-b4] 6/100  0.01 games/s  ETA 133 min
[cards-b4] 6/100  0.01 games/s  ETA 141 min
[cards-b4] 6/100  0.01 games/s  ETA 149 min
[cards-b4] 7/100  0.01 games/s  ETA 133 min
[cards-b4] 7/100  0.01 games/s  ETA 140 min
[cards-b4] 7/100  0.01 games/s  ETA 146 min
[cards-b4] 8/100  0.01 games/s  ETA 132 min
[cards-b4] 8/100  0.01 games/s  ETA 138 min
[cards-b4] 10/100  0.01 games/s  ETA 113 min
[cards-b4] 10/100  0.01 games/s  ETA 117 min
[cards-b4] 11/100  0.01 games/s  ETA 109 min
[cards-b4] 11/100  0.01 games/s  ETA 113 min
[cards-b4] 11/100  0.01 games/s  ETA 117 min
[cards-b4] 11/100  0.01 games/s  ETA 121 min
[cards-b4] 11/100  0.01 games/s  ETA 126 min
[cards-b4] 11/100  0.01 games/s  ETA 130 min
[cards-b4] 11/100  0.01 games/s  ETA 134 min
[cards-b4] 11/100  0.01 games/s  ETA 138 min
[cards-b4] 11/100  0.01 games/s  ETA 142 min
[cards-b4] 11/100  0.01 games/s  ETA 146 min
[cards-b4] 11/100  0.01 games/s  ETA 150 min
[cards-b4] 12/100  0.01 games/s  ETA 139 min
[cards-b4] 13/100  0.01 games/s  ETA 131 min
[cards-b4] 13/100  0.01 games/s  ETA 134 min
[cards-b4] 13/100  0.01 games/s  ETA 137 min
[cards-b4] 13/100  0.01 games/s  ETA 141 min
[cards-b4] 14/100  0.01 games/s  ETA 132 min
[cards-b4] 14/100  0.01 games/s  ETA 135 min
[cards-b4] 14/100  0.01 games/s  ETA 138 min
[cards-b4] 14/100  0.01 games/s  ETA 141 min
[cards-b4] 14/100  0.01 games/s  ETA 144 min
[cards-b4] 15/100  0.01 games/s  ETA 136 min
[cards-b4] 16/100  0.01 games/s  ETA 129 min
[cards-b4] 16/100  0.01 games/s  ETA 131 min
[cards-b4] 17/100  0.01 games/s  ETA 125 min
[cards-b4] 17/100  0.01 games/s  ETA 127 min
[cards-b4] 17/100  0.01 games/s  ETA 129 min
[cards-b4] 17/100  0.01 games/s  ETA 132 min
[cards-b4] 17/100  0.01 games/s  ETA 134 min
[cards-b4] 18/100  0.01 games/s  ETA 128 min
[cards-b4] 19/100  0.01 games/s  ETA 122 min
[cards-b4] 20/100  0.01 games/s  ETA 116 min
[cards-b4] 21/100  0.01 games/s  ETA 111 min
[cards-b4] 21/100  0.01 games/s  ETA 113 min
[cards-b4] 21/100  0.01 games/s  ETA 115 min
[cards-b4] 22/100  0.01 games/s  ETA 110 min
[cards-b4] 22/100  0.01 games/s  ETA 112 min
[cards-b4] 22/100  0.01 games/s  ETA 114 min
[cards-b4] 22/100  0.01 games/s  ETA 115 min
[cards-b4] 23/100  0.01 games/s  ETA 111 min
[cards-b4] 23/100  0.01 games/s  ETA 112 min
[cards-b4] 24/100  0.01 games/s  ETA 108 min
[cards-b4] 24/100  0.01 games/s  ETA 109 min
[cards-b4] 24/100  0.01 games/s  ETA 111 min
[cards-b4] 24/100  0.01 games/s  ETA 113 min
[cards-b4] 24/100  0.01 games/s  ETA 114 min
[cards-b4] 24/100  0.01 games/s  ETA 116 min
[cards-b4] 24/100  0.01 games/s  ETA 117 min
[cards-b4] 25/100  0.01 games/s  ETA 113 min
[cards-b4] 25/100  0.01 games/s  ETA 114 min
[cards-b4] 26/100  0.01 games/s  ETA 110 min
[cards-b4] 26/100  0.01 games/s  ETA 111 min
[cards-b4] 26/100  0.01 games/s  ETA 113 min
[cards-b4] 26/100  0.01 games/s  ETA 114 min
[cards-b4] 27/100  0.01 games/s  ETA 110 min
[cards-b4] 27/100  0.01 games/s  ETA 111 min
[cards-b4] 27/100  0.01 games/s  ETA 112 min
[cards-b4] 27/100  0.01 games/s  ETA 114 min
[cards-b4] 27/100  0.01 games/s  ETA 115 min
[cards-b4] 27/100  0.01 games/s  ETA 116 min
[cards-b4] 28/100  0.01 games/s  ETA 112 min
[cards-b4] 28/100  0.01 games/s  ETA 113 min
[cards-b4] 28/100  0.01 games/s  ETA 115 min
[cards-b4] 28/100  0.01 games/s  ETA 116 min
[cards-b4] 28/100  0.01 games/s  ETA 117 min
[cards-b4] 28/100  0.01 games/s  ETA 118 min
[cards-b4] 30/100  0.01 games/s  ETA 109 min
[cards-b4] 30/100  0.01 games/s  ETA 110 min
[cards-b4] 30/100  0.01 games/s  ETA 111 min
[cards-b4] 30/100  0.01 games/s  ETA 112 min
[cards-b4] 30/100  0.01 games/s  ETA 113 min
[cards-b4] 30/100  0.01 games/s  ETA 114 min
[cards-b4] 30/100  0.01 games/s  ETA 116 min
[cards-b4] 30/100  0.01 games/s  ETA 117 min
[cards-b4] 32/100  0.01 games/s  ETA 107 min
[cards-b4] 33/100  0.01 games/s  ETA 104 min
[cards-b4] 33/100  0.01 games/s  ETA 105 min
[cards-b4] 33/100  0.01 games/s  ETA 106 min
[cards-b4] 34/100  0.01 games/s  ETA 102 min
[cards-b4] 34/100  0.01 games/s  ETA 103 min
[cards-b4] 36/100  0.01 games/s  ETA 95 min
[cards-b4] 36/100  0.01 games/s  ETA 96 min
[cards-b4] 36/100  0.01 games/s  ETA 97 min
[cards-b4] 36/100  0.01 games/s  ETA 98 min
[cards-b4] 36/100  0.01 games/s  ETA 99 min
[cards-b4] 36/100  0.01 games/s  ETA 100 min
[cards-b4] 36/100  0.01 games/s  ETA 101 min
[cards-b4] 36/100  0.01 games/s  ETA 101 min
[cards-b4] 37/100  0.01 games/s  ETA 98 min
[cards-b4] 37/100  0.01 games/s  ETA 99 min
[cards-b4] 37/100  0.01 games/s  ETA 100 min
[cards-b4] 37/100  0.01 games/s  ETA 101 min
[cards-b4] 37/100  0.01 games/s  ETA 101 min
[cards-b4] 37/100  0.01 games/s  ETA 102 min
[cards-b4] 37/100  0.01 games/s  ETA 103 min
[cards-b4] 39/100  0.01 games/s  ETA 95 min
[cards-b4] 39/100  0.01 games/s  ETA 96 min
[cards-b4] 39/100  0.01 games/s  ETA 97 min
[cards-b4] 39/100  0.01 games/s  ETA 98 min
[cards-b4] 39/100  0.01 games/s  ETA 99 min
[cards-b4] 39/100  0.01 games/s  ETA 99 min
[cards-b4] 39/100  0.01 games/s  ETA 100 min
[cards-b4] 40/100  0.01 games/s  ETA 97 min
[cards-b4] 41/100  0.01 games/s  ETA 94 min
[cards-b4] 41/100  0.01 games/s  ETA 94 min
[cards-b4] 41/100  0.01 games/s  ETA 95 min
[cards-b4] 41/100  0.01 games/s  ETA 96 min
[cards-b4] 41/100  0.01 games/s  ETA 96 min
[cards-b4] 41/100  0.01 games/s  ETA 97 min
[cards-b4] 41/100  0.01 games/s  ETA 98 min
[cards-b4] 41/100  0.01 games/s  ETA 99 min
[cards-b4] 42/100  0.01 games/s  ETA 95 min
[cards-b4] 42/100  0.01 games/s  ETA 96 min
[cards-b4] 42/100  0.01 games/s  ETA 97 min
[cards-b4] 42/100  0.01 games/s  ETA 97 min
[cards-b4] 42/100  0.01 games/s  ETA 98 min
[cards-b4] 42/100  0.01 games/s  ETA 99 min
[cards-b4] 42/100  0.01 games/s  ETA 100 min
[cards-b4] 43/100  0.01 games/s  ETA 96 min
[cards-b4] 43/100  0.01 games/s  ETA 97 min
[cards-b4] 43/100  0.01 games/s  ETA 98 min
[cards-b4] 43/100  0.01 games/s  ETA 98 min
[cards-b4] 43/100  0.01 games/s  ETA 99 min
[cards-b4] 43/100  0.01 games/s  ETA 100 min
[cards-b4] 43/100  0.01 games/s  ETA 100 min
[cards-b4] 43/100  0.01 games/s  ETA 101 min
[cards-b4] 44/100  0.01 games/s  ETA 97 min
[cards-b4] 44/100  0.01 games/s  ETA 98 min
[cards-b4] 44/100  0.01 games/s  ETA 99 min
[cards-b4] 44/100  0.01 games/s  ETA 99 min
[cards-b4] 44/100  0.01 games/s  ETA 100 min
[cards-b4] 44/100  0.01 games/s  ETA 101 min
[cards-b4] 44/100  0.01 games/s  ETA 101 min
[cards-b4] 45/100  0.01 games/s  ETA 98 min
[cards-b4] 45/100  0.01 games/s  ETA 98 min
[cards-b4] 46/100  0.01 games/s  ETA 95 min
[cards-b4] 46/100  0.01 games/s  ETA 96 min
[cards-b4] 46/100  0.01 games/s  ETA 96 min
[cards-b4] 46/100  0.01 games/s  ETA 97 min
[cards-b4] 46/100  0.01 games/s  ETA 98 min
[cards-b4] 46/100  0.01 games/s  ETA 98 min
[cards-b4] 46/100  0.01 games/s  ETA 99 min
[cards-b4] 46/100  0.01 games/s  ETA 99 min
[cards-b4] 46/100  0.01 games/s  ETA 100 min
[cards-b4] 46/100  0.01 games/s  ETA 100 min
[cards-b4] 46/100  0.01 games/s  ETA 101 min
[cards-b4] 46/100  0.01 games/s  ETA 102 min
[cards-b4] 46/100  0.01 games/s  ETA 102 min
[cards-b4] 47/100  0.01 games/s  ETA 99 min
[cards-b4] 47/100  0.01 games/s  ETA 99 min
[cards-b4] 47/100  0.01 games/s  ETA 100 min
[cards-b4] 47/100  0.01 games/s  ETA 100 min
[cards-b4] 47/100  0.01 games/s  ETA 101 min
[cards-b4] 47/100  0.01 games/s  ETA 102 min
[cards-b4] 47/100  0.01 games/s  ETA 102 min
[cards-b4] 47/100  0.01 games/s  ETA 103 min
[cards-b4] 47/100  0.01 games/s  ETA 103 min
[cards-b4] 47/100  0.01 games/s  ETA 104 min
[cards-b4] 47/100  0.01 games/s  ETA 104 min
[cards-b4] 48/100  0.01 games/s  ETA 101 min
[cards-b4] 48/100  0.01 games/s  ETA 101 min
[cards-b4] 49/100  0.01 games/s  ETA 98 min
[cards-b4] 49/100  0.01 games/s  ETA 98 min
[cards-b4] 49/100  0.01 games/s  ETA 99 min
[cards-b4] 49/100  0.01 games/s  ETA 99 min
[cards-b4] 49/100  0.01 games/s  ETA 100 min
[cards-b4] 49/100  0.01 games/s  ETA 101 min
[cards-b4] 49/100  0.01 games/s  ETA 101 min
[cards-b4] 49/100  0.01 games/s  ETA 102 min
[cards-b4] 49/100  0.01 games/s  ETA 102 min
[cards-b4] 49/100  0.01 games/s  ETA 103 min
[cards-b4] 50/100  0.01 games/s  ETA 99 min
[cards-b4] 50/100  0.01 games/s  ETA 100 min
[cards-b4] 51/100  0.01 games/s  ETA 96 min
[cards-b4] 51/100  0.01 games/s  ETA 97 min
[cards-b4] 51/100  0.01 games/s  ETA 97 min
[cards-b4] 51/100  0.01 games/s  ETA 98 min
[cards-b4] 52/100  0.01 games/s  ETA 94 min
[cards-b4] 52/100  0.01 games/s  ETA 95 min
[cards-b4] 52/100  0.01 games/s  ETA 95 min
[cards-b4] 52/100  0.01 games/s  ETA 96 min
[cards-b4] 52/100  0.01 games/s  ETA 96 min
[cards-b4] 52/100  0.01 games/s  ETA 97 min
[cards-b4] 52/100  0.01 games/s  ETA 97 min
[cards-b4] 52/100  0.01 games/s  ETA 97 min
[cards-b4] 52/100  0.01 games/s  ETA 98 min
[cards-b4] 52/100  0.01 games/s  ETA 98 min
[cards-b4] 52/100  0.01 games/s  ETA 99 min
[cards-b4] 52/100  0.01 games/s  ETA 99 min
[cards-b4] 52/100  0.01 games/s  ETA 100 min
[cards-b4] 53/100  0.01 games/s  ETA 96 min
[cards-b4] 53/100  0.01 games/s  ETA 97 min
[cards-b4] 54/100  0.01 games/s  ETA 93 min
[cards-b4] 55/100  0.01 games/s  ETA 90 min
[cards-b4] 56/100  0.01 games/s  ETA 87 min
[cards-b4] 56/100  0.01 games/s  ETA 87 min
[cards-b4] 56/100  0.01 games/s  ETA 88 min
[cards-b4] 56/100  0.01 games/s  ETA 88 min
[cards-b4] 56/100  0.01 games/s  ETA 88 min
[cards-b4] 56/100  0.01 games/s  ETA 89 min
[cards-b4] 57/100  0.01 games/s  ETA 86 min
[cards-b4] 57/100  0.01 games/s  ETA 86 min
[cards-b4] 57/100  0.01 games/s  ETA 86 min
[cards-b4] 57/100  0.01 games/s  ETA 87 min
[cards-b4] 57/100  0.01 games/s  ETA 87 min
[cards-b4] 57/100  0.01 games/s  ETA 88 min
[cards-b4] 59/100  0.01 games/s  ETA 81 min
[cards-b4] 59/100  0.01 games/s  ETA 81 min
[cards-b4] 59/100  0.01 games/s  ETA 82 min
[cards-b4] 59/100  0.01 games/s  ETA 82 min
[cards-b4] 59/100  0.01 games/s  ETA 82 min
[cards-b4] 59/100  0.01 games/s  ETA 83 min
[cards-b4] 59/100  0.01 games/s  ETA 83 min
[cards-b4] 60/100  0.01 games/s  ETA 80 min
[cards-b4] 60/100  0.01 games/s  ETA 80 min
[cards-b4] 60/100  0.01 games/s  ETA 81 min
[cards-b4] 60/100  0.01 games/s  ETA 81 min
[cards-b4] 61/100  0.01 games/s  ETA 78 min
[cards-b4] 61/100  0.01 games/s  ETA 78 min
[cards-b4] 61/100  0.01 games/s  ETA 79 min
[cards-b4] 61/100  0.01 games/s  ETA 79 min
[cards-b4] 61/100  0.01 games/s  ETA 79 min
[cards-b4] 62/100  0.01 games/s  ETA 76 min
[cards-b4] 62/100  0.01 games/s  ETA 77 min
[cards-b4] 63/100  0.01 games/s  ETA 74 min
[cards-b4] 63/100  0.01 games/s  ETA 74 min
[cards-b4] 63/100  0.01 games/s  ETA 74 min
[cards-b4] 63/100  0.01 games/s  ETA 75 min
[cards-b4] 63/100  0.01 games/s  ETA 75 min
[cards-b4] 63/100  0.01 games/s  ETA 75 min
[cards-b4] 63/100  0.01 games/s  ETA 76 min
[cards-b4] 63/100  0.01 games/s  ETA 76 min
[cards-b4] 63/100  0.01 games/s  ETA 76 min
[cards-b4] 64/100  0.01 games/s  ETA 73 min
[cards-b4] 64/100  0.01 games/s  ETA 73 min
[cards-b4] 64/100  0.01 games/s  ETA 74 min
[cards-b4] 64/100  0.01 games/s  ETA 74 min
[cards-b4] 64/100  0.01 games/s  ETA 74 min
[cards-b4] 64/100  0.01 games/s  ETA 75 min
[cards-b4] 64/100  0.01 games/s  ETA 75 min
[cards-b4] 64/100  0.01 games/s  ETA 75 min
[cards-b4] 65/100  0.01 games/s  ETA 72 min
[cards-b4] 66/100  0.01 games/s  ETA 69 min
[cards-b4] 67/100  0.01 games/s  ETA 67 min
[cards-b4] 68/100  0.01 games/s  ETA 64 min
[cards-b4] 68/100  0.01 games/s  ETA 64 min
[cards-b4] 68/100  0.01 games/s  ETA 64 min
[cards-b4] 68/100  0.01 games/s  ETA 65 min
[cards-b4] 68/100  0.01 games/s  ETA 65 min
[cards-b4] 68/100  0.01 games/s  ETA 65 min
[cards-b4] 68/100  0.01 games/s  ETA 65 min
[cards-b4] 69/100  0.01 games/s  ETA 63 min
[cards-b4] 70/100  0.01 games/s  ETA 60 min
[cards-b4] 70/100  0.01 games/s  ETA 60 min
[cards-b4] 71/100  0.01 games/s  ETA 57 min
[cards-b4] 71/100  0.01 games/s  ETA 58 min
[cards-b4] 71/100  0.01 games/s  ETA 58 min
[cards-b4] 71/100  0.01 games/s  ETA 58 min
[cards-b4] 72/100  0.01 games/s  ETA 55 min
[cards-b4] 72/100  0.01 games/s  ETA 56 min
[cards-b4] 72/100  0.01 games/s  ETA 56 min
[cards-b4] 72/100  0.01 games/s  ETA 56 min
[cards-b4] 72/100  0.01 games/s  ETA 56 min
[cards-b4] 73/100  0.01 games/s  ETA 54 min
[cards-b4] 73/100  0.01 games/s  ETA 54 min
[cards-b4] 74/100  0.01 games/s  ETA 51 min
[cards-b4] 74/100  0.01 games/s  ETA 52 min
[cards-b4] 74/100  0.01 games/s  ETA 52 min
[cards-b4] 74/100  0.01 games/s  ETA 52 min
[cards-b4] 74/100  0.01 games/s  ETA 52 min
[cards-b4] 74/100  0.01 games/s  ETA 52 min
[cards-b4] 74/100  0.01 games/s  ETA 52 min
[cards-b4] 74/100  0.01 games/s  ETA 53 min
[cards-b4] 75/100  0.01 games/s  ETA 50 min
[cards-b4] 75/100  0.01 games/s  ETA 50 min
[cards-b4] 75/100  0.01 games/s  ETA 50 min
[cards-b4] 75/100  0.01 games/s  ETA 51 min
[cards-b4] 75/100  0.01 games/s  ETA 51 min
[cards-b4] 76/100  0.01 games/s  ETA 48 min
[cards-b4] 76/100  0.01 games/s  ETA 48 min
[cards-b4] 77/100  0.01 games/s  ETA 46 min
[cards-b4] 77/100  0.01 games/s  ETA 46 min
[cards-b4] 77/100  0.01 games/s  ETA 46 min
[cards-b4] 77/100  0.01 games/s  ETA 46 min
[cards-b4] 77/100  0.01 games/s  ETA 46 min
[cards-b4] 77/100  0.01 games/s  ETA 47 min
[cards-b4] 77/100  0.01 games/s  ETA 47 min
[cards-b4] 77/100  0.01 games/s  ETA 47 min
[cards-b4] 78/100  0.01 games/s  ETA 44 min
[cards-b4] 78/100  0.01 games/s  ETA 45 min
[cards-b4] 78/100  0.01 games/s  ETA 45 min
[cards-b4] 78/100  0.01 games/s  ETA 45 min
[cards-b4] 78/100  0.01 games/s  ETA 45 min
[cards-b4] 78/100  0.01 games/s  ETA 45 min
[cards-b4] 79/100  0.01 games/s  ETA 43 min
[cards-b4] 79/100  0.01 games/s  ETA 43 min
[cards-b4] 79/100  0.01 games/s  ETA 43 min
[cards-b4] 80/100  0.01 games/s  ETA 41 min
[cards-b4] 80/100  0.01 games/s  ETA 41 min
[cards-b4] 80/100  0.01 games/s  ETA 41 min
[cards-b4] 80/100  0.01 games/s  ETA 41 min
[cards-b4] 80/100  0.01 games/s  ETA 41 min
[cards-b4] 81/100  0.01 games/s  ETA 39 min
[cards-b4] 81/100  0.01 games/s  ETA 39 min
[cards-b4] 82/100  0.01 games/s  ETA 36 min
[cards-b4] 82/100  0.01 games/s  ETA 36 min
[cards-b4] 82/100  0.01 games/s  ETA 37 min
[cards-b4] 82/100  0.01 games/s  ETA 37 min
[cards-b4] 82/100  0.01 games/s  ETA 37 min
[cards-b4] 82/100  0.01 games/s  ETA 37 min
[cards-b4] 82/100  0.01 games/s  ETA 37 min
[cards-b4] 82/100  0.01 games/s  ETA 37 min
[cards-b4] 82/100  0.01 games/s  ETA 37 min
[cards-b4] 82/100  0.01 games/s  ETA 37 min
[cards-b4] 82/100  0.01 games/s  ETA 37 min
[cards-b4] 84/100  0.01 games/s  ETA 33 min
[cards-b4] 84/100  0.01 games/s  ETA 33 min
[cards-b4] 84/100  0.01 games/s  ETA 33 min
[cards-b4] 84/100  0.01 games/s  ETA 33 min
[cards-b4] 84/100  0.01 games/s  ETA 33 min
[cards-b4] 84/100  0.01 games/s  ETA 33 min
[cards-b4] 84/100  0.01 games/s  ETA 33 min
[cards-b4] 84/100  0.01 games/s  ETA 33 min
[cards-b4] 84/100  0.01 games/s  ETA 33 min
[cards-b4] 85/100  0.01 games/s  ETA 31 min
[cards-b4] 86/100  0.01 games/s  ETA 29 min
[cards-b4] 86/100  0.01 games/s  ETA 29 min
[cards-b4] 86/100  0.01 games/s  ETA 29 min
[cards-b4] 86/100  0.01 games/s  ETA 29 min
[cards-b4] 87/100  0.01 games/s  ETA 27 min
[cards-b4] 87/100  0.01 games/s  ETA 27 min
[cards-b4] 88/100  0.01 games/s  ETA 24 min
[cards-b4] 88/100  0.01 games/s  ETA 24 min
[cards-b4] 88/100  0.01 games/s  ETA 25 min
[cards-b4] 88/100  0.01 games/s  ETA 25 min
[cards-b4] 88/100  0.01 games/s  ETA 25 min
[cards-b4] 88/100  0.01 games/s  ETA 25 min
[cards-b4] 88/100  0.01 games/s  ETA 25 min
[cards-b4] 88/100  0.01 games/s  ETA 25 min
[cards-b4] 89/100  0.01 games/s  ETA 23 min
[cards-b4] 89/100  0.01 games/s  ETA 23 min
[cards-b4] 89/100  0.01 games/s  ETA 23 min
[cards-b4] 89/100  0.01 games/s  ETA 23 min
[cards-b4] 89/100  0.01 games/s  ETA 23 min
[cards-b4] 89/100  0.01 games/s  ETA 23 min
[cards-b4] 89/100  0.01 games/s  ETA 23 min
[cards-b4] 89/100  0.01 games/s  ETA 23 min
[cards-b4] 90/100  0.01 games/s  ETA 21 min
[cards-b4] 90/100  0.01 games/s  ETA 21 min
[cards-b4] 90/100  0.01 games/s  ETA 21 min
[cards-b4] 90/100  0.01 games/s  ETA 21 min
[cards-b4] 91/100  0.01 games/s  ETA 19 min
[cards-b4] 91/100  0.01 games/s  ETA 19 min
[cards-b4] 91/100  0.01 games/s  ETA 19 min
[cards-b4] 91/100  0.01 games/s  ETA 19 min
[cards-b4] 91/100  0.01 games/s  ETA 19 min
[cards-b4] 91/100  0.01 games/s  ETA 19 min
[cards-b4] 91/100  0.01 games/s  ETA 19 min
[cards-b4] 92/100  0.01 games/s  ETA 17 min
[cards-b4] 92/100  0.01 games/s  ETA 17 min
[cards-b4] 92/100  0.01 games/s  ETA 17 min
[cards-b4] 92/100  0.01 games/s  ETA 17 min
[cards-b4] 92/100  0.01 games/s  ETA 17 min
[cards-b4] 92/100  0.01 games/s  ETA 17 min
[cards-b4] 92/100  0.01 games/s  ETA 17 min
[cards-b4] 92/100  0.01 games/s  ETA 17 min
[cards-b4] 92/100  0.01 games/s  ETA 17 min
[cards-b4] 92/100  0.01 games/s  ETA 17 min
[cards-b4] 92/100  0.01 games/s  ETA 17 min
[cards-b4] 93/100  0.01 games/s  ETA 15 min
[cards-b4] 93/100  0.01 games/s  ETA 15 min
[cards-b4] 93/100  0.01 games/s  ETA 15 min
[cards-b4] 94/100  0.01 games/s  ETA 13 min
[cards-b4] 94/100  0.01 games/s  ETA 13 min
[cards-b4] 94/100  0.01 games/s  ETA 13 min
[cards-b4] 94/100  0.01 games/s  ETA 13 min
[cards-b4] 95/100  0.01 games/s  ETA 11 min
[cards-b4] 95/100  0.01 games/s  ETA 11 min
[cards-b4] 95/100  0.01 games/s  ETA 11 min
[cards-b4] 95/100  0.01 games/s  ETA 11 min
[cards-b4] 95/100  0.01 games/s  ETA 11 min
[cards-b4] 95/100  0.01 games/s  ETA 11 min
[cards-b4] 95/100  0.01 games/s  ETA 11 min
[cards-b4] 95/100  0.01 games/s  ETA 11 min
[cards-b4] 95/100  0.01 games/s  ETA 11 min
[cards-b4] 95/100  0.01 games/s  ETA 11 min
[cards-b4] 95/100  0.01 games/s  ETA 11 min
[cards-b4] 95/100  0.01 games/s  ETA 11 min
[cards-b4] 95/100  0.01 games/s  ETA 11 min
[cards-b4] 96/100  0.01 games/s  ETA 9 min
[cards-b4] 96/100  0.01 games/s  ETA 9 min
[cards-b4] 96/100  0.01 games/s  ETA 9 min
[cards-b4] 97/100  0.01 games/s  ETA 6 min
[cards-b4] 97/100  0.01 games/s  ETA 7 min
[cards-b4] 98/100  0.01 games/s  ETA 4 min
[cards-b4] 98/100  0.01 games/s  ETA 4 min
[cards-b4] 98/100  0.01 games/s  ETA 4 min
[cards-b4] 98/100  0.01 games/s  ETA 4 min
[cards-b4] 99/100  0.01 games/s  ETA 2 min
[cards-b4] 99/100  0.01 games/s  ETA 2 min
[cards-b4] 99/100  0.01 games/s  ETA 2 min
[cards-b4] 99/100  0.01 games/s  ETA 2 min
[cards-b4] 99/100  0.01 games/s  ETA 2 min
[cards-b4] 99/100  0.01 games/s  ETA 2 min
[cards-b4] 99/100  0.01 games/s  ETA 2 min
[cards-b4] 99/100  0.01 games/s  ETA 2 min
[cards-b4] 99/100  0.01 games/s  ETA 2 min
[cards-b4] 99/100  0.01 games/s  ETA 2 min
[cards-b4] 99/100  0.01 games/s  ETA 2 min
[cards-b4] 99/100  0.01 games/s  ETA 2 min
[cards-b4] 99/100  0.01 games/s  ETA 2 min
[cards-b4] 99/100  0.01 games/s  ETA 2 min
[cards-b4] 99/100  0.01 games/s  ETA 2 min
[cards-b4] 99/100  0.01 games/s  ETA 2 min
[cards-b4] 99/100  0.01 games/s  ETA 2 min
[cards-b4] 99/100  0.01 games/s  ETA 2 min
[cards-b4] 99/100  0.01 games/s  ETA 2 min
[cards-b4] 99/100  0.01 games/s  ETA 2 min
[cards-b4] 99/100  0.01 games/s  ETA 2 min
[cards-b4] 99/100  0.01 games/s  ETA 2 min
[cards-b4] 99/100  0.01 games/s  ETA 2 min
[cards-b4] 99/100  0.01 games/s  ETA 2 min
[cards-b4] 99/100  0.01 games/s  ETA 2 min
[cards-b4] 99/100  0.01 games/s  ETA 2 min
[cards-b4] 99/100  0.01 games/s  ETA 2 min
[cards-b4] 99/100  0.01 games/s  ETA 2 min
[cards-b4] 99/100  0.01 games/s  ETA 2 min
[cards-b4] 99/100  0.01 games/s  ETA 2 min
[cards-b4] 99/100  0.01 games/s  ETA 2 min
[cards-b4] 99/100  0.01 games/s  ETA 2 min
[cards-b4] 99/100  0.01 games/s  ETA 2 min
[cards-b4] 99/100  0.01 games/s  ETA 2 min
[cards-b4] 99/100  0.01 games/s  ETA 2 min
[cards-b4] 99/100  0.01 games/s  ETA 2 min
[cards-b4] 99/100  0.01 games/s  ETA 2 min
[cards-b4] 99/100  0.01 games/s  ETA 2 min
[cards-b4] 99/100  0.01 games/s  ETA 2 min
[cards-b4] 99/100  0.01 games/s  ETA 2 min
[cards-b4] 100 games in 232.4 min
