[cards-b4] 2 entrants, 100 games (841 done), depth 3, armies perPair, 1 workers
[cards-b4] rules {"markFree":true,"hasteCaptures":false,"strikeCaptures":false,"strikePawns":false}
[cards-b4] 0/83  0.00 games/s  ETA Infinity min
[cards-b4] 0/83  0.00 games/s  ETA Infinity min
[cards-b4] 0/83  0.00 games/s  ETA Infinity min
[cards-b4] 0/83  0.00 games/s  ETA Infinity min
[cards-b4] 0/83  0.00 games/s  ETA Infinity min
[cards-b4] 0/83  0.00 games/s  ETA Infinity min
[cards-b4] 0/83  0.00 games/s  ETA Infinity min
[cards-b4] 0/83  0.00 games/s  ETA Infinity min
[cards-b4] 0/83  0.00 games/s  ETA Infinity min
[cards-b4] 0/83  0.00 games/s  ETA Infinity min
[cards-b4] 0/83  0.00 games/s  ETA Infinity min
[cards-b4] 1/83  0.00 games/s  ETA 492 min
[cards-b4] 1/83  0.00 games/s  ETA 533 min
[cards-b4] 1/83  0.00 games/s  ETA 574 min
[cards-b4] 1/83  0.00 games/s  ETA 615 min
[cards-b4] 1/83  0.00 games/s  ETA 656 min
[cards-b4] 1/83  0.00 games/s  ETA 697 min
[cards-b4] 1/83  0.00 games/s  ETA 738 min
[cards-b4] 2/83  0.00 games/s  ETA 385 min
[cards-b4] 2/83  0.00 games/s  ETA 405 min
[cards-b4] 2/83  0.00 games/s  ETA 425 min
[cards-b4] 2/83  0.00 games/s  ETA 446 min
[cards-b4] 3/83  0.00 games/s  ETA 307 min
[cards-b4] 3/83  0.00 games/s  ETA 320 min
[cards-b4] 4/83  0.01 games/s  ETA 247 min
[cards-b4] 4/83  0.01 games/s  ETA 257 min
[cards-b4] 4/83  0.00 games/s  ETA 267 min
[cards-b4] 5/83  0.01 games/s  ETA 218 min
[cards-b4] 5/83  0.01 games/s  ETA 226 min
[cards-b4] 5/83  0.01 games/s  ETA 234 min
[cards-b4] 5/83  0.01 games/s  ETA 242 min
[cards-b4] 5/83  0.01 games/s  ETA 250 min
[cards-b4] 5/83  0.01 games/s  ETA 257 min
[cards-b4] 6/83  0.01 games/s  ETA 218 min
[cards-b4] 6/83  0.01 games/s  ETA 225 min
[cards-b4] 7/83  0.01 games/s  ETA 195 min
[cards-b4] 7/83  0.01 games/s  ETA 201 min
[cards-b4] 7/83  0.01 games/s  ETA 206 min
[cards-b4] 7/83  0.01 games/s  ETA 212 min
[cards-b4] 7/83  0.01 games/s  ETA 217 min
[cards-b4] 7/83  0.01 games/s  ETA 223 min
[cards-b4] 8/83  0.01 games/s  ETA 197 min
[cards-b4] 8/83  0.01 games/s  ETA 202 min
[cards-b4] 9/83  0.01 games/s  ETA 181 min
[cards-b4] 9/83  0.01 games/s  ETA 185 min
[cards-b4] 9/83  0.01 games/s  ETA 189 min
[cards-b4] 10/83  0.01 games/s  ETA 172 min
[cards-b4] 10/83  0.01 games/s  ETA 175 min
[cards-b4] 10/83  0.01 games/s  ETA 179 min
[cards-b4] 10/83  0.01 games/s  ETA 183 min
[cards-b4] 10/83  0.01 games/s  ETA 186 min
[cards-b4] 11/83  0.01 games/s  ETA 170 min
[cards-b4] 11/83  0.01 games/s  ETA 173 min
[cards-b4] 11/83  0.01 games/s  ETA 177 min
[cards-b4] 11/83  0.01 games/s  ETA 180 min
[cards-b4] 11/83  0.01 games/s  ETA 183 min
[cards-b4] 11/83  0.01 games/s  ETA 187 min
[cards-b4] 11/83  0.01 games/s  ETA 190 min
[cards-b4] 11/83  0.01 games/s  ETA 193 min
[cards-b4] 11/83  0.01 games/s  ETA 196 min
[cards-b4] 11/83  0.01 games/s  ETA 200 min
[cards-b4] 12/83  0.01 games/s  ETA 183 min
[cards-b4] 12/83  0.01 games/s  ETA 186 min
[cards-b4] 12/83  0.01 games/s  ETA 189 min
[cards-b4] 12/83  0.01 games/s  ETA 192 min
[cards-b4] 12/83  0.01 games/s  ETA 195 min
[cards-b4] 12/83  0.01 games/s  ETA 198 min
[cards-b4] 13/83  0.01 games/s  ETA 183 min
[cards-b4] 13/83  0.01 games/s  ETA 186 min
[cards-b4] 13/83  0.01 games/s  ETA 188 min
[cards-b4] 14/83  0.01 games/s  ETA 175 min
[cards-b4] 14/83  0.01 games/s  ETA 177 min
[cards-b4] 14/83  0.01 games/s  ETA 180 min
[cards-b4] 14/83  0.01 games/s  ETA 182 min
[cards-b4] 15/83  0.01 games/s  ETA 170 min
[cards-b4] 15/83  0.01 games/s  ETA 172 min
[cards-b4] 15/83  0.01 games/s  ETA 175 min
[cards-b4] 15/83  0.01 games/s  ETA 177 min
[cards-b4] 16/83  0.01 games/s  ETA 165 min
[cards-b4] 16/83  0.01 games/s  ETA 168 min
[cards-b4] 17/83  0.01 games/s  ETA 157 min
[cards-b4] 17/83  0.01 games/s  ETA 159 min
[cards-b4] 17/83  0.01 games/s  ETA 161 min
[cards-b4] 17/83  0.01 games/s  ETA 163 min
[cards-b4] 18/83  0.01 games/s  ETA 153 min
[cards-b4] 18/83  0.01 games/s  ETA 155 min
[cards-b4] 19/83  0.01 games/s  ETA 147 min
[cards-b4] 19/83  0.01 games/s  ETA 148 min
[cards-b4] 20/83  0.01 games/s  ETA 140 min
[cards-b4] 20/83  0.01 games/s  ETA 142 min
[cards-b4] 20/83  0.01 games/s  ETA 143 min
[cards-b4] 20/83  0.01 games/s  ETA 145 min
[cards-b4] 21/83  0.01 games/s  ETA 137 min
[cards-b4] 21/83  0.01 games/s  ETA 139 min
[cards-b4] 22/83  0.01 games/s  ETA 132 min
[cards-b4] 23/83  0.01 games/s  ETA 125 min
[cards-b4] 23/83  0.01 games/s  ETA 127 min
[cards-b4] 23/83  0.01 games/s  ETA 128 min
[cards-b4] 23/83  0.01 games/s  ETA 129 min
[cards-b4] 24/83  0.01 games/s  ETA 123 min
[cards-b4] 24/83  0.01 games/s  ETA 124 min
[cards-b4] 24/83  0.01 games/s  ETA 125 min
[cards-b4] 24/83  0.01 games/s  ETA 127 min
[cards-b4] 24/83  0.01 games/s  ETA 128 min
[cards-b4] 24/83  0.01 games/s  ETA 129 min
[cards-b4] 25/83  0.01 games/s  ETA 123 min
[cards-b4] 25/83  0.01 games/s  ETA 124 min
[cards-b4] 25/83  0.01 games/s  ETA 125 min
[cards-b4] 26/83  0.01 games/s  ETA 119 min
[cards-b4] 26/83  0.01 games/s  ETA 121 min
[cards-b4] 26/83  0.01 games/s  ETA 122 min
[cards-b4] 26/83  0.01 games/s  ETA 123 min
[cards-b4] 26/83  0.01 games/s  ETA 124 min
[cards-b4] 26/83  0.01 games/s  ETA 125 min
[cards-b4] 27/83  0.01 games/s  ETA 119 min
[cards-b4] 27/83  0.01 games/s  ETA 120 min
[cards-b4] 28/83  0.01 games/s  ETA 115 min
[cards-b4] 29/83  0.01 games/s  ETA 110 min
[cards-b4] 29/83  0.01 games/s  ETA 111 min
[cards-b4] 29/83  0.01 games/s  ETA 112 min
[cards-b4] 30/83  0.01 games/s  ETA 107 min
[cards-b4] 30/83  0.01 games/s  ETA 108 min
[cards-b4] 31/83  0.01 games/s  ETA 103 min
[cards-b4] 31/83  0.01 games/s  ETA 104 min
[cards-b4] 31/83  0.01 games/s  ETA 105 min
[cards-b4] 32/83  0.01 games/s  ETA 100 min
[cards-b4] 32/83  0.01 games/s  ETA 101 min
[cards-b4] 32/83  0.01 games/s  ETA 102 min
[cards-b4] 32/83  0.01 games/s  ETA 103 min
[cards-b4] 33/83  0.01 games/s  ETA 98 min
[cards-b4] 33/83  0.01 games/s  ETA 99 min
[cards-b4] 33/83  0.01 games/s  ETA 100 min
[cards-b4] 33/83  0.01 games/s  ETA 101 min
[cards-b4] 33/83  0.01 games/s  ETA 102 min
[cards-b4] 33/83  0.01 games/s  ETA 102 min
[cards-b4] 34/83  0.01 games/s  ETA 98 min
[cards-b4] 34/83  0.01 games/s  ETA 99 min
[cards-b4] 34/83  0.01 games/s  ETA 99 min
[cards-b4] 34/83  0.01 games/s  ETA 100 min
[cards-b4] 34/83  0.01 games/s  ETA 101 min
[cards-b4] 34/83  0.01 games/s  ETA 102 min
[cards-b4] 34/83  0.01 games/s  ETA 102 min
[cards-b4] 34/83  0.01 games/s  ETA 103 min
[cards-b4] 34/83  0.01 games/s  ETA 104 min
[cards-b4] 35/83  0.01 games/s  ETA 99 min
[cards-b4] 35/83  0.01 games/s  ETA 100 min
[cards-b4] 35/83  0.01 games/s  ETA 101 min
[cards-b4] 35/83  0.01 games/s  ETA 101 min
[cards-b4] 36/83  0.01 games/s  ETA 97 min
[cards-b4] 36/83  0.01 games/s  ETA 98 min
[cards-b4] 36/83  0.01 games/s  ETA 99 min
[cards-b4] 36/83  0.01 games/s  ETA 99 min
[cards-b4] 36/83  0.01 games/s  ETA 100 min
[cards-b4] 36/83  0.01 games/s  ETA 101 min
[cards-b4] 37/83  0.01 games/s  ETA 96 min
[cards-b4] 37/83  0.01 games/s  ETA 97 min
[cards-b4] 38/83  0.01 games/s  ETA 93 min
[cards-b4] 38/83  0.01 games/s  ETA 94 min
[cards-b4] 38/83  0.01 games/s  ETA 94 min
[cards-b4] 38/83  0.01 games/s  ETA 95 min
[cards-b4] 38/83  0.01 games/s  ETA 95 min
[cards-b4] 38/83  0.01 games/s  ETA 96 min
[cards-b4] 38/83  0.01 games/s  ETA 97 min
[cards-b4] 38/83  0.01 games/s  ETA 97 min
[cards-b4] 38/83  0.01 games/s  ETA 98 min
[cards-b4] 38/83  0.01 games/s  ETA 98 min
[cards-b4] 38/83  0.01 games/s  ETA 99 min
[cards-b4] 38/83  0.01 games/s  ETA 99 min
[cards-b4] 38/83  0.01 games/s  ETA 100 min
[cards-b4] 38/83  0.01 games/s  ETA 101 min
[cards-b4] 38/83  0.01 games/s  ETA 101 min
[cards-b4] 39/83  0.01 games/s  ETA 97 min
[cards-b4] 39/83  0.01 games/s  ETA 98 min
[cards-b4] 40/83  0.01 games/s  ETA 94 min
[cards-b4] 40/83  0.01 games/s  ETA 94 min
[cards-b4] 41/83  0.01 games/s  ETA 90 min
[cards-b4] 41/83  0.01 games/s  ETA 91 min
[cards-b4] 41/83  0.01 games/s  ETA 91 min
[cards-b4] 41/83  0.01 games/s  ETA 92 min
[cards-b4] 41/83  0.01 games/s  ETA 92 min
[cards-b4] 42/83  0.01 games/s  ETA 88 min
[cards-b4] 42/83  0.01 games/s  ETA 89 min
[cards-b4] 42/83  0.01 games/s  ETA 89 min
[cards-b4] 42/83  0.01 games/s  ETA 90 min
[cards-b4] 42/83  0.01 games/s  ETA 90 min
[cards-b4] 42/83  0.01 games/s  ETA 91 min
[cards-b4] 42/83  0.01 games/s  ETA 91 min
[cards-b4] 43/83  0.01 games/s  ETA 87 min
[cards-b4] 43/83  0.01 games/s  ETA 88 min
[cards-b4] 43/83  0.01 games/s  ETA 88 min
[cards-b4] 43/83  0.01 games/s  ETA 89 min
[cards-b4] 43/83  0.01 games/s  ETA 89 min
[cards-b4] 43/83  0.01 games/s  ETA 90 min
[cards-b4] 44/83  0.01 games/s  ETA 86 min
[cards-b4] 45/83  0.01 games/s  ETA 82 min
[cards-b4] 45/83  0.01 games/s  ETA 83 min
[cards-b4] 45/83  0.01 games/s  ETA 83 min
[cards-b4] 46/83  0.01 games/s  ETA 80 min
[cards-b4] 46/83  0.01 games/s  ETA 80 min
[cards-b4] 46/83  0.01 games/s  ETA 80 min
[cards-b4] 46/83  0.01 games/s  ETA 81 min
[cards-b4] 46/83  0.01 games/s  ETA 81 min
[cards-b4] 46/83  0.01 games/s  ETA 82 min
[cards-b4] 46/83  0.01 games/s  ETA 82 min
[cards-b4] 46/83  0.01 games/s  ETA 82 min
[cards-b4] 47/83  0.01 games/s  ETA 79 min
[cards-b4] 47/83  0.01 games/s  ETA 79 min
[cards-b4] 47/83  0.01 games/s  ETA 80 min
[cards-b4] 47/83  0.01 games/s  ETA 80 min
[cards-b4] 47/83  0.01 games/s  ETA 80 min
[cards-b4] 47/83  0.01 games/s  ETA 81 min
[cards-b4] 47/83  0.01 games/s  ETA 81 min
[cards-b4] 48/83  0.01 games/s  ETA 78 min
[cards-b4] 48/83  0.01 games/s  ETA 78 min
[cards-b4] 48/83  0.01 games/s  ETA 78 min
[cards-b4] 49/83  0.01 games/s  ETA 75 min
[cards-b4] 49/83  0.01 games/s  ETA 75 min
[cards-b4] 49/83  0.01 games/s  ETA 76 min
[cards-b4] 49/83  0.01 games/s  ETA 76 min
[cards-b4] 49/83  0.01 games/s  ETA 76 min
[cards-b4] 49/83  0.01 games/s  ETA 77 min
[cards-b4] 49/83  0.01 games/s  ETA 77 min
[cards-b4] 49/83  0.01 games/s  ETA 77 min
[cards-b4] 49/83  0.01 games/s  ETA 78 min
[cards-b4] 50/83  0.01 games/s  ETA 74 min
[cards-b4] 50/83  0.01 games/s  ETA 75 min
[cards-b4] 50/83  0.01 games/s  ETA 75 min
[cards-b4] 50/83  0.01 games/s  ETA 75 min
[cards-b4] 50/83  0.01 games/s  ETA 76 min
[cards-b4] 51/83  0.01 games/s  ETA 72 min
[cards-b4] 51/83  0.01 games/s  ETA 72 min
[cards-b4] 51/83  0.01 games/s  ETA 73 min
[cards-b4] 51/83  0.01 games/s  ETA 73 min
[cards-b4] 51/83  0.01 games/s  ETA 73 min
[cards-b4] 52/83  0.01 games/s  ETA 70 min
[cards-b4] 52/83  0.01 games/s  ETA 70 min
[cards-b4] 52/83  0.01 games/s  ETA 71 min
[cards-b4] 52/83  0.01 games/s  ETA 71 min
[cards-b4] 52/83  0.01 games/s  ETA 71 min
[cards-b4] 52/83  0.01 games/s  ETA 72 min
[cards-b4] 52/83  0.01 games/s  ETA 72 min
[cards-b4] 53/83  0.01 games/s  ETA 68 min
[cards-b4] 53/83  0.01 games/s  ETA 69 min
[cards-b4] 53/83  0.01 games/s  ETA 69 min
[cards-b4] 53/83  0.01 games/s  ETA 69 min
[cards-b4] 54/83  0.01 games/s  ETA 66 min
[cards-b4] 54/83  0.01 games/s  ETA 66 min
[cards-b4] 54/83  0.01 games/s  ETA 67 min
[cards-b4] 55/83  0.01 games/s  ETA 63 min
[cards-b4] 55/83  0.01 games/s  ETA 64 min
[cards-b4] 55/83  0.01 games/s  ETA 64 min
[cards-b4] 55/83  0.01 games/s  ETA 64 min
[cards-b4] 55/83  0.01 games/s  ETA 64 min
[cards-b4] 55/83  0.01 games/s  ETA 65 min
[cards-b4] 56/83  0.01 games/s  ETA 61 min
[cards-b4] 56/83  0.01 games/s  ETA 62 min
[cards-b4] 57/83  0.01 games/s  ETA 59 min
[cards-b4] 57/83  0.01 games/s  ETA 59 min
[cards-b4] 57/83  0.01 games/s  ETA 59 min
[cards-b4] 57/83  0.01 games/s  ETA 59 min
[cards-b4] 57/83  0.01 games/s  ETA 60 min
[cards-b4] 58/83  0.01 games/s  ETA 56 min
[cards-b4] 58/83  0.01 games/s  ETA 57 min
[cards-b4] 59/83  0.01 games/s  ETA 54 min
[cards-b4] 59/83  0.01 games/s  ETA 54 min
[cards-b4] 59/83  0.01 games/s  ETA 54 min
[cards-b4] 59/83  0.01 games/s  ETA 54 min
[cards-b4] 60/83  0.01 games/s  ETA 51 min
[cards-b4] 60/83  0.01 games/s  ETA 52 min
[cards-b4] 60/83  0.01 games/s  ETA 52 min
[cards-b4] 60/83  0.01 games/s  ETA 52 min
[cards-b4] 60/83  0.01 games/s  ETA 52 min
[cards-b4] 60/83  0.01 games/s  ETA 52 min
[cards-b4] 61/83  0.01 games/s  ETA 49 min
[cards-b4] 61/83  0.01 games/s  ETA 50 min
[cards-b4] 61/83  0.01 games/s  ETA 50 min
[cards-b4] 62/83  0.01 games/s  ETA 47 min
[cards-b4] 62/83  0.01 games/s  ETA 47 min
[cards-b4] 62/83  0.01 games/s  ETA 47 min
[cards-b4] 62/83  0.01 games/s  ETA 47 min
[cards-b4] 62/83  0.01 games/s  ETA 48 min
[cards-b4] 63/83  0.01 games/s  ETA 45 min
[cards-b4] 63/83  0.01 games/s  ETA 45 min
[cards-b4] 63/83  0.01 games/s  ETA 45 min
[cards-b4] 64/83  0.01 games/s  ETA 42 min
[cards-b4] 64/83  0.01 games/s  ETA 42 min
[cards-b4] 64/83  0.01 games/s  ETA 43 min
[cards-b4] 64/83  0.01 games/s  ETA 43 min
[cards-b4] 65/83  0.01 games/s  ETA 40 min
[cards-b4] 65/83  0.01 games/s  ETA 40 min
[cards-b4] 65/83  0.01 games/s  ETA 40 min
[cards-b4] 65/83  0.01 games/s  ETA 40 min
[cards-b4] 65/83  0.01 games/s  ETA 41 min
[cards-b4] 65/83  0.01 games/s  ETA 41 min
[cards-b4] 66/83  0.01 games/s  ETA 38 min
[cards-b4] 66/83  0.01 games/s  ETA 38 min
[cards-b4] 67/83  0.01 games/s  ETA 35 min
[cards-b4] 67/83  0.01 games/s  ETA 36 min
[cards-b4] 67/83  0.01 games/s  ETA 36 min
[cards-b4] 67/83  0.01 games/s  ETA 36 min
[cards-b4] 68/83  0.01 games/s  ETA 33 min
[cards-b4] 69/83  0.01 games/s  ETA 31 min
[cards-b4] 69/83  0.01 games/s  ETA 31 min
[cards-b4] 69/83  0.01 games/s  ETA 31 min
[cards-b4] 69/83  0.01 games/s  ETA 31 min
[cards-b4] 69/83  0.01 games/s  ETA 31 min
[cards-b4] 69/83  0.01 games/s  ETA 31 min
[cards-b4] 69/83  0.01 games/s  ETA 31 min
[cards-b4] 70/83  0.01 games/s  ETA 29 min
[cards-b4] 70/83  0.01 games/s  ETA 29 min
[cards-b4] 70/83  0.01 games/s  ETA 29 min
[cards-b4] 70/83  0.01 games/s  ETA 29 min
[cards-b4] 71/83  0.01 games/s  ETA 26 min
[cards-b4] 71/83  0.01 games/s  ETA 27 min
[cards-b4] 71/83  0.01 games/s  ETA 27 min
[cards-b4] 71/83  0.01 games/s  ETA 27 min
[cards-b4] 71/83  0.01 games/s  ETA 27 min
[cards-b4] 71/83  0.01 games/s  ETA 27 min
[cards-b4] 72/83  0.01 games/s  ETA 24 min
[cards-b4] 72/83  0.01 games/s  ETA 24 min
[cards-b4] 72/83  0.01 games/s  ETA 25 min
[cards-b4] 73/83  0.01 games/s  ETA 22 min
[cards-b4] 73/83  0.01 games/s  ETA 22 min
[cards-b4] 73/83  0.01 games/s  ETA 22 min
[cards-b4] 73/83  0.01 games/s  ETA 22 min
[cards-b4] 73/83  0.01 games/s  ETA 22 min
[cards-b4] 73/83  0.01 games/s  ETA 22 min
[cards-b4] 73/83  0.01 games/s  ETA 22 min
[cards-b4] 73/83  0.01 games/s  ETA 23 min
[cards-b4] 74/83  0.01 games/s  ETA 20 min
[cards-b4] 74/83  0.01 games/s  ETA 20 min
[cards-b4] 74/83  0.01 games/s  ETA 20 min
[cards-b4] 74/83  0.01 games/s  ETA 20 min
[cards-b4] 74/83  0.01 games/s  ETA 20 min
[cards-b4] 74/83  0.01 games/s  ETA 20 min
[cards-b4] 75/83  0.01 games/s  ETA 18 min
[cards-b4] 75/83  0.01 games/s  ETA 18 min
[cards-b4] 75/83  0.01 games/s  ETA 18 min
[cards-b4] 76/83  0.01 games/s  ETA 16 min
[cards-b4] 76/83  0.01 games/s  ETA 16 min
[cards-b4] 76/83  0.01 games/s  ETA 16 min
[cards-b4] 76/83  0.01 games/s  ETA 16 min
[cards-b4] 77/83  0.01 games/s  ETA 13 min
[cards-b4] 77/83  0.01 games/s  ETA 13 min
[cards-b4] 77/83  0.01 games/s  ETA 13 min
[cards-b4] 77/83  0.01 games/s  ETA 13 min
[cards-b4] 78/83  0.01 games/s  ETA 11 min
[cards-b4] 78/83  0.01 games/s  ETA 11 min
[cards-b4] 78/83  0.01 games/s  ETA 11 min
[cards-b4] 79/83  0.01 games/s  ETA 9 min
[cards-b4] 79/83  0.01 games/s  ETA 9 min
[cards-b4] 79/83  0.01 games/s  ETA 9 min
[cards-b4] 80/83  0.01 games/s  ETA 7 min
[cards-b4] 80/83  0.01 games/s  ETA 7 min
[cards-b4] 80/83  0.01 games/s  ETA 7 min
[cards-b4] 80/83  0.01 games/s  ETA 7 min
[cards-b4] 80/83  0.01 games/s  ETA 7 min
[cards-b4] 80/83  0.01 games/s  ETA 7 min
[cards-b4] 80/83  0.01 games/s  ETA 7 min
[cards-b4] 81/83  0.01 games/s  ETA 4 min
[cards-b4] 81/83  0.01 games/s  ETA 4 min
[cards-b4] 81/83  0.01 games/s  ETA 4 min
[cards-b4] 81/83  0.01 games/s  ETA 4 min
[cards-b4] 81/83  0.01 games/s  ETA 4 min
[cards-b4] 82/83  0.01 games/s  ETA 2 min
[cards-b4] 82/83  0.01 games/s  ETA 2 min
[cards-b4] 82/83  0.01 games/s  ETA 2 min
[cards-b4] 82/83  0.01 games/s  ETA 2 min
[cards-b4] 83 games in 184.3 min
