[cards-b4] 2 entrants, 100 games (841 done), depth 3, armies perPair, 1 workers
[cards-b4] rules {"markFree":true,"hasteCaptures":false,"strikeCaptures":false,"strikePawns":false}
[cards-b4] 0/89  0.00 games/s  ETA Infinity min
[cards-b4] 0/89  0.00 games/s  ETA Infinity min
[cards-b4] 0/89  0.00 games/s  ETA Infinity min
[cards-b4] 0/89  0.00 games/s  ETA Infinity min
[cards-b4] 1/89  0.01 games/s  ETA 220 min
[cards-b4] 1/89  0.01 games/s  ETA 264 min
[cards-b4] 1/89  0.00 games/s  ETA 308 min
[cards-b4] 1/89  0.00 games/s  ETA 352 min
[cards-b4] 2/89  0.01 games/s  ETA 196 min
[cards-b4] 2/89  0.01 games/s  ETA 218 min
[cards-b4] 3/89  0.01 games/s  ETA 158 min
[cards-b4] 3/89  0.01 games/s  ETA 172 min
[cards-b4] 3/89  0.01 games/s  ETA 186 min
[cards-b4] 4/89  0.01 games/s  ETA 149 min
[cards-b4] 4/89  0.01 games/s  ETA 159 min
[cards-b4] 4/89  0.01 games/s  ETA 170 min
[cards-b4] 4/89  0.01 games/s  ETA 181 min
[cards-b4] 4/89  0.01 games/s  ETA 191 min
[cards-b4] 4/89  0.01 games/s  ETA 202 min
[cards-b4] 4/89  0.01 games/s  ETA 213 min
[cards-b4] 4/89  0.01 games/s  ETA 223 min
[cards-b4] 5/89  0.01 games/s  ETA 185 min
[cards-b4] 5/89  0.01 games/s  ETA 193 min
[cards-b4] 5/89  0.01 games/s  ETA 202 min
[cards-b4] 5/89  0.01 games/s  ETA 210 min
[cards-b4] 6/89  0.01 games/s  ETA 180 min
[cards-b4] 6/89  0.01 games/s  ETA 187 min
[cards-b4] 6/89  0.01 games/s  ETA 194 min
[cards-b4] 6/89  0.01 games/s  ETA 201 min
[cards-b4] 6/89  0.01 games/s  ETA 208 min
[cards-b4] 7/89  0.01 games/s  ETA 182 min
[cards-b4] 7/89  0.01 games/s  ETA 187 min
[cards-b4] 7/89  0.01 games/s  ETA 193 min
[cards-b4] 7/89  0.01 games/s  ETA 199 min
[cards-b4] 7/89  0.01 games/s  ETA 205 min
[cards-b4] 8/89  0.01 games/s  ETA 182 min
[cards-b4] 8/89  0.01 games/s  ETA 187 min
[cards-b4] 8/89  0.01 games/s  ETA 192 min
[cards-b4] 8/89  0.01 games/s  ETA 197 min
[cards-b4] 9/89  0.01 games/s  ETA 178 min
[cards-b4] 9/89  0.01 games/s  ETA 182 min
[cards-b4] 9/89  0.01 games/s  ETA 187 min
[cards-b4] 10/89  0.01 games/s  ETA 170 min
[cards-b4] 10/89  0.01 games/s  ETA 174 min
[cards-b4] 11/89  0.01 games/s  ETA 160 min
[cards-b4] 11/89  0.01 games/s  ETA 163 min
[cards-b4] 11/89  0.01 games/s  ETA 167 min
[cards-b4] 11/89  0.01 games/s  ETA 170 min
[cards-b4] 12/89  0.01 games/s  ETA 157 min
[cards-b4] 12/89  0.01 games/s  ETA 160 min
[cards-b4] 12/89  0.01 games/s  ETA 164 min
[cards-b4] 13/89  0.01 games/s  ETA 152 min
[cards-b4] 13/89  0.01 games/s  ETA 155 min
[cards-b4] 13/89  0.01 games/s  ETA 158 min
[cards-b4] 13/89  0.01 games/s  ETA 161 min
[cards-b4] 14/89  0.01 games/s  ETA 150 min
[cards-b4] 14/89  0.01 games/s  ETA 153 min
[cards-b4] 14/89  0.01 games/s  ETA 155 min
[cards-b4] 15/89  0.01 games/s  ETA 146 min
[cards-b4] 15/89  0.01 games/s  ETA 148 min
[cards-b4] 16/89  0.01 games/s  ETA 139 min
[cards-b4] 16/89  0.01 games/s  ETA 141 min
[cards-b4] 16/89  0.01 games/s  ETA 144 min
[cards-b4] 17/89  0.01 games/s  ETA 136 min
[cards-b4] 17/89  0.01 games/s  ETA 138 min
[cards-b4] 17/89  0.01 games/s  ETA 140 min
[cards-b4] 17/89  0.01 games/s  ETA 142 min
[cards-b4] 17/89  0.01 games/s  ETA 144 min
[cards-b4] 18/89  0.01 games/s  ETA 136 min
[cards-b4] 18/89  0.01 games/s  ETA 138 min
[cards-b4] 18/89  0.01 games/s  ETA 140 min
[cards-b4] 18/89  0.01 games/s  ETA 142 min
[cards-b4] 18/89  0.01 games/s  ETA 144 min
[cards-b4] 18/89  0.01 games/s  ETA 146 min
[cards-b4] 18/89  0.01 games/s  ETA 148 min
[cards-b4] 18/89  0.01 games/s  ETA 150 min
[cards-b4] 19/89  0.01 games/s  ETA 142 min
[cards-b4] 19/89  0.01 games/s  ETA 144 min
[cards-b4] 19/89  0.01 games/s  ETA 146 min
[cards-b4] 19/89  0.01 games/s  ETA 147 min
[cards-b4] 19/89  0.01 games/s  ETA 149 min
[cards-b4] 20/89  0.01 games/s  ETA 141 min
[cards-b4] 21/89  0.01 games/s  ETA 134 min
[cards-b4] 21/89  0.01 games/s  ETA 136 min
[cards-b4] 22/89  0.01 games/s  ETA 129 min
[cards-b4] 22/89  0.01 games/s  ETA 131 min
[cards-b4] 23/89  0.01 games/s  ETA 125 min
[cards-b4] 24/89  0.01 games/s  ETA 119 min
[cards-b4] 24/89  0.01 games/s  ETA 121 min
[cards-b4] 24/89  0.01 games/s  ETA 122 min
[cards-b4] 24/89  0.01 games/s  ETA 123 min
[cards-b4] 24/89  0.01 games/s  ETA 125 min
[cards-b4] 24/89  0.01 games/s  ETA 126 min
[cards-b4] 24/89  0.01 games/s  ETA 127 min
[cards-b4] 25/89  0.01 games/s  ETA 122 min
[cards-b4] 26/89  0.01 games/s  ETA 116 min
[cards-b4] 26/89  0.01 games/s  ETA 118 min
[cards-b4] 26/89  0.01 games/s  ETA 119 min
[cards-b4] 26/89  0.01 games/s  ETA 120 min
[cards-b4] 26/89  0.01 games/s  ETA 121 min
[cards-b4] 27/89  0.01 games/s  ETA 116 min
[cards-b4] 27/89  0.01 games/s  ETA 117 min
[cards-b4] 27/89  0.01 games/s  ETA 118 min
[cards-b4] 28/89  0.01 games/s  ETA 113 min
[cards-b4] 28/89  0.01 games/s  ETA 114 min
[cards-b4] 28/89  0.01 games/s  ETA 115 min
[cards-b4] 29/89  0.01 games/s  ETA 111 min
[cards-b4] 29/89  0.01 games/s  ETA 112 min
[cards-b4] 29/89  0.01 games/s  ETA 113 min
[cards-b4] 29/89  0.01 games/s  ETA 114 min
[cards-b4] 29/89  0.01 games/s  ETA 115 min
[cards-b4] 29/89  0.01 games/s  ETA 116 min
[cards-b4] 29/89  0.01 games/s  ETA 117 min
[cards-b4] 29/89  0.01 games/s  ETA 118 min
[cards-b4] 29/89  0.01 games/s  ETA 119 min
[cards-b4] 29/89  0.01 games/s  ETA 120 min
[cards-b4] 29/89  0.01 games/s  ETA 121 min
[cards-b4] 29/89  0.01 games/s  ETA 122 min
[cards-b4] 29/89  0.01 games/s  ETA 123 min
[cards-b4] 29/89  0.01 games/s  ETA 124 min
[cards-b4] 30/89  0.01 games/s  ETA 119 min
[cards-b4] 30/89  0.01 games/s  ETA 120 min
[cards-b4] 30/89  0.01 games/s  ETA 121 min
[cards-b4] 30/89  0.01 games/s  ETA 122 min
[cards-b4] 30/89  0.01 games/s  ETA 123 min
[cards-b4] 31/89  0.01 games/s  ETA 118 min
[cards-b4] 31/89  0.01 games/s  ETA 119 min
[cards-b4] 32/89  0.01 games/s  ETA 114 min
[cards-b4] 33/89  0.01 games/s  ETA 109 min
[cards-b4] 33/89  0.01 games/s  ETA 110 min
[cards-b4] 33/89  0.01 games/s  ETA 111 min
[cards-b4] 33/89  0.01 games/s  ETA 112 min
[cards-b4] 33/89  0.01 games/s  ETA 113 min
[cards-b4] 33/89  0.01 games/s  ETA 114 min
[cards-b4] 33/89  0.01 games/s  ETA 115 min
[cards-b4] 33/89  0.01 games/s  ETA 115 min
[cards-b4] 34/89  0.01 games/s  ETA 111 min
[cards-b4] 34/89  0.01 games/s  ETA 112 min
[cards-b4] 34/89  0.01 games/s  ETA 112 min
[cards-b4] 34/89  0.01 games/s  ETA 113 min
[cards-b4] 34/89  0.01 games/s  ETA 114 min
[cards-b4] 34/89  0.01 games/s  ETA 115 min
[cards-b4] 35/89  0.01 games/s  ETA 110 min
[cards-b4] 35/89  0.01 games/s  ETA 111 min
[cards-b4] 35/89  0.01 games/s  ETA 112 min
[cards-b4] 35/89  0.01 games/s  ETA 113 min
[cards-b4] 35/89  0.01 games/s  ETA 113 min
[cards-b4] 35/89  0.01 games/s  ETA 114 min
[cards-b4] 35/89  0.01 games/s  ETA 115 min
[cards-b4] 36/89  0.01 games/s  ETA 110 min
[cards-b4] 36/89  0.01 games/s  ETA 111 min
[cards-b4] 36/89  0.01 games/s  ETA 112 min
[cards-b4] 36/89  0.01 games/s  ETA 113 min
[cards-b4] 37/89  0.01 games/s  ETA 108 min
[cards-b4] 37/89  0.01 games/s  ETA 109 min
[cards-b4] 37/89  0.01 games/s  ETA 110 min
[cards-b4] 38/89  0.01 games/s  ETA 105 min
[cards-b4] 38/89  0.01 games/s  ETA 106 min
[cards-b4] 38/89  0.01 games/s  ETA 107 min
[cards-b4] 38/89  0.01 games/s  ETA 107 min
[cards-b4] 38/89  0.01 games/s  ETA 108 min
[cards-b4] 38/89  0.01 games/s  ETA 109 min
[cards-b4] 38/89  0.01 games/s  ETA 109 min
[cards-b4] 38/89  0.01 games/s  ETA 110 min
[cards-b4] 38/89  0.01 games/s  ETA 111 min
[cards-b4] 38/89  0.01 games/s  ETA 111 min
[cards-b4] 38/89  0.01 games/s  ETA 112 min
[cards-b4] 38/89  0.01 games/s  ETA 113 min
[cards-b4] 38/89  0.01 games/s  ETA 113 min
[cards-b4] 38/89  0.01 games/s  ETA 114 min
[cards-b4] 38/89  0.01 games/s  ETA 115 min
[cards-b4] 38/89  0.01 games/s  ETA 115 min
[cards-b4] 39/89  0.01 games/s  ETA 111 min
[cards-b4] 39/89  0.01 games/s  ETA 112 min
[cards-b4] 39/89  0.01 games/s  ETA 112 min
[cards-b4] 39/89  0.01 games/s  ETA 113 min
[cards-b4] 39/89  0.01 games/s  ETA 113 min
[cards-b4] 40/89  0.01 games/s  ETA 109 min
[cards-b4] 40/89  0.01 games/s  ETA 110 min
[cards-b4] 40/89  0.01 games/s  ETA 110 min
[cards-b4] 40/89  0.01 games/s  ETA 111 min
[cards-b4] 40/89  0.01 games/s  ETA 111 min
[cards-b4] 40/89  0.01 games/s  ETA 112 min
[cards-b4] 40/89  0.01 games/s  ETA 113 min
[cards-b4] 41/89  0.01 games/s  ETA 108 min
[cards-b4] 41/89  0.01 games/s  ETA 109 min
[cards-b4] 41/89  0.01 games/s  ETA 109 min
[cards-b4] 42/89  0.01 games/s  ETA 105 min
[cards-b4] 42/89  0.01 games/s  ETA 106 min
[cards-b4] 42/89  0.01 games/s  ETA 106 min
[cards-b4] 42/89  0.01 games/s  ETA 107 min
[cards-b4] 42/89  0.01 games/s  ETA 107 min
[cards-b4] 42/89  0.01 games/s  ETA 108 min
[cards-b4] 42/89  0.01 games/s  ETA 109 min
[cards-b4] 42/89  0.01 games/s  ETA 109 min
[cards-b4] 42/89  0.01 games/s  ETA 110 min
[cards-b4] 43/89  0.01 games/s  ETA 105 min
[cards-b4] 43/89  0.01 games/s  ETA 106 min
[cards-b4] 43/89  0.01 games/s  ETA 106 min
[cards-b4] 43/89  0.01 games/s  ETA 107 min
[cards-b4] 43/89  0.01 games/s  ETA 108 min
[cards-b4] 43/89  0.01 games/s  ETA 108 min
[cards-b4] 44/89  0.01 games/s  ETA 104 min
[cards-b4] 44/89  0.01 games/s  ETA 104 min
[cards-b4] 44/89  0.01 games/s  ETA 105 min
[cards-b4] 44/89  0.01 games/s  ETA 105 min
[cards-b4] 45/89  0.01 games/s  ETA 101 min
[cards-b4] 45/89  0.01 games/s  ETA 102 min
[cards-b4] 45/89  0.01 games/s  ETA 102 min
[cards-b4] 45/89  0.01 games/s  ETA 103 min
[cards-b4] 46/89  0.01 games/s  ETA 99 min
[cards-b4] 46/89  0.01 games/s  ETA 99 min
[cards-b4] 46/89  0.01 games/s  ETA 100 min
[cards-b4] 47/89  0.01 games/s  ETA 96 min
[cards-b4] 47/89  0.01 games/s  ETA 96 min
[cards-b4] 47/89  0.01 games/s  ETA 97 min
[cards-b4] 47/89  0.01 games/s  ETA 97 min
[cards-b4] 47/89  0.01 games/s  ETA 97 min
[cards-b4] 48/89  0.01 games/s  ETA 94 min
[cards-b4] 48/89  0.01 games/s  ETA 94 min
[cards-b4] 49/89  0.01 games/s  ETA 90 min
[cards-b4] 49/89  0.01 games/s  ETA 91 min
[cards-b4] 49/89  0.01 games/s  ETA 91 min
[cards-b4] 49/89  0.01 games/s  ETA 91 min
[cards-b4] 49/89  0.01 games/s  ETA 92 min
[cards-b4] 49/89  0.01 games/s  ETA 92 min
[cards-b4] 49/89  0.01 games/s  ETA 93 min
[cards-b4] 50/89  0.01 games/s  ETA 89 min
[cards-b4] 50/89  0.01 games/s  ETA 89 min
[cards-b4] 50/89  0.01 games/s  ETA 90 min
[cards-b4] 50/89  0.01 games/s  ETA 90 min
[cards-b4] 51/89  0.01 games/s  ETA 86 min
[cards-b4] 51/89  0.01 games/s  ETA 87 min
[cards-b4] 51/89  0.01 games/s  ETA 87 min
[cards-b4] 51/89  0.01 games/s  ETA 88 min
[cards-b4] 52/89  0.01 games/s  ETA 84 min
[cards-b4] 52/89  0.01 games/s  ETA 84 min
[cards-b4] 52/89  0.01 games/s  ETA 85 min
[cards-b4] 52/89  0.01 games/s  ETA 85 min
[cards-b4] 53/89  0.01 games/s  ETA 82 min
[cards-b4] 53/89  0.01 games/s  ETA 82 min
[cards-b4] 53/89  0.01 games/s  ETA 82 min
[cards-b4] 53/89  0.01 games/s  ETA 83 min
[cards-b4] 53/89  0.01 games/s  ETA 83 min
[cards-b4] 53/89  0.01 games/s  ETA 83 min
[cards-b4] 53/89  0.01 games/s  ETA 84 min
[cards-b4] 53/89  0.01 games/s  ETA 84 min
[cards-b4] 53/89  0.01 games/s  ETA 84 min
[cards-b4] 54/89  0.01 games/s  ETA 81 min
[cards-b4] 54/89  0.01 games/s  ETA 81 min
[cards-b4] 54/89  0.01 games/s  ETA 81 min
[cards-b4] 54/89  0.01 games/s  ETA 82 min
[cards-b4] 54/89  0.01 games/s  ETA 82 min
[cards-b4] 54/89  0.01 games/s  ETA 82 min
[cards-b4] 54/89  0.01 games/s  ETA 83 min
[cards-b4] 55/89  0.01 games/s  ETA 79 min
[cards-b4] 55/89  0.01 games/s  ETA 79 min
[cards-b4] 55/89  0.01 games/s  ETA 80 min
[cards-b4] 55/89  0.01 games/s  ETA 80 min
[cards-b4] 56/89  0.01 games/s  ETA 77 min
[cards-b4] 56/89  0.01 games/s  ETA 77 min
[cards-b4] 56/89  0.01 games/s  ETA 77 min
[cards-b4] 56/89  0.01 games/s  ETA 78 min
[cards-b4] 56/89  0.01 games/s  ETA 78 min
[cards-b4] 56/89  0.01 games/s  ETA 78 min
[cards-b4] 57/89  0.01 games/s  ETA 75 min
[cards-b4] 57/89  0.01 games/s  ETA 75 min
[cards-b4] 57/89  0.01 games/s  ETA 75 min
[cards-b4] 57/89  0.01 games/s  ETA 76 min
[cards-b4] 57/89  0.01 games/s  ETA 76 min
[cards-b4] 57/89  0.01 games/s  ETA 76 min
[cards-b4] 57/89  0.01 games/s  ETA 76 min
[cards-b4] 57/89  0.01 games/s  ETA 77 min
[cards-b4] 58/89  0.01 games/s  ETA 73 min
[cards-b4] 58/89  0.01 games/s  ETA 74 min
[cards-b4] 58/89  0.01 games/s  ETA 74 min
[cards-b4] 58/89  0.01 games/s  ETA 74 min
[cards-b4] 58/89  0.01 games/s  ETA 74 min
[cards-b4] 59/89  0.01 games/s  ETA 71 min
[cards-b4] 59/89  0.01 games/s  ETA 71 min
[cards-b4] 59/89  0.01 games/s  ETA 71 min
[cards-b4] 59/89  0.01 games/s  ETA 72 min
[cards-b4] 60/89  0.01 games/s  ETA 68 min
[cards-b4] 60/89  0.01 games/s  ETA 69 min
[cards-b4] 60/89  0.01 games/s  ETA 69 min
[cards-b4] 61/89  0.01 games/s  ETA 66 min
[cards-b4] 61/89  0.01 games/s  ETA 66 min
[cards-b4] 61/89  0.01 games/s  ETA 66 min
[cards-b4] 62/89  0.01 games/s  ETA 63 min
[cards-b4] 62/89  0.01 games/s  ETA 63 min
[cards-b4] 62/89  0.01 games/s  ETA 63 min
[cards-b4] 63/89  0.01 games/s  ETA 60 min
[cards-b4] 63/89  0.01 games/s  ETA 60 min
[cards-b4] 63/89  0.01 games/s  ETA 61 min
[cards-b4] 63/89  0.01 games/s  ETA 61 min
[cards-b4] 63/89  0.01 games/s  ETA 61 min
[cards-b4] 64/89  0.01 games/s  ETA 58 min
[cards-b4] 64/89  0.01 games/s  ETA 58 min
[cards-b4] 64/89  0.01 games/s  ETA 58 min
[cards-b4] 64/89  0.01 games/s  ETA 59 min
[cards-b4] 64/89  0.01 games/s  ETA 59 min
[cards-b4] 64/89  0.01 games/s  ETA 59 min
[cards-b4] 65/89  0.01 games/s  ETA 56 min
[cards-b4] 65/89  0.01 games/s  ETA 56 min
[cards-b4] 65/89  0.01 games/s  ETA 56 min
[cards-b4] 65/89  0.01 games/s  ETA 56 min
[cards-b4] 65/89  0.01 games/s  ETA 57 min
[cards-b4] 65/89  0.01 games/s  ETA 57 min
[cards-b4] 65/89  0.01 games/s  ETA 57 min
[cards-b4] 66/89  0.01 games/s  ETA 54 min
[cards-b4] 66/89  0.01 games/s  ETA 54 min
[cards-b4] 66/89  0.01 games/s  ETA 54 min
[cards-b4] 67/89  0.01 games/s  ETA 51 min
[cards-b4] 67/89  0.01 games/s  ETA 52 min
[cards-b4] 67/89  0.01 games/s  ETA 52 min
[cards-b4] 67/89  0.01 games/s  ETA 52 min
[cards-b4] 67/89  0.01 games/s  ETA 52 min
[cards-b4] 67/89  0.01 games/s  ETA 52 min
[cards-b4] 68/89  0.01 games/s  ETA 49 min
[cards-b4] 68/89  0.01 games/s  ETA 49 min
[cards-b4] 68/89  0.01 games/s  ETA 50 min
[cards-b4] 68/89  0.01 games/s  ETA 50 min
[cards-b4] 68/89  0.01 games/s  ETA 50 min
[cards-b4] 68/89  0.01 games/s  ETA 50 min
[cards-b4] 68/89  0.01 games/s  ETA 50 min
[cards-b4] 69/89  0.01 games/s  ETA 47 min
[cards-b4] 69/89  0.01 games/s  ETA 47 min
[cards-b4] 69/89  0.01 games/s  ETA 48 min
[cards-b4] 69/89  0.01 games/s  ETA 48 min
[cards-b4] 69/89  0.01 games/s  ETA 48 min
[cards-b4] 70/89  0.01 games/s  ETA 45 min
[cards-b4] 70/89  0.01 games/s  ETA 45 min
[cards-b4] 71/89  0.01 games/s  ETA 42 min
[cards-b4] 71/89  0.01 games/s  ETA 42 min
[cards-b4] 71/89  0.01 games/s  ETA 42 min
[cards-b4] 71/89  0.01 games/s  ETA 43 min
[cards-b4] 72/89  0.01 games/s  ETA 40 min
[cards-b4] 73/89  0.01 games/s  ETA 37 min
[cards-b4] 73/89  0.01 games/s  ETA 37 min
[cards-b4] 73/89  0.01 games/s  ETA 37 min
[cards-b4] 74/89  0.01 games/s  ETA 35 min
[cards-b4] 74/89  0.01 games/s  ETA 35 min
[cards-b4] 74/89  0.01 games/s  ETA 35 min
[cards-b4] 74/89  0.01 games/s  ETA 35 min
[cards-b4] 74/89  0.01 games/s  ETA 35 min
[cards-b4] 74/89  0.01 games/s  ETA 35 min
[cards-b4] 74/89  0.01 games/s  ETA 35 min
[cards-b4] 74/89  0.01 games/s  ETA 35 min
[cards-b4] 74/89  0.01 games/s  ETA 35 min
[cards-b4] 74/89  0.01 games/s  ETA 35 min
[cards-b4] 74/89  0.01 games/s  ETA 36 min
[cards-b4] 74/89  0.01 games/s  ETA 36 min
[cards-b4] 75/89  0.01 games/s  ETA 33 min
[cards-b4] 75/89  0.01 games/s  ETA 33 min
[cards-b4] 75/89  0.01 games/s  ETA 33 min
[cards-b4] 76/89  0.01 games/s  ETA 30 min
[cards-b4] 76/89  0.01 games/s  ETA 31 min
[cards-b4] 76/89  0.01 games/s  ETA 31 min
[cards-b4] 76/89  0.01 games/s  ETA 31 min
[cards-b4] 76/89  0.01 games/s  ETA 31 min
[cards-b4] 76/89  0.01 games/s  ETA 31 min
[cards-b4] 76/89  0.01 games/s  ETA 31 min
[cards-b4] 76/89  0.01 games/s  ETA 31 min
[cards-b4] 76/89  0.01 games/s  ETA 31 min
[cards-b4] 76/89  0.01 games/s  ETA 31 min
[cards-b4] 77/89  0.01 games/s  ETA 29 min
[cards-b4] 77/89  0.01 games/s  ETA 29 min
[cards-b4] 77/89  0.01 games/s  ETA 29 min
[cards-b4] 78/89  0.01 games/s  ETA 26 min
[cards-b4] 78/89  0.01 games/s  ETA 26 min
[cards-b4] 78/89  0.01 games/s  ETA 26 min
[cards-b4] 78/89  0.01 games/s  ETA 26 min
[cards-b4] 78/89  0.01 games/s  ETA 26 min
[cards-b4] 78/89  0.01 games/s  ETA 26 min
[cards-b4] 79/89  0.01 games/s  ETA 24 min
[cards-b4] 79/89  0.01 games/s  ETA 24 min
[cards-b4] 79/89  0.01 games/s  ETA 24 min
[cards-b4] 79/89  0.01 games/s  ETA 24 min
[cards-b4] 79/89  0.01 games/s  ETA 24 min
[cards-b4] 79/89  0.01 games/s  ETA 24 min
[cards-b4] 79/89  0.01 games/s  ETA 24 min
[cards-b4] 79/89  0.01 games/s  ETA 24 min
[cards-b4] 79/89  0.01 games/s  ETA 24 min
[cards-b4] 79/89  0.01 games/s  ETA 24 min
[cards-b4] 79/89  0.01 games/s  ETA 24 min
[cards-b4] 79/89  0.01 games/s  ETA 24 min
[cards-b4] 79/89  0.01 games/s  ETA 24 min
[cards-b4] 79/89  0.01 games/s  ETA 25 min
[cards-b4] 79/89  0.01 games/s  ETA 25 min
[cards-b4] 79/89  0.01 games/s  ETA 25 min
[cards-b4] 79/89  0.01 games/s  ETA 25 min
[cards-b4] 79/89  0.01 games/s  ETA 25 min
[cards-b4] 79/89  0.01 games/s  ETA 25 min
[cards-b4] 79/89  0.01 games/s  ETA 25 min
[cards-b4] 79/89  0.01 games/s  ETA 25 min
[cards-b4] 79/89  0.01 games/s  ETA 25 min
[cards-b4] 79/89  0.01 games/s  ETA 25 min
[cards-b4] 79/89  0.01 games/s  ETA 25 min
[cards-b4] 79/89  0.01 games/s  ETA 25 min
[cards-b4] 80/89  0.01 games/s  ETA 23 min
[cards-b4] 80/89  0.01 games/s  ETA 23 min
[cards-b4] 80/89  0.01 games/s  ETA 23 min
[cards-b4] 80/89  0.01 games/s  ETA 23 min
[cards-b4] 80/89  0.01 games/s  ETA 23 min
[cards-b4] 80/89  0.01 games/s  ETA 23 min
[cards-b4] 80/89  0.01 games/s  ETA 23 min
[cards-b4] 81/89  0.01 games/s  ETA 20 min
[cards-b4] 81/89  0.01 games/s  ETA 20 min
[cards-b4] 81/89  0.01 games/s  ETA 20 min
[cards-b4] 81/89  0.01 games/s  ETA 20 min
[cards-b4] 82/89  0.01 games/s  ETA 18 min
[cards-b4] 82/89  0.01 games/s  ETA 18 min
[cards-b4] 82/89  0.01 games/s  ETA 18 min
[cards-b4] 82/89  0.01 games/s  ETA 18 min
[cards-b4] 83/89  0.01 games/s  ETA 15 min
[cards-b4] 83/89  0.01 games/s  ETA 15 min
[cards-b4] 83/89  0.01 games/s  ETA 15 min
[cards-b4] 83/89  0.01 games/s  ETA 15 min
[cards-b4] 83/89  0.01 games/s  ETA 15 min
[cards-b4] 83/89  0.01 games/s  ETA 15 min
[cards-b4] 83/89  0.01 games/s  ETA 15 min
[cards-b4] 83/89  0.01 games/s  ETA 15 min
[cards-b4] 83/89  0.01 games/s  ETA 15 min
[cards-b4] 83/89  0.01 games/s  ETA 15 min
[cards-b4] 84/89  0.01 games/s  ETA 13 min
[cards-b4] 84/89  0.01 games/s  ETA 13 min
[cards-b4] 84/89  0.01 games/s  ETA 13 min
[cards-b4] 84/89  0.01 games/s  ETA 13 min
[cards-b4] 84/89  0.01 games/s  ETA 13 min
[cards-b4] 84/89  0.01 games/s  ETA 13 min
[cards-b4] 85/89  0.01 games/s  ETA 10 min
[cards-b4] 85/89  0.01 games/s  ETA 10 min
[cards-b4] 85/89  0.01 games/s  ETA 10 min
[cards-b4] 85/89  0.01 games/s  ETA 10 min
[cards-b4] 85/89  0.01 games/s  ETA 10 min
[cards-b4] 85/89  0.01 games/s  ETA 10 min
[cards-b4] 85/89  0.01 games/s  ETA 10 min
[cards-b4] 85/89  0.01 games/s  ETA 10 min
[cards-b4] 85/89  0.01 games/s  ETA 10 min
[cards-b4] 85/89  0.01 games/s  ETA 10 min
[cards-b4] 85/89  0.01 games/s  ETA 10 min
[cards-b4] 85/89  0.01 games/s  ETA 10 min
[cards-b4] 86/89  0.01 games/s  ETA 8 min
[cards-b4] 86/89  0.01 games/s  ETA 8 min
[cards-b4] 86/89  0.01 games/s  ETA 8 min
[cards-b4] 86/89  0.01 games/s  ETA 8 min
[cards-b4] 86/89  0.01 games/s  ETA 8 min
[cards-b4] 86/89  0.01 games/s  ETA 8 min
[cards-b4] 86/89  0.01 games/s  ETA 8 min
[cards-b4] 86/89  0.01 games/s  ETA 8 min
[cards-b4] 86/89  0.01 games/s  ETA 8 min
[cards-b4] 86/89  0.01 games/s  ETA 8 min
[cards-b4] 86/89  0.01 games/s  ETA 8 min
[cards-b4] 86/89  0.01 games/s  ETA 8 min
[cards-b4] 86/89  0.01 games/s  ETA 8 min
[cards-b4] 87/89  0.01 games/s  ETA 5 min
[cards-b4] 87/89  0.01 games/s  ETA 5 min
[cards-b4] 87/89  0.01 games/s  ETA 5 min
[cards-b4] 87/89  0.01 games/s  ETA 5 min
[cards-b4] 87/89  0.01 games/s  ETA 5 min
[cards-b4] 87/89  0.01 games/s  ETA 5 min
[cards-b4] 87/89  0.01 games/s  ETA 5 min
[cards-b4] 88/89  0.01 games/s  ETA 3 min
[cards-b4] 88/89  0.01 games/s  ETA 3 min
[cards-b4] 88/89  0.01 games/s  ETA 3 min
[cards-b4] 88/89  0.01 games/s  ETA 3 min
[cards-b4] 88/89  0.01 games/s  ETA 3 min
[cards-b4] 88/89  0.01 games/s  ETA 3 min
[cards-b4] 89 games in 234.2 min
