[cards-b5] 1 entrants, 50 games (6 done), depth 3, armies perPair, 1 workers
[cards-b5] rules {"markFree":true,"hasteCaptures":false,"strikeCaptures":false,"strikePawns":false}
[cards-b5] 0/50  0.00 games/s  ETA Infinity min
[cards-b5] 1/50  0.02 games/s  ETA 49 min
[cards-b5] 4/50  0.04 games/s  ETA 17 min
[cards-b5] 5/50  0.04 games/s  ETA 18 min
[cards-b5] 5/50  0.03 games/s  ETA 23 min
[cards-b5] 6/50  0.03 games/s  ETA 22 min
[cards-b5] 6/50  0.03 games/s  ETA 26 min
[cards-b5] 8/50  0.03 games/s  ETA 21 min
[cards-b5] 8/50  0.03 games/s  ETA 24 min
[cards-b5] 9/50  0.03 games/s  ETA 23 min
[cards-b5] 10/50  0.03 games/s  ETA 22 min
[cards-b5] 13/50  0.04 games/s  ETA 17 min
[cards-b5] 13/50  0.03 games/s  ETA 19 min
[cards-b5] 13/50  0.03 games/s  ETA 20 min
[cards-b5] 14/50  0.03 games/s  ETA 19 min
[cards-b5] 14/50  0.03 games/s  ETA 21 min
[cards-b5] 15/50  0.03 games/s  ETA 20 min
[cards-b5] 15/50  0.03 games/s  ETA 21 min
[cards-b5] 15/50  0.03 games/s  ETA 22 min
[cards-b5] 16/50  0.03 games/s  ETA 21 min
[cards-b5] 16/50  0.03 games/s  ETA 22 min
[cards-b5] 16/50  0.02 games/s  ETA 23 min
[cards-b5] 17/50  0.02 games/s  ETA 22 min
[cards-b5] 17/50  0.02 games/s  ETA 23 min
[cards-b5] 17/50  0.02 games/s  ETA 24 min
[cards-b5] 18/50  0.02 games/s  ETA 23 min
[cards-b5] 18/50  0.02 games/s  ETA 24 min
[cards-b5] 18/50  0.02 games/s  ETA 25 min
[cards-b5] 19/50  0.02 games/s  ETA 24 min
[cards-b5] 19/50  0.02 games/s  ETA 24 min
[cards-b5] 19/50  0.02 games/s  ETA 25 min
[cards-b5] 20/50  0.02 games/s  ETA 24 min
[cards-b5] 21/50  0.02 games/s  ETA 23 min
[cards-b5] 23/50  0.02 games/s  ETA 20 min
[cards-b5] 26/50  0.02 games/s  ETA 16 min
[cards-b5] 27/50  0.02 games/s  ETA 15 min
[cards-b5] 28/50  0.03 games/s  ETA 15 min
[cards-b5] 30/50  0.03 games/s  ETA 13 min
[cards-b5] 30/50  0.03 games/s  ETA 13 min
[cards-b5] 30/50  0.02 games/s  ETA 13 min
[cards-b5] 30/50  0.02 games/s  ETA 14 min
[cards-b5] 30/50  0.02 games/s  ETA 14 min
[cards-b5] 30/50  0.02 games/s  ETA 14 min
[cards-b5] 30/50  0.02 games/s  ETA 15 min
[cards-b5] 31/50  0.02 games/s  ETA 14 min
[cards-b5] 31/50  0.02 games/s  ETA 14 min
[cards-b5] 33/50  0.02 games/s  ETA 12 min
[cards-b5] 33/50  0.02 games/s  ETA 12 min
[cards-b5] 33/50  0.02 games/s  ETA 13 min
[cards-b5] 34/50  0.02 games/s  ETA 12 min
[cards-b5] 35/50  0.02 games/s  ETA 11 min
[cards-b5] 35/50  0.02 games/s  ETA 11 min
[cards-b5] 35/50  0.02 games/s  ETA 11 min
[cards-b5] 36/50  0.02 games/s  ETA 11 min
[cards-b5] 36/50  0.02 games/s  ETA 11 min
[cards-b5] 36/50  0.02 games/s  ETA 11 min
[cards-b5] 38/50  0.02 games/s  ETA 9 min
[cards-b5] 39/50  0.02 games/s  ETA 8 min
[cards-b5] 39/50  0.02 games/s  ETA 8 min
[cards-b5] 40/50  0.02 games/s  ETA 8 min
[cards-b5] 40/50  0.02 games/s  ETA 8 min
[cards-b5] 41/50  0.02 games/s  ETA 7 min
[cards-b5] 41/50  0.02 games/s  ETA 7 min
[cards-b5] 42/50  0.02 games/s  ETA 6 min
[cards-b5] 42/50  0.02 games/s  ETA 6 min
[cards-b5] 42/50  0.02 games/s  ETA 6 min
[cards-b5] 44/50  0.02 games/s  ETA 5 min
[cards-b5] 44/50  0.02 games/s  ETA 5 min
[cards-b5] 46/50  0.02 games/s  ETA 3 min
[cards-b5] 46/50  0.02 games/s  ETA 3 min
[cards-b5] 46/50  0.02 games/s  ETA 3 min
[cards-b5] 47/50  0.02 games/s  ETA 2 min
[cards-b5] 47/50  0.02 games/s  ETA 2 min
[cards-b5] 47/50  0.02 games/s  ETA 2 min
[cards-b5] 48/50  0.02 games/s  ETA 2 min
[cards-b5] 48/50  0.02 games/s  ETA 2 min
[cards-b5] 48/50  0.02 games/s  ETA 2 min
[cards-b5] 48/50  0.02 games/s  ETA 2 min
[cards-b5] 49/50  0.02 games/s  ETA 1 min
[cards-b5] 50 games in 39.7 min
