[cards-b3] 2 entrants, 100 games (0 done), depth 3, armies perPair, 4 workers
[cards-b3] rules {"markFree":true,"hasteCaptures":false,"strikeCaptures":false,"strikePawns":false}
[cards-b3] 0/100  0.00 games/s  ETA Infinity min
[cards-b3] 1/100  0.02 games/s  ETA 99 min
[cards-b3] 3/100  0.03 games/s  ETA 49 min
[cards-b3] 3/100  0.02 games/s  ETA 65 min
[cards-b3] 4/100  0.03 games/s  ETA 60 min
[cards-b3] 5/100  0.03 games/s  ETA 57 min
[cards-b3] 6/100  0.03 games/s  ETA 55 min
[cards-b3] 6/100  0.02 games/s  ETA 63 min
[cards-b3] 7/100  0.03 games/s  ETA 60 min
[cards-b3] 8/100  0.03 games/s  ETA 58 min
[cards-b3] 8/100  0.02 games/s  ETA 63 min
[cards-b3] 8/100  0.02 games/s  ETA 69 min
[cards-b3] 8/100  0.02 games/s  ETA 75 min
[cards-b3] 10/100  0.02 games/s  ETA 63 min
[cards-b3] 12/100  0.03 games/s  ETA 55 min
[cards-b3] 12/100  0.02 games/s  ETA 59 min
[cards-b3] 12/100  0.02 games/s  ETA 62 min
[cards-b3] 12/100  0.02 games/s  ETA 66 min
[cards-b3] 14/100  0.02 games/s  ETA 58 min
[cards-b3] 14/100  0.02 games/s  ETA 61 min
[cards-b3] 14/100  0.02 games/s  ETA 65 min
[cards-b3] 15/100  0.02 games/s  ETA 62 min
[cards-b3] 15/100  0.02 games/s  ETA 65 min
[cards-b3] 15/100  0.02 games/s  ETA 68 min
[cards-b3] 15/100  0.02 games/s  ETA 71 min
[cards-b3] 16/100  0.02 games/s  ETA 68 min
[cards-b3] 17/100  0.02 games/s  ETA 66 min
[cards-b3] 18/100  0.02 games/s  ETA 64 min
[cards-b3] 19/100  0.02 games/s  ETA 62 min
[cards-b3] 19/100  0.02 games/s  ETA 64 min
[cards-b3] 21/100  0.02 games/s  ETA 58 min
[cards-b3] 22/100  0.02 games/s  ETA 57 min
[cards-b3] 22/100  0.02 games/s  ETA 59 min
[cards-b3] 24/100  0.02 games/s  ETA 54 min
[cards-b3] 24/100  0.02 games/s  ETA 55 min
[cards-b3] 25/100  0.02 games/s  ETA 54 min
[cards-b3] 25/100  0.02 games/s  ETA 56 min
[cards-b3] 25/100  0.02 games/s  ETA 57 min
[cards-b3] 26/100  0.02 games/s  ETA 56 min
[cards-b3] 27/100  0.02 games/s  ETA 54 min
[cards-b3] 27/100  0.02 games/s  ETA 55 min
[cards-b3] 27/100  0.02 games/s  ETA 57 min
[cards-b3] 28/100  0.02 games/s  ETA 55 min
[cards-b3] 29/100  0.02 games/s  ETA 54 min
[cards-b3] 30/100  0.02 games/s  ETA 53 min
[cards-b3] 30/100  0.02 games/s  ETA 54 min
[cards-b3] 30/100  0.02 games/s  ETA 55 min
[cards-b3] 31/100  0.02 games/s  ETA 53 min
[cards-b3] 31/100  0.02 games/s  ETA 55 min
[cards-b3] 31/100  0.02 games/s  ETA 56 min
[cards-b3] 33/100  0.02 games/s  ETA 52 min
[cards-b3] 34/100  0.02 games/s  ETA 51 min
[cards-b3] 34/100  0.02 games/s  ETA 51 min
[cards-b3] 35/100  0.02 games/s  ETA 50 min
[cards-b3] 35/100  0.02 games/s  ETA 51 min
[cards-b3] 35/100  0.02 games/s  ETA 52 min
[cards-b3] 35/100  0.02 games/s  ETA 53 min
[cards-b3] 37/100  0.02 games/s  ETA 49 min
[cards-b3] 37/100  0.02 games/s  ETA 50 min
[cards-b3] 41/100  0.02 games/s  ETA 43 min
[cards-b3] 42/100  0.02 games/s  ETA 42 min
[cards-b3] 42/100  0.02 games/s  ETA 43 min
[cards-b3] 42/100  0.02 games/s  ETA 44 min
[cards-b3] 44/100  0.02 games/s  ETA 41 min
[cards-b3] 44/100  0.02 games/s  ETA 41 min
[cards-b3] 45/100  0.02 games/s  ETA 40 min
[cards-b3] 45/100  0.02 games/s  ETA 41 min
[cards-b3] 45/100  0.02 games/s  ETA 42 min
[cards-b3] 46/100  0.02 games/s  ETA 41 min
[cards-b3] 46/100  0.02 games/s  ETA 41 min
[cards-b3] 46/100  0.02 games/s  ETA 42 min
[cards-b3] 48/100  0.02 games/s  ETA 39 min
[cards-b3] 48/100  0.02 games/s  ETA 40 min
[cards-b3] 49/100  0.02 games/s  ETA 39 min
[cards-b3] 51/100  0.02 games/s  ETA 36 min
[cards-b3] 51/100  0.02 games/s  ETA 37 min
[cards-b3] 52/100  0.02 games/s  ETA 36 min
[cards-b3] 52/100  0.02 games/s  ETA 36 min
[cards-b3] 53/100  0.02 games/s  ETA 35 min
[cards-b3] 54/100  0.02 games/s  ETA 34 min
[cards-b3] 54/100  0.02 games/s  ETA 35 min
[cards-b3] 55/100  0.02 games/s  ETA 34 min
[cards-b3] 56/100  0.02 games/s  ETA 33 min
[cards-b3] 57/100  0.02 games/s  ETA 32 min
[cards-b3] 57/100  0.02 games/s  ETA 32 min
[cards-b3] 58/100  0.02 games/s  ETA 31 min
[cards-b3] 58/100  0.02 games/s  ETA 32 min
[cards-b3] 58/100  0.02 games/s  ETA 32 min
[cards-b3] 58/100  0.02 games/s  ETA 32 min
[cards-b3] 58/100  0.02 games/s  ETA 33 min
[cards-b3] 59/100  0.02 games/s  ETA 32 min
[cards-b3] 59/100  0.02 games/s  ETA 32 min
[cards-b3] 60/100  0.02 games/s  ETA 31 min
[cards-b3] 61/100  0.02 games/s  ETA 30 min
[cards-b3] 62/100  0.02 games/s  ETA 29 min
[cards-b3] 62/100  0.02 games/s  ETA 29 min
[cards-b3] 62/100  0.02 games/s  ETA 30 min
[cards-b3] 62/100  0.02 games/s  ETA 30 min
[cards-b3] 62/100  0.02 games/s  ETA 30 min
[cards-b3] 64/100  0.02 games/s  ETA 28 min
[cards-b3] 64/100  0.02 games/s  ETA 28 min
[cards-b3] 64/100  0.02 games/s  ETA 29 min
[cards-b3] 65/100  0.02 games/s  ETA 28 min
[cards-b3] 66/100  0.02 games/s  ETA 27 min
[cards-b3] 66/100  0.02 games/s  ETA 27 min
[cards-b3] 66/100  0.02 games/s  ETA 27 min
[cards-b3] 66/100  0.02 games/s  ETA 28 min
[cards-b3] 67/100  0.02 games/s  ETA 27 min
[cards-b3] 67/100  0.02 games/s  ETA 27 min
[cards-b3] 68/100  0.02 games/s  ETA 26 min
[cards-b3] 68/100  0.02 games/s  ETA 26 min
[cards-b3] 69/100  0.02 games/s  ETA 25 min
[cards-b3] 69/100  0.02 games/s  ETA 25 min
[cards-b3] 71/100  0.02 games/s  ETA 23 min
[cards-b3] 71/100  0.02 games/s  ETA 24 min
[cards-b3] 72/100  0.02 games/s  ETA 23 min
[cards-b3] 72/100  0.02 games/s  ETA 23 min
[cards-b3] 72/100  0.02 games/s  ETA 23 min
[cards-b3] 72/100  0.02 games/s  ETA 23 min
[cards-b3] 74/100  0.02 games/s  ETA 21 min
[cards-b3] 74/100  0.02 games/s  ETA 21 min
[cards-b3] 74/100  0.02 games/s  ETA 21 min
[cards-b3] 74/100  0.02 games/s  ETA 22 min
[cards-b3] 75/100  0.02 games/s  ETA 21 min
[cards-b3] 76/100  0.02 games/s  ETA 20 min
[cards-b3] 76/100  0.02 games/s  ETA 20 min
[cards-b3] 76/100  0.02 games/s  ETA 20 min
[cards-b3] 76/100  0.02 games/s  ETA 20 min
[cards-b3] 78/100  0.02 games/s  ETA 18 min
[cards-b3] 79/100  0.02 games/s  ETA 17 min
[cards-b3] 79/100  0.02 games/s  ETA 17 min
[cards-b3] 79/100  0.02 games/s  ETA 18 min
[cards-b3] 79/100  0.02 games/s  ETA 18 min
[cards-b3] 80/100  0.02 games/s  ETA 17 min
[cards-b3] 80/100  0.02 games/s  ETA 17 min
[cards-b3] 80/100  0.02 games/s  ETA 17 min
[cards-b3] 81/100  0.02 games/s  ETA 16 min
[cards-b3] 81/100  0.02 games/s  ETA 16 min
[cards-b3] 81/100  0.02 games/s  ETA 16 min
[cards-b3] 81/100  0.02 games/s  ETA 16 min
[cards-b3] 82/100  0.02 games/s  ETA 15 min
[cards-b3] 82/100  0.02 games/s  ETA 16 min
[cards-b3] 82/100  0.02 games/s  ETA 16 min
[cards-b3] 83/100  0.02 games/s  ETA 15 min
[cards-b3] 83/100  0.02 games/s  ETA 15 min
[cards-b3] 83/100  0.02 games/s  ETA 15 min
[cards-b3] 85/100  0.02 games/s  ETA 13 min
[cards-b3] 85/100  0.02 games/s  ETA 13 min
[cards-b3] 85/100  0.02 games/s  ETA 13 min
[cards-b3] 86/100  0.02 games/s  ETA 12 min
[cards-b3] 86/100  0.02 games/s  ETA 12 min
[cards-b3] 87/100  0.02 games/s  ETA 11 min
[cards-b3] 87/100  0.02 games/s  ETA 11 min
[cards-b3] 87/100  0.02 games/s  ETA 12 min
[cards-b3] 87/100  0.02 games/s  ETA 12 min
[cards-b3] 87/100  0.02 games/s  ETA 12 min
[cards-b3] 87/100  0.02 games/s  ETA 12 min
[cards-b3] 89/100  0.02 games/s  ETA 10 min
[cards-b3] 89/100  0.02 games/s  ETA 10 min
[cards-b3] 89/100  0.02 games/s  ETA 10 min
[cards-b3] 89/100  0.02 games/s  ETA 10 min
[cards-b3] 90/100  0.02 games/s  ETA 9 min
[cards-b3] 91/100  0.02 games/s  ETA 8 min
[cards-b3] 91/100  0.02 games/s  ETA 8 min
[cards-b3] 91/100  0.02 games/s  ETA 8 min
[cards-b3] 92/100  0.02 games/s  ETA 7 min
[cards-b3] 92/100  0.02 games/s  ETA 7 min
[cards-b3] 93/100  0.02 games/s  ETA 6 min
[cards-b3] 93/100  0.02 games/s  ETA 6 min
[cards-b3] 94/100  0.02 games/s  ETA 5 min
[cards-b3] 94/100  0.02 games/s  ETA 5 min
[cards-b3] 94/100  0.02 games/s  ETA 5 min
[cards-b3] 94/100  0.02 games/s  ETA 6 min
[cards-b3] 94/100  0.02 games/s  ETA 6 min
[cards-b3] 95/100  0.02 games/s  ETA 5 min
[cards-b3] 95/100  0.02 games/s  ETA 5 min
[cards-b3] 95/100  0.02 games/s  ETA 5 min
[cards-b3] 98/100  0.02 games/s  ETA 2 min
[cards-b3] 99/100  0.02 games/s  ETA 1 min
[cards-b3] 99/100  0.02 games/s  ETA 1 min
[cards-b3] 100 games in 90.3 min
