[cards-b2] 3 entrants, 2400 games (0 done), depth 3, armies perPair, 16 workers
[cards-b2] rules {"markFree":true,"hasteCaptures":false,"strikeCaptures":false,"strikePawns":false}
[cards-b2] 185/2400  6.17 games/s  ETA 6 min
[cards-b2] 361/2400  6.02 games/s  ETA 6 min
[cards-b2] 536/2400  5.96 games/s  ETA 5 min
[cards-b2] 706/2400  5.88 games/s  ETA 5 min
[cards-b2] 804/2400  5.36 games/s  ETA 5 min
[cards-b2] 826/2400  4.59 games/s  ETA 6 min
[cards-b2] 848/2400  4.04 games/s  ETA 6 min
[cards-b2] 867/2400  3.61 games/s  ETA 7 min
[cards-b2] 880/2400  3.26 games/s  ETA 8 min
[cards-b2] 897/2400  2.99 games/s  ETA 8 min
[cards-b2] 907/2400  2.75 games/s  ETA 9 min
[cards-b2] 920/2400  2.56 games/s  ETA 10 min
[cards-b2] 937/2400  2.40 games/s  ETA 10 min
[cards-b2] 957/2400  2.28 games/s  ETA 11 min
[cards-b2] 970/2400  2.16 games/s  ETA 11 min
[cards-b2] 982/2400  2.05 games/s  ETA 12 min
[cards-b2] 999/2400  1.96 games/s  ETA 12 min
[cards-b2] 1015/2400  1.88 games/s  ETA 12 min
[cards-b2] 1035/2400  1.82 games/s  ETA 13 min
[cards-b2] 1048/2400  1.75 games/s  ETA 13 min
[cards-b2] 1064/2400  1.69 games/s  ETA 13 min
[cards-b2] 1076/2400  1.63 games/s  ETA 14 min
[cards-b2] 1085/2400  1.57 games/s  ETA 14 min
[cards-b2] 1095/2400  1.52 games/s  ETA 14 min
[cards-b2] 1113/2400  1.48 games/s  ETA 14 min
[cards-b2] 1133/2400  1.45 games/s  ETA 15 min
[cards-b2] 1152/2400  1.42 games/s  ETA 15 min
[cards-b2] 1177/2400  1.40 games/s  ETA 15 min
[cards-b2] 1184/2400  1.36 games/s  ETA 15 min
[cards-b2] 1195/2400  1.33 games/s  ETA 15 min
[cards-b2] 1212/2400  1.30 games/s  ETA 15 min
[cards-b2] 1219/2400  1.27 games/s  ETA 16 min
[cards-b2] 1229/2400  1.24 games/s  ETA 16 min
[cards-b2] 1246/2400  1.22 games/s  ETA 16 min
[cards-b2] 1255/2400  1.20 games/s  ETA 16 min
[cards-b2] 1265/2400  1.17 games/s  ETA 16 min
[cards-b2] 1273/2400  1.15 games/s  ETA 16 min
[cards-b2] 1288/2400  1.13 games/s  ETA 16 min
[cards-b2] 1296/2400  1.11 games/s  ETA 17 min
[cards-b2] 1308/2400  1.09 games/s  ETA 17 min
[cards-b2] 1315/2400  1.07 games/s  ETA 17 min
[cards-b2] 1319/2400  1.05 games/s  ETA 17 min
[cards-b2] 1324/2400  1.03 games/s  ETA 17 min
[cards-b2] 1334/2400  1.01 games/s  ETA 18 min
[cards-b2] 1347/2400  1.00 games/s  ETA 18 min
[cards-b2] 1360/2400  0.99 games/s  ETA 18 min
[cards-b2] 1376/2400  0.98 games/s  ETA 17 min
[cards-b2] 1386/2400  0.96 games/s  ETA 18 min
[cards-b2] 1396/2400  0.95 games/s  ETA 18 min
[cards-b2] 1405/2400  0.94 games/s  ETA 18 min
[cards-b2] 1419/2400  0.93 games/s  ETA 18 min
[cards-b2] 1436/2400  0.92 games/s  ETA 17 min
[cards-b2] 1449/2400  0.91 games/s  ETA 17 min
[cards-b2] 1460/2400  0.90 games/s  ETA 17 min
[cards-b2] 1473/2400  0.89 games/s  ETA 17 min
[cards-b2] 1484/2400  0.88 games/s  ETA 17 min
[cards-b2] 1498/2400  0.88 games/s  ETA 17 min
[cards-b2] 1511/2400  0.87 games/s  ETA 17 min
[cards-b2] 1528/2400  0.86 games/s  ETA 17 min
[cards-b2] 1544/2400  0.86 games/s  ETA 17 min
[cards-b2] 1556/2400  0.85 games/s  ETA 17 min
[cards-b2] 1571/2400  0.84 games/s  ETA 16 min
[cards-b2] 1585/2400  0.84 games/s  ETA 16 min
[cards-b2] 1591/2400  0.83 games/s  ETA 16 min
[cards-b2] 1601/2400  0.82 games/s  ETA 16 min
[cards-b2] 1601/2400  0.81 games/s  ETA 16 min
[cards-b2] 1608/2400  0.80 games/s  ETA 17 min
[cards-b2] 1612/2400  0.79 games/s  ETA 17 min
[cards-b2] 1615/2400  0.78 games/s  ETA 17 min
[cards-b2] 1619/2400  0.77 games/s  ETA 17 min
[cards-b2] 1623/2400  0.76 games/s  ETA 17 min
[cards-b2] 1624/2400  0.75 games/s  ETA 17 min
[cards-b2] 1630/2400  0.74 games/s  ETA 17 min
[cards-b2] 1634/2400  0.74 games/s  ETA 17 min
[cards-b2] 1639/2400  0.73 games/s  ETA 17 min
[cards-b2] 1645/2400  0.72 games/s  ETA 17 min
[cards-b2] 1646/2400  0.71 games/s  ETA 18 min
[cards-b2] 1652/2400  0.71 games/s  ETA 18 min
[cards-b2] 1658/2400  0.70 games/s  ETA 18 min
[cards-b2] 1665/2400  0.69 games/s  ETA 18 min
[cards-b2] 1671/2400  0.69 games/s  ETA 18 min
[cards-b2] 1675/2400  0.68 games/s  ETA 18 min
[cards-b2] 1678/2400  0.67 games/s  ETA 18 min
[cards-b2] 1686/2400  0.67 games/s  ETA 18 min
[cards-b2] 1695/2400  0.66 games/s  ETA 18 min
[cards-b2] 1700/2400  0.66 games/s  ETA 18 min
[cards-b2] 1701/2400  0.65 games/s  ETA 18 min
[cards-b2] 1707/2400  0.65 games/s  ETA 18 min
[cards-b2] 1713/2400  0.64 games/s  ETA 18 min
[cards-b2] 1715/2400  0.64 games/s  ETA 18 min
[cards-b2] 1723/2400  0.63 games/s  ETA 18 min
[cards-b2] 1730/2400  0.63 games/s  ETA 18 min
[cards-b2] 1733/2400  0.62 games/s  ETA 18 min
[cards-b2] 1737/2400  0.62 games/s  ETA 18 min
[cards-b2] 1740/2400  0.61 games/s  ETA 18 min
[cards-b2] 1741/2400  0.60 games/s  ETA 18 min
[cards-b2] 1744/2400  0.60 games/s  ETA 18 min
[cards-b2] 1745/2400  0.59 games/s  ETA 18 min
[cards-b2] 1746/2400  0.59 games/s  ETA 19 min
[cards-b2] 1750/2400  0.58 games/s  ETA 19 min
[cards-b2] 1756/2400  0.58 games/s  ETA 19 min
[cards-b2] 1758/2400  0.57 games/s  ETA 19 min
[cards-b2] 1760/2400  0.57 games/s  ETA 19 min
[cards-b2] 1764/2400  0.57 games/s  ETA 19 min
[cards-b2] 1771/2400  0.56 games/s  ETA 19 min
[cards-b2] 1774/2400  0.56 games/s  ETA 19 min
[cards-b2] 1777/2400  0.55 games/s  ETA 19 min
[cards-b2] 1782/2400  0.55 games/s  ETA 19 min
[cards-b2] 1783/2400  0.55 games/s  ETA 19 min
[cards-b2] 1790/2400  0.54 games/s  ETA 19 min
[cards-b2] 1795/2400  0.54 games/s  ETA 19 min
[cards-b2] 1802/2400  0.54 games/s  ETA 19 min
[cards-b2] 1807/2400  0.53 games/s  ETA 19 min
[cards-b2] 1811/2400  0.53 games/s  ETA 19 min
[cards-b2] 1815/2400  0.53 games/s  ETA 19 min
[cards-b2] 1820/2400  0.52 games/s  ETA 18 min
[cards-b2] 1824/2400  0.52 games/s  ETA 18 min
[cards-b2] 1828/2400  0.52 games/s  ETA 18 min
[cards-b2] 1831/2400  0.51 games/s  ETA 18 min
[cards-b2] 1835/2400  0.51 games/s  ETA 18 min
[cards-b2] 1842/2400  0.51 games/s  ETA 18 min
[cards-b2] 1845/2400  0.50 games/s  ETA 18 min
[cards-b2] 1850/2400  0.50 games/s  ETA 18 min
[cards-b2] 1851/2400  0.50 games/s  ETA 18 min
[cards-b2] 1855/2400  0.49 games/s  ETA 18 min
[cards-b2] 1860/2400  0.49 games/s  ETA 18 min
[cards-b2] 1864/2400  0.49 games/s  ETA 18 min
[cards-b2] 1867/2400  0.49 games/s  ETA 18 min
[cards-b2] 1872/2400  0.48 games/s  ETA 18 min
[cards-b2] 1875/2400  0.48 games/s  ETA 18 min
[cards-b2] 1878/2400  0.48 games/s  ETA 18 min
[cards-b2] 1883/2400  0.48 games/s  ETA 18 min
[cards-b2] 1887/2400  0.47 games/s  ETA 18 min
[cards-b2] 1891/2400  0.47 games/s  ETA 18 min
[cards-b2] 1895/2400  0.47 games/s  ETA 18 min
[cards-b2] 1899/2400  0.47 games/s  ETA 18 min
[cards-b2] 1905/2400  0.46 games/s  ETA 18 min
[cards-b2] 1906/2400  0.46 games/s  ETA 18 min
[cards-b2] 1910/2400  0.46 games/s  ETA 18 min
[cards-b2] 1913/2400  0.46 games/s  ETA 18 min
[cards-b2] 1918/2400  0.45 games/s  ETA 18 min
[cards-b2] 1922/2400  0.45 games/s  ETA 18 min
[cards-b2] 1925/2400  0.45 games/s  ETA 18 min
[cards-b2] 1929/2400  0.45 games/s  ETA 18 min
[cards-b2] 1935/2400  0.44 games/s  ETA 17 min
[cards-b2] 1940/2400  0.44 games/s  ETA 17 min
[cards-b2] 1947/2400  0.44 games/s  ETA 17 min
[cards-b2] 1952/2400  0.44 games/s  ETA 17 min
[cards-b2] 1960/2400  0.44 games/s  ETA 17 min
[cards-b2] 1964/2400  0.44 games/s  ETA 17 min
[cards-b2] 1971/2400  0.44 games/s  ETA 16 min
[cards-b2] 1975/2400  0.43 games/s  ETA 16 min
[cards-b2] 1977/2400  0.43 games/s  ETA 16 min
[cards-b2] 1982/2400  0.43 games/s  ETA 16 min
[cards-b2] 1985/2400  0.43 games/s  ETA 16 min
[cards-b2] 1988/2400  0.42 games/s  ETA 16 min
[cards-b2] 1990/2400  0.42 games/s  ETA 16 min
[cards-b2] 1997/2400  0.42 games/s  ETA 16 min
[cards-b2] 2005/2400  0.42 games/s  ETA 16 min
[cards-b2] 2010/2400  0.42 games/s  ETA 16 min
[cards-b2] 2017/2400  0.42 games/s  ETA 15 min
[cards-b2] 2021/2400  0.42 games/s  ETA 15 min
[cards-b2] 2023/2400  0.41 games/s  ETA 15 min
[cards-b2] 2031/2400  0.41 games/s  ETA 15 min
[cards-b2] 2033/2400  0.41 games/s  ETA 15 min
[cards-b2] 2038/2400  0.41 games/s  ETA 15 min
[cards-b2] 2043/2400  0.41 games/s  ETA 15 min
[cards-b2] 2046/2400  0.41 games/s  ETA 15 min
[cards-b2] 2050/2400  0.40 games/s  ETA 14 min
[cards-b2] 2054/2400  0.40 games/s  ETA 14 min
[cards-b2] 2058/2400  0.40 games/s  ETA 14 min
[cards-b2] 2062/2400  0.40 games/s  ETA 14 min
[cards-b2] 2066/2400  0.40 games/s  ETA 14 min
[cards-b2] 2068/2400  0.40 games/s  ETA 14 min
[cards-b2] 2076/2400  0.40 games/s  ETA 14 min
[cards-b2] 2078/2400  0.39 games/s  ETA 14 min
[cards-b2] 2082/2400  0.39 games/s  ETA 14 min
[cards-b2] 2085/2400  0.39 games/s  ETA 13 min
[cards-b2] 2088/2400  0.39 games/s  ETA 13 min
[cards-b2] 2095/2400  0.39 games/s  ETA 13 min
[cards-b2] 2101/2400  0.39 games/s  ETA 13 min
[cards-b2] 2104/2400  0.39 games/s  ETA 13 min
[cards-b2] 2107/2400  0.38 games/s  ETA 13 min
[cards-b2] 2109/2400  0.38 games/s  ETA 13 min
[cards-b2] 2110/2400  0.38 games/s  ETA 13 min
[cards-b2] 2113/2400  0.38 games/s  ETA 13 min
[cards-b2] 2117/2400  0.38 games/s  ETA 13 min
[cards-b2] 2118/2400  0.38 games/s  ETA 13 min
[cards-b2] 2122/2400  0.37 games/s  ETA 12 min
[cards-b2] 2127/2400  0.37 games/s  ETA 12 min
[cards-b2] 2132/2400  0.37 games/s  ETA 12 min
[cards-b2] 2136/2400  0.37 games/s  ETA 12 min
[cards-b2] 2143/2400  0.37 games/s  ETA 12 min
[cards-b2] 2146/2400  0.37 games/s  ETA 11 min
[cards-b2] 2153/2400  0.37 games/s  ETA 11 min
[cards-b2] 2156/2400  0.37 games/s  ETA 11 min
[cards-b2] 2160/2400  0.37 games/s  ETA 11 min
[cards-b2] 2163/2400  0.36 games/s  ETA 11 min
[cards-b2] 2166/2400  0.36 games/s  ETA 11 min
[cards-b2] 2173/2400  0.36 games/s  ETA 10 min
[cards-b2] 2178/2400  0.36 games/s  ETA 10 min
[cards-b2] 2180/2400  0.36 games/s  ETA 10 min
[cards-b2] 2184/2400  0.36 games/s  ETA 10 min
[cards-b2] 2190/2400  0.36 games/s  ETA 10 min
[cards-b2] 2192/2400  0.36 games/s  ETA 10 min
[cards-b2] 2197/2400  0.36 games/s  ETA 10 min
[cards-b2] 2198/2400  0.35 games/s  ETA 10 min
[cards-b2] 2199/2400  0.35 games/s  ETA 10 min
[cards-b2] 2205/2400  0.35 games/s  ETA 9 min
[cards-b2] 2210/2400  0.35 games/s  ETA 9 min
[cards-b2] 2214/2400  0.35 games/s  ETA 9 min
[cards-b2] 2220/2400  0.35 games/s  ETA 9 min
[cards-b2] 2223/2400  0.35 games/s  ETA 8 min
[cards-b2] 2228/2400  0.35 games/s  ETA 8 min
[cards-b2] 2232/2400  0.35 games/s  ETA 8 min
[cards-b2] 2241/2400  0.35 games/s  ETA 8 min
[cards-b2] 2246/2400  0.34 games/s  ETA 7 min
[cards-b2] 2248/2400  0.34 games/s  ETA 7 min
[cards-b2] 2253/2400  0.34 games/s  ETA 7 min
[cards-b2] 2256/2400  0.34 games/s  ETA 7 min
[cards-b2] 2259/2400  0.34 games/s  ETA 7 min
[cards-b2] 2265/2400  0.34 games/s  ETA 7 min
[cards-b2] 2269/2400  0.34 games/s  ETA 6 min
[cards-b2] 2273/2400  0.34 games/s  ETA 6 min
[cards-b2] 2281/2400  0.34 games/s  ETA 6 min
[cards-b2] 2284/2400  0.34 games/s  ETA 6 min
[cards-b2] 2284/2400  0.34 games/s  ETA 6 min
[cards-b2] 2289/2400  0.33 games/s  ETA 6 min
[cards-b2] 2294/2400  0.33 games/s  ETA 5 min
[cards-b2] 2298/2400  0.33 games/s  ETA 5 min
[cards-b2] 2304/2400  0.33 games/s  ETA 5 min
[cards-b2] 2311/2400  0.33 games/s  ETA 4 min
[cards-b2] 2313/2400  0.33 games/s  ETA 4 min
[cards-b2] 3 entrants, 2400 games (2315 done), depth 3, armies perPair, 3 workers
[cards-b2] rules {"markFree":true,"hasteCaptures":false,"strikeCaptures":false,"strikePawns":false}
[cards-b2] 0/85  0.00 games/s  ETA Infinity min
[cards-b2] 0/85  0.00 games/s  ETA Infinity min
[cards-b2] 0/85  0.00 games/s  ETA Infinity min
[cards-b2] 0/85  0.00 games/s  ETA Infinity min
[cards-b2] 0/85  0.00 games/s  ETA Infinity min
[cards-b2] 1/85  0.01 games/s  ETA 252 min
[cards-b2] 1/85  0.00 games/s  ETA 294 min
[cards-b2] 1/85  0.00 games/s  ETA 336 min
[cards-b2] 2/85  0.01 games/s  ETA 187 min
[cards-b2] 3/85  0.01 games/s  ETA 137 min
[cards-b2] 3/85  0.01 games/s  ETA 150 min
[cards-b2] 4/85  0.01 games/s  ETA 122 min
[cards-b2] 6/85  0.02 games/s  ETA 86 min
[cards-b2] 6/85  0.01 games/s  ETA 92 min
[cards-b2] 7/85  0.02 games/s  ETA 84 min
[cards-b2] 8/85  0.02 games/s  ETA 77 min
[cards-b2] 8/85  0.02 games/s  ETA 82 min
[cards-b2] 8/85  0.01 games/s  ETA 87 min
[cards-b2] 10/85  0.02 games/s  ETA 71 min
[cards-b2] 10/85  0.02 games/s  ETA 75 min
[cards-b2] 10/85  0.02 games/s  ETA 79 min
[cards-b2] 12/85  0.02 games/s  ETA 67 min
[cards-b2] 12/85  0.02 games/s  ETA 70 min
[cards-b2] 13/85  0.02 games/s  ETA 66 min
[cards-b2] 13/85  0.02 games/s  ETA 69 min
[cards-b2] 14/85  0.02 games/s  ETA 66 min
[cards-b2] 15/85  0.02 games/s  ETA 63 min
[cards-b2] 15/85  0.02 games/s  ETA 65 min
[cards-b2] 16/85  0.02 games/s  ETA 63 min
[cards-b2] 16/85  0.02 games/s  ETA 65 min
[cards-b2] 17/85  0.02 games/s  ETA 62 min
[cards-b2] 19/85  0.02 games/s  ETA 56 min
[cards-b2] 20/85  0.02 games/s  ETA 54 min
[cards-b2] 21/85  0.02 games/s  ETA 52 min
[cards-b2] 23/85  0.02 games/s  ETA 47 min
[cards-b2] 24/85  0.02 games/s  ETA 46 min
[cards-b2] 24/85  0.02 games/s  ETA 47 min
[cards-b2] 24/85  0.02 games/s  ETA 48 min
[cards-b2] 24/85  0.02 games/s  ETA 50 min
[cards-b2] 26/85  0.02 games/s  ETA 45 min
[cards-b2] 27/85  0.02 games/s  ETA 44 min
[cards-b2] 27/85  0.02 games/s  ETA 45 min
[cards-b2] 27/85  0.02 games/s  ETA 46 min
[cards-b2] 27/85  0.02 games/s  ETA 47 min
[cards-b2] 27/85  0.02 games/s  ETA 48 min
[cards-b2] 27/85  0.02 games/s  ETA 50 min
[cards-b2] 28/85  0.02 games/s  ETA 48 min
[cards-b2] 30/85  0.02 games/s  ETA 44 min
[cards-b2] 30/85  0.02 games/s  ETA 45 min
[cards-b2] 31/85  0.02 games/s  ETA 44 min
[cards-b2] 32/85  0.02 games/s  ETA 42 min
[cards-b2] 32/85  0.02 games/s  ETA 43 min
[cards-b2] 34/85  0.02 games/s  ETA 40 min
[cards-b2] 34/85  0.02 games/s  ETA 41 min
[cards-b2] 37/85  0.02 games/s  ETA 36 min
[cards-b2] 37/85  0.02 games/s  ETA 36 min
[cards-b2] 39/85  0.02 games/s  ETA 34 min
[cards-b2] 39/85  0.02 games/s  ETA 34 min
[cards-b2] 40/85  0.02 games/s  ETA 33 min
[cards-b2] 41/85  0.02 games/s  ETA 32 min
[cards-b2] 41/85  0.02 games/s  ETA 33 min
[cards-b2] 41/85  0.02 games/s  ETA 33 min
[cards-b2] 41/85  0.02 games/s  ETA 34 min
[cards-b2] 41/85  0.02 games/s  ETA 34 min
[cards-b2] 42/85  0.02 games/s  ETA 33 min
[cards-b2] 44/85  0.02 games/s  ETA 31 min
[cards-b2] 45/85  0.02 games/s  ETA 30 min
[cards-b2] 46/85  0.02 games/s  ETA 29 min
[cards-b2] 47/85  0.02 games/s  ETA 28 min
[cards-b2] 49/85  0.02 games/s  ETA 26 min
[cards-b2] 50/85  0.02 games/s  ETA 25 min
[cards-b2] 51/85  0.02 games/s  ETA 24 min
[cards-b2] 51/85  0.02 games/s  ETA 24 min
[cards-b2] 53/85  0.02 games/s  ETA 22 min
[cards-b2] 54/85  0.02 games/s  ETA 22 min
[cards-b2] 54/85  0.02 games/s  ETA 22 min
[cards-b2] 56/85  0.02 games/s  ETA 20 min
[cards-b2] 57/85  0.02 games/s  ETA 19 min
[cards-b2] 58/85  0.02 games/s  ETA 18 min
[cards-b2] 60/85  0.02 games/s  ETA 17 min
[cards-b2] 60/85  0.02 games/s  ETA 17 min
[cards-b2] 60/85  0.02 games/s  ETA 17 min
[cards-b2] 62/85  0.02 games/s  ETA 15 min
[cards-b2] 64/85  0.03 games/s  ETA 14 min
[cards-b2] 67/85  0.03 games/s  ETA 11 min
[cards-b2] 67/85  0.03 games/s  ETA 12 min
[cards-b2] 68/85  0.03 games/s  ETA 11 min
[cards-b2] 68/85  0.03 games/s  ETA 11 min
[cards-b2] 69/85  0.03 games/s  ETA 10 min
[cards-b2] 69/85  0.03 games/s  ETA 10 min
[cards-b2] 70/85  0.03 games/s  ETA 10 min
[cards-b2] 70/85  0.03 games/s  ETA 10 min
[cards-b2] 71/85  0.03 games/s  ETA 9 min
[cards-b2] 73/85  0.03 games/s  ETA 8 min
[cards-b2] 73/85  0.03 games/s  ETA 8 min
[cards-b2] 74/85  0.03 games/s  ETA 7 min
[cards-b2] 77/85  0.03 games/s  ETA 5 min
[cards-b2] 78/85  0.03 games/s  ETA 4 min
[cards-b2] 78/85  0.03 games/s  ETA 4 min
[cards-b2] 80/85  0.03 games/s  ETA 3 min
[cards-b2] 82/85  0.03 games/s  ETA 2 min
[cards-b2] 83/85  0.03 games/s  ETA 1 min
[cards-b2] 85 games in 51.4 min
