[cards-b4] 2 entrants, 100 games (0 done), depth 3, armies perPair, 4 workers
[cards-b4] rules {"markFree":true,"hasteCaptures":false,"strikeCaptures":false,"strikePawns":false}
[cards-b4] 0/100  0.00 games/s  ETA Infinity min
[cards-b4] 0/100  0.00 games/s  ETA Infinity min
[cards-b4] 0/100  0.00 games/s  ETA Infinity min
[cards-b4] 0/100  0.00 games/s  ETA Infinity min
[cards-b4] 0/100  0.00 games/s  ETA Infinity min
[cards-b4] 0/100  0.00 games/s  ETA Infinity min
[cards-b4] 0/100  0.00 games/s  ETA Infinity min
[cards-b4] 0/100  0.00 games/s  ETA Infinity min
[cards-b4] 0/100  0.00 games/s  ETA Infinity min
[cards-b4] 0/100  0.00 games/s  ETA Infinity min
[cards-b4] 0/100  0.00 games/s  ETA Infinity min
[cards-b4] 0/100  0.00 games/s  ETA Infinity min
[cards-b4] 1/100  0.00 games/s  ETA 644 min
[cards-b4] 1/100  0.00 games/s  ETA 694 min
[cards-b4] 1/100  0.00 games/s  ETA 743 min
[cards-b4] 1/100  0.00 games/s  ETA 793 min
[cards-b4] 3/100  0.01 games/s  ETA 275 min
[cards-b4] 3/100  0.01 games/s  ETA 291 min
[cards-b4] 3/100  0.01 games/s  ETA 307 min
[cards-b4] 3/100  0.00 games/s  ETA 324 min
[cards-b4] 3/100  0.00 games/s  ETA 340 min
[cards-b4] 3/100  0.00 games/s  ETA 356 min
[cards-b4] 4/100  0.01 games/s  ETA 276 min
[cards-b4] 4/100  0.01 games/s  ETA 288 min
[cards-b4] 4/100  0.01 games/s  ETA 300 min
[cards-b4] 4/100  0.01 games/s  ETA 312 min
[cards-b4] 4/100  0.00 games/s  ETA 324 min
[cards-b4] 4/100  0.00 games/s  ETA 336 min
[cards-b4] 4/100  0.00 games/s  ETA 348 min
[cards-b4] 4/100  0.00 games/s  ETA 360 min
[cards-b4] 5/100  0.01 games/s  ETA 295 min
[cards-b4] 5/100  0.01 games/s  ETA 304 min
[cards-b4] 6/100  0.01 games/s  ETA 259 min
[cards-b4] 6/100  0.01 games/s  ETA 267 min
[cards-b4] 7/100  0.01 games/s  ETA 233 min
[cards-b4] 8/100  0.01 games/s  ETA 207 min
[cards-b4] 8/100  0.01 games/s  ETA 213 min
[cards-b4] 8/100  0.01 games/s  ETA 219 min
[cards-b4] 8/100  0.01 games/s  ETA 224 min
[cards-b4] 8/100  0.01 games/s  ETA 230 min
[cards-b4] 8/100  0.01 games/s  ETA 236 min
[cards-b4] 8/100  0.01 games/s  ETA 242 min
[cards-b4] 8/100  0.01 games/s  ETA 247 min
[cards-b4] 8/100  0.01 games/s  ETA 253 min
[cards-b4] 10/100  0.01 games/s  ETA 203 min
[cards-b4] 10/100  0.01 games/s  ETA 207 min
[cards-b4] 10/100  0.01 games/s  ETA 212 min
[cards-b4] 10/100  0.01 games/s  ETA 216 min
[cards-b4] 10/100  0.01 games/s  ETA 221 min
[cards-b4] 10/100  0.01 games/s  ETA 225 min
[cards-b4] 10/100  0.01 games/s  ETA 230 min
[cards-b4] 11/100  0.01 games/s  ETA 211 min
[cards-b4] 11/100  0.01 games/s  ETA 215 min
[cards-b4] 11/100  0.01 games/s  ETA 219 min
[cards-b4] 11/100  0.01 games/s  ETA 223 min
[cards-b4] 11/100  0.01 games/s  ETA 227 min
[cards-b4] 11/100  0.01 games/s  ETA 231 min
[cards-b4] 11/100  0.01 games/s  ETA 235 min
[cards-b4] 11/100  0.01 games/s  ETA 239 min
[cards-b4] 12/100  0.01 games/s  ETA 220 min
[cards-b4] 12/100  0.01 games/s  ETA 224 min
[cards-b4] 12/100  0.01 games/s  ETA 228 min
[cards-b4] 12/100  0.01 games/s  ETA 231 min
[cards-b4] 13/100  0.01 games/s  ETA 214 min
[cards-b4] 13/100  0.01 games/s  ETA 218 min
[cards-b4] 13/100  0.01 games/s  ETA 221 min
[cards-b4] 13/100  0.01 games/s  ETA 224 min
[cards-b4] 13/100  0.01 games/s  ETA 228 min
[cards-b4] 14/100  0.01 games/s  ETA 212 min
[cards-b4] 15/100  0.01 games/s  ETA 199 min
[cards-b4] 15/100  0.01 games/s  ETA 201 min
[cards-b4] 15/100  0.01 games/s  ETA 204 min
[cards-b4] 15/100  0.01 games/s  ETA 207 min
[cards-b4] 15/100  0.01 games/s  ETA 210 min
[cards-b4] 15/100  0.01 games/s  ETA 213 min
[cards-b4] 15/100  0.01 games/s  ETA 216 min
[cards-b4] 15/100  0.01 games/s  ETA 218 min
[cards-b4] 15/100  0.01 games/s  ETA 221 min
[cards-b4] 16/100  0.01 games/s  ETA 208 min
[cards-b4] 16/100  0.01 games/s  ETA 210 min
[cards-b4] 16/100  0.01 games/s  ETA 213 min
[cards-b4] 16/100  0.01 games/s  ETA 215 min
[cards-b4] 16/100  0.01 games/s  ETA 218 min
[cards-b4] 16/100  0.01 games/s  ETA 221 min
[cards-b4] 16/100  0.01 games/s  ETA 223 min
[cards-b4] 16/100  0.01 games/s  ETA 226 min
[cards-b4] 17/100  0.01 games/s  ETA 213 min
[cards-b4] 17/100  0.01 games/s  ETA 215 min
[cards-b4] 18/100  0.01 games/s  ETA 203 min
[cards-b4] 18/100  0.01 games/s  ETA 205 min
[cards-b4] 18/100  0.01 games/s  ETA 207 min
[cards-b4] 19/100  0.01 games/s  ETA 196 min
[cards-b4] 19/100  0.01 games/s  ETA 198 min
[cards-b4] 19/100  0.01 games/s  ETA 201 min
[cards-b4] 19/100  0.01 games/s  ETA 203 min
[cards-b4] 19/100  0.01 games/s  ETA 205 min
[cards-b4] 20/100  0.01 games/s  ETA 194 min
[cards-b4] 20/100  0.01 games/s  ETA 196 min
[cards-b4] 20/100  0.01 games/s  ETA 198 min
[cards-b4] 20/100  0.01 games/s  ETA 200 min
[cards-b4] 20/100  0.01 games/s  ETA 202 min
[cards-b4] 20/100  0.01 games/s  ETA 204 min
[cards-b4] 20/100  0.01 games/s  ETA 206 min
[cards-b4] 20/100  0.01 games/s  ETA 208 min
[cards-b4] 20/100  0.01 games/s  ETA 210 min
[cards-b4] 21/100  0.01 games/s  ETA 200 min
[cards-b4] 22/100  0.01 games/s  ETA 190 min
[cards-b4] 23/100  0.01 games/s  ETA 181 min
[cards-b4] 23/100  0.01 games/s  ETA 183 min
[cards-b4] 23/100  0.01 games/s  ETA 184 min
[cards-b4] 24/100  0.01 games/s  ETA 176 min
[cards-b4] 24/100  0.01 games/s  ETA 177 min
[cards-b4] 25/100  0.01 games/s  ETA 170 min
[cards-b4] 26/100  0.01 games/s  ETA 162 min
[cards-b4] 26/100  0.01 games/s  ETA 164 min
[cards-b4] 26/100  0.01 games/s  ETA 165 min
[cards-b4] 27/100  0.01 games/s  ETA 158 min
[cards-b4] 27/100  0.01 games/s  ETA 160 min
[cards-b4] 27/100  0.01 games/s  ETA 161 min
[cards-b4] 27/100  0.01 games/s  ETA 162 min
[cards-b4] 29/100  0.01 games/s  ETA 148 min
[cards-b4] 29/100  0.01 games/s  ETA 149 min
[cards-b4] 29/100  0.01 games/s  ETA 151 min
[cards-b4] 30/100  0.01 games/s  ETA 145 min
[cards-b4] 31/100  0.01 games/s  ETA 139 min
[cards-b4] 31/100  0.01 games/s  ETA 140 min
[cards-b4] 31/100  0.01 games/s  ETA 141 min
[cards-b4] 31/100  0.01 games/s  ETA 143 min
[cards-b4] 31/100  0.01 games/s  ETA 144 min
[cards-b4] 31/100  0.01 games/s  ETA 145 min
[cards-b4] 31/100  0.01 games/s  ETA 146 min
[cards-b4] 31/100  0.01 games/s  ETA 147 min
[cards-b4] 31/100  0.01 games/s  ETA 148 min
[cards-b4] 31/100  0.01 games/s  ETA 149 min
[cards-b4] 32/100  0.01 games/s  ETA 144 min
[cards-b4] 32/100  0.01 games/s  ETA 145 min
[cards-b4] 32/100  0.01 games/s  ETA 146 min
[cards-b4] 32/100  0.01 games/s  ETA 147 min
[cards-b4] 32/100  0.01 games/s  ETA 148 min
[cards-b4] 32/100  0.01 games/s  ETA 149 min
[cards-b4] 33/100  0.01 games/s  ETA 143 min
[cards-b4] 34/100  0.01 games/s  ETA 138 min
[cards-b4] 34/100  0.01 games/s  ETA 139 min
[cards-b4] 34/100  0.01 games/s  ETA 140 min
[cards-b4] 34/100  0.01 games/s  ETA 141 min
[cards-b4] 35/100  0.01 games/s  ETA 136 min
[cards-b4] 35/100  0.01 games/s  ETA 137 min
[cards-b4] 35/100  0.01 games/s  ETA 138 min
[cards-b4] 36/100  0.01 games/s  ETA 133 min
[cards-b4] 36/100  0.01 games/s  ETA 133 min
[cards-b4] 36/100  0.01 games/s  ETA 134 min
[cards-b4] 36/100  0.01 games/s  ETA 135 min
[cards-b4] 36/100  0.01 games/s  ETA 136 min
[cards-b4] 36/100  0.01 games/s  ETA 137 min
[cards-b4] 36/100  0.01 games/s  ETA 138 min
[cards-b4] 37/100  0.01 games/s  ETA 133 min
[cards-b4] 37/100  0.01 games/s  ETA 134 min
[cards-b4] 37/100  0.01 games/s  ETA 135 min
[cards-b4] 38/100  0.01 games/s  ETA 130 min
[cards-b4] 38/100  0.01 games/s  ETA 131 min
[cards-b4] 38/100  0.01 games/s  ETA 131 min
[cards-b4] 38/100  0.01 games/s  ETA 132 min
[cards-b4] 38/100  0.01 games/s  ETA 133 min
[cards-b4] 38/100  0.01 games/s  ETA 134 min
[cards-b4] 38/100  0.01 games/s  ETA 135 min
[cards-b4] 38/100  0.01 games/s  ETA 136 min
[cards-b4] 38/100  0.01 games/s  ETA 136 min
[cards-b4] 38/100  0.01 games/s  ETA 137 min
[cards-b4] 39/100  0.01 games/s  ETA 132 min
[cards-b4] 39/100  0.01 games/s  ETA 133 min
[cards-b4] 39/100  0.01 games/s  ETA 134 min
[cards-b4] 39/100  0.01 games/s  ETA 135 min
[cards-b4] 39/100  0.01 games/s  ETA 135 min
[cards-b4] 39/100  0.01 games/s  ETA 136 min
[cards-b4] 39/100  0.01 games/s  ETA 137 min
[cards-b4] 39/100  0.01 games/s  ETA 138 min
[cards-b4] 39/100  0.01 games/s  ETA 139 min
[cards-b4] 39/100  0.01 games/s  ETA 139 min
[cards-b4] 39/100  0.01 games/s  ETA 140 min
[cards-b4] 40/100  0.01 games/s  ETA 135 min
[cards-b4] 40/100  0.01 games/s  ETA 136 min
[cards-b4] 40/100  0.01 games/s  ETA 137 min
[cards-b4] 40/100  0.01 games/s  ETA 137 min
[cards-b4] 40/100  0.01 games/s  ETA 138 min
[cards-b4] 40/100  0.01 games/s  ETA 139 min
[cards-b4] 41/100  0.01 games/s  ETA 134 min
[cards-b4] 41/100  0.01 games/s  ETA 135 min
[cards-b4] 41/100  0.01 games/s  ETA 135 min
[cards-b4] 41/100  0.01 games/s  ETA 136 min
[cards-b4] 42/100  0.01 games/s  ETA 131 min
[cards-b4] 42/100  0.01 games/s  ETA 132 min
[cards-b4] 43/100  0.01 games/s  ETA 127 min
[cards-b4] 43/100  0.01 games/s  ETA 128 min
[cards-b4] 43/100  0.01 games/s  ETA 129 min
[cards-b4] 43/100  0.01 games/s  ETA 129 min
[cards-b4] 43/100  0.01 games/s  ETA 130 min
[cards-b4] 43/100  0.01 games/s  ETA 131 min
[cards-b4] 43/100  0.01 games/s  ETA 131 min
[cards-b4] 43/100  0.01 games/s  ETA 132 min
[cards-b4] 44/100  0.01 games/s  ETA 127 min
[cards-b4] 45/100  0.01 games/s  ETA 123 min
[cards-b4] 45/100  0.01 games/s  ETA 124 min
[cards-b4] 45/100  0.01 games/s  ETA 124 min
[cards-b4] 45/100  0.01 games/s  ETA 125 min
[cards-b4] 45/100  0.01 games/s  ETA 125 min
[cards-b4] 46/100  0.01 games/s  ETA 121 min
[cards-b4] 46/100  0.01 games/s  ETA 122 min
[cards-b4] 47/100  0.01 games/s  ETA 117 min
[cards-b4] 47/100  0.01 games/s  ETA 118 min
[cards-b4] 48/100  0.01 games/s  ETA 114 min
[cards-b4] 48/100  0.01 games/s  ETA 114 min
[cards-b4] 48/100  0.01 games/s  ETA 115 min
[cards-b4] 48/100  0.01 games/s  ETA 115 min
[cards-b4] 48/100  0.01 games/s  ETA 116 min
[cards-b4] 48/100  0.01 games/s  ETA 117 min
[cards-b4] 48/100  0.01 games/s  ETA 117 min
[cards-b4] 48/100  0.01 games/s  ETA 118 min
[cards-b4] 48/100  0.01 games/s  ETA 118 min
[cards-b4] 48/100  0.01 games/s  ETA 119 min
[cards-b4] 48/100  0.01 games/s  ETA 119 min
[cards-b4] 48/100  0.01 games/s  ETA 120 min
[cards-b4] 50/100  0.01 games/s  ETA 111 min
[cards-b4] 50/100  0.01 games/s  ETA 112 min
[cards-b4] 50/100  0.01 games/s  ETA 112 min
[cards-b4] 50/100  0.01 games/s  ETA 113 min
[cards-b4] 50/100  0.01 games/s  ETA 113 min
[cards-b4] 50/100  0.01 games/s  ETA 114 min
[cards-b4] 50/100  0.01 games/s  ETA 114 min
[cards-b4] 50/100  0.01 games/s  ETA 115 min
[cards-b4] 50/100  0.01 games/s  ETA 115 min
[cards-b4] 50/100  0.01 games/s  ETA 116 min
[cards-b4] 50/100  0.01 games/s  ETA 116 min
[cards-b4] 50/100  0.01 games/s  ETA 117 min
[cards-b4] 51/100  0.01 games/s  ETA 113 min
[cards-b4] 51/100  0.01 games/s  ETA 113 min
[cards-b4] 51/100  0.01 games/s  ETA 113 min
[cards-b4] 52/100  0.01 games/s  ETA 109 min
[cards-b4] 52/100  0.01 games/s  ETA 110 min
[cards-b4] 52/100  0.01 games/s  ETA 110 min
[cards-b4] 52/100  0.01 games/s  ETA 111 min
[cards-b4] 52/100  0.01 games/s  ETA 111 min
[cards-b4] 53/100  0.01 games/s  ETA 107 min
[cards-b4] 54/100  0.01 games/s  ETA 104 min
[cards-b4] 54/100  0.01 games/s  ETA 104 min
[cards-b4] 54/100  0.01 games/s  ETA 104 min
[cards-b4] 54/100  0.01 games/s  ETA 105 min
[cards-b4] 54/100  0.01 games/s  ETA 105 min
[cards-b4] 56/100  0.01 games/s  ETA 98 min
[cards-b4] 56/100  0.01 games/s  ETA 98 min
[cards-b4] 56/100  0.01 games/s  ETA 98 min
[cards-b4] 56/100  0.01 games/s  ETA 99 min
[cards-b4] 56/100  0.01 games/s  ETA 99 min
[cards-b4] 56/100  0.01 games/s  ETA 99 min
[cards-b4] 56/100  0.01 games/s  ETA 100 min
[cards-b4] 56/100  0.01 games/s  ETA 100 min
[cards-b4] 56/100  0.01 games/s  ETA 101 min
[cards-b4] 56/100  0.01 games/s  ETA 101 min
[cards-b4] 56/100  0.01 games/s  ETA 101 min
[cards-b4] 56/100  0.01 games/s  ETA 102 min
[cards-b4] 56/100  0.01 games/s  ETA 102 min
[cards-b4] 56/100  0.01 games/s  ETA 103 min
[cards-b4] 56/100  0.01 games/s  ETA 103 min
[cards-b4] 57/100  0.01 games/s  ETA 99 min
[cards-b4] 57/100  0.01 games/s  ETA 100 min
[cards-b4] 57/100  0.01 games/s  ETA 100 min
[cards-b4] 57/100  0.01 games/s  ETA 100 min
[cards-b4] 57/100  0.01 games/s  ETA 101 min
[cards-b4] 57/100  0.01 games/s  ETA 101 min
[cards-b4] 57/100  0.01 games/s  ETA 102 min
[cards-b4] 58/100  0.01 games/s  ETA 98 min
[cards-b4] 59/100  0.01 games/s  ETA 94 min
[cards-b4] 59/100  0.01 games/s  ETA 95 min
[cards-b4] 59/100  0.01 games/s  ETA 95 min
[cards-b4] 59/100  0.01 games/s  ETA 95 min
[cards-b4] 60/100  0.01 games/s  ETA 92 min
[cards-b4] 60/100  0.01 games/s  ETA 92 min
[cards-b4] 60/100  0.01 games/s  ETA 92 min
[cards-b4] 60/100  0.01 games/s  ETA 93 min
[cards-b4] 60/100  0.01 games/s  ETA 93 min
[cards-b4] 61/100  0.01 games/s  ETA 90 min
[cards-b4] 61/100  0.01 games/s  ETA 90 min
[cards-b4] 61/100  0.01 games/s  ETA 90 min
[cards-b4] 61/100  0.01 games/s  ETA 91 min
[cards-b4] 61/100  0.01 games/s  ETA 91 min
[cards-b4] 61/100  0.01 games/s  ETA 91 min
[cards-b4] 61/100  0.01 games/s  ETA 92 min
[cards-b4] 61/100  0.01 games/s  ETA 92 min
[cards-b4] 61/100  0.01 games/s  ETA 92 min
[cards-b4] 61/100  0.01 games/s  ETA 92 min
[cards-b4] 62/100  0.01 games/s  ETA 89 min
[cards-b4] 63/100  0.01 games/s  ETA 86 min
[cards-b4] 63/100  0.01 games/s  ETA 86 min
[cards-b4] 63/100  0.01 games/s  ETA 86 min
[cards-b4] 63/100  0.01 games/s  ETA 86 min
[cards-b4] 63/100  0.01 games/s  ETA 87 min
[cards-b4] 63/100  0.01 games/s  ETA 87 min
[cards-b4] 63/100  0.01 games/s  ETA 87 min
[cards-b4] 63/100  0.01 games/s  ETA 88 min
[cards-b4] 64/100  0.01 games/s  ETA 84 min
[cards-b4] 64/100  0.01 games/s  ETA 84 min
[cards-b4] 64/100  0.01 games/s  ETA 85 min
[cards-b4] 64/100  0.01 games/s  ETA 85 min
[cards-b4] 64/100  0.01 games/s  ETA 85 min
[cards-b4] 64/100  0.01 games/s  ETA 86 min
[cards-b4] 65/100  0.01 games/s  ETA 82 min
[cards-b4] 65/100  0.01 games/s  ETA 82 min
[cards-b4] 65/100  0.01 games/s  ETA 83 min
[cards-b4] 65/100  0.01 games/s  ETA 83 min
[cards-b4] 65/100  0.01 games/s  ETA 83 min
[cards-b4] 65/100  0.01 games/s  ETA 84 min
[cards-b4] 66/100  0.01 games/s  ETA 80 min
[cards-b4] 66/100  0.01 games/s  ETA 80 min
[cards-b4] 66/100  0.01 games/s  ETA 81 min
[cards-b4] 66/100  0.01 games/s  ETA 81 min
[cards-b4] 66/100  0.01 games/s  ETA 81 min
[cards-b4] 67/100  0.01 games/s  ETA 78 min
[cards-b4] 67/100  0.01 games/s  ETA 78 min
[cards-b4] 67/100  0.01 games/s  ETA 78 min
[cards-b4] 68/100  0.01 games/s  ETA 75 min
[cards-b4] 68/100  0.01 games/s  ETA 75 min
[cards-b4] 68/100  0.01 games/s  ETA 76 min
[cards-b4] 68/100  0.01 games/s  ETA 76 min
[cards-b4] 69/100  0.01 games/s  ETA 73 min
[cards-b4] 69/100  0.01 games/s  ETA 73 min
[cards-b4] 69/100  0.01 games/s  ETA 73 min
[cards-b4] 69/100  0.01 games/s  ETA 73 min
[cards-b4] 69/100  0.01 games/s  ETA 74 min
[cards-b4] 70/100  0.01 games/s  ETA 70 min
[cards-b4] 70/100  0.01 games/s  ETA 71 min
[cards-b4] 70/100  0.01 games/s  ETA 71 min
[cards-b4] 70/100  0.01 games/s  ETA 71 min
[cards-b4] 70/100  0.01 games/s  ETA 71 min
[cards-b4] 70/100  0.01 games/s  ETA 71 min
[cards-b4] 70/100  0.01 games/s  ETA 72 min
[cards-b4] 70/100  0.01 games/s  ETA 72 min
[cards-b4] 70/100  0.01 games/s  ETA 72 min
[cards-b4] 70/100  0.01 games/s  ETA 72 min
[cards-b4] 72/100  0.01 games/s  ETA 66 min
[cards-b4] 72/100  0.01 games/s  ETA 66 min
[cards-b4] 72/100  0.01 games/s  ETA 66 min
[cards-b4] 72/100  0.01 games/s  ETA 66 min
[cards-b4] 73/100  0.01 games/s  ETA 63 min
[cards-b4] 73/100  0.01 games/s  ETA 63 min
[cards-b4] 73/100  0.01 games/s  ETA 64 min
[cards-b4] 73/100  0.01 games/s  ETA 64 min
[cards-b4] 73/100  0.01 games/s  ETA 64 min
[cards-b4] 73/100  0.01 games/s  ETA 64 min
[cards-b4] 73/100  0.01 games/s  ETA 64 min
[cards-b4] 73/100  0.01 games/s  ETA 65 min
[cards-b4] 73/100  0.01 games/s  ETA 65 min
[cards-b4] 74/100  0.01 games/s  ETA 62 min
[cards-b4] 74/100  0.01 games/s  ETA 62 min
[cards-b4] 74/100  0.01 games/s  ETA 62 min
[cards-b4] 74/100  0.01 games/s  ETA 62 min
[cards-b4] 74/100  0.01 games/s  ETA 62 min
[cards-b4] 74/100  0.01 games/s  ETA 63 min
[cards-b4] 76/100  0.01 games/s  ETA 56 min
[cards-b4] 76/100  0.01 games/s  ETA 57 min
[cards-b4] 76/100  0.01 games/s  ETA 57 min
[cards-b4] 76/100  0.01 games/s  ETA 57 min
[cards-b4] 76/100  0.01 games/s  ETA 57 min
[cards-b4] 77/100  0.01 games/s  ETA 54 min
[cards-b4] 77/100  0.01 games/s  ETA 54 min
[cards-b4] 78/100  0.01 games/s  ETA 51 min
[cards-b4] 78/100  0.01 games/s  ETA 52 min
[cards-b4] 78/100  0.01 games/s  ETA 52 min
[cards-b4] 78/100  0.01 games/s  ETA 52 min
[cards-b4] 78/100  0.01 games/s  ETA 52 min
[cards-b4] 79/100  0.01 games/s  ETA 49 min
[cards-b4] 79/100  0.01 games/s  ETA 49 min
[cards-b4] 79/100  0.01 games/s  ETA 49 min
[cards-b4] 79/100  0.01 games/s  ETA 49 min
[cards-b4] 79/100  0.01 games/s  ETA 50 min
[cards-b4] 79/100  0.01 games/s  ETA 50 min
[cards-b4] 79/100  0.01 games/s  ETA 50 min
[cards-b4] 79/100  0.01 games/s  ETA 50 min
[cards-b4] 81/100  0.01 games/s  ETA 44 min
[cards-b4] 81/100  0.01 games/s  ETA 44 min
[cards-b4] 81/100  0.01 games/s  ETA 44 min
[cards-b4] 81/100  0.01 games/s  ETA 45 min
[cards-b4] 81/100  0.01 games/s  ETA 45 min
[cards-b4] 81/100  0.01 games/s  ETA 45 min
[cards-b4] 81/100  0.01 games/s  ETA 45 min
[cards-b4] 81/100  0.01 games/s  ETA 45 min
[cards-b4] 81/100  0.01 games/s  ETA 45 min
[cards-b4] 81/100  0.01 games/s  ETA 45 min
[cards-b4] 81/100  0.01 games/s  ETA 45 min
[cards-b4] 81/100  0.01 games/s  ETA 46 min
[cards-b4] 81/100  0.01 games/s  ETA 46 min
[cards-b4] 82/100  0.01 games/s  ETA 43 min
[cards-b4] 82/100  0.01 games/s  ETA 43 min
[cards-b4] 82/100  0.01 games/s  ETA 43 min
[cards-b4] 82/100  0.01 games/s  ETA 43 min
[cards-b4] 82/100  0.01 games/s  ETA 43 min
[cards-b4] 82/100  0.01 games/s  ETA 43 min
[cards-b4] 82/100  0.01 games/s  ETA 44 min
[cards-b4] 82/100  0.01 games/s  ETA 44 min
[cards-b4] 82/100  0.01 games/s  ETA 44 min
[cards-b4] 82/100  0.01 games/s  ETA 44 min
[cards-b4] 82/100  0.01 games/s  ETA 44 min
[cards-b4] 82/100  0.01 games/s  ETA 44 min
[cards-b4] 83/100  0.01 games/s  ETA 41 min
[cards-b4] 83/100  0.01 games/s  ETA 41 min
[cards-b4] 84/100  0.01 games/s  ETA 39 min
[cards-b4] 84/100  0.01 games/s  ETA 39 min
[cards-b4] 84/100  0.01 games/s  ETA 39 min
[cards-b4] 84/100  0.01 games/s  ETA 39 min
[cards-b4] 84/100  0.01 games/s  ETA 39 min
[cards-b4] 84/100  0.01 games/s  ETA 39 min
[cards-b4] 84/100  0.01 games/s  ETA 39 min
[cards-b4] 85/100  0.01 games/s  ETA 36 min
[cards-b4] 85/100  0.01 games/s  ETA 36 min
[cards-b4] 85/100  0.01 games/s  ETA 36 min
[cards-b4] 85/100  0.01 games/s  ETA 37 min
[cards-b4] 85/100  0.01 games/s  ETA 37 min
[cards-b4] 85/100  0.01 games/s  ETA 37 min
[cards-b4] 85/100  0.01 games/s  ETA 37 min
[cards-b4] 85/100  0.01 games/s  ETA 37 min
[cards-b4] 86/100  0.01 games/s  ETA 34 min
[cards-b4] 86/100  0.01 games/s  ETA 34 min
[cards-b4] 87/100  0.01 games/s  ETA 31 min
[cards-b4] 87/100  0.01 games/s  ETA 32 min
[cards-b4] 87/100  0.01 games/s  ETA 32 min
[cards-b4] 87/100  0.01 games/s  ETA 32 min
[cards-b4] 87/100  0.01 games/s  ETA 32 min
[cards-b4] 87/100  0.01 games/s  ETA 32 min
[cards-b4] 88/100  0.01 games/s  ETA 29 min
[cards-b4] 88/100  0.01 games/s  ETA 29 min
[cards-b4] 88/100  0.01 games/s  ETA 29 min
[cards-b4] 88/100  0.01 games/s  ETA 29 min
[cards-b4] 88/100  0.01 games/s  ETA 29 min
[cards-b4] 88/100  0.01 games/s  ETA 29 min
[cards-b4] 88/100  0.01 games/s  ETA 30 min
[cards-b4] 88/100  0.01 games/s  ETA 30 min
[cards-b4] 88/100  0.01 games/s  ETA 30 min
[cards-b4] 88/100  0.01 games/s  ETA 30 min
[cards-b4] 88/100  0.01 games/s  ETA 30 min
[cards-b4] 88/100  0.01 games/s  ETA 30 min
[cards-b4] 88/100  0.01 games/s  ETA 30 min
[cards-b4] 88/100  0.01 games/s  ETA 30 min
[cards-b4] 88/100  0.01 games/s  ETA 30 min
[cards-b4] 88/100  0.01 games/s  ETA 30 min
[cards-b4] 88/100  0.01 games/s  ETA 30 min
[cards-b4] 88/100  0.01 games/s  ETA 30 min
[cards-b4] 89/100  0.01 games/s  ETA 28 min
[cards-b4] 89/100  0.01 games/s  ETA 28 min
[cards-b4] 89/100  0.01 games/s  ETA 28 min
[cards-b4] 90/100  0.01 games/s  ETA 25 min
[cards-b4] 90/100  0.01 games/s  ETA 25 min
[cards-b4] 90/100  0.01 games/s  ETA 25 min
[cards-b4] 90/100  0.01 games/s  ETA 25 min
[cards-b4] 90/100  0.01 games/s  ETA 25 min
[cards-b4] 90/100  0.01 games/s  ETA 25 min
[cards-b4] 90/100  0.01 games/s  ETA 25 min
[cards-b4] 90/100  0.01 games/s  ETA 25 min
[cards-b4] 90/100  0.01 games/s  ETA 25 min
[cards-b4] 90/100  0.01 games/s  ETA 25 min
[cards-b4] 90/100  0.01 games/s  ETA 25 min
[cards-b4] 90/100  0.01 games/s  ETA 26 min
[cards-b4] 90/100  0.01 games/s  ETA 26 min
[cards-b4] 90/100  0.01 games/s  ETA 26 min
[cards-b4] 91/100  0.01 games/s  ETA 23 min
[cards-b4] 91/100  0.01 games/s  ETA 23 min
[cards-b4] 91/100  0.01 games/s  ETA 23 min
[cards-b4] 91/100  0.01 games/s  ETA 23 min
[cards-b4] 91/100  0.01 games/s  ETA 23 min
[cards-b4] 92/100  0.01 games/s  ETA 20 min
[cards-b4] 92/100  0.01 games/s  ETA 20 min
[cards-b4] 93/100  0.01 games/s  ETA 18 min
[cards-b4] 93/100  0.01 games/s  ETA 18 min
[cards-b4] 93/100  0.01 games/s  ETA 18 min
[cards-b4] 93/100  0.01 games/s  ETA 18 min
[cards-b4] 93/100  0.01 games/s  ETA 18 min
[cards-b4] 93/100  0.01 games/s  ETA 18 min
[cards-b4] 93/100  0.01 games/s  ETA 18 min
[cards-b4] 93/100  0.01 games/s  ETA 18 min
[cards-b4] 93/100  0.01 games/s  ETA 18 min
[cards-b4] 93/100  0.01 games/s  ETA 18 min
[cards-b4] 93/100  0.01 games/s  ETA 18 min
[cards-b4] 93/100  0.01 games/s  ETA 18 min
[cards-b4] 94/100  0.01 games/s  ETA 15 min
[cards-b4] 94/100  0.01 games/s  ETA 15 min
[cards-b4] 95/100  0.01 games/s  ETA 13 min
[cards-b4] 96/100  0.01 games/s  ETA 10 min
[cards-b4] 96/100  0.01 games/s  ETA 10 min
[cards-b4] 96/100  0.01 games/s  ETA 10 min
[cards-b4] 96/100  0.01 games/s  ETA 10 min
[cards-b4] 96/100  0.01 games/s  ETA 10 min
[cards-b4] 96/100  0.01 games/s  ETA 10 min
[cards-b4] 96/100  0.01 games/s  ETA 10 min
[cards-b4] 96/100  0.01 games/s  ETA 10 min
[cards-b4] 96/100  0.01 games/s  ETA 10 min
[cards-b4] 96/100  0.01 games/s  ETA 10 min
[cards-b4] 96/100  0.01 games/s  ETA 10 min
[cards-b4] 96/100  0.01 games/s  ETA 10 min
[cards-b4] 96/100  0.01 games/s  ETA 10 min
[cards-b4] 97/100  0.01 games/s  ETA 8 min
[cards-b4] 97/100  0.01 games/s  ETA 8 min
[cards-b4] 98/100  0.01 games/s  ETA 5 min
[cards-b4] 98/100  0.01 games/s  ETA 5 min
[cards-b4] 98/100  0.01 games/s  ETA 5 min
[cards-b4] 99/100  0.01 games/s  ETA 3 min
[cards-b4] 99/100  0.01 games/s  ETA 3 min
[cards-b4] 99/100  0.01 games/s  ETA 3 min
[cards-b4] 99/100  0.01 games/s  ETA 3 min
[cards-b4] 99/100  0.01 games/s  ETA 3 min
[cards-b4] 99/100  0.01 games/s  ETA 3 min
[cards-b4] 99/100  0.01 games/s  ETA 3 min
[cards-b4] 99/100  0.01 games/s  ETA 3 min
[cards-b4] 99/100  0.01 games/s  ETA 3 min
[cards-b4] 100 games in 255.3 min
