[kp2-r9] 15 entrants, 412 games (0 done), depth 3, 4 workers
[kp2-r9] rules {"markFree":true,"freezeUses":1,"hasteCaptures":false,"strikeCaptures":false,"strikePawns":false,"mercyAura":true,"marchUses":0,"holyLightTakesPawns":true,"holyLightShelter":true,"holyLightShelterOrtho":true,"darknessMoves":true}
[kp2-r9] 0/412  0.00 games/s  ETA Infinity min
[kp2-r9] 5/412  0.08 games/s  ETA 81 min
[kp2-r9] 8/412  0.09 games/s  ETA 76 min
[kp2-r9] 15/412  0.12 games/s  ETA 53 min
[kp2-r9] 21/412  0.14 games/s  ETA 47 min
[kp2-r9] 30/412  0.17 games/s  ETA 38 min
[kp2-r9] 37/412  0.18 games/s  ETA 35 min
[kp2-r9] 46/412  0.19 games/s  ETA 32 min
[kp2-r9] 56/412  0.21 games/s  ETA 29 min
[kp2-r9] 57/412  0.19 games/s  ETA 31 min
[kp2-r9] 59/412  0.18 games/s  ETA 33 min
[kp2-r9] 62/412  0.17 games/s  ETA 34 min
[kp2-r9] 62/412  0.16 games/s  ETA 37 min
[kp2-r9] 64/412  0.15 games/s  ETA 38 min
[kp2-r9] 65/412  0.14 games/s  ETA 40 min
[kp2-r9] 68/412  0.14 games/s  ETA 40 min
[kp2-r9] 71/412  0.14 games/s  ETA 41 min
[kp2-r9] 73/412  0.14 games/s  ETA 42 min
[kp2-r9] 76/412  0.13 games/s  ETA 42 min
[kp2-r9] 78/412  0.13 games/s  ETA 43 min
[kp2-r9] 81/412  0.13 games/s  ETA 43 min
[kp2-r9] 83/412  0.13 games/s  ETA 44 min
[kp2-r9] 87/412  0.13 games/s  ETA 43 min
[kp2-r9] 88/412  0.12 games/s  ETA 44 min
[kp2-r9] 92/412  0.12 games/s  ETA 43 min
[kp2-r9] 95/412  0.12 games/s  ETA 43 min
[kp2-r9] 98/412  0.12 games/s  ETA 43 min
[kp2-r9] 102/412  0.12 games/s  ETA 43 min
[kp2-r9] 105/412  0.12 games/s  ETA 42 min
[kp2-r9] 109/412  0.12 games/s  ETA 42 min
[kp2-r9] 115/412  0.12 games/s  ETA 40 min
[kp2-r9] 120/412  0.12 games/s  ETA 39 min
[kp2-r9] 127/412  0.13 games/s  ETA 37 min
[kp2-r9] 133/412  0.13 games/s  ETA 36 min
[kp2-r9] 141/412  0.13 games/s  ETA 34 min
[kp2-r9] 149/412  0.14 games/s  ETA 32 min
[kp2-r9] 157/412  0.14 games/s  ETA 30 min
[kp2-r9] 165/412  0.14 games/s  ETA 28 min
[kp2-r9] 169/412  0.14 games/s  ETA 28 min
[kp2-r9] 176/412  0.15 games/s  ETA 27 min
[kp2-r9] 183/412  0.15 games/s  ETA 26 min
[kp2-r9] 187/412  0.15 games/s  ETA 25 min
[kp2-r9] 193/412  0.15 games/s  ETA 24 min
[kp2-r9] 201/412  0.15 games/s  ETA 23 min
[kp2-r9] 209/412  0.15 games/s  ETA 22 min
[kp2-r9] 217/412  0.16 games/s  ETA 21 min
[kp2-r9] 226/412  0.16 games/s  ETA 19 min
[kp2-r9] 232/412  0.16 games/s  ETA 19 min
[kp2-r9] 243/412  0.17 games/s  ETA 17 min
[kp2-r9] 263/412  0.18 games/s  ETA 14 min
[kp2-r9] 276/412  0.18 games/s  ETA 13 min
[kp2-r9] 289/412  0.19 games/s  ETA 11 min
[kp2-r9] 306/412  0.19 games/s  ETA 9 min
[kp2-r9] 318/412  0.20 games/s  ETA 8 min
[kp2-r9] 331/412  0.20 games/s  ETA 7 min
[kp2-r9] 344/412  0.20 games/s  ETA 6 min
[kp2-r9] 361/412  0.21 games/s  ETA 4 min
[kp2-r9] 375/412  0.22 games/s  ETA 3 min
[kp2-r9] 385/412  0.22 games/s  ETA 2 min
[kp2-r9] 396/412  0.22 games/s  ETA 1 min
[kp2-r9] 406/412  0.22 games/s  ETA 0 min
[kp2-r9] 410/412  0.22 games/s  ETA 0 min
[kp2-r9] 410/412  0.22 games/s  ETA 0 min
[kp2-r9] 411/412  0.21 games/s  ETA 0 min
[kp2-r9] 412 games in 32.5 min
