[kp2-r9] 15 entrants, 412 games (0 done), depth 3, 4 workers
[kp2-r9] rules {"markFree":true,"freezeUses":1,"hasteCaptures":false,"strikeCaptures":false,"strikePawns":false,"mercyAura":true,"marchUses":0,"holyLightTakesPawns":true,"holyLightShelter":true,"holyLightShelterOrtho":true,"darknessMoves":true}
[kp2-r9] 0/412  0.00 games/s  ETA Infinity min
[kp2-r9] 4/412  0.07 games/s  ETA 102 min
[kp2-r9] 9/412  0.10 games/s  ETA 67 min
[kp2-r9] 13/412  0.11 games/s  ETA 61 min
[kp2-r9] 21/412  0.14 games/s  ETA 47 min
[kp2-r9] 28/412  0.16 games/s  ETA 41 min
[kp2-r9] 35/412  0.17 games/s  ETA 38 min
[kp2-r9] 40/412  0.17 games/s  ETA 37 min
[kp2-r9] 50/412  0.19 games/s  ETA 33 min
[kp2-r9] 57/412  0.19 games/s  ETA 31 min
[kp2-r9] 62/412  0.19 games/s  ETA 31 min
[kp2-r9] 68/412  0.19 games/s  ETA 30 min
[kp2-r9] 71/412  0.18 games/s  ETA 31 min
[kp2-r9] 79/412  0.19 games/s  ETA 30 min
[kp2-r9] 83/412  0.18 games/s  ETA 30 min
[kp2-r9] 88/412  0.18 games/s  ETA 29 min
[kp2-r9] 93/412  0.18 games/s  ETA 29 min
[kp2-r9] 99/412  0.18 games/s  ETA 28 min
[kp2-r9] 106/412  0.19 games/s  ETA 27 min
[kp2-r9] 116/412  0.19 games/s  ETA 26 min
[kp2-r9] 135/412  0.21 games/s  ETA 22 min
[kp2-r9] 148/412  0.22 games/s  ETA 20 min
[kp2-r9] 159/412  0.23 games/s  ETA 18 min
[kp2-r9] 171/412  0.24 games/s  ETA 17 min
[kp2-r9] 179/412  0.24 games/s  ETA 16 min
[kp2-r9] 190/412  0.24 games/s  ETA 15 min
[kp2-r9] 194/412  0.24 games/s  ETA 15 min
[kp2-r9] 208/412  0.25 games/s  ETA 14 min
[kp2-r9] 222/412  0.26 games/s  ETA 12 min
[kp2-r9] 235/412  0.26 games/s  ETA 11 min
[kp2-r9] 256/412  0.28 games/s  ETA 9 min
[kp2-r9] 279/412  0.29 games/s  ETA 8 min
[kp2-r9] 303/412  0.31 games/s  ETA 6 min
[kp2-r9] 328/412  0.32 games/s  ETA 4 min
[kp2-r9] 351/412  0.33 games/s  ETA 3 min
[kp2-r9] 375/412  0.35 games/s  ETA 2 min
[kp2-r9] 397/412  0.36 games/s  ETA 1 min
[kp2-r9] 411/412  0.36 games/s  ETA 0 min
[kp2-r9] 412 games in 19.0 min
