[kp2-r15] 19 entrants, 382 games (4794 done), depth 3, armies perPair, 1 workers
[kp2-r15] rules {"markFree":true,"freezeUses":1,"hasteCaptures":false,"strikeCaptures":false,"strikePawns":false,"mercyAura":true,"marchUses":0,"holyLightTakesPawns":true,"holyLightShelter":true,"holyLightShelterOrtho":true,"darknessMoves":true,"deathTouchReach":true,"deathTouchReachOrtho":true,"hasteApart":true,"mercyAuraPawnsTake":true,"mercyTakesPawns":true,"darknessShelter":true,"darknessShelterPawnsTake":true}
[kp2-r15] 0/382  0.00 games/s  ETA Infinity min
[kp2-r15] 3/382  0.05 games/s  ETA 126 min
[kp2-r15] 5/382  0.06 games/s  ETA 113 min
[kp2-r15] 9/382  0.07 games/s  ETA 83 min
[kp2-r15] 12/382  0.08 games/s  ETA 77 min
[kp2-r15] 14/382  0.08 games/s  ETA 79 min
[kp2-r15] 18/382  0.09 games/s  ETA 71 min
[kp2-r15] 21/382  0.09 games/s  ETA 69 min
[kp2-r15] 24/382  0.09 games/s  ETA 67 min
[kp2-r15] 27/382  0.09 games/s  ETA 66 min
[kp2-r15] 29/382  0.09 games/s  ETA 67 min
[kp2-r15] 34/382  0.09 games/s  ETA 61 min
[kp2-r15] 37/382  0.09 games/s  ETA 61 min
[kp2-r15] 41/382  0.10 games/s  ETA 58 min
[kp2-r15] 43/382  0.10 games/s  ETA 59 min
[kp2-r15] 44/382  0.09 games/s  ETA 61 min
[kp2-r15] 44/382  0.09 games/s  ETA 65 min
[kp2-r15] 44/382  0.08 games/s  ETA 69 min
[kp2-r15] 45/382  0.08 games/s  ETA 71 min
[kp2-r15] 47/382  0.08 games/s  ETA 71 min
[kp2-r15] 48/382  0.08 games/s  ETA 73 min
[kp2-r15] 49/382  0.07 games/s  ETA 75 min
[kp2-r15] 50/382  0.07 games/s  ETA 76 min
[kp2-r15] 52/382  0.07 games/s  ETA 76 min
[kp2-r15] 53/382  0.07 games/s  ETA 78 min
[kp2-r15] 56/382  0.07 games/s  ETA 76 min
[kp2-r15] 58/382  0.07 games/s  ETA 75 min
[kp2-r15] 60/382  0.07 games/s  ETA 75 min
[kp2-r15] 63/382  0.07 games/s  ETA 73 min
[kp2-r15] 63/382  0.07 games/s  ETA 76 min
[kp2-r15] 63/382  0.07 games/s  ETA 78 min
[kp2-r15] 64/382  0.07 games/s  ETA 80 min
[kp2-r15] 67/382  0.07 games/s  ETA 78 min
[kp2-r15] 69/382  0.07 games/s  ETA 77 min
[kp2-r15] 71/382  0.07 games/s  ETA 77 min
[kp2-r15] 73/382  0.07 games/s  ETA 76 min
[kp2-r15] 74/382  0.07 games/s  ETA 77 min
[kp2-r15] 74/382  0.06 games/s  ETA 79 min
[kp2-r15] 74/382  0.06 games/s  ETA 81 min
[kp2-r15] 75/382  0.06 games/s  ETA 82 min
[kp2-r15] 77/382  0.06 games/s  ETA 81 min
[kp2-r15] 78/382  0.06 games/s  ETA 82 min
[kp2-r15] 80/382  0.06 games/s  ETA 81 min
[kp2-r15] 81/382  0.06 games/s  ETA 82 min
[kp2-r15] 84/382  0.06 games/s  ETA 80 min
[kp2-r15] 85/382  0.06 games/s  ETA 80 min
[kp2-r15] 88/382  0.06 games/s  ETA 79 min
[kp2-r15] 92/382  0.06 games/s  ETA 76 min
[kp2-r15] 97/382  0.07 games/s  ETA 72 min
[kp2-r15] 102/382  0.07 games/s  ETA 69 min
[kp2-r15] 107/382  0.07 games/s  ETA 66 min
[kp2-r15] 110/382  0.07 games/s  ETA 64 min
[kp2-r15] 114/382  0.07 games/s  ETA 62 min
[kp2-r15] 122/382  0.08 games/s  ETA 58 min
[kp2-r15] 126/382  0.08 games/s  ETA 56 min
[kp2-r15] 127/382  0.08 games/s  ETA 56 min
[kp2-r15] 128/382  0.07 games/s  ETA 57 min
[kp2-r15] 131/382  0.08 games/s  ETA 56 min
[kp2-r15] 136/382  0.08 games/s  ETA 53 min
[kp2-r15] 139/382  0.08 games/s  ETA 52 min
[kp2-r15] 140/382  0.08 games/s  ETA 53 min
[kp2-r15] 140/382  0.08 games/s  ETA 54 min
[kp2-r15] 140/382  0.07 games/s  ETA 54 min
[kp2-r15] 140/382  0.07 games/s  ETA 55 min
[kp2-r15] 140/382  0.07 games/s  ETA 56 min
[kp2-r15] 140/382  0.07 games/s  ETA 57 min
[kp2-r15] 140/382  0.07 games/s  ETA 58 min
[kp2-r15] 140/382  0.07 games/s  ETA 59 min
[kp2-r15] 140/382  0.07 games/s  ETA 60 min
[kp2-r15] 144/382  0.07 games/s  ETA 58 min
[kp2-r15] 147/382  0.07 games/s  ETA 57 min
[kp2-r15] 149/382  0.07 games/s  ETA 56 min
[kp2-r15] 152/382  0.07 games/s  ETA 55 min
[kp2-r15] 156/382  0.07 games/s  ETA 54 min
[kp2-r15] 160/382  0.07 games/s  ETA 52 min
[kp2-r15] 162/382  0.07 games/s  ETA 52 min
[kp2-r15] 165/382  0.07 games/s  ETA 51 min
[kp2-r15] 171/382  0.07 games/s  ETA 48 min
[kp2-r15] 176/382  0.07 games/s  ETA 46 min
[kp2-r15] 178/382  0.07 games/s  ETA 46 min
[kp2-r15] 180/382  0.07 games/s  ETA 45 min
[kp2-r15] 186/382  0.08 games/s  ETA 43 min
[kp2-r15] 189/382  0.08 games/s  ETA 42 min
[kp2-r15] 193/382  0.08 games/s  ETA 41 min
[kp2-r15] 202/382  0.08 games/s  ETA 38 min
[kp2-r15] 209/382  0.08 games/s  ETA 36 min
[kp2-r15] 216/382  0.08 games/s  ETA 33 min
[kp2-r15] 226/382  0.09 games/s  ETA 30 min
[kp2-r15] 235/382  0.09 games/s  ETA 28 min
[kp2-r15] 241/382  0.09 games/s  ETA 26 min
[kp2-r15] 249/382  0.09 games/s  ETA 24 min
[kp2-r15] 258/382  0.09 games/s  ETA 22 min
[kp2-r15] 267/382  0.10 games/s  ETA 20 min
[kp2-r15] 273/382  0.10 games/s  ETA 19 min
[kp2-r15] 279/382  0.10 games/s  ETA 18 min
[kp2-r15] 288/382  0.10 games/s  ETA 16 min
[kp2-r15] 292/382  0.10 games/s  ETA 15 min
[kp2-r15] 296/382  0.10 games/s  ETA 14 min
[kp2-r15] 300/382  0.10 games/s  ETA 14 min
[kp2-r15] 306/382  0.10 games/s  ETA 12 min
[kp2-r15] 312/382  0.10 games/s  ETA 11 min
[kp2-r15] 316/382  0.10 games/s  ETA 11 min
[kp2-r15] 324/382  0.10 games/s  ETA 9 min
[kp2-r15] 330/382  0.11 games/s  ETA 8 min
[kp2-r15] 335/382  0.11 games/s  ETA 7 min
[kp2-r15] 343/382  0.11 games/s  ETA 6 min
[kp2-r15] 351/382  0.11 games/s  ETA 5 min
[kp2-r15] 357/382  0.11 games/s  ETA 4 min
[kp2-r15] 363/382  0.11 games/s  ETA 3 min
[kp2-r15] 368/382  0.11 games/s  ETA 2 min
[kp2-r15] 377/382  0.11 games/s  ETA 1 min
[kp2-r15] 382 games in 55.7 min
