[kp2-r10] 14 entrants, 360 games (0 done), depth 3, 4 workers
[kp2-r10] rules {"markFree":true,"freezeUses":1,"hasteCaptures":false,"strikeCaptures":false,"strikePawns":false,"mercyAura":true,"marchUses":0,"holyLightTakesPawns":true,"holyLightShelter":true,"holyLightShelterOrtho":true,"darknessMoves":true}
[kp2-r10] 0/360  0.00 games/s  ETA Infinity min
[kp2-r10] 5/360  0.08 games/s  ETA 71 min
[kp2-r10] 10/360  0.11 games/s  ETA 53 min
[kp2-r10] 15/360  0.12 games/s  ETA 46 min
[kp2-r10] 21/360  0.14 games/s  ETA 40 min
[kp2-r10] 30/360  0.17 games/s  ETA 33 min
[kp2-r10] 40/360  0.19 games/s  ETA 28 min
[kp2-r10] 46/360  0.19 games/s  ETA 27 min
[kp2-r10] 54/360  0.20 games/s  ETA 26 min
[kp2-r10] 57/360  0.19 games/s  ETA 27 min
[kp2-r10] 61/360  0.18 games/s  ETA 27 min
[kp2-r10] 65/360  0.18 games/s  ETA 27 min
[kp2-r10] 69/360  0.18 games/s  ETA 27 min
[kp2-r10] 72/360  0.17 games/s  ETA 28 min
[kp2-r10] 79/360  0.18 games/s  ETA 27 min
[kp2-r10] 83/360  0.17 games/s  ETA 27 min
[kp2-r10] 87/360  0.17 games/s  ETA 27 min
[kp2-r10] 92/360  0.17 games/s  ETA 26 min
[kp2-r10] 95/360  0.17 games/s  ETA 27 min
[kp2-r10] 101/360  0.17 games/s  ETA 26 min
[kp2-r10] 108/360  0.17 games/s  ETA 25 min
[kp2-r10] 122/360  0.18 games/s  ETA 21 min
[kp2-r10] 130/360  0.19 games/s  ETA 20 min
[kp2-r10] 141/360  0.20 games/s  ETA 19 min
[kp2-r10] 149/360  0.20 games/s  ETA 18 min
[kp2-r10] 159/360  0.20 games/s  ETA 16 min
[kp2-r10] 166/360  0.20 games/s  ETA 16 min
[kp2-r10] 171/360  0.20 games/s  ETA 15 min
[kp2-r10] 173/360  0.20 games/s  ETA 16 min
[kp2-r10] 181/360  0.20 games/s  ETA 15 min
[kp2-r10] 189/360  0.20 games/s  ETA 14 min
[kp2-r10] 200/360  0.21 games/s  ETA 13 min
[kp2-r10] 208/360  0.21 games/s  ETA 12 min
[kp2-r10] 217/360  0.21 games/s  ETA 11 min
[kp2-r10] 232/360  0.22 games/s  ETA 10 min
[kp2-r10] 252/360  0.23 games/s  ETA 8 min
[kp2-r10] 270/360  0.24 games/s  ETA 6 min
[kp2-r10] 287/360  0.25 games/s  ETA 5 min
[kp2-r10] 308/360  0.26 games/s  ETA 3 min
[kp2-r10] 328/360  0.27 games/s  ETA 2 min
[kp2-r10] 346/360  0.28 games/s  ETA 1 min
[kp2-r10] 358/360  0.28 games/s  ETA 0 min
[kp2-r10] 360 games in 21.1 min
