[kp2-d4] 13 entrants, 116 games (0 done), depth 4, 4 workers
[kp2-d4] rules {"markFree":true,"freezeUses":1,"hasteCaptures":false,"strikeCaptures":false,"strikePawns":false,"flightUses":2,"mercyAura":true,"marchUses":0,"holyLightTakesPawns":true,"darknessMoves":true}
[kp2-d4] 0/116  0.00 games/s  ETA Infinity min
[kp2-d4] 1/116  0.02 games/s  ETA 115 min
[kp2-d4] 3/116  0.03 games/s  ETA 57 min
[kp2-d4] 6/116  0.05 games/s  ETA 37 min
[kp2-d4] 7/116  0.05 games/s  ETA 39 min
[kp2-d4] 12/116  0.07 games/s  ETA 26 min
[kp2-d4] 13/116  0.06 games/s  ETA 28 min
[kp2-d4] 13/116  0.05 games/s  ETA 32 min
[kp2-d4] 18/116  0.07 games/s  ETA 25 min
[kp2-d4] 20/116  0.07 games/s  ETA 24 min
[kp2-d4] 22/116  0.07 games/s  ETA 24 min
[kp2-d4] 25/116  0.07 games/s  ETA 22 min
[kp2-d4] 27/116  0.07 games/s  ETA 21 min
[kp2-d4] 28/116  0.07 games/s  ETA 22 min
[kp2-d4] 31/116  0.07 games/s  ETA 21 min
[kp2-d4] 33/116  0.07 games/s  ETA 20 min
[kp2-d4] 36/116  0.07 games/s  ETA 19 min
[kp2-d4] 38/116  0.07 games/s  ETA 18 min
[kp2-d4] 41/116  0.07 games/s  ETA 17 min
[kp2-d4] 47/116  0.08 games/s  ETA 15 min
[kp2-d4] 51/116  0.08 games/s  ETA 13 min
[kp2-d4] 56/116  0.08 games/s  ETA 12 min
[kp2-d4] 58/116  0.08 games/s  ETA 12 min
[kp2-d4] 59/116  0.08 games/s  ETA 12 min
[kp2-d4] 63/116  0.08 games/s  ETA 11 min
[kp2-d4] 66/116  0.08 games/s  ETA 10 min
[kp2-d4] 66/116  0.08 games/s  ETA 10 min
[kp2-d4] 68/116  0.08 games/s  ETA 10 min
[kp2-d4] 71/116  0.08 games/s  ETA 9 min
[kp2-d4] 77/116  0.09 games/s  ETA 8 min
[kp2-d4] 89/116  0.10 games/s  ETA 5 min
[kp2-d4] 93/116  0.10 games/s  ETA 4 min
[kp2-d4] 98/116  0.10 games/s  ETA 3 min
[kp2-d4] 103/116  0.10 games/s  ETA 2 min
[kp2-d4] 110/116  0.10 games/s  ETA 1 min
[kp2-d4] 114/116  0.11 games/s  ETA 0 min
[kp2-d4] 116 games in 18.5 min
