[kp2-r14] 22 entrants, 968 games (0 done), depth 3, armies perPair, 1 workers
[kp2-r14] rules {"markFree":true,"freezeUses":1,"hasteCaptures":false,"strikeCaptures":false,"strikePawns":false,"mercyAura":true,"marchUses":0,"holyLightTakesPawns":true,"holyLightShelter":true,"holyLightShelterOrtho":true,"darknessMoves":true,"deathTouchReach":true,"deathTouchReachOrtho":true}
[kp2-r14] 0/968  0.00 games/s  ETA Infinity min
[kp2-r14] 1/968  0.02 games/s  ETA 967 min
[kp2-r14] 3/968  0.03 games/s  ETA 483 min
[kp2-r14] 4/968  0.03 games/s  ETA 482 min
[kp2-r14] 9/968  0.06 games/s  ETA 266 min
[kp2-r14] 9/968  0.05 games/s  ETA 320 min
[kp2-r14] 11/968  0.05 games/s  ETA 305 min
[kp2-r14] 14/968  0.06 games/s  ETA 273 min
[kp2-r14] 17/968  0.06 games/s  ETA 252 min
[kp2-r14] 23/968  0.08 games/s  ETA 205 min
[kp2-r14] 28/968  0.08 games/s  ETA 185 min
[kp2-r14] 33/968  0.09 games/s  ETA 170 min
[kp2-r14] 36/968  0.09 games/s  ETA 168 min
[kp2-r14] 39/968  0.09 games/s  ETA 167 min
[kp2-r14] 41/968  0.09 games/s  ETA 170 min
[kp2-r14] 44/968  0.09 games/s  ETA 168 min
[kp2-r14] 49/968  0.10 games/s  ETA 159 min
[kp2-r14] 51/968  0.09 games/s  ETA 162 min
[kp2-r14] 54/968  0.09 games/s  ETA 161 min
[kp2-r14] 57/968  0.09 games/s  ETA 160 min
[kp2-r14] 59/968  0.09 games/s  ETA 162 min
[kp2-r14] 61/968  0.09 games/s  ETA 164 min
[kp2-r14] 66/968  0.10 games/s  ETA 157 min
[kp2-r14] 68/968  0.09 games/s  ETA 159 min
[kp2-r14] 70/968  0.09 games/s  ETA 160 min
[kp2-r14] 75/968  0.10 games/s  ETA 155 min
[kp2-r14] 78/968  0.10 games/s  ETA 154 min
[kp2-r14] 82/968  0.10 games/s  ETA 151 min
[kp2-r14] 85/968  0.10 games/s  ETA 151 min
[kp2-r14] 87/968  0.10 games/s  ETA 152 min
[kp2-r14] 92/968  0.10 games/s  ETA 148 min
[kp2-r14] 96/968  0.10 games/s  ETA 145 min
[kp2-r14] 99/968  0.10 games/s  ETA 145 min
[kp2-r14] 100/968  0.10 games/s  ETA 148 min
[kp2-r14] 102/968  0.10 games/s  ETA 149 min
[kp2-r14] 103/968  0.10 games/s  ETA 151 min
[kp2-r14] 106/968  0.10 games/s  ETA 150 min
[kp2-r14] 108/968  0.09 games/s  ETA 151 min
[kp2-r14] 110/968  0.09 games/s  ETA 152 min
[kp2-r14] 110/968  0.09 games/s  ETA 156 min
[kp2-r14] 111/968  0.09 games/s  ETA 158 min
[kp2-r14] 112/968  0.09 games/s  ETA 161 min
[kp2-r14] 113/968  0.09 games/s  ETA 163 min
[kp2-r14] 114/968  0.09 games/s  ETA 165 min
[kp2-r14] 115/968  0.09 games/s  ETA 167 min
[kp2-r14] 117/968  0.08 games/s  ETA 167 min
[kp2-r14] 119/968  0.08 games/s  ETA 168 min
[kp2-r14] 122/968  0.08 games/s  ETA 166 min
[kp2-r14] 124/968  0.08 games/s  ETA 167 min
[kp2-r14] 126/968  0.08 games/s  ETA 167 min
[kp2-r14] 128/968  0.08 games/s  ETA 167 min
[kp2-r14] 130/968  0.08 games/s  ETA 168 min
[kp2-r14] 132/968  0.08 games/s  ETA 168 min
[kp2-r14] 134/968  0.08 games/s  ETA 168 min
[kp2-r14] 135/968  0.08 games/s  ETA 170 min
[kp2-r14] 139/968  0.08 games/s  ETA 167 min
[kp2-r14] 139/968  0.08 games/s  ETA 170 min
[kp2-r14] 141/968  0.08 games/s  ETA 170 min
[kp2-r14] 143/968  0.08 games/s  ETA 170 min
[kp2-r14] 146/968  0.08 games/s  ETA 169 min
[kp2-r14] 147/968  0.08 games/s  ETA 170 min
[kp2-r14] 148/968  0.08 games/s  ETA 172 min
[kp2-r14] 151/968  0.08 games/s  ETA 170 min
[kp2-r14] 151/968  0.08 games/s  ETA 173 min
[kp2-r14] 154/968  0.08 games/s  ETA 172 min
[kp2-r14] 157/968  0.08 games/s  ETA 170 min
[kp2-r14] 160/968  0.08 games/s  ETA 169 min
[kp2-r14] 160/968  0.08 games/s  ETA 172 min
[kp2-r14] 163/968  0.08 games/s  ETA 170 min
[kp2-r14] 164/968  0.08 games/s  ETA 172 min
[kp2-r14] 164/968  0.08 games/s  ETA 174 min
[kp2-r14] 165/968  0.08 games/s  ETA 175 min
[kp2-r14] 166/968  0.08 games/s  ETA 176 min
[kp2-r14] 168/968  0.08 games/s  ETA 176 min
[kp2-r14] 170/968  0.08 games/s  ETA 176 min
[kp2-r14] 173/968  0.08 games/s  ETA 175 min
[kp2-r14] 174/968  0.08 games/s  ETA 176 min
[kp2-r14] 176/968  0.08 games/s  ETA 176 min
[kp2-r14] 176/968  0.07 games/s  ETA 178 min
[kp2-r14] 177/968  0.07 games/s  ETA 179 min
[kp2-r14] 179/968  0.07 games/s  ETA 179 min
[kp2-r14] 180/968  0.07 games/s  ETA 180 min
[kp2-r14] 181/968  0.07 games/s  ETA 180 min
[kp2-r14] 184/968  0.07 games/s  ETA 179 min
[kp2-r14] 187/968  0.07 games/s  ETA 178 min
[kp2-r14] 190/968  0.07 games/s  ETA 176 min
[kp2-r14] 192/968  0.07 games/s  ETA 176 min
[kp2-r14] 194/968  0.07 games/s  ETA 176 min
[kp2-r14] 196/968  0.07 games/s  ETA 175 min
[kp2-r14] 206/968  0.08 games/s  ETA 166 min
[kp2-r14] 207/968  0.08 games/s  ETA 167 min
[kp2-r14] 211/968  0.08 games/s  ETA 165 min
[kp2-r14] 213/968  0.08 games/s  ETA 165 min
[kp2-r14] 218/968  0.08 games/s  ETA 162 min
[kp2-r14] 221/968  0.08 games/s  ETA 161 min
[kp2-r14] 227/968  0.08 games/s  ETA 157 min
[kp2-r14] 230/968  0.08 games/s  ETA 156 min
[kp2-r14] 231/968  0.08 games/s  ETA 156 min
[kp2-r14] 233/968  0.08 games/s  ETA 156 min
[kp2-r14] 235/968  0.08 games/s  ETA 156 min
[kp2-r14] 237/968  0.08 games/s  ETA 156 min
[kp2-r14] 241/968  0.08 games/s  ETA 154 min
[kp2-r14] 242/968  0.08 games/s  ETA 155 min
[kp2-r14] 244/968  0.08 games/s  ETA 154 min
[kp2-r14] 246/968  0.08 games/s  ETA 154 min
[kp2-r14] 251/968  0.08 games/s  ETA 151 min
[kp2-r14] 256/968  0.08 games/s  ETA 149 min
[kp2-r14] 259/968  0.08 games/s  ETA 148 min
[kp2-r14] 265/968  0.08 games/s  ETA 145 min
[kp2-r14] 271/968  0.08 games/s  ETA 141 min
[kp2-r14] 276/968  0.08 games/s  ETA 139 min
[kp2-r14] 280/968  0.08 games/s  ETA 138 min
[kp2-r14] 283/968  0.08 games/s  ETA 137 min
[kp2-r14] 285/968  0.08 games/s  ETA 137 min
[kp2-r14] 290/968  0.08 games/s  ETA 134 min
[kp2-r14] 295/968  0.08 games/s  ETA 132 min
[kp2-r14] 300/968  0.09 games/s  ETA 130 min
[kp2-r14] 304/968  0.09 games/s  ETA 129 min
[kp2-r14] 305/968  0.09 games/s  ETA 129 min
[kp2-r14] 307/968  0.09 games/s  ETA 129 min
[kp2-r14] 310/968  0.09 games/s  ETA 128 min
[kp2-r14] 313/968  0.09 games/s  ETA 128 min
[kp2-r14] 314/968  0.09 games/s  ETA 128 min
[kp2-r14] 314/968  0.08 games/s  ETA 129 min
[kp2-r14] 315/968  0.08 games/s  ETA 130 min
[kp2-r14] 318/968  0.08 games/s  ETA 129 min
[kp2-r14] 320/968  0.08 games/s  ETA 129 min
[kp2-r14] 323/968  0.08 games/s  ETA 128 min
[kp2-r14] 326/968  0.08 games/s  ETA 127 min
[kp2-r14] 326/968  0.08 games/s  ETA 128 min
[kp2-r14] 328/968  0.08 games/s  ETA 128 min
[kp2-r14] 333/968  0.08 games/s  ETA 126 min
[kp2-r14] 335/968  0.08 games/s  ETA 126 min
[kp2-r14] 339/968  0.08 games/s  ETA 124 min
[kp2-r14] 342/968  0.08 games/s  ETA 124 min
[kp2-r14] 346/968  0.08 games/s  ETA 122 min
[kp2-r14] 349/968  0.08 games/s  ETA 122 min
[kp2-r14] 353/968  0.09 games/s  ETA 120 min
[kp2-r14] 355/968  0.09 games/s  ETA 120 min
[kp2-r14] 356/968  0.08 games/s  ETA 120 min
[kp2-r14] 357/968  0.08 games/s  ETA 121 min
[kp2-r14] 357/968  0.08 games/s  ETA 122 min
[kp2-r14] 357/968  0.08 games/s  ETA 122 min
[kp2-r14] 357/968  0.08 games/s  ETA 123 min
[kp2-r14] 357/968  0.08 games/s  ETA 124 min
[kp2-r14] 357/968  0.08 games/s  ETA 125 min
[kp2-r14] 357/968  0.08 games/s  ETA 126 min
[kp2-r14] 357/968  0.08 games/s  ETA 127 min
[kp2-r14] 357/968  0.08 games/s  ETA 128 min
[kp2-r14] 357/968  0.08 games/s  ETA 128 min
[kp2-r14] 357/968  0.08 games/s  ETA 129 min
[kp2-r14] 357/968  0.08 games/s  ETA 130 min
[kp2-r14] 357/968  0.08 games/s  ETA 131 min
[kp2-r14] 357/968  0.08 games/s  ETA 132 min
[kp2-r14] 361/968  0.08 games/s  ETA 130 min
[kp2-r14] 364/968  0.08 games/s  ETA 129 min
[kp2-r14] 367/968  0.08 games/s  ETA 129 min
[kp2-r14] 368/968  0.08 games/s  ETA 129 min
[kp2-r14] 370/968  0.08 games/s  ETA 128 min
[kp2-r14] 371/968  0.08 games/s  ETA 129 min
[kp2-r14] 374/968  0.08 games/s  ETA 128 min
[kp2-r14] 376/968  0.08 games/s  ETA 128 min
[kp2-r14] 378/968  0.08 games/s  ETA 127 min
[kp2-r14] 380/968  0.08 games/s  ETA 127 min
[kp2-r14] 380/968  0.08 games/s  ETA 128 min
[kp2-r14] 383/968  0.08 games/s  ETA 127 min
[kp2-r14] 386/968  0.08 games/s  ETA 126 min
[kp2-r14] 388/968  0.08 games/s  ETA 126 min
[kp2-r14] 389/968  0.08 games/s  ETA 126 min
[kp2-r14] 389/968  0.08 games/s  ETA 127 min
[kp2-r14] 389/968  0.08 games/s  ETA 127 min
[kp2-r14] 389/968  0.08 games/s  ETA 128 min
[kp2-r14] 389/968  0.07 games/s  ETA 129 min
[kp2-r14] 389/968  0.07 games/s  ETA 130 min
[kp2-r14] 389/968  0.07 games/s  ETA 130 min
[kp2-r14] 392/968  0.07 games/s  ETA 129 min
[kp2-r14] 395/968  0.07 games/s  ETA 128 min
[kp2-r14] 398/968  0.07 games/s  ETA 127 min
[kp2-r14] 400/968  0.07 games/s  ETA 127 min
[kp2-r14] 400/968  0.07 games/s  ETA 128 min
[kp2-r14] 401/968  0.07 games/s  ETA 128 min
[kp2-r14] 401/968  0.07 games/s  ETA 129 min
[kp2-r14] 404/968  0.07 games/s  ETA 128 min
[kp2-r14] 406/968  0.07 games/s  ETA 127 min
[kp2-r14] 409/968  0.07 games/s  ETA 126 min
[kp2-r14] 410/968  0.07 games/s  ETA 127 min
[kp2-r14] 413/968  0.07 games/s  ETA 126 min
[kp2-r14] 420/968  0.07 games/s  ETA 123 min
[kp2-r14] 425/968  0.07 games/s  ETA 121 min
[kp2-r14] 432/968  0.08 games/s  ETA 118 min
[kp2-r14] 438/968  0.08 games/s  ETA 116 min
[kp2-r14] 442/968  0.08 games/s  ETA 114 min
[kp2-r14] 444/968  0.08 games/s  ETA 114 min
[kp2-r14] 447/968  0.08 games/s  ETA 113 min
[kp2-r14] 448/968  0.08 games/s  ETA 113 min
[kp2-r14] 451/968  0.08 games/s  ETA 112 min
[kp2-r14] 455/968  0.08 games/s  ETA 111 min
[kp2-r14] 460/968  0.08 games/s  ETA 109 min
[kp2-r14] 461/968  0.08 games/s  ETA 109 min
[kp2-r14] 466/968  0.08 games/s  ETA 108 min
[kp2-r14] 472/968  0.08 games/s  ETA 106 min
[kp2-r14] 480/968  0.08 games/s  ETA 103 min
[kp2-r14] 481/968  0.08 games/s  ETA 103 min
[kp2-r14] 488/968  0.08 games/s  ETA 100 min
[kp2-r14] 496/968  0.08 games/s  ETA 98 min
[kp2-r14] 502/968  0.08 games/s  ETA 96 min
[kp2-r14] 509/968  0.08 games/s  ETA 93 min
[kp2-r14] 513/968  0.08 games/s  ETA 92 min
[kp2-r14] 515/968  0.08 games/s  ETA 92 min
[kp2-r14] 518/968  0.08 games/s  ETA 91 min
[kp2-r14] 523/968  0.08 games/s  ETA 90 min
[kp2-r14] 526/968  0.08 games/s  ETA 89 min
[kp2-r14] 528/968  0.08 games/s  ETA 89 min
[kp2-r14] 534/968  0.08 games/s  ETA 87 min
[kp2-r14] 541/968  0.08 games/s  ETA 85 min
[kp2-r14] 549/968  0.08 games/s  ETA 82 min
[kp2-r14] 555/968  0.09 games/s  ETA 81 min
[kp2-r14] 563/968  0.09 games/s  ETA 78 min
[kp2-r14] 570/968  0.09 games/s  ETA 76 min
[kp2-r14] 577/968  0.09 games/s  ETA 75 min
[kp2-r14] 579/968  0.09 games/s  ETA 74 min
[kp2-r14] 582/968  0.09 games/s  ETA 74 min
[kp2-r14] 585/968  0.09 games/s  ETA 73 min
[kp2-r14] 589/968  0.09 games/s  ETA 72 min
[kp2-r14] 594/968  0.09 games/s  ETA 71 min
[kp2-r14] 603/968  0.09 games/s  ETA 68 min
[kp2-r14] 612/968  0.09 games/s  ETA 66 min
[kp2-r14] 618/968  0.09 games/s  ETA 65 min
[kp2-r14] 623/968  0.09 games/s  ETA 63 min
[kp2-r14] 631/968  0.09 games/s  ETA 61 min
[kp2-r14] 636/968  0.09 games/s  ETA 60 min
[kp2-r14] 639/968  0.09 games/s  ETA 60 min
[kp2-r14] 640/968  0.09 games/s  ETA 60 min
[kp2-r14] 642/968  0.09 games/s  ETA 59 min
[kp2-r14] 645/968  0.09 games/s  ETA 59 min
[kp2-r14] 650/968  0.09 games/s  ETA 58 min
[kp2-r14] 652/968  0.09 games/s  ETA 57 min
[kp2-r14] 655/968  0.09 games/s  ETA 57 min
[kp2-r14] 665/968  0.09 games/s  ETA 54 min
[kp2-r14] 673/968  0.09 games/s  ETA 53 min
[kp2-r14] 682/968  0.09 games/s  ETA 51 min
[kp2-r14] 688/968  0.09 games/s  ETA 49 min
[kp2-r14] 691/968  0.09 games/s  ETA 49 min
[kp2-r14] 693/968  0.09 games/s  ETA 48 min
[kp2-r14] 696/968  0.09 games/s  ETA 48 min
[kp2-r14] 698/968  0.09 games/s  ETA 48 min
[kp2-r14] 701/968  0.09 games/s  ETA 47 min
[kp2-r14] 704/968  0.09 games/s  ETA 47 min
[kp2-r14] 706/968  0.09 games/s  ETA 46 min
[kp2-r14] 707/968  0.09 games/s  ETA 46 min
[kp2-r14] 710/968  0.09 games/s  ETA 46 min
[kp2-r14] 716/968  0.09 games/s  ETA 44 min
[kp2-r14] 722/968  0.10 games/s  ETA 43 min
[kp2-r14] 728/968  0.10 games/s  ETA 42 min
[kp2-r14] 730/968  0.10 games/s  ETA 42 min
[kp2-r14] 734/968  0.10 games/s  ETA 41 min
[kp2-r14] 736/968  0.10 games/s  ETA 41 min
[kp2-r14] 738/968  0.10 games/s  ETA 40 min
[kp2-r14] 742/968  0.10 games/s  ETA 39 min
[kp2-r14] 745/968  0.10 games/s  ETA 39 min
[kp2-r14] 751/968  0.10 games/s  ETA 38 min
[kp2-r14] 757/968  0.10 games/s  ETA 37 min
[kp2-r14] 763/968  0.10 games/s  ETA 35 min
[kp2-r14] 773/968  0.10 games/s  ETA 33 min
[kp2-r14] 776/968  0.10 games/s  ETA 33 min
[kp2-r14] 781/968  0.10 games/s  ETA 32 min
[kp2-r14] 785/968  0.10 games/s  ETA 31 min
[kp2-r14] 787/968  0.10 games/s  ETA 31 min
[kp2-r14] 793/968  0.10 games/s  ETA 30 min
[kp2-r14] 799/968  0.10 games/s  ETA 29 min
[kp2-r14] 805/968  0.10 games/s  ETA 27 min
[kp2-r14] 810/968  0.10 games/s  ETA 27 min
[kp2-r14] 814/968  0.10 games/s  ETA 26 min
[kp2-r14] 816/968  0.10 games/s  ETA 26 min
[kp2-r14] 818/968  0.10 games/s  ETA 25 min
[kp2-r14] 821/968  0.10 games/s  ETA 25 min
[kp2-r14] 825/968  0.10 games/s  ETA 24 min
[kp2-r14] 827/968  0.10 games/s  ETA 24 min
[kp2-r14] 829/968  0.10 games/s  ETA 23 min
[kp2-r14] 834/968  0.10 games/s  ETA 22 min
[kp2-r14] 836/968  0.10 games/s  ETA 22 min
[kp2-r14] 839/968  0.10 games/s  ETA 22 min
[kp2-r14] 842/968  0.10 games/s  ETA 21 min
[kp2-r14] 846/968  0.10 games/s  ETA 20 min
[kp2-r14] 850/968  0.10 games/s  ETA 20 min
[kp2-r14] 852/968  0.10 games/s  ETA 19 min
[kp2-r14] 855/968  0.10 games/s  ETA 19 min
[kp2-r14] 859/968  0.10 games/s  ETA 18 min
[kp2-r14] 862/968  0.10 games/s  ETA 18 min
[kp2-r14] 865/968  0.10 games/s  ETA 17 min
[kp2-r14] 866/968  0.10 games/s  ETA 17 min
[kp2-r14] 871/968  0.10 games/s  ETA 16 min
[kp2-r14] 876/968  0.10 games/s  ETA 15 min
[kp2-r14] 878/968  0.10 games/s  ETA 15 min
[kp2-r14] 882/968  0.10 games/s  ETA 14 min
[kp2-r14] 885/968  0.10 games/s  ETA 14 min
[kp2-r14] 888/968  0.10 games/s  ETA 13 min
[kp2-r14] 890/968  0.10 games/s  ETA 13 min
[kp2-r14] 892/968  0.10 games/s  ETA 13 min
[kp2-r14] 896/968  0.10 games/s  ETA 12 min
[kp2-r14] 898/968  0.10 games/s  ETA 12 min
[kp2-r14] 901/968  0.10 games/s  ETA 11 min
[kp2-r14] 905/968  0.10 games/s  ETA 11 min
[kp2-r14] 910/968  0.10 games/s  ETA 10 min
[kp2-r14] 913/968  0.10 games/s  ETA 9 min
[kp2-r14] 915/968  0.10 games/s  ETA 9 min
[kp2-r14] 918/968  0.10 games/s  ETA 8 min
[kp2-r14] 925/968  0.10 games/s  ETA 7 min
[kp2-r14] 933/968  0.10 games/s  ETA 6 min
[kp2-r14] 942/968  0.10 games/s  ETA 4 min
[kp2-r14] 949/968  0.10 games/s  ETA 3 min
[kp2-r14] 958/968  0.10 games/s  ETA 2 min
[kp2-r14] 967/968  0.10 games/s  ETA 0 min
[kp2-r14] 968 games in 156.5 min
