[kp2-d4] 13 entrants, 118 games (0 done), depth 4, 4 workers
[kp2-d4] rules {"markFree":true,"freezeUses":1,"hasteCaptures":false,"strikeCaptures":false,"strikePawns":false,"flightUses":2,"mercyAura":true,"marchUses":0,"holyLightTakesPawns":true,"darknessMoves":true}
[kp2-d4] 0/118  0.00 games/s  ETA Infinity min
[kp2-d4] 2/118  0.03 games/s  ETA 58 min
[kp2-d4] 3/118  0.03 games/s  ETA 58 min
[kp2-d4] 6/118  0.05 games/s  ETA 37 min
[kp2-d4] 8/118  0.05 games/s  ETA 34 min
[kp2-d4] 12/118  0.07 games/s  ETA 27 min
[kp2-d4] 16/118  0.08 games/s  ETA 22 min
[kp2-d4] 18/118  0.07 games/s  ETA 22 min
[kp2-d4] 18/118  0.07 games/s  ETA 25 min
[kp2-d4] 22/118  0.07 games/s  ETA 22 min
[kp2-d4] 25/118  0.08 games/s  ETA 20 min
[kp2-d4] 28/118  0.08 games/s  ETA 19 min
[kp2-d4] 29/118  0.07 games/s  ETA 20 min
[kp2-d4] 30/118  0.07 games/s  ETA 21 min
[kp2-d4] 30/118  0.07 games/s  ETA 22 min
[kp2-d4] 31/118  0.06 games/s  ETA 22 min
[kp2-d4] 32/118  0.06 games/s  ETA 23 min
[kp2-d4] 34/118  0.06 games/s  ETA 22 min
[kp2-d4] 36/118  0.06 games/s  ETA 22 min
[kp2-d4] 37/118  0.06 games/s  ETA 22 min
[kp2-d4] 39/118  0.06 games/s  ETA 21 min
[kp2-d4] 43/118  0.07 games/s  ETA 19 min
[kp2-d4] 46/118  0.07 games/s  ETA 18 min
[kp2-d4] 49/118  0.07 games/s  ETA 17 min
[kp2-d4] 52/118  0.07 games/s  ETA 16 min
[kp2-d4] 55/118  0.07 games/s  ETA 15 min
[kp2-d4] 56/118  0.07 games/s  ETA 15 min
[kp2-d4] 61/118  0.07 games/s  ETA 13 min
[kp2-d4] 64/118  0.07 games/s  ETA 12 min
[kp2-d4] 67/118  0.07 games/s  ETA 11 min
[kp2-d4] 69/118  0.07 games/s  ETA 11 min
[kp2-d4] 74/118  0.08 games/s  ETA 10 min
[kp2-d4] 79/118  0.08 games/s  ETA 8 min
[kp2-d4] 87/118  0.09 games/s  ETA 6 min
[kp2-d4] 94/118  0.09 games/s  ETA 4 min
[kp2-d4] 100/118  0.09 games/s  ETA 3 min
[kp2-d4] 105/118  0.09 games/s  ETA 2 min
[kp2-d4] 108/118  0.09 games/s  ETA 2 min
[kp2-d4] 115/118  0.10 games/s  ETA 1 min
[kp2-d4] 118 games in 19.6 min
