[kp2-r12] 13 entrants, 1872 games (0 done), depth 3, 4 workers
[kp2-r12] rules {"markFree":true,"freezeUses":1,"hasteCaptures":false,"strikeCaptures":false,"strikePawns":false,"mercyAura":true,"marchUses":0,"holyLightTakesPawns":true,"holyLightShelter":true,"holyLightShelterOrtho":true,"darknessMoves":true,"deathTouchReach":true,"deathTouchReachOrtho":true}
[kp2-r12] 0/1872  0.00 games/s  ETA Infinity min
[kp2-r12] 4/1872  0.07 games/s  ETA 467 min
[kp2-r12] 7/1872  0.08 games/s  ETA 400 min
[kp2-r12] 15/1872  0.12 games/s  ETA 248 min
[kp2-r12] 18/1872  0.12 games/s  ETA 258 min
[kp2-r12] 24/1872  0.13 games/s  ETA 231 min
[kp2-r12] 37/1872  0.18 games/s  ETA 174 min
[kp2-r12] 49/1872  0.20 games/s  ETA 149 min
[kp2-r12] 60/1872  0.22 games/s  ETA 136 min
[kp2-r12] 71/1872  0.24 games/s  ETA 127 min
[kp2-r12] 81/1872  0.25 games/s  ETA 122 min
[kp2-r12] 92/1872  0.26 games/s  ETA 116 min
[kp2-r12] 101/1872  0.26 games/s  ETA 114 min
[kp2-r12] 114/1872  0.27 games/s  ETA 108 min
[kp2-r12] 129/1872  0.29 games/s  ETA 101 min
[kp2-r12] 147/1872  0.31 games/s  ETA 94 min
[kp2-r12] 165/1872  0.32 games/s  ETA 88 min
[kp2-r12] 178/1872  0.33 games/s  ETA 86 min
[kp2-r12] 197/1872  0.35 games/s  ETA 81 min
[kp2-r12] 209/1872  0.35 games/s  ETA 80 min
[kp2-r12] 225/1872  0.36 games/s  ETA 77 min
[kp2-r12] 243/1872  0.37 games/s  ETA 74 min
[kp2-r12] 259/1872  0.38 games/s  ETA 72 min
[kp2-r12] 277/1872  0.38 games/s  ETA 69 min
[kp2-r12] 291/1872  0.39 games/s  ETA 68 min
[kp2-r12] 296/1872  0.38 games/s  ETA 69 min
[kp2-r12] 305/1872  0.38 games/s  ETA 69 min
[kp2-r12] 312/1872  0.37 games/s  ETA 70 min
[kp2-r12] 315/1872  0.36 games/s  ETA 72 min
[kp2-r12] 320/1872  0.36 games/s  ETA 73 min
[kp2-r12] 324/1872  0.35 games/s  ETA 74 min
[kp2-r12] 331/1872  0.34 games/s  ETA 74 min
[kp2-r12] 338/1872  0.34 games/s  ETA 75 min
[kp2-r12] 341/1872  0.33 games/s  ETA 76 min
[kp2-r12] 345/1872  0.33 games/s  ETA 77 min
[kp2-r12] 349/1872  0.32 games/s  ETA 79 min
[kp2-r12] 355/1872  0.32 games/s  ETA 79 min
[kp2-r12] 360/1872  0.32 games/s  ETA 80 min
[kp2-r12] 365/1872  0.31 games/s  ETA 81 min
[kp2-r12] 371/1872  0.31 games/s  ETA 81 min
[kp2-r12] 377/1872  0.31 games/s  ETA 81 min
[kp2-r12] 386/1872  0.31 games/s  ETA 81 min
[kp2-r12] 393/1872  0.30 games/s  ETA 81 min
[kp2-r12] 402/1872  0.30 games/s  ETA 80 min
[kp2-r12] 409/1872  0.30 games/s  ETA 80 min
[kp2-r12] 418/1872  0.30 games/s  ETA 80 min
[kp2-r12] 424/1872  0.30 games/s  ETA 80 min
[kp2-r12] 434/1872  0.30 games/s  ETA 80 min
[kp2-r12] 439/1872  0.30 games/s  ETA 80 min
[kp2-r12] 447/1872  0.30 games/s  ETA 80 min
[kp2-r12] 456/1872  0.30 games/s  ETA 79 min
[kp2-r12] 462/1872  0.30 games/s  ETA 79 min
[kp2-r12] 469/1872  0.29 games/s  ETA 79 min
[kp2-r12] 479/1872  0.30 games/s  ETA 79 min
[kp2-r12] 485/1872  0.29 games/s  ETA 79 min
[kp2-r12] 494/1872  0.29 games/s  ETA 78 min
[kp2-r12] 505/1872  0.30 games/s  ETA 77 min
[kp2-r12] 511/1872  0.29 games/s  ETA 77 min
[kp2-r12] 519/1872  0.29 games/s  ETA 77 min
[kp2-r12] 529/1872  0.29 games/s  ETA 76 min
[kp2-r12] 536/1872  0.29 games/s  ETA 76 min
[kp2-r12] 545/1872  0.29 games/s  ETA 75 min
[kp2-r12] 557/1872  0.29 games/s  ETA 74 min
[kp2-r12] 570/1872  0.30 games/s  ETA 73 min
[kp2-r12] 587/1872  0.30 games/s  ETA 71 min
[kp2-r12] 607/1872  0.31 games/s  ETA 69 min
[kp2-r12] 628/1872  0.31 games/s  ETA 66 min
[kp2-r12] 652/1872  0.32 games/s  ETA 64 min
[kp2-r12] 676/1872  0.33 games/s  ETA 61 min
[kp2-r12] 697/1872  0.33 games/s  ETA 59 min
[kp2-r12] 716/1872  0.34 games/s  ETA 57 min
[kp2-r12] 731/1872  0.34 games/s  ETA 56 min
[kp2-r12] 757/1872  0.35 games/s  ETA 54 min
[kp2-r12] 774/1872  0.35 games/s  ETA 52 min
[kp2-r12] 794/1872  0.35 games/s  ETA 51 min
[kp2-r12] 804/1872  0.35 games/s  ETA 50 min
[kp2-r12] 809/1872  0.35 games/s  ETA 51 min
[kp2-r12] 819/1872  0.35 games/s  ETA 50 min
[kp2-r12] 833/1872  0.35 games/s  ETA 49 min
[kp2-r12] 844/1872  0.35 games/s  ETA 49 min
[kp2-r12] 857/1872  0.35 games/s  ETA 48 min
[kp2-r12] 876/1872  0.36 games/s  ETA 47 min
[kp2-r12] 888/1872  0.36 games/s  ETA 46 min
[kp2-r12] 897/1872  0.36 games/s  ETA 46 min
[kp2-r12] 907/1872  0.36 games/s  ETA 45 min
[kp2-r12] 917/1872  0.36 games/s  ETA 45 min
[kp2-r12] 924/1872  0.35 games/s  ETA 45 min
[kp2-r12] 931/1872  0.35 games/s  ETA 44 min
[kp2-r12] 941/1872  0.35 games/s  ETA 44 min
[kp2-r12] 951/1872  0.35 games/s  ETA 44 min
[kp2-r12] 964/1872  0.35 games/s  ETA 43 min
[kp2-r12] 974/1872  0.35 games/s  ETA 42 min
[kp2-r12] 985/1872  0.35 games/s  ETA 42 min
[kp2-r12] 995/1872  0.35 games/s  ETA 41 min
[kp2-r12] 1009/1872  0.35 games/s  ETA 41 min
[kp2-r12] 1022/1872  0.35 games/s  ETA 40 min
[kp2-r12] 1033/1872  0.35 games/s  ETA 39 min
[kp2-r12] 1048/1872  0.36 games/s  ETA 39 min
[kp2-r12] 1064/1872  0.36 games/s  ETA 38 min
[kp2-r12] 1082/1872  0.36 games/s  ETA 37 min
[kp2-r12] 1096/1872  0.36 games/s  ETA 36 min
[kp2-r12] 1111/1872  0.36 games/s  ETA 35 min
[kp2-r12] 1124/1872  0.36 games/s  ETA 34 min
[kp2-r12] 1139/1872  0.37 games/s  ETA 33 min
[kp2-r12] 1154/1872  0.37 games/s  ETA 33 min
[kp2-r12] 1169/1872  0.37 games/s  ETA 32 min
[kp2-r12] 1183/1872  0.37 games/s  ETA 31 min
[kp2-r12] 1203/1872  0.37 games/s  ETA 30 min
[kp2-r12] 1234/1872  0.38 games/s  ETA 28 min
[kp2-r12] 1271/1872  0.39 games/s  ETA 26 min
[kp2-r12] 1303/1872  0.39 games/s  ETA 24 min
[kp2-r12] 1336/1872  0.40 games/s  ETA 22 min
[kp2-r12] 1371/1872  0.40 games/s  ETA 21 min
[kp2-r12] 1407/1872  0.41 games/s  ETA 19 min
[kp2-r12] 1434/1872  0.42 games/s  ETA 18 min
[kp2-r12] 1463/1872  0.42 games/s  ETA 16 min
[kp2-r12] 1499/1872  0.43 games/s  ETA 15 min
[kp2-r12] 1533/1872  0.43 games/s  ETA 13 min
[kp2-r12] 1567/1872  0.44 games/s  ETA 12 min
[kp2-r12] 1605/1872  0.45 games/s  ETA 10 min
[kp2-r12] 1640/1872  0.45 games/s  ETA 9 min
[kp2-r12] 1673/1872  0.46 games/s  ETA 7 min
[kp2-r12] 1708/1872  0.46 games/s  ETA 6 min
[kp2-r12] 1745/1872  0.47 games/s  ETA 5 min
[kp2-r12] 1770/1872  0.47 games/s  ETA 4 min
[kp2-r12] 1802/1872  0.48 games/s  ETA 2 min
[kp2-r12] 1840/1872  0.48 games/s  ETA 1 min
[kp2-r12] 1872 games in 64.0 min
