[kp2-r7] 13 entrants, 468 games (0 done), depth 3, 4 workers
[kp2-r7] rules {"markFree":true,"freezeUses":1,"hasteCaptures":false,"strikeCaptures":false,"strikePawns":false,"mercyAura":true,"marchUses":0,"holyLightTakesPawns":true,"holyLightShelter":true,"holyLightShelterOrtho":true,"darknessMoves":true}
[kp2-r7] 0/468  0.00 games/s  ETA Infinity min
[kp2-r7] 3/468  0.05 games/s  ETA 155 min
[kp2-r7] 9/468  0.10 games/s  ETA 77 min
[kp2-r7] 17/468  0.14 games/s  ETA 53 min
[kp2-r7] 24/468  0.16 games/s  ETA 46 min
[kp2-r7] 34/468  0.19 games/s  ETA 38 min
[kp2-r7] 45/468  0.21 games/s  ETA 33 min
[kp2-r7] 53/468  0.22 games/s  ETA 31 min
[kp2-r7] 66/468  0.24 games/s  ETA 27 min
[kp2-r7] 73/468  0.24 games/s  ETA 27 min
[kp2-r7] 77/468  0.23 games/s  ETA 28 min
[kp2-r7] 81/468  0.22 games/s  ETA 29 min
[kp2-r7] 85/468  0.22 games/s  ETA 29 min
[kp2-r7] 89/468  0.21 games/s  ETA 30 min
[kp2-r7] 97/468  0.22 games/s  ETA 29 min
[kp2-r7] 101/468  0.21 games/s  ETA 29 min
[kp2-r7] 105/468  0.21 games/s  ETA 29 min
[kp2-r7] 111/468  0.21 games/s  ETA 29 min
[kp2-r7] 115/468  0.20 games/s  ETA 29 min
[kp2-r7] 121/468  0.20 games/s  ETA 29 min
[kp2-r7] 126/468  0.20 games/s  ETA 29 min
[kp2-r7] 132/468  0.20 games/s  ETA 28 min
[kp2-r7] 138/468  0.20 games/s  ETA 28 min
[kp2-r7] 152/468  0.21 games/s  ETA 25 min
[kp2-r7] 169/468  0.23 games/s  ETA 22 min
[kp2-r7] 183/468  0.23 games/s  ETA 20 min
[kp2-r7] 198/468  0.24 games/s  ETA 18 min
[kp2-r7] 205/468  0.24 games/s  ETA 18 min
[kp2-r7] 219/468  0.25 games/s  ETA 16 min
[kp2-r7] 227/468  0.25 games/s  ETA 16 min
[kp2-r7] 236/468  0.25 games/s  ETA 15 min
[kp2-r7] 248/468  0.26 games/s  ETA 14 min
[kp2-r7] 262/468  0.26 games/s  ETA 13 min
[kp2-r7] 275/468  0.27 games/s  ETA 12 min
[kp2-r7] 286/468  0.27 games/s  ETA 11 min
[kp2-r7] 298/468  0.28 games/s  ETA 10 min
[kp2-r7] 317/468  0.29 games/s  ETA 9 min
[kp2-r7] 335/468  0.29 games/s  ETA 8 min
[kp2-r7] 360/468  0.31 games/s  ETA 6 min
[kp2-r7] 384/468  0.32 games/s  ETA 4 min
[kp2-r7] 404/468  0.33 games/s  ETA 3 min
[kp2-r7] 423/468  0.34 games/s  ETA 2 min
[kp2-r7] 443/468  0.34 games/s  ETA 1 min
[kp2-r7] 463/468  0.35 games/s  ETA 0 min
[kp2-r7] 468 games in 22.2 min
