[kp2-r15] 19 entrants, 382 games (0 done), depth 3, armies perPair, 1 workers
[kp2-r15] rules {"markFree":true,"freezeUses":1,"hasteCaptures":false,"strikeCaptures":false,"strikePawns":false,"mercyAura":true,"marchUses":0,"holyLightTakesPawns":true,"holyLightShelter":true,"holyLightShelterOrtho":true,"darknessMoves":true,"deathTouchReach":true,"deathTouchReachOrtho":true,"hasteApart":true,"mercyAuraPawnsTake":true,"mercyTakesPawns":true,"darknessShelter":true,"darknessShelterPawnsTake":true}
[kp2-r15] 0/382  0.00 games/s  ETA Infinity min
[kp2-r15] 3/382  0.05 games/s  ETA 126 min
[kp2-r15] 6/382  0.07 games/s  ETA 94 min
[kp2-r15] 7/382  0.06 games/s  ETA 107 min
[kp2-r15] 9/382  0.06 games/s  ETA 104 min
[kp2-r15] 13/382  0.07 games/s  ETA 85 min
[kp2-r15] 16/382  0.08 games/s  ETA 80 min
[kp2-r15] 18/382  0.07 games/s  ETA 81 min
[kp2-r15] 21/382  0.08 games/s  ETA 77 min
[kp2-r15] 26/382  0.09 games/s  ETA 68 min
[kp2-r15] 30/382  0.09 games/s  ETA 65 min
[kp2-r15] 35/382  0.10 games/s  ETA 59 min
[kp2-r15] 40/382  0.10 games/s  ETA 56 min
[kp2-r15] 46/382  0.11 games/s  ETA 51 min
[kp2-r15] 48/382  0.11 games/s  ETA 52 min
[kp2-r15] 49/382  0.10 games/s  ETA 54 min
[kp2-r15] 50/382  0.10 games/s  ETA 56 min
[kp2-r15] 50/382  0.09 games/s  ETA 60 min
[kp2-r15] 51/382  0.09 games/s  ETA 62 min
[kp2-r15] 52/382  0.09 games/s  ETA 63 min
[kp2-r15] 53/382  0.08 games/s  ETA 65 min
[kp2-r15] 54/382  0.08 games/s  ETA 67 min
[kp2-r15] 56/382  0.08 games/s  ETA 67 min
[kp2-r15] 57/382  0.08 games/s  ETA 68 min
[kp2-r15] 58/382  0.08 games/s  ETA 70 min
[kp2-r15] 60/382  0.08 games/s  ETA 70 min
[kp2-r15] 63/382  0.08 games/s  ETA 68 min
[kp2-r15] 64/382  0.08 games/s  ETA 70 min
[kp2-r15] 65/382  0.07 games/s  ETA 71 min
[kp2-r15] 68/382  0.08 games/s  ETA 69 min
[kp2-r15] 69/382  0.07 games/s  ETA 70 min
[kp2-r15] 70/382  0.07 games/s  ETA 71 min
[kp2-r15] 72/382  0.07 games/s  ETA 71 min
[kp2-r15] 74/382  0.07 games/s  ETA 71 min
[kp2-r15] 77/382  0.07 games/s  ETA 69 min
[kp2-r15] 79/382  0.07 games/s  ETA 69 min
[kp2-r15] 80/382  0.07 games/s  ETA 70 min
[kp2-r15] 81/382  0.07 games/s  ETA 71 min
[kp2-r15] 81/382  0.07 games/s  ETA 72 min
[kp2-r15] 82/382  0.07 games/s  ETA 73 min
[kp2-r15] 82/382  0.07 games/s  ETA 75 min
[kp2-r15] 83/382  0.07 games/s  ETA 76 min
[kp2-r15] 84/382  0.07 games/s  ETA 76 min
[kp2-r15] 86/382  0.07 games/s  ETA 76 min
[kp2-r15] 87/382  0.06 games/s  ETA 76 min
[kp2-r15] 89/382  0.06 games/s  ETA 76 min
[kp2-r15] 94/382  0.07 games/s  ETA 72 min
[kp2-r15] 103/382  0.07 games/s  ETA 65 min
[kp2-r15] 108/382  0.07 games/s  ETA 62 min
[kp2-r15] 112/382  0.07 games/s  ETA 60 min
[kp2-r15] 121/382  0.08 games/s  ETA 55 min
[kp2-r15] 127/382  0.08 games/s  ETA 52 min
[kp2-r15] 131/382  0.08 games/s  ETA 51 min
[kp2-r15] 136/382  0.08 games/s  ETA 49 min
[kp2-r15] 139/382  0.08 games/s  ETA 48 min
[kp2-r15] 141/382  0.08 games/s  ETA 48 min
[kp2-r15] 143/382  0.08 games/s  ETA 48 min
[kp2-r15] 146/382  0.08 games/s  ETA 47 min
[kp2-r15] 149/382  0.08 games/s  ETA 46 min
[kp2-r15] 150/382  0.08 games/s  ETA 46 min
[kp2-r15] 154/382  0.08 games/s  ETA 45 min
[kp2-r15] 157/382  0.08 games/s  ETA 44 min
[kp2-r15] 159/382  0.08 games/s  ETA 44 min
[kp2-r15] 163/382  0.08 games/s  ETA 43 min
[kp2-r15] 167/382  0.09 games/s  ETA 42 min
[kp2-r15] 172/382  0.09 games/s  ETA 40 min
[kp2-r15] 173/382  0.09 games/s  ETA 40 min
[kp2-r15] 176/382  0.09 games/s  ETA 40 min
[kp2-r15] 179/382  0.09 games/s  ETA 39 min
[kp2-r15] 182/382  0.09 games/s  ETA 38 min
[kp2-r15] 185/382  0.09 games/s  ETA 38 min
[kp2-r15] 187/382  0.09 games/s  ETA 38 min
[kp2-r15] 193/382  0.09 games/s  ETA 36 min
[kp2-r15] 197/382  0.09 games/s  ETA 35 min
[kp2-r15] 204/382  0.09 games/s  ETA 33 min
[kp2-r15] 211/382  0.09 games/s  ETA 31 min
[kp2-r15] 218/382  0.09 games/s  ETA 29 min
[kp2-r15] 228/382  0.10 games/s  ETA 26 min
[kp2-r15] 237/382  0.10 games/s  ETA 24 min
[kp2-r15] 246/382  0.10 games/s  ETA 22 min
[kp2-r15] 255/382  0.10 games/s  ETA 20 min
[kp2-r15] 264/382  0.11 games/s  ETA 18 min
[kp2-r15] 269/382  0.11 games/s  ETA 17 min
[kp2-r15] 275/382  0.11 games/s  ETA 16 min
[kp2-r15] 284/382  0.11 games/s  ETA 15 min
[kp2-r15] 292/382  0.11 games/s  ETA 13 min
[kp2-r15] 298/382  0.11 games/s  ETA 12 min
[kp2-r15] 305/382  0.12 games/s  ETA 11 min
[kp2-r15] 314/382  0.12 games/s  ETA 10 min
[kp2-r15] 317/382  0.12 games/s  ETA 9 min
[kp2-r15] 323/382  0.12 games/s  ETA 8 min
[kp2-r15] 327/382  0.12 games/s  ETA 8 min
[kp2-r15] 335/382  0.12 games/s  ETA 7 min
[kp2-r15] 338/382  0.12 games/s  ETA 6 min
[kp2-r15] 340/382  0.12 games/s  ETA 6 min
[kp2-r15] 345/382  0.12 games/s  ETA 5 min
[kp2-r15] 354/382  0.12 games/s  ETA 4 min
[kp2-r15] 358/382  0.12 games/s  ETA 3 min
[kp2-r15] 362/382  0.12 games/s  ETA 3 min
[kp2-r15] 365/382  0.12 games/s  ETA 2 min
[kp2-r15] 368/382  0.12 games/s  ETA 2 min
[kp2-r15] 373/382  0.12 games/s  ETA 1 min
[kp2-r15] 378/382  0.12 games/s  ETA 1 min
[kp2-r15] 382 games in 51.7 min
