[kp2-r11] 13 entrants, 1872 games (0 done), depth 3, 4 workers
[kp2-r11] rules {"markFree":true,"freezeUses":1,"hasteCaptures":false,"strikeCaptures":false,"strikePawns":false,"mercyAura":true,"marchUses":0,"holyLightTakesPawns":true,"holyLightShelter":true,"holyLightShelterOrtho":true,"darknessMoves":true,"deathTouchReach":true,"deathTouchReachOrtho":true}
[kp2-r11] 0/1872  0.00 games/s  ETA Infinity min
[kp2-r11] 4/1872  0.07 games/s  ETA 467 min
[kp2-r11] 4/1872  0.04 games/s  ETA 701 min
[kp2-r11] 7/1872  0.06 games/s  ETA 533 min
[kp2-r11] 8/1872  0.05 games/s  ETA 583 min
[kp2-r11] 10/1872  0.06 games/s  ETA 559 min
[kp2-r11] 11/1872  0.05 games/s  ETA 592 min
[kp2-r11] 13/1872  0.05 games/s  ETA 572 min
[kp2-r11] 17/1872  0.06 games/s  ETA 491 min
[kp2-r11] 18/1872  0.06 games/s  ETA 515 min
[kp2-r11] 21/1872  0.06 games/s  ETA 485 min
[kp2-r11] 25/1872  0.07 games/s  ETA 443 min
[kp2-r11] 27/1872  0.07 games/s  ETA 444 min
[kp2-r11] 33/1872  0.08 games/s  ETA 390 min
[kp2-r11] 37/1872  0.08 games/s  ETA 372 min
[kp2-r11] 45/1872  0.09 games/s  ETA 325 min
[kp2-r11] 48/1872  0.09 games/s  ETA 323 min
[kp2-r11] 50/1872  0.09 games/s  ETA 328 min
[kp2-r11] 53/1872  0.09 games/s  ETA 326 min
[kp2-r11] 57/1872  0.09 games/s  ETA 319 min
[kp2-r11] 59/1872  0.09 games/s  ETA 323 min
[kp2-r11] 63/1872  0.10 games/s  ETA 316 min
[kp2-r11] 68/1872  0.10 games/s  ETA 305 min
[kp2-r11] 72/1872  0.10 games/s  ETA 300 min
[kp2-r11] 76/1872  0.10 games/s  ETA 295 min
[kp2-r11] 79/1872  0.10 games/s  ETA 295 min
[kp2-r11] 83/1872  0.10 games/s  ETA 291 min
[kp2-r11] 86/1872  0.10 games/s  ETA 291 min
[kp2-r11] 89/1872  0.10 games/s  ETA 291 min
[kp2-r11] 93/1872  0.10 games/s  ETA 287 min
[kp2-r11] 100/1872  0.11 games/s  ETA 275 min
[kp2-r11] 106/1872  0.11 games/s  ETA 267 min
[kp2-r11] 110/1872  0.11 games/s  ETA 264 min
[kp2-r11] 117/1872  0.11 games/s  ETA 255 min
[kp2-r11] 120/1872  0.11 games/s  ETA 256 min
[kp2-r11] 128/1872  0.12 games/s  ETA 245 min
[kp2-r11] 133/1872  0.12 games/s  ETA 242 min
[kp2-r11] 136/1872  0.12 games/s  ETA 243 min
[kp2-r11] 140/1872  0.12 games/s  ETA 241 min
[kp2-r11] 144/1872  0.12 games/s  ETA 240 min
[kp2-r11] 150/1872  0.12 games/s  ETA 235 min
[kp2-r11] 154/1872  0.12 games/s  ETA 234 min
[kp2-r11] 161/1872  0.12 games/s  ETA 229 min
[kp2-r11] 167/1872  0.13 games/s  ETA 225 min
[kp2-r11] 171/1872  0.13 games/s  ETA 224 min
[kp2-r11] 179/1872  0.13 games/s  ETA 218 min
[kp2-r11] 186/1872  0.13 games/s  ETA 213 min
[kp2-r11] 192/1872  0.13 games/s  ETA 210 min
[kp2-r11] 198/1872  0.13 games/s  ETA 207 min
[kp2-r11] 203/1872  0.14 games/s  ETA 206 min
[kp2-r11] 209/1872  0.14 games/s  ETA 203 min
[kp2-r11] 214/1872  0.14 games/s  ETA 201 min
[kp2-r11] 219/1872  0.14 games/s  ETA 200 min
[kp2-r11] 225/1872  0.14 games/s  ETA 198 min
[kp2-r11] 229/1872  0.14 games/s  ETA 197 min
[kp2-r11] 237/1872  0.14 games/s  ETA 193 min
[kp2-r11] 243/1872  0.14 games/s  ETA 191 min
[kp2-r11] 247/1872  0.14 games/s  ETA 191 min
[kp2-r11] 252/1872  0.14 games/s  ETA 190 min
[kp2-r11] 259/1872  0.14 games/s  ETA 187 min
[kp2-r11] 264/1872  0.14 games/s  ETA 186 min
[kp2-r11] 270/1872  0.15 games/s  ETA 184 min
[kp2-r11] 276/1872  0.15 games/s  ETA 182 min
[kp2-r11] 283/1872  0.15 games/s  ETA 180 min
[kp2-r11] 288/1872  0.15 games/s  ETA 179 min
[kp2-r11] 292/1872  0.15 games/s  ETA 179 min
[kp2-r11] 293/1872  0.15 games/s  ETA 181 min
[kp2-r11] 297/1872  0.15 games/s  ETA 180 min
[kp2-r11] 300/1872  0.14 games/s  ETA 181 min
[kp2-r11] 300/1872  0.14 games/s  ETA 183 min
[kp2-r11] 302/1872  0.14 games/s  ETA 185 min
[kp2-r11] 306/1872  0.14 games/s  ETA 184 min
[kp2-r11] 309/1872  0.14 games/s  ETA 185 min
[kp2-r11] 312/1872  0.14 games/s  ETA 185 min
[kp2-r11] 314/1872  0.14 games/s  ETA 186 min
[kp2-r11] 317/1872  0.14 games/s  ETA 186 min
[kp2-r11] 320/1872  0.14 games/s  ETA 187 min
[kp2-r11] 322/1872  0.14 games/s  ETA 188 min
[kp2-r11] 323/1872  0.14 games/s  ETA 189 min
[kp2-r11] 324/1872  0.13 games/s  ETA 191 min
[kp2-r11] 326/1872  0.13 games/s  ETA 192 min
[kp2-r11] 330/1872  0.13 games/s  ETA 192 min
[kp2-r11] 331/1872  0.13 games/s  ETA 193 min
[kp2-r11] 333/1872  0.13 games/s  ETA 194 min
[kp2-r11] 336/1872  0.13 games/s  ETA 194 min
[kp2-r11] 338/1872  0.13 games/s  ETA 195 min
[kp2-r11] 341/1872  0.13 games/s  ETA 195 min
[kp2-r11] 343/1872  0.13 games/s  ETA 196 min
[kp2-r11] 346/1872  0.13 games/s  ETA 196 min
[kp2-r11] 347/1872  0.13 games/s  ETA 198 min
[kp2-r11] 348/1872  0.13 games/s  ETA 199 min
[kp2-r11] 349/1872  0.13 games/s  ETA 201 min
[kp2-r11] 350/1872  0.13 games/s  ETA 202 min
[kp2-r11] 355/1872  0.13 games/s  ETA 201 min
[kp2-r11] 357/1872  0.13 games/s  ETA 202 min
[kp2-r11] 360/1872  0.12 games/s  ETA 202 min
[kp2-r11] 362/1872  0.12 games/s  ETA 202 min
[kp2-r11] 365/1872  0.12 games/s  ETA 202 min
[kp2-r11] 369/1872  0.12 games/s  ETA 202 min
[kp2-r11] 372/1872  0.12 games/s  ETA 202 min
[kp2-r11] 375/1872  0.12 games/s  ETA 202 min
[kp2-r11] 377/1872  0.12 games/s  ETA 202 min
[kp2-r11] 378/1872  0.12 games/s  ETA 204 min
[kp2-r11] 382/1872  0.12 games/s  ETA 203 min
[kp2-r11] 385/1872  0.12 games/s  ETA 203 min
[kp2-r11] 388/1872  0.12 games/s  ETA 203 min
[kp2-r11] 391/1872  0.12 games/s  ETA 203 min
[kp2-r11] 396/1872  0.12 games/s  ETA 201 min
[kp2-r11] 396/1872  0.12 games/s  ETA 203 min
[kp2-r11] 398/1872  0.12 games/s  ETA 204 min
[kp2-r11] 401/1872  0.12 games/s  ETA 204 min
[kp2-r11] 403/1872  0.12 games/s  ETA 204 min
[kp2-r11] 408/1872  0.12 games/s  ETA 203 min
[kp2-r11] 410/1872  0.12 games/s  ETA 203 min
[kp2-r11] 414/1872  0.12 games/s  ETA 203 min
[kp2-r11] 419/1872  0.12 games/s  ETA 201 min
[kp2-r11] 421/1872  0.12 games/s  ETA 202 min
[kp2-r11] 423/1872  0.12 games/s  ETA 202 min
[kp2-r11] 427/1872  0.12 games/s  ETA 201 min
[kp2-r11] 433/1872  0.12 games/s  ETA 199 min
[kp2-r11] 435/1872  0.12 games/s  ETA 200 min
[kp2-r11] 438/1872  0.12 games/s  ETA 200 min
[kp2-r11] 442/1872  0.12 games/s  ETA 199 min
[kp2-r11] 444/1872  0.12 games/s  ETA 199 min
[kp2-r11] 444/1872  0.12 games/s  ETA 201 min
[kp2-r11] 449/1872  0.12 games/s  ETA 200 min
[kp2-r11] 452/1872  0.12 games/s  ETA 200 min
[kp2-r11] 455/1872  0.12 games/s  ETA 199 min
[kp2-r11] 457/1872  0.12 games/s  ETA 200 min
[kp2-r11] 460/1872  0.12 games/s  ETA 200 min
[kp2-r11] 464/1872  0.12 games/s  ETA 199 min
[kp2-r11] 465/1872  0.12 games/s  ETA 200 min
[kp2-r11] 468/1872  0.12 games/s  ETA 200 min
[kp2-r11] 469/1872  0.12 games/s  ETA 200 min
[kp2-r11] 472/1872  0.12 games/s  ETA 200 min
[kp2-r11] 476/1872  0.12 games/s  ETA 199 min
[kp2-r11] 480/1872  0.12 games/s  ETA 199 min
[kp2-r11] 482/1872  0.12 games/s  ETA 199 min
[kp2-r11] 485/1872  0.12 games/s  ETA 199 min
[kp2-r11] 486/1872  0.12 games/s  ETA 200 min
[kp2-r11] 490/1872  0.12 games/s  ETA 199 min
[kp2-r11] 492/1872  0.12 games/s  ETA 199 min
[kp2-r11] 495/1872  0.12 games/s  ETA 199 min
[kp2-r11] 497/1872  0.12 games/s  ETA 199 min
[kp2-r11] 501/1872  0.12 games/s  ETA 198 min
[kp2-r11] 504/1872  0.12 games/s  ETA 198 min
[kp2-r11] 505/1872  0.11 games/s  ETA 199 min
[kp2-r11] 509/1872  0.11 games/s  ETA 198 min
[kp2-r11] 514/1872  0.11 games/s  ETA 197 min
[kp2-r11] 514/1872  0.11 games/s  ETA 198 min
[kp2-r11] 516/1872  0.11 games/s  ETA 198 min
[kp2-r11] 517/1872  0.11 games/s  ETA 199 min
[kp2-r11] 520/1872  0.11 games/s  ETA 199 min
[kp2-r11] 524/1872  0.11 games/s  ETA 198 min
[kp2-r11] 529/1872  0.11 games/s  ETA 197 min
[kp2-r11] 532/1872  0.11 games/s  ETA 197 min
[kp2-r11] 534/1872  0.11 games/s  ETA 197 min
[kp2-r11] 539/1872  0.11 games/s  ETA 195 min
[kp2-r11] 540/1872  0.11 games/s  ETA 196 min
[kp2-r11] 543/1872  0.11 games/s  ETA 196 min
[kp2-r11] 547/1872  0.11 games/s  ETA 195 min
[kp2-r11] 550/1872  0.11 games/s  ETA 195 min
[kp2-r11] 556/1872  0.11 games/s  ETA 193 min
[kp2-r11] 561/1872  0.11 games/s  ETA 192 min
[kp2-r11] 565/1872  0.11 games/s  ETA 191 min
[kp2-r11] 570/1872  0.11 games/s  ETA 190 min
[kp2-r11] 578/1872  0.12 games/s  ETA 187 min
[kp2-r11] 586/1872  0.12 games/s  ETA 184 min
[kp2-r11] 589/1872  0.12 games/s  ETA 184 min
[kp2-r11] 595/1872  0.12 games/s  ETA 182 min
[kp2-r11] 601/1872  0.12 games/s  ETA 181 min
[kp2-r11] 612/1872  0.12 games/s  ETA 177 min
[kp2-r11] 624/1872  0.12 games/s  ETA 173 min
[kp2-r11] 634/1872  0.12 games/s  ETA 170 min
[kp2-r11] 645/1872  0.12 games/s  ETA 166 min
[kp2-r11] 654/1872  0.12 games/s  ETA 164 min
[kp2-r11] 667/1872  0.13 games/s  ETA 160 min
[kp2-r11] 675/1872  0.13 games/s  ETA 158 min
[kp2-r11] 683/1872  0.13 games/s  ETA 156 min
[kp2-r11] 691/1872  0.13 games/s  ETA 154 min
[kp2-r11] 701/1872  0.13 games/s  ETA 151 min
[kp2-r11] 710/1872  0.13 games/s  ETA 149 min
[kp2-r11] 722/1872  0.13 games/s  ETA 146 min
[kp2-r11] 728/1872  0.13 games/s  ETA 145 min
[kp2-r11] 737/1872  0.13 games/s  ETA 142 min
[kp2-r11] 751/1872  0.13 games/s  ETA 139 min
[kp2-r11] 757/1872  0.13 games/s  ETA 138 min
[kp2-r11] 765/1872  0.14 games/s  ETA 136 min
[kp2-r11] 774/1872  0.14 games/s  ETA 134 min
[kp2-r11] 785/1872  0.14 games/s  ETA 132 min
[kp2-r11] 792/1872  0.14 games/s  ETA 130 min
[kp2-r11] 796/1872  0.14 games/s  ETA 130 min
[kp2-r11] 802/1872  0.14 games/s  ETA 129 min
[kp2-r11] 805/1872  0.14 games/s  ETA 129 min
[kp2-r11] 809/1872  0.14 games/s  ETA 128 min
[kp2-r11] 813/1872  0.14 games/s  ETA 128 min
[kp2-r11] 818/1872  0.14 games/s  ETA 127 min
[kp2-r11] 823/1872  0.14 games/s  ETA 126 min
[kp2-r11] 828/1872  0.14 games/s  ETA 125 min
[kp2-r11] 832/1872  0.14 games/s  ETA 125 min
[kp2-r11] 837/1872  0.14 games/s  ETA 124 min
[kp2-r11] 844/1872  0.14 games/s  ETA 123 min
[kp2-r11] 850/1872  0.14 games/s  ETA 122 min
[kp2-r11] 853/1872  0.14 games/s  ETA 122 min
[kp2-r11] 859/1872  0.14 games/s  ETA 121 min
[kp2-r11] 863/1872  0.14 games/s  ETA 120 min
[kp2-r11] 870/1872  0.14 games/s  ETA 119 min
[kp2-r11] 875/1872  0.14 games/s  ETA 119 min
[kp2-r11] 880/1872  0.14 games/s  ETA 118 min
[kp2-r11] 889/1872  0.14 games/s  ETA 116 min
[kp2-r11] 891/1872  0.14 games/s  ETA 116 min
[kp2-r11] 897/1872  0.14 games/s  ETA 115 min
[kp2-r11] 899/1872  0.14 games/s  ETA 115 min
[kp2-r11] 903/1872  0.14 games/s  ETA 115 min
[kp2-r11] 909/1872  0.14 games/s  ETA 114 min
[kp2-r11] 913/1872  0.14 games/s  ETA 113 min
[kp2-r11] 918/1872  0.14 games/s  ETA 113 min
[kp2-r11] 921/1872  0.14 games/s  ETA 113 min
[kp2-r11] 925/1872  0.14 games/s  ETA 112 min
[kp2-r11] 930/1872  0.14 games/s  ETA 111 min
[kp2-r11] 936/1872  0.14 games/s  ETA 111 min
[kp2-r11] 940/1872  0.14 games/s  ETA 110 min
[kp2-r11] 944/1872  0.14 games/s  ETA 110 min
[kp2-r11] 947/1872  0.14 games/s  ETA 109 min
[kp2-r11] 951/1872  0.14 games/s  ETA 109 min
[kp2-r11] 958/1872  0.14 games/s  ETA 108 min
[kp2-r11] 963/1872  0.14 games/s  ETA 107 min
[kp2-r11] 968/1872  0.14 games/s  ETA 106 min
[kp2-r11] 972/1872  0.14 games/s  ETA 106 min
[kp2-r11] 976/1872  0.14 games/s  ETA 106 min
[kp2-r11] 981/1872  0.14 games/s  ETA 105 min
[kp2-r11] 987/1872  0.14 games/s  ETA 104 min
[kp2-r11] 992/1872  0.14 games/s  ETA 103 min
[kp2-r11] 996/1872  0.14 games/s  ETA 103 min
[kp2-r11] 998/1872  0.14 games/s  ETA 103 min
[kp2-r11] 1005/1872  0.14 games/s  ETA 102 min
[kp2-r11] 1011/1872  0.14 games/s  ETA 101 min
[kp2-r11] 1017/1872  0.14 games/s  ETA 100 min
[kp2-r11] 1022/1872  0.14 games/s  ETA 99 min
[kp2-r11] 13 entrants, 1872 games (1028 done), depth 3, 4 workers
[kp2-r11] rules {"markFree":true,"freezeUses":1,"hasteCaptures":false,"strikeCaptures":false,"strikePawns":false,"mercyAura":true,"marchUses":0,"holyLightTakesPawns":true,"holyLightShelter":true,"holyLightShelterOrtho":true,"darknessMoves":true,"deathTouchReach":true,"deathTouchReachOrtho":true}
[kp2-r11] 4/844  0.13 games/s  ETA 105 min
[kp2-r11] 7/844  0.12 games/s  ETA 120 min
[kp2-r11] 13/844  0.14 games/s  ETA 96 min
[kp2-r11] 17/844  0.14 games/s  ETA 97 min
[kp2-r11] 25/844  0.17 games/s  ETA 82 min
[kp2-r11] 31/844  0.17 games/s  ETA 79 min
[kp2-r11] 34/844  0.16 games/s  ETA 83 min
[kp2-r11] 38/844  0.16 games/s  ETA 85 min
[kp2-r11] 39/844  0.14 games/s  ETA 93 min
[kp2-r11] 43/844  0.14 games/s  ETA 93 min
[kp2-r11] 49/844  0.15 games/s  ETA 89 min
[kp2-r11] 54/844  0.15 games/s  ETA 88 min
[kp2-r11] 57/844  0.15 games/s  ETA 90 min
[kp2-r11] 61/844  0.15 games/s  ETA 90 min
[kp2-r11] 65/844  0.14 games/s  ETA 90 min
[kp2-r11] 72/844  0.15 games/s  ETA 86 min
[kp2-r11] 80/844  0.16 games/s  ETA 81 min
[kp2-r11] 85/844  0.16 games/s  ETA 80 min
[kp2-r11] 93/844  0.16 games/s  ETA 77 min
[kp2-r11] 103/844  0.17 games/s  ETA 72 min
[kp2-r11] 107/844  0.17 games/s  ETA 72 min
[kp2-r11] 114/844  0.17 games/s  ETA 70 min
[kp2-r11] 117/844  0.17 games/s  ETA 71 min
[kp2-r11] 123/844  0.17 games/s  ETA 70 min
[kp2-r11] 127/844  0.17 games/s  ETA 71 min
[kp2-r11] 134/844  0.17 games/s  ETA 69 min
[kp2-r11] 138/844  0.17 games/s  ETA 69 min
[kp2-r11] 144/844  0.17 games/s  ETA 68 min
[kp2-r11] 150/844  0.17 games/s  ETA 67 min
[kp2-r11] 155/844  0.17 games/s  ETA 67 min
[kp2-r11] 162/844  0.17 games/s  ETA 65 min
[kp2-r11] 165/844  0.17 games/s  ETA 66 min
[kp2-r11] 173/844  0.17 games/s  ETA 64 min
[kp2-r11] 184/844  0.18 games/s  ETA 61 min
[kp2-r11] 197/844  0.19 games/s  ETA 57 min
[kp2-r11] 206/844  0.19 games/s  ETA 56 min
[kp2-r11] 220/844  0.20 games/s  ETA 52 min
[kp2-r11] 234/844  0.21 games/s  ETA 50 min
[kp2-r11] 249/844  0.21 games/s  ETA 47 min
[kp2-r11] 257/844  0.21 games/s  ETA 46 min
[kp2-r11] 270/844  0.22 games/s  ETA 44 min
[kp2-r11] 280/844  0.22 games/s  ETA 42 min
[kp2-r11] 295/844  0.23 games/s  ETA 40 min
[kp2-r11] 306/844  0.23 games/s  ETA 39 min
[kp2-r11] 316/844  0.23 games/s  ETA 38 min
[kp2-r11] 325/844  0.24 games/s  ETA 37 min
[kp2-r11] 332/844  0.24 games/s  ETA 36 min
[kp2-r11] 341/844  0.24 games/s  ETA 35 min
[kp2-r11] 346/844  0.24 games/s  ETA 35 min
[kp2-r11] 352/844  0.23 games/s  ETA 35 min
[kp2-r11] 359/844  0.23 games/s  ETA 34 min
[kp2-r11] 367/844  0.24 games/s  ETA 34 min
[kp2-r11] 376/844  0.24 games/s  ETA 33 min
[kp2-r11] 383/844  0.24 games/s  ETA 33 min
[kp2-r11] 389/844  0.24 games/s  ETA 32 min
[kp2-r11] 395/844  0.24 games/s  ETA 32 min
[kp2-r11] 401/844  0.23 games/s  ETA 31 min
[kp2-r11] 410/844  0.24 games/s  ETA 31 min
[kp2-r11] 422/844  0.24 games/s  ETA 30 min
[kp2-r11] 431/844  0.24 games/s  ETA 29 min
[kp2-r11] 440/844  0.24 games/s  ETA 28 min
[kp2-r11] 449/844  0.24 games/s  ETA 27 min
[kp2-r11] 455/844  0.24 games/s  ETA 27 min
[kp2-r11] 464/844  0.24 games/s  ETA 26 min
[kp2-r11] 474/844  0.24 games/s  ETA 25 min
[kp2-r11] 487/844  0.25 games/s  ETA 24 min
[kp2-r11] 496/844  0.25 games/s  ETA 24 min
[kp2-r11] 507/844  0.25 games/s  ETA 23 min
[kp2-r11] 520/844  0.25 games/s  ETA 22 min
[kp2-r11] 532/844  0.25 games/s  ETA 21 min
[kp2-r11] 543/844  0.25 games/s  ETA 20 min
[kp2-r11] 559/844  0.26 games/s  ETA 18 min
[kp2-r11] 572/844  0.26 games/s  ETA 17 min
[kp2-r11] 585/844  0.26 games/s  ETA 16 min
[kp2-r11] 600/844  0.27 games/s  ETA 15 min
[kp2-r11] 615/844  0.27 games/s  ETA 14 min
[kp2-r11] 629/844  0.27 games/s  ETA 13 min
[kp2-r11] 641/844  0.27 games/s  ETA 12 min
[kp2-r11] 659/844  0.28 games/s  ETA 11 min
[kp2-r11] 668/844  0.28 games/s  ETA 11 min
[kp2-r11] 684/844  0.28 games/s  ETA 9 min
[kp2-r11] 699/844  0.28 games/s  ETA 9 min
[kp2-r11] 712/844  0.29 games/s  ETA 8 min
[kp2-r11] 726/844  0.29 games/s  ETA 7 min
[kp2-r11] 736/844  0.29 games/s  ETA 6 min
[kp2-r11] 752/844  0.29 games/s  ETA 5 min
[kp2-r11] 764/844  0.29 games/s  ETA 5 min
[kp2-r11] 780/844  0.30 games/s  ETA 4 min
[kp2-r11] 791/844  0.30 games/s  ETA 3 min
[kp2-r11] 804/844  0.30 games/s  ETA 2 min
[kp2-r11] 820/844  0.30 games/s  ETA 1 min
[kp2-r11] 833/844  0.30 games/s  ETA 1 min
[kp2-r11] 844 games in 46.4 min
