[kp2-r5] 15 entrants, 618 games (0 done), depth 3, 4 workers
[kp2-r5] rules {"markFree":true,"freezeUses":1,"hasteCaptures":false,"strikeCaptures":false,"strikePawns":false,"flightUses":2,"mercyAura":true,"marchUses":0,"holyLightTakesPawns":true,"darknessMoves":true}
[kp2-r5] 0/618  0.00 games/s  ETA Infinity min
[kp2-r5] 2/618  0.03 games/s  ETA 308 min
[kp2-r5] 5/618  0.06 games/s  ETA 184 min
[kp2-r5] 9/618  0.07 games/s  ETA 135 min
[kp2-r5] 14/618  0.09 games/s  ETA 108 min
[kp2-r5] 19/618  0.11 games/s  ETA 95 min
[kp2-r5] 22/618  0.10 games/s  ETA 95 min
[kp2-r5] 28/618  0.12 games/s  ETA 84 min
[kp2-r5] 37/618  0.14 games/s  ETA 71 min
[kp2-r5] 46/618  0.15 games/s  ETA 62 min
[kp2-r5] 53/618  0.16 games/s  ETA 59 min
[kp2-r5] 60/618  0.17 games/s  ETA 56 min
[kp2-r5] 68/618  0.17 games/s  ETA 53 min
[kp2-r5] 75/618  0.18 games/s  ETA 51 min
[kp2-r5] 80/618  0.18 games/s  ETA 50 min
[kp2-r5] 84/618  0.17 games/s  ETA 51 min
[kp2-r5] 88/618  0.17 games/s  ETA 51 min
[kp2-r5] 89/618  0.16 games/s  ETA 54 min
[kp2-r5] 90/618  0.16 games/s  ETA 56 min
[kp2-r5] 93/618  0.15 games/s  ETA 56 min
[kp2-r5] 94/618  0.15 games/s  ETA 59 min
[kp2-r5] 96/618  0.15 games/s  ETA 60 min
[kp2-r5] 100/618  0.14 games/s  ETA 60 min
[kp2-r5] 104/618  0.14 games/s  ETA 59 min
[kp2-r5] 107/618  0.14 games/s  ETA 60 min
[kp2-r5] 110/618  0.14 games/s  ETA 60 min
[kp2-r5] 113/618  0.14 games/s  ETA 60 min
[kp2-r5] 116/618  0.14 games/s  ETA 61 min
[kp2-r5] 119/618  0.14 games/s  ETA 61 min
[kp2-r5] 122/618  0.14 games/s  ETA 61 min
[kp2-r5] 123/618  0.13 games/s  ETA 62 min
[kp2-r5] 124/618  0.13 games/s  ETA 64 min
[kp2-r5] 128/618  0.13 games/s  ETA 63 min
[kp2-r5] 131/618  0.13 games/s  ETA 63 min
[kp2-r5] 134/618  0.13 games/s  ETA 63 min
[kp2-r5] 138/618  0.13 games/s  ETA 63 min
[kp2-r5] 141/618  0.13 games/s  ETA 63 min
[kp2-r5] 147/618  0.13 games/s  ETA 61 min
[kp2-r5] 149/618  0.13 games/s  ETA 61 min
[kp2-r5] 151/618  0.13 games/s  ETA 62 min
[kp2-r5] 153/618  0.12 games/s  ETA 62 min
[kp2-r5] 156/618  0.12 games/s  ETA 62 min
[kp2-r5] 159/618  0.12 games/s  ETA 62 min
[kp2-r5] 160/618  0.12 games/s  ETA 63 min
[kp2-r5] 164/618  0.12 games/s  ETA 62 min
[kp2-r5] 170/618  0.12 games/s  ETA 61 min
[kp2-r5] 178/618  0.13 games/s  ETA 58 min
[kp2-r5] 191/618  0.13 games/s  ETA 54 min
[kp2-r5] 203/618  0.14 games/s  ETA 50 min
[kp2-r5] 215/618  0.14 games/s  ETA 47 min
[kp2-r5] 228/618  0.15 games/s  ETA 44 min
[kp2-r5] 234/618  0.15 games/s  ETA 43 min
[kp2-r5] 237/618  0.15 games/s  ETA 43 min
[kp2-r5] 242/618  0.15 games/s  ETA 42 min
[kp2-r5] 250/618  0.15 games/s  ETA 40 min
[kp2-r5] 256/618  0.15 games/s  ETA 40 min
[kp2-r5] 263/618  0.15 games/s  ETA 38 min
[kp2-r5] 271/618  0.16 games/s  ETA 37 min
[kp2-r5] 278/618  0.16 games/s  ETA 36 min
[kp2-r5] 284/618  0.16 games/s  ETA 35 min
[kp2-r5] 291/618  0.16 games/s  ETA 34 min
[kp2-r5] 295/618  0.16 games/s  ETA 34 min
[kp2-r5] 301/618  0.16 games/s  ETA 33 min
[kp2-r5] 305/618  0.16 games/s  ETA 33 min
[kp2-r5] 310/618  0.16 games/s  ETA 32 min
[kp2-r5] 314/618  0.16 games/s  ETA 32 min
[kp2-r5] 320/618  0.16 games/s  ETA 31 min
[kp2-r5] 322/618  0.16 games/s  ETA 31 min
[kp2-r5] 325/618  0.16 games/s  ETA 31 min
[kp2-r5] 329/618  0.16 games/s  ETA 31 min
[kp2-r5] 332/618  0.16 games/s  ETA 31 min
[kp2-r5] 334/618  0.15 games/s  ETA 31 min
[kp2-r5] 336/618  0.15 games/s  ETA 31 min
[kp2-r5] 341/618  0.15 games/s  ETA 30 min
[kp2-r5] 345/618  0.15 games/s  ETA 30 min
[kp2-r5] 346/618  0.15 games/s  ETA 30 min
[kp2-r5] 353/618  0.15 games/s  ETA 29 min
[kp2-r5] 364/618  0.16 games/s  ETA 27 min
[kp2-r5] 377/618  0.16 games/s  ETA 25 min
[kp2-r5] 392/618  0.16 games/s  ETA 23 min
[kp2-r5] 412/618  0.17 games/s  ETA 20 min
[kp2-r5] 431/618  0.18 games/s  ETA 18 min
[kp2-r5] 447/618  0.18 games/s  ETA 16 min
[kp2-r5] 467/618  0.19 games/s  ETA 14 min
[kp2-r5] 484/618  0.19 games/s  ETA 12 min
[kp2-r5] 501/618  0.19 games/s  ETA 10 min
[kp2-r5] 516/618  0.20 games/s  ETA 9 min
[kp2-r5] 527/618  0.20 games/s  ETA 8 min
[kp2-r5] 543/618  0.20 games/s  ETA 6 min
[kp2-r5] 554/618  0.21 games/s  ETA 5 min
[kp2-r5] 567/618  0.21 games/s  ETA 4 min
[kp2-r5] 580/618  0.21 games/s  ETA 3 min
[kp2-r5] 594/618  0.21 games/s  ETA 2 min
[kp2-r5] 607/618  0.22 games/s  ETA 1 min
[kp2-r5] 618 games in 47.5 min
