[kp2-r10] 14 entrants, 360 games (0 done), depth 3, 4 workers
[kp2-r10] rules {"markFree":true,"freezeUses":1,"hasteCaptures":false,"strikeCaptures":false,"strikePawns":false,"mercyAura":true,"marchUses":0,"holyLightTakesPawns":true,"holyLightShelter":true,"holyLightShelterOrtho":true,"darknessMoves":true}
[kp2-r10] 0/360  0.00 games/s  ETA Infinity min
[kp2-r10] 3/360  0.05 games/s  ETA 119 min
[kp2-r10] 7/360  0.08 games/s  ETA 76 min
[kp2-r10] 8/360  0.07 games/s  ETA 88 min
[kp2-r10] 13/360  0.09 games/s  ETA 67 min
[kp2-r10] 19/360  0.11 games/s  ETA 54 min
[kp2-r10] 26/360  0.12 games/s  ETA 45 min
[kp2-r10] 31/360  0.13 games/s  ETA 42 min
[kp2-r10] 36/360  0.13 games/s  ETA 41 min
[kp2-r10] 44/360  0.15 games/s  ETA 36 min
[kp2-r10] 48/360  0.15 games/s  ETA 36 min
[kp2-r10] 52/360  0.14 games/s  ETA 36 min
[kp2-r10] 55/360  0.14 games/s  ETA 36 min
[kp2-r10] 56/360  0.13 games/s  ETA 38 min
[kp2-r10] 60/360  0.13 games/s  ETA 38 min
[kp2-r10] 65/360  0.14 games/s  ETA 36 min
[kp2-r10] 67/360  0.13 games/s  ETA 37 min
[kp2-r10] 71/360  0.13 games/s  ETA 37 min
[kp2-r10] 73/360  0.13 games/s  ETA 37 min
[kp2-r10] 77/360  0.13 games/s  ETA 37 min
[kp2-r10] 82/360  0.13 games/s  ETA 36 min
[kp2-r10] 89/360  0.13 games/s  ETA 34 min
[kp2-r10] 92/360  0.13 games/s  ETA 34 min
[kp2-r10] 96/360  0.13 games/s  ETA 33 min
[kp2-r10] 104/360  0.14 games/s  ETA 31 min
[kp2-r10] 115/360  0.15 games/s  ETA 28 min
[kp2-r10] 130/360  0.16 games/s  ETA 24 min
[kp2-r10] 143/360  0.17 games/s  ETA 21 min
[kp2-r10] 151/360  0.17 games/s  ETA 20 min
[kp2-r10] 157/360  0.17 games/s  ETA 19 min
[kp2-r10] 166/360  0.18 games/s  ETA 18 min
[kp2-r10] 176/360  0.18 games/s  ETA 17 min
[kp2-r10] 185/360  0.19 games/s  ETA 16 min
[kp2-r10] 193/360  0.19 games/s  ETA 15 min
[kp2-r10] 197/360  0.19 games/s  ETA 14 min
[kp2-r10] 202/360  0.19 games/s  ETA 14 min
[kp2-r10] 209/360  0.19 games/s  ETA 13 min
[kp2-r10] 214/360  0.19 games/s  ETA 13 min
[kp2-r10] 219/360  0.19 games/s  ETA 13 min
[kp2-r10] 233/360  0.19 games/s  ETA 11 min
[kp2-r10] 254/360  0.21 games/s  ETA 9 min
[kp2-r10] 279/360  0.22 games/s  ETA 6 min
[kp2-r10] 301/360  0.23 games/s  ETA 4 min
[kp2-r10] 322/360  0.24 games/s  ETA 3 min
[kp2-r10] 345/360  0.26 games/s  ETA 1 min
[kp2-r10] 360 games in 22.9 min
