[kp2-r6] 18 entrants, 576 games (0 done), depth 3, 4 workers
[kp2-r6] rules {"markFree":true,"freezeUses":1,"hasteCaptures":false,"strikeCaptures":false,"strikePawns":false,"mercyAura":true,"marchUses":0,"holyLightTakesPawns":true,"darknessMoves":true}
[kp2-r6] 0/576  0.00 games/s  ETA Infinity min
[kp2-r6] 4/576  0.07 games/s  ETA 143 min
[kp2-r6] 10/576  0.11 games/s  ETA 85 min
[kp2-r6] 19/576  0.16 games/s  ETA 59 min
[kp2-r6] 26/576  0.17 games/s  ETA 53 min
[kp2-r6] 38/576  0.21 games/s  ETA 42 min
[kp2-r6] 53/576  0.25 games/s  ETA 35 min
[kp2-r6] 65/576  0.27 games/s  ETA 31 min
[kp2-r6] 71/576  0.26 games/s  ETA 32 min
[kp2-r6] 77/576  0.26 games/s  ETA 32 min
[kp2-r6] 83/576  0.25 games/s  ETA 33 min
[kp2-r6] 89/576  0.25 games/s  ETA 33 min
[kp2-r6] 94/576  0.24 games/s  ETA 33 min
[kp2-r6] 99/576  0.24 games/s  ETA 34 min
[kp2-r6] 102/576  0.23 games/s  ETA 35 min
[kp2-r6] 105/576  0.22 games/s  ETA 36 min
[kp2-r6] 113/576  0.22 games/s  ETA 35 min
[kp2-r6] 118/576  0.22 games/s  ETA 35 min
[kp2-r6] 122/576  0.21 games/s  ETA 35 min
[kp2-r6] 126/576  0.21 games/s  ETA 36 min
[kp2-r6] 131/576  0.21 games/s  ETA 36 min
[kp2-r6] 140/576  0.21 games/s  ETA 34 min
[kp2-r6] 157/576  0.23 games/s  ETA 31 min
[kp2-r6] 175/576  0.24 games/s  ETA 28 min
[kp2-r6] 191/576  0.25 games/s  ETA 25 min
[kp2-r6] 201/576  0.26 games/s  ETA 24 min
[kp2-r6] 213/576  0.26 games/s  ETA 23 min
[kp2-r6] 221/576  0.26 games/s  ETA 22 min
[kp2-r6] 231/576  0.27 games/s  ETA 22 min
[kp2-r6] 246/576  0.27 games/s  ETA 20 min
[kp2-r6] 259/576  0.28 games/s  ETA 19 min
[kp2-r6] 272/576  0.28 games/s  ETA 18 min
[kp2-r6] 281/576  0.28 games/s  ETA 17 min
[kp2-r6] 293/576  0.29 games/s  ETA 16 min
[kp2-r6] 313/576  0.30 games/s  ETA 15 min
[kp2-r6] 333/576  0.31 games/s  ETA 13 min
[kp2-r6] 365/576  0.33 games/s  ETA 11 min
[kp2-r6] 398/576  0.35 games/s  ETA 8 min
[kp2-r6] 415/576  0.35 games/s  ETA 8 min
[kp2-r6] 443/576  0.37 games/s  ETA 6 min
[kp2-r6] 467/576  0.38 games/s  ETA 5 min
[kp2-r6] 487/576  0.39 games/s  ETA 4 min
[kp2-r6] 512/576  0.40 games/s  ETA 3 min
[kp2-r6] 533/576  0.40 games/s  ETA 2 min
[kp2-r6] 555/576  0.41 games/s  ETA 1 min
[kp2-r6] 576 games in 22.9 min
