[kp2-r14] 22 entrants, 968 games (0 done), depth 3, armies perPair, 4 workers
[kp2-r14] rules {"markFree":true,"freezeUses":1,"hasteCaptures":false,"strikeCaptures":false,"strikePawns":false,"mercyAura":true,"marchUses":0,"holyLightTakesPawns":true,"holyLightShelter":true,"holyLightShelterOrtho":true,"darknessMoves":true,"deathTouchReach":true,"deathTouchReachOrtho":true}
[kp2-r14] 0/968  0.00 games/s  ETA Infinity min
[kp2-r14] 1/968  0.02 games/s  ETA 967 min
[kp2-r14] 5/968  0.06 games/s  ETA 289 min
[kp2-r14] 7/968  0.06 games/s  ETA 275 min
[kp2-r14] 9/968  0.06 games/s  ETA 266 min
[kp2-r14] 10/968  0.06 games/s  ETA 288 min
[kp2-r14] 13/968  0.06 games/s  ETA 257 min
[kp2-r14] 15/968  0.06 games/s  ETA 254 min
[kp2-r14] 19/968  0.07 games/s  ETA 225 min
[kp2-r14] 20/968  0.07 games/s  ETA 237 min
[kp2-r14] 27/968  0.08 games/s  ETA 192 min
[kp2-r14] 31/968  0.09 games/s  ETA 181 min
[kp2-r14] 34/968  0.09 games/s  ETA 179 min
[kp2-r14] 40/968  0.10 games/s  ETA 162 min
[kp2-r14] 43/968  0.10 games/s  ETA 161 min
[kp2-r14] 45/968  0.09 games/s  ETA 164 min
[kp2-r14] 48/968  0.09 games/s  ETA 163 min
[kp2-r14] 50/968  0.09 games/s  ETA 165 min
[kp2-r14] 52/968  0.09 games/s  ETA 167 min
[kp2-r14] 53/968  0.09 games/s  ETA 173 min
[kp2-r14] 57/968  0.09 games/s  ETA 168 min
[kp2-r14] 60/968  0.09 games/s  ETA 167 min
[kp2-r14] 65/968  0.09 games/s  ETA 160 min
[kp2-r14] 70/968  0.10 games/s  ETA 154 min
[kp2-r14] 70/968  0.09 games/s  ETA 160 min
[kp2-r14] 75/968  0.10 games/s  ETA 155 min
[kp2-r14] 79/968  0.10 games/s  ETA 152 min
[kp2-r14] 82/968  0.10 games/s  ETA 151 min
[kp2-r14] 84/968  0.10 games/s  ETA 153 min
[kp2-r14] 88/968  0.10 games/s  ETA 150 min
[kp2-r14] 93/968  0.10 games/s  ETA 146 min
[kp2-r14] 95/968  0.10 games/s  ETA 147 min
[kp2-r14] 98/968  0.10 games/s  ETA 147 min
[kp2-r14] 99/968  0.10 games/s  ETA 149 min
[kp2-r14] 99/968  0.09 games/s  ETA 154 min
[kp2-r14] 101/968  0.09 games/s  ETA 155 min
[kp2-r14] 102/968  0.09 games/s  ETA 157 min
[kp2-r14] 103/968  0.09 games/s  ETA 160 min
[kp2-r14] 104/968  0.09 games/s  ETA 162 min
[kp2-r14] 106/968  0.09 games/s  ETA 163 min
[kp2-r14] 107/968  0.09 games/s  ETA 165 min
[kp2-r14] 108/968  0.09 games/s  ETA 167 min
[kp2-r14] 110/968  0.09 games/s  ETA 168 min
[kp2-r14] 112/968  0.08 games/s  ETA 168 min
[kp2-r14] 114/968  0.08 games/s  ETA 169 min
[kp2-r14] 115/968  0.08 games/s  ETA 171 min
[kp2-r14] 117/968  0.08 games/s  ETA 171 min
[kp2-r14] 119/968  0.08 games/s  ETA 171 min
[kp2-r14] 121/968  0.08 games/s  ETA 172 min
[kp2-r14] 123/968  0.08 games/s  ETA 172 min
[kp2-r14] 124/968  0.08 games/s  ETA 174 min
[kp2-r14] 125/968  0.08 games/s  ETA 175 min
[kp2-r14] 127/968  0.08 games/s  ETA 176 min
[kp2-r14] 127/968  0.08 games/s  ETA 179 min
[kp2-r14] 129/968  0.08 games/s  ETA 179 min
[kp2-r14] 131/968  0.08 games/s  ETA 179 min
[kp2-r14] 133/968  0.08 games/s  ETA 179 min
[kp2-r14] 135/968  0.08 games/s  ETA 179 min
[kp2-r14] 138/968  0.08 games/s  ETA 177 min
[kp2-r14] 139/968  0.08 games/s  ETA 179 min
[kp2-r14] 140/968  0.08 games/s  ETA 180 min
[kp2-r14] 141/968  0.08 games/s  ETA 182 min
[kp2-r14] 142/968  0.08 games/s  ETA 183 min
[kp2-r14] 143/968  0.07 games/s  ETA 185 min
[kp2-r14] 144/968  0.07 games/s  ETA 186 min
[kp2-r14] 146/968  0.07 games/s  ETA 186 min
[kp2-r14] 147/968  0.07 games/s  ETA 187 min
[kp2-r14] 149/968  0.07 games/s  ETA 187 min
[kp2-r14] 149/968  0.07 games/s  ETA 190 min
[kp2-r14] 150/968  0.07 games/s  ETA 191 min
[kp2-r14] 153/968  0.07 games/s  ETA 189 min
[kp2-r14] 154/968  0.07 games/s  ETA 190 min
[kp2-r14] 156/968  0.07 games/s  ETA 190 min
[kp2-r14] 158/968  0.07 games/s  ETA 190 min
[kp2-r14] 158/968  0.07 games/s  ETA 192 min
[kp2-r14] 160/968  0.07 games/s  ETA 192 min
[kp2-r14] 162/968  0.07 games/s  ETA 192 min
[kp2-r14] 163/968  0.07 games/s  ETA 193 min
[kp2-r14] 166/968  0.07 games/s  ETA 191 min
[kp2-r14] 167/968  0.07 games/s  ETA 192 min
[kp2-r14] 169/968  0.07 games/s  ETA 192 min
[kp2-r14] 173/968  0.07 games/s  ETA 188 min
[kp2-r14] 174/968  0.07 games/s  ETA 189 min
[kp2-r14] 177/968  0.07 games/s  ETA 188 min
[kp2-r14] 178/968  0.07 games/s  ETA 189 min
[kp2-r14] 179/968  0.07 games/s  ETA 190 min
[kp2-r14] 182/968  0.07 games/s  ETA 188 min
[kp2-r14] 183/968  0.07 games/s  ETA 189 min
[kp2-r14] 187/968  0.07 games/s  ETA 186 min
[kp2-r14] 189/968  0.07 games/s  ETA 186 min
[kp2-r14] 195/968  0.07 games/s  ETA 180 min
[kp2-r14] 200/968  0.07 games/s  ETA 177 min
[kp2-r14] 203/968  0.07 games/s  ETA 175 min
[kp2-r14] 207/968  0.07 games/s  ETA 173 min
[kp2-r14] 217/968  0.08 games/s  ETA 164 min
[kp2-r14] 221/968  0.08 games/s  ETA 162 min
[kp2-r14] 226/968  0.08 games/s  ETA 159 min
[kp2-r14] 229/968  0.08 games/s  ETA 158 min
[kp2-r14] 233/968  0.08 games/s  ETA 156 min
[kp2-r14] 237/968  0.08 games/s  ETA 154 min
[kp2-r14] 240/968  0.08 games/s  ETA 153 min
[kp2-r14] 243/968  0.08 games/s  ETA 152 min
[kp2-r14] 248/968  0.08 games/s  ETA 150 min
[kp2-r14] 251/968  0.08 games/s  ETA 149 min
[kp2-r14] 256/968  0.08 games/s  ETA 146 min
[kp2-r14] 264/968  0.08 games/s  ETA 141 min
[kp2-r14] 269/968  0.08 games/s  ETA 139 min
[kp2-r14] 273/968  0.08 games/s  ETA 138 min
[kp2-r14] 275/968  0.08 games/s  ETA 137 min
[kp2-r14] 275/968  0.08 games/s  ETA 139 min
[kp2-r14] 275/968  0.08 games/s  ETA 140 min
[kp2-r14] 275/968  0.08 games/s  ETA 141 min
[kp2-r14] 277/968  0.08 games/s  ETA 141 min
[kp2-r14] 278/968  0.08 games/s  ETA 142 min
[kp2-r14] 280/968  0.08 games/s  ETA 141 min
[kp2-r14] 282/968  0.08 games/s  ETA 141 min
[kp2-r14] 282/968  0.08 games/s  ETA 142 min
[kp2-r14] 284/968  0.08 games/s  ETA 142 min
[kp2-r14] 285/968  0.08 games/s  ETA 143 min
[kp2-r14] 287/968  0.08 games/s  ETA 142 min
[kp2-r14] 290/968  0.08 games/s  ETA 141 min
[kp2-r14] 291/968  0.08 games/s  ETA 142 min
[kp2-r14] 294/968  0.08 games/s  ETA 141 min
[kp2-r14] 297/968  0.08 games/s  ETA 140 min
[kp2-r14] 299/968  0.08 games/s  ETA 140 min
[kp2-r14] 301/968  0.08 games/s  ETA 140 min
[kp2-r14] 302/968  0.08 games/s  ETA 140 min
[kp2-r14] 303/968  0.08 games/s  ETA 141 min
[kp2-r14] 306/968  0.08 games/s  ETA 140 min
[kp2-r14] 308/968  0.08 games/s  ETA 139 min
[kp2-r14] 308/968  0.08 games/s  ETA 140 min
[kp2-r14] 310/968  0.08 games/s  ETA 140 min
[kp2-r14] 312/968  0.08 games/s  ETA 140 min
[kp2-r14] 313/968  0.08 games/s  ETA 140 min
[kp2-r14] 315/968  0.08 games/s  ETA 140 min
[kp2-r14] 316/968  0.08 games/s  ETA 140 min
[kp2-r14] 318/968  0.08 games/s  ETA 140 min
[kp2-r14] 319/968  0.08 games/s  ETA 140 min
[kp2-r14] 323/968  0.08 games/s  ETA 139 min
[kp2-r14] 325/968  0.08 games/s  ETA 139 min
[kp2-r14] 327/968  0.08 games/s  ETA 138 min
[kp2-r14] 329/968  0.08 games/s  ETA 138 min
[kp2-r14] 329/968  0.08 games/s  ETA 139 min
[kp2-r14] 333/968  0.08 games/s  ETA 137 min
[kp2-r14] 335/968  0.08 games/s  ETA 137 min
[kp2-r14] 341/968  0.08 games/s  ETA 134 min
[kp2-r14] 346/968  0.08 games/s  ETA 132 min
[kp2-r14] 351/968  0.08 games/s  ETA 130 min
[kp2-r14] 354/968  0.08 games/s  ETA 129 min
[kp2-r14] 359/968  0.08 games/s  ETA 127 min
[kp2-r14] 362/968  0.08 games/s  ETA 126 min
[kp2-r14] 365/968  0.08 games/s  ETA 126 min
[kp2-r14] 369/968  0.08 games/s  ETA 124 min
[kp2-r14] 371/968  0.08 games/s  ETA 124 min
[kp2-r14] 372/968  0.08 games/s  ETA 124 min
[kp2-r14] 373/968  0.08 games/s  ETA 124 min
[kp2-r14] 374/968  0.08 games/s  ETA 125 min
[kp2-r14] 374/968  0.08 games/s  ETA 126 min
[kp2-r14] 375/968  0.08 games/s  ETA 126 min
[kp2-r14] 376/968  0.08 games/s  ETA 126 min
[kp2-r14] 377/968  0.08 games/s  ETA 126 min
[kp2-r14] 377/968  0.08 games/s  ETA 127 min
[kp2-r14] 378/968  0.08 games/s  ETA 127 min
[kp2-r14] 379/968  0.08 games/s  ETA 127 min
[kp2-r14] 379/968  0.08 games/s  ETA 128 min
[kp2-r14] 379/968  0.08 games/s  ETA 129 min
[kp2-r14] 380/968  0.08 games/s  ETA 129 min
[kp2-r14] 380/968  0.08 games/s  ETA 130 min
[kp2-r14] 382/968  0.08 games/s  ETA 130 min
[kp2-r14] 385/968  0.08 games/s  ETA 129 min
[kp2-r14] 386/968  0.08 games/s  ETA 129 min
[kp2-r14] 389/968  0.08 games/s  ETA 128 min
[kp2-r14] 392/968  0.08 games/s  ETA 127 min
[kp2-r14] 396/968  0.08 games/s  ETA 126 min
[kp2-r14] 399/968  0.08 games/s  ETA 125 min
[kp2-r14] 400/968  0.08 games/s  ETA 125 min
[kp2-r14] 403/968  0.08 games/s  ETA 124 min
[kp2-r14] 404/968  0.08 games/s  ETA 124 min
[kp2-r14] 406/968  0.08 games/s  ETA 124 min
[kp2-r14] 407/968  0.08 games/s  ETA 124 min
[kp2-r14] 409/968  0.08 games/s  ETA 124 min
[kp2-r14] 410/968  0.08 games/s  ETA 124 min
[kp2-r14] 414/968  0.08 games/s  ETA 122 min
[kp2-r14] 423/968  0.08 games/s  ETA 119 min
[kp2-r14] 430/968  0.08 games/s  ETA 116 min
[kp2-r14] 436/968  0.08 games/s  ETA 114 min
[kp2-r14] 441/968  0.08 games/s  ETA 112 min
[kp2-r14] 442/968  0.08 games/s  ETA 112 min
[kp2-r14] 445/968  0.08 games/s  ETA 111 min
[kp2-r14] 449/968  0.08 games/s  ETA 110 min
[kp2-r14] 454/968  0.08 games/s  ETA 108 min
[kp2-r14] 456/968  0.08 games/s  ETA 108 min
[kp2-r14] 459/968  0.08 games/s  ETA 107 min
[kp2-r14] 466/968  0.08 games/s  ETA 105 min
[kp2-r14] 472/968  0.08 games/s  ETA 102 min
[kp2-r14] 481/968  0.08 games/s  ETA 99 min
[kp2-r14] 490/968  0.08 games/s  ETA 96 min
[kp2-r14] 501/968  0.08 games/s  ETA 92 min
[kp2-r14] 509/968  0.09 games/s  ETA 90 min
[kp2-r14] 511/968  0.09 games/s  ETA 89 min
[kp2-r14] 515/968  0.09 games/s  ETA 88 min
[kp2-r14] 520/968  0.09 games/s  ETA 87 min
[kp2-r14] 524/968  0.09 games/s  ETA 86 min
[kp2-r14] 527/968  0.09 games/s  ETA 85 min
[kp2-r14] 533/968  0.09 games/s  ETA 84 min
[kp2-r14] 540/968  0.09 games/s  ETA 82 min
[kp2-r14] 544/968  0.09 games/s  ETA 81 min
[kp2-r14] 554/968  0.09 games/s  ETA 78 min
[kp2-r14] 562/968  0.09 games/s  ETA 76 min
[kp2-r14] 571/968  0.09 games/s  ETA 73 min
[kp2-r14] 578/968  0.09 games/s  ETA 71 min
[kp2-r14] 582/968  0.09 games/s  ETA 70 min
[kp2-r14] 586/968  0.09 games/s  ETA 69 min
[kp2-r14] 591/968  0.09 games/s  ETA 68 min
[kp2-r14] 596/968  0.09 games/s  ETA 67 min
[kp2-r14] 604/968  0.09 games/s  ETA 65 min
[kp2-r14] 612/968  0.09 games/s  ETA 63 min
[kp2-r14] 619/968  0.09 games/s  ETA 61 min
[kp2-r14] 628/968  0.10 games/s  ETA 59 min
[kp2-r14] 634/968  0.10 games/s  ETA 58 min
[kp2-r14] 638/968  0.10 games/s  ETA 57 min
[kp2-r14] 641/968  0.10 games/s  ETA 57 min
[kp2-r14] 647/968  0.10 games/s  ETA 55 min
[kp2-r14] 653/968  0.10 games/s  ETA 54 min
[kp2-r14] 662/968  0.10 games/s  ETA 52 min
[kp2-r14] 670/968  0.10 games/s  ETA 50 min
[kp2-r14] 680/968  0.10 games/s  ETA 48 min
[kp2-r14] 684/968  0.10 games/s  ETA 47 min
[kp2-r14] 690/968  0.10 games/s  ETA 46 min
[kp2-r14] 691/968  0.10 games/s  ETA 46 min
[kp2-r14] 695/968  0.10 games/s  ETA 45 min
[kp2-r14] 696/968  0.10 games/s  ETA 45 min
[kp2-r14] 700/968  0.10 games/s  ETA 45 min
[kp2-r14] 703/968  0.10 games/s  ETA 44 min
[kp2-r14] 712/968  0.10 games/s  ETA 42 min
[kp2-r14] 721/968  0.10 games/s  ETA 40 min
[kp2-r14] 726/968  0.10 games/s  ETA 40 min
[kp2-r14] 728/968  0.10 games/s  ETA 39 min
[kp2-r14] 734/968  0.10 games/s  ETA 38 min
[kp2-r14] 737/968  0.10 games/s  ETA 38 min
[kp2-r14] 742/968  0.10 games/s  ETA 37 min
[kp2-r14] 745/968  0.10 games/s  ETA 36 min
[kp2-r14] 751/968  0.10 games/s  ETA 35 min
[kp2-r14] 758/968  0.10 games/s  ETA 34 min
[kp2-r14] 768/968  0.10 games/s  ETA 32 min
[kp2-r14] 774/968  0.10 games/s  ETA 31 min
[kp2-r14] 777/968  0.10 games/s  ETA 30 min
[kp2-r14] 778/968  0.10 games/s  ETA 30 min
[kp2-r14] 781/968  0.10 games/s  ETA 30 min
[kp2-r14] 783/968  0.10 games/s  ETA 30 min
[kp2-r14] 787/968  0.10 games/s  ETA 29 min
[kp2-r14] 791/968  0.10 games/s  ETA 28 min
[kp2-r14] 795/968  0.10 games/s  ETA 28 min
[kp2-r14] 802/968  0.11 games/s  ETA 26 min
[kp2-r14] 808/968  0.11 games/s  ETA 25 min
[kp2-r14] 813/968  0.11 games/s  ETA 24 min
[kp2-r14] 814/968  0.11 games/s  ETA 24 min
[kp2-r14] 817/968  0.11 games/s  ETA 24 min
[kp2-r14] 819/968  0.11 games/s  ETA 24 min
[kp2-r14] 822/968  0.11 games/s  ETA 23 min
[kp2-r14] 826/968  0.11 games/s  ETA 22 min
[kp2-r14] 829/968  0.11 games/s  ETA 22 min
[kp2-r14] 833/968  0.11 games/s  ETA 21 min
[kp2-r14] 836/968  0.11 games/s  ETA 21 min
[kp2-r14] 841/968  0.11 games/s  ETA 20 min
[kp2-r14] 845/968  0.11 games/s  ETA 19 min
[kp2-r14] 848/968  0.11 games/s  ETA 19 min
[kp2-r14] 852/968  0.11 games/s  ETA 18 min
[kp2-r14] 856/968  0.11 games/s  ETA 18 min
[kp2-r14] 861/968  0.11 games/s  ETA 17 min
[kp2-r14] 864/968  0.11 games/s  ETA 16 min
[kp2-r14] 868/968  0.11 games/s  ETA 16 min
[kp2-r14] 873/968  0.11 games/s  ETA 15 min
[kp2-r14] 877/968  0.11 games/s  ETA 14 min
[kp2-r14] 881/968  0.11 games/s  ETA 14 min
[kp2-r14] 884/968  0.11 games/s  ETA 13 min
[kp2-r14] 886/968  0.11 games/s  ETA 13 min
[kp2-r14] 889/968  0.11 games/s  ETA 12 min
[kp2-r14] 892/968  0.11 games/s  ETA 12 min
[kp2-r14] 894/968  0.11 games/s  ETA 12 min
[kp2-r14] 899/968  0.11 games/s  ETA 11 min
[kp2-r14] 903/968  0.11 games/s  ETA 10 min
[kp2-r14] 905/968  0.11 games/s  ETA 10 min
[kp2-r14] 906/968  0.11 games/s  ETA 10 min
[kp2-r14] 909/968  0.11 games/s  ETA 9 min
[kp2-r14] 910/968  0.11 games/s  ETA 9 min
[kp2-r14] 913/968  0.11 games/s  ETA 9 min
[kp2-r14] 915/968  0.11 games/s  ETA 8 min
[kp2-r14] 918/968  0.11 games/s  ETA 8 min
[kp2-r14] 921/968  0.11 games/s  ETA 7 min
[kp2-r14] 923/968  0.11 games/s  ETA 7 min
[kp2-r14] 928/968  0.11 games/s  ETA 6 min
[kp2-r14] 937/968  0.11 games/s  ETA 5 min
[kp2-r14] 947/968  0.11 games/s  ETA 3 min
[kp2-r14] 953/968  0.11 games/s  ETA 2 min
[kp2-r14] 962/968  0.11 games/s  ETA 1 min
[kp2-r14] 968 games in 148.3 min
