[kp2-r15] 19 entrants, 380 games (14628 done), depth 3, armies perPair, 1 workers
[kp2-r15] rules {"markFree":true,"freezeUses":1,"hasteCaptures":false,"strikeCaptures":false,"strikePawns":false,"mercyAura":true,"marchUses":0,"holyLightTakesPawns":true,"holyLightShelter":true,"holyLightShelterOrtho":true,"darknessMoves":true,"deathTouchReach":true,"deathTouchReachOrtho":true,"hasteApart":true,"mercyAuraPawnsTake":true,"mercyTakesPawns":true,"darknessShelter":true,"darknessShelterPawnsTake":true}
[kp2-r15] 0/380  0.00 games/s  ETA Infinity min
[kp2-r15] 1/380  0.02 games/s  ETA 379 min
[kp2-r15] 4/380  0.04 games/s  ETA 141 min
[kp2-r15] 7/380  0.06 games/s  ETA 107 min
[kp2-r15] 10/380  0.07 games/s  ETA 93 min
[kp2-r15] 15/380  0.08 games/s  ETA 73 min
[kp2-r15] 18/380  0.09 games/s  ETA 70 min
[kp2-r15] 21/380  0.09 games/s  ETA 68 min
[kp2-r15] 24/380  0.09 games/s  ETA 67 min
[kp2-r15] 28/380  0.09 games/s  ETA 63 min
[kp2-r15] 30/380  0.09 games/s  ETA 64 min
[kp2-r15] 37/380  0.10 games/s  ETA 56 min
[kp2-r15] 41/380  0.11 games/s  ETA 54 min
[kp2-r15] 44/380  0.10 games/s  ETA 53 min
[kp2-r15] 45/380  0.10 games/s  ETA 56 min
[kp2-r15] 47/380  0.10 games/s  ETA 57 min
[kp2-r15] 48/380  0.09 games/s  ETA 59 min
[kp2-r15] 50/380  0.09 games/s  ETA 59 min
[kp2-r15] 51/380  0.09 games/s  ETA 61 min
[kp2-r15] 53/380  0.09 games/s  ETA 62 min
[kp2-r15] 54/380  0.09 games/s  ETA 63 min
[kp2-r15] 57/380  0.09 games/s  ETA 62 min
[kp2-r15] 58/380  0.08 games/s  ETA 64 min
[kp2-r15] 60/380  0.08 games/s  ETA 64 min
[kp2-r15] 61/380  0.08 games/s  ETA 65 min
[kp2-r15] 64/380  0.08 games/s  ETA 64 min
[kp2-r15] 65/380  0.08 games/s  ETA 65 min
[kp2-r15] 67/380  0.08 games/s  ETA 65 min
[kp2-r15] 68/380  0.08 games/s  ETA 67 min
[kp2-r15] 69/380  0.08 games/s  ETA 68 min
[kp2-r15] 70/380  0.08 games/s  ETA 69 min
[kp2-r15] 74/380  0.08 games/s  ETA 66 min
[kp2-r15] 77/380  0.08 games/s  ETA 65 min
[kp2-r15] 79/380  0.08 games/s  ETA 65 min
[kp2-r15] 81/380  0.08 games/s  ETA 65 min
[kp2-r15] 83/380  0.08 games/s  ETA 64 min
[kp2-r15] 84/380  0.08 games/s  ETA 65 min
[kp2-r15] 85/380  0.07 games/s  ETA 66 min
[kp2-r15] 89/380  0.08 games/s  ETA 64 min
[kp2-r15] 95/380  0.08 games/s  ETA 60 min
[kp2-r15] 102/380  0.08 games/s  ETA 56 min
[kp2-r15] 107/380  0.08 games/s  ETA 54 min
[kp2-r15] 110/380  0.09 games/s  ETA 53 min
[kp2-r15] 114/380  0.09 games/s  ETA 51 min
[kp2-r15] 121/380  0.09 games/s  ETA 48 min
[kp2-r15] 124/380  0.09 games/s  ETA 47 min
[kp2-r15] 125/380  0.09 games/s  ETA 48 min
[kp2-r15] 129/380  0.09 games/s  ETA 47 min
[kp2-r15] 134/380  0.09 games/s  ETA 45 min
[kp2-r15] 136/380  0.09 games/s  ETA 45 min
[kp2-r15] 138/380  0.09 games/s  ETA 45 min
[kp2-r15] 141/380  0.09 games/s  ETA 44 min
[kp2-r15] 143/380  0.09 games/s  ETA 44 min
[kp2-r15] 145/380  0.09 games/s  ETA 44 min
[kp2-r15] 148/380  0.09 games/s  ETA 43 min
[kp2-r15] 150/380  0.09 games/s  ETA 43 min
[kp2-r15] 151/380  0.09 games/s  ETA 43 min
[kp2-r15] 151/380  0.09 games/s  ETA 44 min
[kp2-r15] 154/380  0.09 games/s  ETA 43 min
[kp2-r15] 157/380  0.09 games/s  ETA 43 min
[kp2-r15] 161/380  0.09 games/s  ETA 41 min
[kp2-r15] 165/380  0.09 games/s  ETA 40 min
[kp2-r15] 168/380  0.09 games/s  ETA 40 min
[kp2-r15] 172/380  0.09 games/s  ETA 39 min
[kp2-r15] 176/380  0.09 games/s  ETA 38 min
[kp2-r15] 178/380  0.09 games/s  ETA 37 min
[kp2-r15] 179/380  0.09 games/s  ETA 38 min
[kp2-r15] 181/380  0.09 games/s  ETA 37 min
[kp2-r15] 183/380  0.09 games/s  ETA 37 min
[kp2-r15] 186/380  0.09 games/s  ETA 37 min
[kp2-r15] 191/380  0.09 games/s  ETA 35 min
[kp2-r15] 199/380  0.09 games/s  ETA 33 min
[kp2-r15] 206/380  0.09 games/s  ETA 31 min
[kp2-r15] 216/380  0.10 games/s  ETA 28 min
[kp2-r15] 223/380  0.10 games/s  ETA 26 min
[kp2-r15] 232/380  0.10 games/s  ETA 24 min
[kp2-r15] 239/380  0.10 games/s  ETA 23 min
[kp2-r15] 245/380  0.10 games/s  ETA 21 min
[kp2-r15] 252/380  0.11 games/s  ETA 20 min
[kp2-r15] 258/380  0.11 games/s  ETA 19 min
[kp2-r15] 262/380  0.11 games/s  ETA 18 min
[kp2-r15] 270/380  0.11 games/s  ETA 17 min
[kp2-r15] 280/380  0.11 games/s  ETA 15 min
[kp2-r15] 287/380  0.11 games/s  ETA 14 min
[kp2-r15] 291/380  0.11 games/s  ETA 13 min
[kp2-r15] 297/380  0.12 games/s  ETA 12 min
[kp2-r15] 306/380  0.12 games/s  ETA 11 min
[kp2-r15] 316/380  0.12 games/s  ETA 9 min
[kp2-r15] 324/380  0.12 games/s  ETA 8 min
[kp2-r15] 332/380  0.12 games/s  ETA 7 min
[kp2-r15] 337/380  0.12 games/s  ETA 6 min
[kp2-r15] 342/380  0.12 games/s  ETA 5 min
[kp2-r15] 347/380  0.12 games/s  ETA 4 min
[kp2-r15] 354/380  0.13 games/s  ETA 3 min
[kp2-r15] 356/380  0.12 games/s  ETA 3 min
[kp2-r15] 356/380  0.12 games/s  ETA 3 min
[kp2-r15] 359/380  0.12 games/s  ETA 3 min
[kp2-r15] 362/380  0.12 games/s  ETA 2 min
[kp2-r15] 365/380  0.12 games/s  ETA 2 min
[kp2-r15] 369/380  0.12 games/s  ETA 1 min
[kp2-r15] 375/380  0.12 games/s  ETA 1 min
[kp2-r15] 380 games in 50.7 min
