[kp2-r15] 19 entrants, 382 games (10251 done), depth 3, armies perPair, 1 workers
[kp2-r15] rules {"markFree":true,"freezeUses":1,"hasteCaptures":false,"strikeCaptures":false,"strikePawns":false,"mercyAura":true,"marchUses":0,"holyLightTakesPawns":true,"holyLightShelter":true,"holyLightShelterOrtho":true,"darknessMoves":true,"deathTouchReach":true,"deathTouchReachOrtho":true,"hasteApart":true,"mercyAuraPawnsTake":true,"mercyTakesPawns":true,"darknessShelter":true,"darknessShelterPawnsTake":true}
[kp2-r15] 0/382  0.00 games/s  ETA Infinity min
[kp2-r15] 3/382  0.05 games/s  ETA 126 min
[kp2-r15] 6/382  0.07 games/s  ETA 94 min
[kp2-r15] 7/382  0.06 games/s  ETA 107 min
[kp2-r15] 9/382  0.06 games/s  ETA 104 min
[kp2-r15] 14/382  0.08 games/s  ETA 79 min
[kp2-r15] 19/382  0.09 games/s  ETA 67 min
[kp2-r15] 23/382  0.10 games/s  ETA 62 min
[kp2-r15] 25/382  0.09 games/s  ETA 64 min
[kp2-r15] 26/382  0.09 games/s  ETA 68 min
[kp2-r15] 28/382  0.08 games/s  ETA 70 min
[kp2-r15] 33/382  0.09 games/s  ETA 63 min
[kp2-r15] 38/382  0.10 games/s  ETA 59 min
[kp2-r15] 44/382  0.10 games/s  ETA 54 min
[kp2-r15] 46/382  0.10 games/s  ETA 55 min
[kp2-r15] 47/382  0.10 games/s  ETA 57 min
[kp2-r15] 49/382  0.10 games/s  ETA 58 min
[kp2-r15] 50/382  0.09 games/s  ETA 60 min
[kp2-r15] 51/382  0.09 games/s  ETA 62 min
[kp2-r15] 53/382  0.09 games/s  ETA 62 min
[kp2-r15] 53/382  0.08 games/s  ETA 65 min
[kp2-r15] 53/382  0.08 games/s  ETA 68 min
[kp2-r15] 54/382  0.08 games/s  ETA 70 min
[kp2-r15] 56/382  0.08 games/s  ETA 70 min
[kp2-r15] 59/382  0.08 games/s  ETA 68 min
[kp2-r15] 60/382  0.08 games/s  ETA 70 min
[kp2-r15] 61/382  0.08 games/s  ETA 71 min
[kp2-r15] 62/382  0.07 games/s  ETA 72 min
[kp2-r15] 63/382  0.07 games/s  ETA 73 min
[kp2-r15] 65/382  0.07 games/s  ETA 73 min
[kp2-r15] 66/382  0.07 games/s  ETA 74 min
[kp2-r15] 69/382  0.07 games/s  ETA 73 min
[kp2-r15] 71/382  0.07 games/s  ETA 72 min
[kp2-r15] 72/382  0.07 games/s  ETA 73 min
[kp2-r15] 74/382  0.07 games/s  ETA 73 min
[kp2-r15] 76/382  0.07 games/s  ETA 72 min
[kp2-r15] 77/382  0.07 games/s  ETA 73 min
[kp2-r15] 78/382  0.07 games/s  ETA 74 min
[kp2-r15] 79/382  0.07 games/s  ETA 75 min
[kp2-r15] 82/382  0.07 games/s  ETA 73 min
[kp2-r15] 84/382  0.07 games/s  ETA 73 min
[kp2-r15] 87/382  0.07 games/s  ETA 71 min
[kp2-r15] 93/382  0.07 games/s  ETA 67 min
[kp2-r15] 98/382  0.07 games/s  ETA 64 min
[kp2-r15] 102/382  0.08 games/s  ETA 62 min
[kp2-r15] 102/382  0.07 games/s  ETA 63 min
[kp2-r15] 104/382  0.07 games/s  ETA 63 min
[kp2-r15] 109/382  0.08 games/s  ETA 60 min
[kp2-r15] 113/382  0.08 games/s  ETA 58 min
[kp2-r15] 114/382  0.08 games/s  ETA 59 min
[kp2-r15] 117/382  0.08 games/s  ETA 58 min
[kp2-r15] 126/382  0.08 games/s  ETA 53 min
[kp2-r15] 130/382  0.08 games/s  ETA 51 min
[kp2-r15] 131/382  0.08 games/s  ETA 52 min
[kp2-r15] 136/382  0.08 games/s  ETA 50 min
[kp2-r15] 141/382  0.08 games/s  ETA 48 min
[kp2-r15] 144/382  0.08 games/s  ETA 47 min
[kp2-r15] 146/382  0.08 games/s  ETA 47 min
[kp2-r15] 147/382  0.08 games/s  ETA 47 min
[kp2-r15] 149/382  0.08 games/s  ETA 47 min
[kp2-r15] 152/382  0.08 games/s  ETA 46 min
[kp2-r15] 153/382  0.08 games/s  ETA 46 min
[kp2-r15] 155/382  0.08 games/s  ETA 46 min
[kp2-r15] 160/382  0.08 games/s  ETA 44 min
[kp2-r15] 160/382  0.08 games/s  ETA 45 min
[kp2-r15] 160/382  0.08 games/s  ETA 46 min
[kp2-r15] 160/382  0.08 games/s  ETA 46 min
[kp2-r15] 165/382  0.08 games/s  ETA 45 min
[kp2-r15] 172/382  0.08 games/s  ETA 42 min
[kp2-r15] 176/382  0.08 games/s  ETA 41 min
[kp2-r15] 180/382  0.08 games/s  ETA 40 min
[kp2-r15] 183/382  0.08 games/s  ETA 39 min
[kp2-r15] 189/382  0.09 games/s  ETA 37 min
[kp2-r15] 196/382  0.09 games/s  ETA 35 min
[kp2-r15] 201/382  0.09 games/s  ETA 34 min
[kp2-r15] 208/382  0.09 games/s  ETA 32 min
[kp2-r15] 213/382  0.09 games/s  ETA 31 min
[kp2-r15] 218/382  0.09 games/s  ETA 29 min
[kp2-r15] 225/382  0.09 games/s  ETA 28 min
[kp2-r15] 233/382  0.10 games/s  ETA 26 min
[kp2-r15] 238/382  0.10 games/s  ETA 25 min
[kp2-r15] 245/382  0.10 games/s  ETA 23 min
[kp2-r15] 255/382  0.10 games/s  ETA 21 min
[kp2-r15] 264/382  0.10 games/s  ETA 19 min
[kp2-r15] 270/382  0.11 games/s  ETA 18 min
[kp2-r15] 280/382  0.11 games/s  ETA 16 min
[kp2-r15] 288/382  0.11 games/s  ETA 14 min
[kp2-r15] 296/382  0.11 games/s  ETA 13 min
[kp2-r15] 306/382  0.11 games/s  ETA 11 min
[kp2-r15] 312/382  0.12 games/s  ETA 10 min
[kp2-r15] 315/382  0.12 games/s  ETA 10 min
[kp2-r15] 320/382  0.12 games/s  ETA 9 min
[kp2-r15] 326/382  0.12 games/s  ETA 8 min
[kp2-r15] 334/382  0.12 games/s  ETA 7 min
[kp2-r15] 341/382  0.12 games/s  ETA 6 min
[kp2-r15] 347/382  0.12 games/s  ETA 5 min
[kp2-r15] 356/382  0.12 games/s  ETA 4 min
[kp2-r15] 360/382  0.12 games/s  ETA 3 min
[kp2-r15] 365/382  0.12 games/s  ETA 2 min
[kp2-r15] 377/382  0.13 games/s  ETA 1 min
[kp2-r15] 382 games in 50.3 min
