[kp2-r9] 15 entrants, 412 games (0 done), depth 3, 4 workers
[kp2-r9] rules {"markFree":true,"freezeUses":1,"hasteCaptures":false,"strikeCaptures":false,"strikePawns":false,"mercyAura":true,"marchUses":0,"holyLightTakesPawns":true,"holyLightShelter":true,"holyLightShelterOrtho":true,"darknessMoves":true}
[kp2-r9] 0/412  0.00 games/s  ETA Infinity min
[kp2-r9] 2/412  0.03 games/s  ETA 205 min
[kp2-r9] 7/412  0.08 games/s  ETA 87 min
[kp2-r9] 12/412  0.10 games/s  ETA 67 min
[kp2-r9] 17/412  0.11 games/s  ETA 58 min
[kp2-r9] 21/412  0.12 games/s  ETA 56 min
[kp2-r9] 31/412  0.15 games/s  ETA 43 min
[kp2-r9] 44/412  0.18 games/s  ETA 33 min
[kp2-r9] 49/412  0.18 games/s  ETA 33 min
[kp2-r9] 57/412  0.19 games/s  ETA 31 min
[kp2-r9] 60/412  0.18 games/s  ETA 32 min
[kp2-r9] 63/412  0.17 games/s  ETA 33 min
[kp2-r9] 69/412  0.18 games/s  ETA 32 min
[kp2-r9] 72/412  0.17 games/s  ETA 33 min
[kp2-r9] 76/412  0.17 games/s  ETA 33 min
[kp2-r9] 79/412  0.16 games/s  ETA 34 min
[kp2-r9] 83/412  0.16 games/s  ETA 34 min
[kp2-r9] 87/412  0.16 games/s  ETA 34 min
[kp2-r9] 89/412  0.16 games/s  ETA 34 min
[kp2-r9] 94/412  0.16 games/s  ETA 34 min
[kp2-r9] 96/412  0.15 games/s  ETA 35 min
[kp2-r9] 102/412  0.15 games/s  ETA 33 min
[kp2-r9] 106/412  0.15 games/s  ETA 33 min
[kp2-r9] 115/412  0.16 games/s  ETA 31 min
[kp2-r9] 123/412  0.16 games/s  ETA 29 min
[kp2-r9] 131/412  0.17 games/s  ETA 28 min
[kp2-r9] 140/412  0.17 games/s  ETA 26 min
[kp2-r9] 153/412  0.18 games/s  ETA 24 min
[kp2-r9] 162/412  0.19 games/s  ETA 22 min
[kp2-r9] 170/412  0.19 games/s  ETA 21 min
[kp2-r9] 183/412  0.20 games/s  ETA 19 min
[kp2-r9] 194/412  0.20 games/s  ETA 18 min
[kp2-r9] 204/412  0.21 games/s  ETA 17 min
[kp2-r9] 210/412  0.21 games/s  ETA 16 min
[kp2-r9] 221/412  0.21 games/s  ETA 15 min
[kp2-r9] 232/412  0.21 games/s  ETA 14 min
[kp2-r9] 240/412  0.22 games/s  ETA 13 min
[kp2-r9] 257/412  0.23 games/s  ETA 11 min
[kp2-r9] 280/412  0.24 games/s  ETA 9 min
[kp2-r9] 299/412  0.25 games/s  ETA 8 min
[kp2-r9] 314/412  0.26 games/s  ETA 6 min
[kp2-r9] 331/412  0.26 games/s  ETA 5 min
[kp2-r9] 348/412  0.27 games/s  ETA 4 min
[kp2-r9] 369/412  0.28 games/s  ETA 3 min
[kp2-r9] 386/412  0.29 games/s  ETA 2 min
[kp2-r9] 404/412  0.29 games/s  ETA 0 min
[kp2-r9] 412 games in 23.2 min
