[kp2-r6] 18 entrants, 576 games (0 done), depth 3, 4 workers
[kp2-r6] rules {"markFree":true,"freezeUses":1,"hasteCaptures":false,"strikeCaptures":false,"strikePawns":false,"mercyAura":true,"marchUses":0,"holyLightTakesPawns":true,"darknessMoves":true}
[kp2-r6] 0/576  0.00 games/s  ETA Infinity min
[kp2-r6] 5/576  0.08 games/s  ETA 114 min
[kp2-r6] 9/576  0.10 games/s  ETA 95 min
[kp2-r6] 16/576  0.13 games/s  ETA 70 min
[kp2-r6] 23/576  0.15 games/s  ETA 60 min
[kp2-r6] 30/576  0.17 games/s  ETA 55 min
[kp2-r6] 39/576  0.19 games/s  ETA 48 min
[kp2-r6] 51/576  0.21 games/s  ETA 41 min
[kp2-r6] 59/576  0.22 games/s  ETA 39 min
[kp2-r6] 68/576  0.23 games/s  ETA 37 min
[kp2-r6] 72/576  0.22 games/s  ETA 39 min
[kp2-r6] 77/576  0.21 games/s  ETA 39 min
[kp2-r6] 83/576  0.21 games/s  ETA 39 min
[kp2-r6] 90/576  0.21 games/s  ETA 38 min
[kp2-r6] 96/576  0.21 games/s  ETA 38 min
[kp2-r6] 101/576  0.21 games/s  ETA 38 min
[kp2-r6] 106/576  0.21 games/s  ETA 38 min
[kp2-r6] 111/576  0.21 games/s  ETA 38 min
[kp2-r6] 118/576  0.21 games/s  ETA 37 min
[kp2-r6] 125/576  0.21 games/s  ETA 36 min
[kp2-r6] 136/576  0.22 games/s  ETA 34 min
[kp2-r6] 153/576  0.23 games/s  ETA 30 min
[kp2-r6] 172/576  0.25 games/s  ETA 27 min
[kp2-r6] 189/576  0.26 games/s  ETA 25 min
[kp2-r6] 196/576  0.26 games/s  ETA 24 min
[kp2-r6] 205/576  0.26 games/s  ETA 24 min
[kp2-r6] 217/576  0.27 games/s  ETA 22 min
[kp2-r6] 224/576  0.27 games/s  ETA 22 min
[kp2-r6] 235/576  0.27 games/s  ETA 21 min
[kp2-r6] 244/576  0.27 games/s  ETA 20 min
[kp2-r6] 252/576  0.27 games/s  ETA 20 min
[kp2-r6] 263/576  0.27 games/s  ETA 19 min
[kp2-r6] 274/576  0.28 games/s  ETA 18 min
[kp2-r6] 291/576  0.29 games/s  ETA 17 min
[kp2-r6] 308/576  0.29 games/s  ETA 15 min
[kp2-r6] 335/576  0.31 games/s  ETA 13 min
[kp2-r6] 359/576  0.32 games/s  ETA 11 min
[kp2-r6] 380/576  0.33 games/s  ETA 10 min
[kp2-r6] 405/576  0.35 games/s  ETA 8 min
[kp2-r6] 425/576  0.35 games/s  ETA 7 min
[kp2-r6] 446/576  0.36 games/s  ETA 6 min
[kp2-r6] 468/576  0.37 games/s  ETA 5 min
[kp2-r6] 488/576  0.38 games/s  ETA 4 min
[kp2-r6] 508/576  0.38 games/s  ETA 3 min
[kp2-r6] 520/576  0.39 games/s  ETA 2 min
[kp2-r6] 540/576  0.39 games/s  ETA 2 min
[kp2-r6] 564/576  0.40 games/s  ETA 1 min
[kp2-r6] 576 games in 23.7 min
