[pal-with-d4] 800 games (0 already done), 800 to play on 4 workers -> sim/out/pal-with-d4.jsonl
[pal-with-d4] depth 4, 4 random opening plies, ply cap 300, pairs off (both sides identical; --pairs forces them on)
[pal-with-d4] rules {}, values {}
[pal-with-d4] 0/800  0.0 games/s  ETA ?
[pal-with-d4] 0/800  0.0 games/s  ETA ?
[pal-with-d4] 0/800  0.0 games/s  ETA ?
[pal-with-d4] 0/800  0.0 games/s  ETA ?
[pal-with-d4] 0/800  0.0 games/s  ETA ?
[pal-with-d4] 1/800  0.1 games/s  ETA 2h39m57s
[pal-with-d4] 2/800  0.1 games/s  ETA 1h33m11s
[pal-with-d4] 3/800  0.2 games/s  ETA 1h10m54s
[pal-with-d4] 3/800  0.2 games/s  ETA 1h19m46s
[pal-with-d4] 4/800  0.2 games/s  ETA 1h06m23s
[pal-with-d4] 6/800  0.3 games/s  ETA 0h48m34s
[pal-with-d4] 8/800  0.3 games/s  ETA 0h39m38s
[pal-with-d4] 10/800  0.4 games/s  ETA 0h34m15s
[pal-with-d4] 10/800  0.4 games/s  ETA 0h36m54s
[pal-with-d4] 13/800  0.4 games/s  ETA 0h30m17s
[pal-with-d4] 13/800  0.4 games/s  ETA 0h32m19s
[pal-with-d4] 17/800  0.5 games/s  ETA 0h26m07s
[pal-with-d4] 18/800  0.5 games/s  ETA 0h26m05s
[pal-with-d4] 20/800  0.5 games/s  ETA 0h24m43s
[pal-with-d4] 21/800  0.5 games/s  ETA 0h24m45s
[pal-with-d4] 22/800  0.5 games/s  ETA 0h24m46s
[pal-with-d4] 24/800  0.5 games/s  ETA 0h23m43s
[pal-with-d4] 26/800  0.6 games/s  ETA 0h22m50s
[pal-with-d4] 28/800  0.6 games/s  ETA 0h22m04s
[pal-with-d4] 30/800  0.6 games/s  ETA 0h21m24s
[pal-with-d4] 31/800  0.6 games/s  ETA 0h21m31s
[pal-with-d4] 32/800  0.6 games/s  ETA 0h21m37s
[pal-with-d4] 32/800  0.6 games/s  ETA 0h22m25s
[pal-with-d4] 32/800  0.6 games/s  ETA 0h23m13s
[pal-with-d4] 33/800  0.5 games/s  ETA 0h23m15s
[pal-with-d4] 36/800  0.6 games/s  ETA 0h21m57s
[pal-with-d4] 37/800  0.6 games/s  ETA 0h22m01s
[pal-with-d4] 38/800  0.6 games/s  ETA 0h22m04s
[pal-with-d4] 38/800  0.6 games/s  ETA 0h22m44s
[pal-with-d4] 38/800  0.5 games/s  ETA 0h23m24s
[pal-with-d4] 39/800  0.5 games/s  ETA 0h23m26s
[pal-with-d4] 39/800  0.5 games/s  ETA 0h24m05s
[pal-with-d4] 39/800  0.5 games/s  ETA 0h24m44s
[pal-with-d4] 40/800  0.5 games/s  ETA 0h24m43s
[pal-with-d4] 42/800  0.5 games/s  ETA 0h24m05s
[pal-with-d4] 44/800  0.5 games/s  ETA 0h23m30s
[pal-with-d4] 44/800  0.5 games/s  ETA 0h24m04s
[pal-with-d4] 45/800  0.5 games/s  ETA 0h24m04s
[pal-with-d4] 48/800  0.5 games/s  ETA 0h22m59s
[pal-with-d4] 48/800  0.5 games/s  ETA 0h23m31s
[pal-with-d4] 50/800  0.5 games/s  ETA 0h23m01s
[pal-with-d4] 51/800  0.5 games/s  ETA 0h23m01s
[pal-with-d4] 52/800  0.5 games/s  ETA 0h23m02s
[pal-with-d4] 52/800  0.5 games/s  ETA 0h23m31s
[pal-with-d4] 54/800  0.5 games/s  ETA 0h23m02s
[pal-with-d4] 54/800  0.5 games/s  ETA 0h23m30s
[pal-with-d4] 57/800  0.5 games/s  ETA 0h22m36s
[pal-with-d4] 58/800  0.5 games/s  ETA 0h22m37s
[pal-with-d4] 60/800  0.6 games/s  ETA 0h22m13s
[pal-with-d4] 61/800  0.6 games/s  ETA 0h22m13s
[pal-with-d4] 63/800  0.6 games/s  ETA 0h21m51s
[pal-with-d4] 64/800  0.6 games/s  ETA 0h21m52s
[pal-with-d4] 66/800  0.6 games/s  ETA 0h21m31s
[pal-with-d4] 66/800  0.6 games/s  ETA 0h21m53s
[pal-with-d4] 68/800  0.6 games/s  ETA 0h21m32s
[pal-with-d4] 68/800  0.6 games/s  ETA 0h21m54s
[pal-with-d4] 71/800  0.6 games/s  ETA 0h21m14s
[pal-with-d4] 72/800  0.6 games/s  ETA 0h21m15s
[pal-with-d4] 73/800  0.6 games/s  ETA 0h21m15s
[pal-with-d4] 73/800  0.6 games/s  ETA 0h21m35s
[pal-with-d4] 73/800  0.6 games/s  ETA 0h21m55s
[pal-with-d4] 75/800  0.6 games/s  ETA 0h21m36s
[pal-with-d4] 76/800  0.6 games/s  ETA 0h21m36s
[pal-with-d4] 78/800  0.6 games/s  ETA 0h21m18s
[pal-with-d4] 79/800  0.6 games/s  ETA 0h21m18s
[pal-with-d4] 80/800  0.6 games/s  ETA 0h21m19s
[pal-with-d4] 81/800  0.6 games/s  ETA 0h21m19s
[pal-with-d4] 83/800  0.6 games/s  ETA 0h21m02s
[pal-with-d4] 83/800  0.6 games/s  ETA 0h21m19s
[pal-with-d4] 85/800  0.6 games/s  ETA 0h21m02s
[pal-with-d4] 85/800  0.6 games/s  ETA 0h21m19s
[pal-with-d4] 86/800  0.6 games/s  ETA 0h21m19s
[pal-with-d4] 89/800  0.6 games/s  ETA 0h20m47s
[pal-with-d4] 89/800  0.6 games/s  ETA 0h21m03s
[pal-with-d4] 91/800  0.6 games/s  ETA 0h20m47s
[pal-with-d4] 93/800  0.6 games/s  ETA 0h20m32s
[pal-with-d4] 94/800  0.6 games/s  ETA 0h20m32s
[pal-with-d4] 94/800  0.6 games/s  ETA 0h20m47s
[pal-with-d4] 96/800  0.6 games/s  ETA 0h20m33s
[pal-with-d4] 98/800  0.6 games/s  ETA 0h20m18s
[pal-with-d4] 100/800  0.6 games/s  ETA 0h20m05s
[pal-with-d4] 100/800  0.6 games/s  ETA 0h20m19s
[pal-with-d4] 101/800  0.6 games/s  ETA 0h20m19s
[pal-with-d4] 102/800  0.6 games/s  ETA 0h20m19s
[pal-with-d4] 105/800  0.6 games/s  ETA 0h19m52s
[pal-with-d4] 106/800  0.6 games/s  ETA 0h19m52s
[pal-with-d4] 107/800  0.6 games/s  ETA 0h19m52s
[pal-with-d4] 110/800  0.6 games/s  ETA 0h19m27s
[pal-with-d4] 111/800  0.6 games/s  ETA 0h19m27s
[pal-with-d4] 111/800  0.6 games/s  ETA 0h19m40s
[pal-with-d4] 113/800  0.6 games/s  ETA 0h19m28s
[pal-with-d4] 114/800  0.6 games/s  ETA 0h19m28s
[pal-with-d4] 114/800  0.6 games/s  ETA 0h19m40s
[pal-with-d4] 116/800  0.6 games/s  ETA 0h19m28s
[pal-with-d4] 118/800  0.6 games/s  ETA 0h19m16s
[pal-with-d4] 118/800  0.6 games/s  ETA 0h19m28s
[pal-with-d4] 118/800  0.6 games/s  ETA 0h19m40s
[pal-with-d4] 119/800  0.6 games/s  ETA 0h19m39s
[pal-with-d4] 121/800  0.6 games/s  ETA 0h19m28s
[pal-with-d4] 121/800  0.6 games/s  ETA 0h19m39s
[pal-with-d4] 123/800  0.6 games/s  ETA 0h19m27s
[pal-with-d4] 123/800  0.6 games/s  ETA 0h19m38s
[pal-with-d4] 124/800  0.6 games/s  ETA 0h19m38s
[pal-with-d4] 125/800  0.6 games/s  ETA 0h19m38s
[pal-with-d4] 126/800  0.6 games/s  ETA 0h19m37s
[pal-with-d4] 128/800  0.6 games/s  ETA 0h19m26s
[pal-with-d4] 128/800  0.6 games/s  ETA 0h19m37s
[pal-with-d4] 129/800  0.6 games/s  ETA 0h19m36s
[pal-with-d4] 131/800  0.6 games/s  ETA 0h19m25s
[pal-with-d4] 132/800  0.6 games/s  ETA 0h19m24s
[pal-with-d4] 133/800  0.6 games/s  ETA 0h19m24s
[pal-with-d4] 134/800  0.6 games/s  ETA 0h19m24s
[pal-with-d4] 136/800  0.6 games/s  ETA 0h19m13s
[pal-with-d4] 137/800  0.6 games/s  ETA 0h19m12s
[pal-with-d4] 138/800  0.6 games/s  ETA 0h19m12s
[pal-with-d4] 138/800  0.6 games/s  ETA 0h19m21s
[pal-with-d4] 140/800  0.6 games/s  ETA 0h19m11s
[pal-with-d4] 141/800  0.6 games/s  ETA 0h19m10s
[pal-with-d4] 144/800  0.6 games/s  ETA 0h18m50s
[pal-with-d4] 144/800  0.6 games/s  ETA 0h18m59s
[pal-with-d4] 144/800  0.6 games/s  ETA 0h19m08s
[pal-with-d4] 147/800  0.6 games/s  ETA 0h18m49s
[pal-with-d4] 149/800  0.6 games/s  ETA 0h18m39s
[pal-with-d4] 150/800  0.6 games/s  ETA 0h18m38s
[pal-with-d4] 152/800  0.6 games/s  ETA 0h18m29s
[pal-with-d4] 152/800  0.6 games/s  ETA 0h18m37s
[pal-with-d4] 152/800  0.6 games/s  ETA 0h18m46s
[pal-with-d4] 152/800  0.6 games/s  ETA 0h18m54s
[pal-with-d4] 154/800  0.6 games/s  ETA 0h18m45s
[pal-with-d4] 156/800  0.6 games/s  ETA 0h18m35s
[pal-with-d4] 158/800  0.6 games/s  ETA 0h18m26s
[pal-with-d4] 161/800  0.6 games/s  ETA 0h18m08s
[pal-with-d4] 161/800  0.6 games/s  ETA 0h18m16s
[pal-with-d4] 162/800  0.6 games/s  ETA 0h18m15s
[pal-with-d4] 162/800  0.6 games/s  ETA 0h18m23s
[pal-with-d4] 163/800  0.6 games/s  ETA 0h18m23s
[pal-with-d4] 163/800  0.6 games/s  ETA 0h18m30s
[pal-with-d4] 164/800  0.6 games/s  ETA 0h18m30s
[pal-with-d4] 164/800  0.6 games/s  ETA 0h18m37s
[pal-with-d4] 167/800  0.6 games/s  ETA 0h18m20s
[pal-with-d4] 168/800  0.6 games/s  ETA 0h18m19s
[pal-with-d4] 169/800  0.6 games/s  ETA 0h18m18s
[pal-with-d4] 173/800  0.6 games/s  ETA 0h17m53s
[pal-with-d4] 174/800  0.6 games/s  ETA 0h17m53s
[pal-with-d4] 176/800  0.6 games/s  ETA 0h17m44s
[pal-with-d4] 178/800  0.6 games/s  ETA 0h17m36s
[pal-with-d4] 181/800  0.6 games/s  ETA 0h17m20s
[pal-with-d4] 182/800  0.6 games/s  ETA 0h17m19s
[pal-with-d4] 184/800  0.6 games/s  ETA 0h17m12s
[pal-with-d4] 184/800  0.6 games/s  ETA 0h17m18s
[pal-with-d4] 186/800  0.6 games/s  ETA 0h17m10s
[pal-with-d4] 188/800  0.6 games/s  ETA 0h17m03s
[pal-with-d4] 188/800  0.6 games/s  ETA 0h17m09s
[pal-with-d4] 189/800  0.6 games/s  ETA 0h17m08s
[pal-with-d4] 190/800  0.6 games/s  ETA 0h17m08s
[pal-with-d4] 191/800  0.6 games/s  ETA 0h17m07s
[pal-with-d4] 192/800  0.6 games/s  ETA 0h17m06s
[pal-with-d4] 193/800  0.6 games/s  ETA 0h17m06s
[pal-with-d4] 194/800  0.6 games/s  ETA 0h17m05s
[pal-with-d4] 195/800  0.6 games/s  ETA 0h17m04s
[pal-with-d4] 197/800  0.6 games/s  ETA 0h16m57s
[pal-with-d4] 198/800  0.6 games/s  ETA 0h16m56s
[pal-with-d4] 199/800  0.6 games/s  ETA 0h16m55s
[pal-with-d4] 200/800  0.6 games/s  ETA 0h16m54s
[pal-with-d4] 201/800  0.6 games/s  ETA 0h16m54s
[pal-with-d4] 201/800  0.6 games/s  ETA 0h17m00s
[pal-with-d4] 202/800  0.6 games/s  ETA 0h16m59s
[pal-with-d4] 205/800  0.6 games/s  ETA 0h16m45s
[pal-with-d4] 206/800  0.6 games/s  ETA 0h16m44s
[pal-with-d4] 208/800  0.6 games/s  ETA 0h16m37s
[pal-with-d4] 208/800  0.6 games/s  ETA 0h16m42s
[pal-with-d4] 209/800  0.6 games/s  ETA 0h16m41s
[pal-with-d4] 211/800  0.6 games/s  ETA 0h16m34s
[pal-with-d4] 212/800  0.6 games/s  ETA 0h16m33s
[pal-with-d4] 213/800  0.6 games/s  ETA 0h16m32s
[pal-with-d4] 215/800  0.6 games/s  ETA 0h16m25s
[pal-with-d4] 217/800  0.6 games/s  ETA 0h16m18s
[pal-with-d4] 217/800  0.6 games/s  ETA 0h16m24s
[pal-with-d4] 222/800  0.6 games/s  ETA 0h15m58s
[pal-with-d4] 224/800  0.6 games/s  ETA 0h15m52s
[pal-with-d4] 224/800  0.6 games/s  ETA 0h15m57s
[pal-with-d4] 224/800  0.6 games/s  ETA 0h16m02s
[pal-with-d4] 225/800  0.6 games/s  ETA 0h16m01s
[pal-with-d4] 227/800  0.6 games/s  ETA 0h15m55s
[pal-with-d4] 227/800  0.6 games/s  ETA 0h16m00s
[pal-with-d4] 228/800  0.6 games/s  ETA 0h15m59s
[pal-with-d4] 229/800  0.6 games/s  ETA 0h15m58s
[pal-with-d4] 229/800  0.6 games/s  ETA 0h16m03s
[pal-with-d4] 231/800  0.6 games/s  ETA 0h15m56s
[pal-with-d4] 232/800  0.6 games/s  ETA 0h15m55s
[pal-with-d4] 232/800  0.6 games/s  ETA 0h16m00s
[pal-with-d4] 234/800  0.6 games/s  ETA 0h15m53s
[pal-with-d4] 235/800  0.6 games/s  ETA 0h15m52s
[pal-with-d4] 236/800  0.6 games/s  ETA 0h15m52s
[pal-with-d4] 237/800  0.6 games/s  ETA 0h15m51s
[pal-with-d4] 239/800  0.6 games/s  ETA 0h15m44s
[pal-with-d4] 239/800  0.6 games/s  ETA 0h15m49s
[pal-with-d4] 240/800  0.6 games/s  ETA 0h15m48s
[pal-with-d4] 241/800  0.6 games/s  ETA 0h15m47s
[pal-with-d4] 243/800  0.6 games/s  ETA 0h15m40s
[pal-with-d4] 244/800  0.6 games/s  ETA 0h15m39s
[pal-with-d4] 246/800  0.6 games/s  ETA 0h15m33s
[pal-with-d4] 247/800  0.6 games/s  ETA 0h15m32s
[pal-with-d4] 248/800  0.6 games/s  ETA 0h15m31s
[pal-with-d4] 248/800  0.6 games/s  ETA 0h15m35s
[pal-with-d4] 250/800  0.6 games/s  ETA 0h15m29s
[pal-with-d4] 251/800  0.6 games/s  ETA 0h15m28s
[pal-with-d4] 251/800  0.6 games/s  ETA 0h15m32s
[pal-with-d4] 253/800  0.6 games/s  ETA 0h15m26s
[pal-with-d4] 255/800  0.6 games/s  ETA 0h15m19s
[pal-with-d4] 255/800  0.6 games/s  ETA 0h15m24s
[pal-with-d4] 257/800  0.6 games/s  ETA 0h15m17s
[pal-with-d4] 257/800  0.6 games/s  ETA 0h15m22s
[pal-with-d4] 258/800  0.6 games/s  ETA 0h15m20s
[pal-with-d4] 258/800  0.6 games/s  ETA 0h15m25s
[pal-with-d4] 260/800  0.6 games/s  ETA 0h15m18s
[pal-with-d4] 261/800  0.6 games/s  ETA 0h15m17s
[pal-with-d4] 262/800  0.6 games/s  ETA 0h15m16s
[pal-with-d4] 262/800  0.6 games/s  ETA 0h15m20s
[pal-with-d4] 262/800  0.6 games/s  ETA 0h15m24s
[pal-with-d4] 264/800  0.6 games/s  ETA 0h15m18s
[pal-with-d4] 266/800  0.6 games/s  ETA 0h15m12s
[pal-with-d4] 266/800  0.6 games/s  ETA 0h15m16s
[pal-with-d4] 266/800  0.6 games/s  ETA 0h15m20s
[pal-with-d4] 267/800  0.6 games/s  ETA 0h15m19s
[pal-with-d4] 269/800  0.6 games/s  ETA 0h15m12s
[pal-with-d4] 269/800  0.6 games/s  ETA 0h15m16s
[pal-with-d4] 270/800  0.6 games/s  ETA 0h15m15s
[pal-with-d4] 270/800  0.6 games/s  ETA 0h15m19s
[pal-with-d4] 271/800  0.6 games/s  ETA 0h15m18s
[pal-with-d4] 272/800  0.6 games/s  ETA 0h15m17s
[pal-with-d4] 274/800  0.6 games/s  ETA 0h15m10s
[pal-with-d4] 275/800  0.6 games/s  ETA 0h15m09s
[pal-with-d4] 276/800  0.6 games/s  ETA 0h15m08s
[pal-with-d4] 278/800  0.6 games/s  ETA 0h15m02s
[pal-with-d4] 280/800  0.6 games/s  ETA 0h14m55s
[pal-with-d4] 281/800  0.6 games/s  ETA 0h14m54s
[pal-with-d4] 281/800  0.6 games/s  ETA 0h14m58s
[pal-with-d4] 282/800  0.6 games/s  ETA 0h14m57s
[pal-with-d4] 283/800  0.6 games/s  ETA 0h14m55s
[pal-with-d4] 284/800  0.6 games/s  ETA 0h14m54s
[pal-with-d4] 284/800  0.6 games/s  ETA 0h14m58s
[pal-with-d4] 286/800  0.6 games/s  ETA 0h14m52s
[pal-with-d4] 286/800  0.6 games/s  ETA 0h14m55s
[pal-with-d4] 288/800  0.6 games/s  ETA 0h14m49s
[pal-with-d4] 289/800  0.6 games/s  ETA 0h14m48s
[pal-with-d4] 291/800  0.6 games/s  ETA 0h14m42s
[pal-with-d4] 291/800  0.6 games/s  ETA 0h14m45s
[pal-with-d4] 292/800  0.6 games/s  ETA 0h14m44s
[pal-with-d4] 294/800  0.6 games/s  ETA 0h14m38s
[pal-with-d4] 295/800  0.6 games/s  ETA 0h14m37s
[pal-with-d4] 295/800  0.6 games/s  ETA 0h14m40s
[pal-with-d4] 298/800  0.6 games/s  ETA 0h14m30s
[pal-with-d4] 298/800  0.6 games/s  ETA 0h14m33s
[pal-with-d4] 299/800  0.6 games/s  ETA 0h14m32s
[pal-with-d4] 300/800  0.6 games/s  ETA 0h14m30s
[pal-with-d4] 302/800  0.6 games/s  ETA 0h14m24s
[pal-with-d4] 302/800  0.6 games/s  ETA 0h14m28s
[pal-with-d4] 304/800  0.6 games/s  ETA 0h14m22s
[pal-with-d4] 304/800  0.6 games/s  ETA 0h14m25s
[pal-with-d4] 306/800  0.6 games/s  ETA 0h14m19s
[pal-with-d4] 306/800  0.6 games/s  ETA 0h14m22s
[pal-with-d4] 310/800  0.6 games/s  ETA 0h14m07s
[pal-with-d4] 311/800  0.6 games/s  ETA 0h14m06s
[pal-with-d4] 311/800  0.6 games/s  ETA 0h14m09s
[pal-with-d4] 313/800  0.6 games/s  ETA 0h14m04s
[pal-with-d4] 314/800  0.6 games/s  ETA 0h14m02s
[pal-with-d4] 314/800  0.6 games/s  ETA 0h14m05s
[pal-with-d4] 316/800  0.6 games/s  ETA 0h14m00s
[pal-with-d4] 318/800  0.6 games/s  ETA 0h13m54s
[pal-with-d4] 318/800  0.6 games/s  ETA 0h13m57s
[pal-with-d4] 319/800  0.6 games/s  ETA 0h13m56s
[pal-with-d4] 320/800  0.6 games/s  ETA 0h13m54s
[pal-with-d4] 320/800  0.6 games/s  ETA 0h13m57s
[pal-with-d4] 320/800  0.6 games/s  ETA 0h14m00s
[pal-with-d4] 321/800  0.6 games/s  ETA 0h13m59s
[pal-with-d4] 323/800  0.6 games/s  ETA 0h13m53s
[pal-with-d4] 325/800  0.6 games/s  ETA 0h13m47s
[pal-with-d4] 328/800  0.6 games/s  ETA 0h13m38s
[pal-with-d4] 328/800  0.6 games/s  ETA 0h13m40s
[pal-with-d4] 330/800  0.6 games/s  ETA 0h13m35s
[pal-with-d4] 332/800  0.6 games/s  ETA 0h13m29s
[pal-with-d4] 333/800  0.6 games/s  ETA 0h13m28s
[pal-with-d4] 333/800  0.6 games/s  ETA 0h13m31s
[pal-with-d4] 337/800  0.6 games/s  ETA 0h13m17s
[pal-with-d4] 337/800  0.6 games/s  ETA 0h13m20s
[pal-with-d4] 337/800  0.6 games/s  ETA 0h13m23s
[pal-with-d4] 339/800  0.6 games/s  ETA 0h13m17s
[pal-with-d4] 340/800  0.6 games/s  ETA 0h13m16s
[pal-with-d4] 341/800  0.6 games/s  ETA 0h13m14s
[pal-with-d4] 342/800  0.6 games/s  ETA 0h13m13s
[pal-with-d4] 344/800  0.6 games/s  ETA 0h13m08s
[pal-with-d4] 346/800  0.6 games/s  ETA 0h13m02s
[pal-with-d4] 348/800  0.6 games/s  ETA 0h12m57s
[pal-with-d4] 348/800  0.6 games/s  ETA 0h13m00s
[pal-with-d4] 351/800  0.6 games/s  ETA 0h12m50s
[pal-with-d4] 352/800  0.6 games/s  ETA 0h12m49s
[pal-with-d4] 353/800  0.6 games/s  ETA 0h12m48s
[pal-with-d4] 354/800  0.6 games/s  ETA 0h12m46s
[pal-with-d4] 355/800  0.6 games/s  ETA 0h12m45s
[pal-with-d4] 356/800  0.6 games/s  ETA 0h12m43s
[pal-with-d4] 356/800  0.6 games/s  ETA 0h12m46s
[pal-with-d4] 358/800  0.6 games/s  ETA 0h12m41s
[pal-with-d4] 361/800  0.6 games/s  ETA 0h12m32s
[pal-with-d4] 361/800  0.6 games/s  ETA 0h12m34s
[pal-with-d4] 361/800  0.6 games/s  ETA 0h12m37s
[pal-with-d4] 363/800  0.6 games/s  ETA 0h12m31s
[pal-with-d4] 364/800  0.6 games/s  ETA 0h12m30s
[pal-with-d4] 366/800  0.6 games/s  ETA 0h12m25s
[pal-with-d4] 369/800  0.6 games/s  ETA 0h12m16s
[pal-with-d4] 369/800  0.6 games/s  ETA 0h12m18s
[pal-with-d4] 371/800  0.6 games/s  ETA 0h12m13s
[pal-with-d4] 374/800  0.6 games/s  ETA 0h12m05s
[pal-with-d4] 375/800  0.6 games/s  ETA 0h12m03s
[pal-with-d4] 377/800  0.6 games/s  ETA 0h11m58s
[pal-with-d4] 378/800  0.6 games/s  ETA 0h11m57s
[pal-with-d4] 380/800  0.6 games/s  ETA 0h11m52s
[pal-with-d4] 381/800  0.6 games/s  ETA 0h11m51s
[pal-with-d4] 383/800  0.6 games/s  ETA 0h11m46s
[pal-with-d4] 384/800  0.6 games/s  ETA 0h11m44s
[pal-with-d4] 385/800  0.6 games/s  ETA 0h11m43s
[pal-with-d4] 386/800  0.6 games/s  ETA 0h11m42s
[pal-with-d4] 387/800  0.6 games/s  ETA 0h11m40s
[pal-with-d4] 389/800  0.6 games/s  ETA 0h11m35s
[pal-with-d4] 390/800  0.6 games/s  ETA 0h11m34s
[pal-with-d4] 390/800  0.6 games/s  ETA 0h11m36s
[pal-with-d4] 392/800  0.6 games/s  ETA 0h11m31s
[pal-with-d4] 393/800  0.6 games/s  ETA 0h11m30s
[pal-with-d4] 394/800  0.6 games/s  ETA 0h11m28s
[pal-with-d4] 396/800  0.6 games/s  ETA 0h11m24s
[pal-with-d4] 396/800  0.6 games/s  ETA 0h11m26s
[pal-with-d4] 398/800  0.6 games/s  ETA 0h11m21s
[pal-with-d4] 400/800  0.6 games/s  ETA 0h11m16s
[pal-with-d4] 400/800  0.6 games/s  ETA 0h11m18s
[pal-with-d4] 401/800  0.6 games/s  ETA 0h11m17s
[pal-with-d4] 403/800  0.6 games/s  ETA 0h11m12s
[pal-with-d4] 405/800  0.6 games/s  ETA 0h11m07s
[pal-with-d4] 405/800  0.6 games/s  ETA 0h11m09s
[pal-with-d4] 407/800  0.6 games/s  ETA 0h11m04s
[pal-with-d4] 408/800  0.6 games/s  ETA 0h11m03s
[pal-with-d4] 408/800  0.6 games/s  ETA 0h11m05s
[pal-with-d4] 412/800  0.6 games/s  ETA 0h10m54s
[pal-with-d4] 414/800  0.6 games/s  ETA 0h10m49s
[pal-with-d4] 415/800  0.6 games/s  ETA 0h10m48s
[pal-with-d4] 416/800  0.6 games/s  ETA 0h10m46s
[pal-with-d4] 417/800  0.6 games/s  ETA 0h10m45s
[pal-with-d4] 418/800  0.6 games/s  ETA 0h10m43s
[pal-with-d4] 420/800  0.6 games/s  ETA 0h10m39s
[pal-with-d4] 421/800  0.6 games/s  ETA 0h10m37s
[pal-with-d4] 424/800  0.6 games/s  ETA 0h10m30s
[pal-with-d4] 425/800  0.6 games/s  ETA 0h10m28s
[pal-with-d4] 425/800  0.6 games/s  ETA 0h10m30s
[pal-with-d4] 427/800  0.6 games/s  ETA 0h10m26s
[pal-with-d4] 429/800  0.6 games/s  ETA 0h10m21s
[pal-with-d4] 430/800  0.6 games/s  ETA 0h10m20s
[pal-with-d4] 432/800  0.6 games/s  ETA 0h10m15s
[pal-with-d4] 433/800  0.6 games/s  ETA 0h10m14s
[pal-with-d4] 434/800  0.6 games/s  ETA 0h10m12s
[pal-with-d4] 436/800  0.6 games/s  ETA 0h10m08s
[pal-with-d4] 437/800  0.6 games/s  ETA 0h10m06s
[pal-with-d4] 439/800  0.6 games/s  ETA 0h10m02s
[pal-with-d4] 440/800  0.6 games/s  ETA 0h10m01s
[pal-with-d4] 442/800  0.6 games/s  ETA 0h09m56s
[pal-with-d4] 443/800  0.6 games/s  ETA 0h09m55s
[pal-with-d4] 443/800  0.6 games/s  ETA 0h09m56s
[pal-with-d4] 445/800  0.6 games/s  ETA 0h09m52s
[pal-with-d4] 447/800  0.6 games/s  ETA 0h09m48s
[pal-with-d4] 447/800  0.6 games/s  ETA 0h09m49s
[pal-with-d4] 447/800  0.6 games/s  ETA 0h09m51s
[pal-with-d4] 448/800  0.6 games/s  ETA 0h09m49s
[pal-with-d4] 450/800  0.6 games/s  ETA 0h09m45s
[pal-with-d4] 452/800  0.6 games/s  ETA 0h09m41s
[pal-with-d4] 453/800  0.6 games/s  ETA 0h09m39s
[pal-with-d4] 454/800  0.6 games/s  ETA 0h09m38s
[pal-with-d4] 454/800  0.6 games/s  ETA 0h09m39s
[pal-with-d4] 456/800  0.6 games/s  ETA 0h09m35s
[pal-with-d4] 457/800  0.6 games/s  ETA 0h09m33s
[pal-with-d4] 459/800  0.6 games/s  ETA 0h09m29s
[pal-with-d4] 460/800  0.6 games/s  ETA 0h09m28s
[pal-with-d4] 462/800  0.6 games/s  ETA 0h09m23s
[pal-with-d4] 463/800  0.6 games/s  ETA 0h09m22s
[pal-with-d4] 464/800  0.6 games/s  ETA 0h09m20s
[pal-with-d4] 464/800  0.6 games/s  ETA 0h09m22s
[pal-with-d4] 467/800  0.6 games/s  ETA 0h09m15s
[pal-with-d4] 468/800  0.6 games/s  ETA 0h09m13s
[pal-with-d4] 468/800  0.6 games/s  ETA 0h09m15s
[pal-with-d4] 470/800  0.6 games/s  ETA 0h09m10s
[pal-with-d4] 470/800  0.6 games/s  ETA 0h09m12s
[pal-with-d4] 472/800  0.6 games/s  ETA 0h09m08s
[pal-with-d4] 472/800  0.6 games/s  ETA 0h09m09s
[pal-with-d4] 475/800  0.6 games/s  ETA 0h09m02s
[pal-with-d4] 475/800  0.6 games/s  ETA 0h09m03s
[pal-with-d4] 476/800  0.6 games/s  ETA 0h09m02s
[pal-with-d4] 476/800  0.6 games/s  ETA 0h09m03s
[pal-with-d4] 477/800  0.6 games/s  ETA 0h09m02s
[pal-with-d4] 479/800  0.6 games/s  ETA 0h08m57s
[pal-with-d4] 479/800  0.6 games/s  ETA 0h08m59s
[pal-with-d4] 480/800  0.6 games/s  ETA 0h08m57s
[pal-with-d4] 482/800  0.6 games/s  ETA 0h08m53s
[pal-with-d4] 484/800  0.6 games/s  ETA 0h08m49s
[pal-with-d4] 485/800  0.6 games/s  ETA 0h08m47s
[pal-with-d4] 489/800  0.6 games/s  ETA 0h08m38s
[pal-with-d4] 489/800  0.6 games/s  ETA 0h08m39s
[pal-with-d4] 490/800  0.6 games/s  ETA 0h08m37s
[pal-with-d4] 490/800  0.6 games/s  ETA 0h08m39s
[pal-with-d4] 492/800  0.6 games/s  ETA 0h08m35s
[pal-with-d4] 493/800  0.6 games/s  ETA 0h08m33s
[pal-with-d4] 495/800  0.6 games/s  ETA 0h08m29s
[pal-with-d4] 498/800  0.6 games/s  ETA 0h08m22s
[pal-with-d4] 498/800  0.6 games/s  ETA 0h08m23s
[pal-with-d4] 500/800  0.6 games/s  ETA 0h08m19s
[pal-with-d4] 501/800  0.6 games/s  ETA 0h08m18s
[pal-with-d4] 502/800  0.6 games/s  ETA 0h08m16s
[pal-with-d4] 504/800  0.6 games/s  ETA 0h08m12s
[pal-with-d4] 505/800  0.6 games/s  ETA 0h08m11s
[pal-with-d4] 505/800  0.6 games/s  ETA 0h08m12s
[pal-with-d4] 507/800  0.6 games/s  ETA 0h08m08s
[pal-with-d4] 509/800  0.6 games/s  ETA 0h08m04s
[pal-with-d4] 511/800  0.6 games/s  ETA 0h08m00s
[pal-with-d4] 512/800  0.6 games/s  ETA 0h07m58s
[pal-with-d4] 512/800  0.6 games/s  ETA 0h07m59s
[pal-with-d4] 513/800  0.6 games/s  ETA 0h07m58s
[pal-with-d4] 515/800  0.6 games/s  ETA 0h07m54s
[pal-with-d4] 516/800  0.6 games/s  ETA 0h07m52s
[pal-with-d4] 517/800  0.6 games/s  ETA 0h07m51s
[pal-with-d4] 519/800  0.6 games/s  ETA 0h07m47s
[pal-with-d4] 520/800  0.6 games/s  ETA 0h07m45s
[pal-with-d4] 520/800  0.6 games/s  ETA 0h07m46s
[pal-with-d4] 520/800  0.6 games/s  ETA 0h07m47s
[pal-with-d4] 522/800  0.6 games/s  ETA 0h07m43s
[pal-with-d4] 522/800  0.6 games/s  ETA 0h07m44s
[pal-with-d4] 523/800  0.6 games/s  ETA 0h07m43s
[pal-with-d4] 525/800  0.6 games/s  ETA 0h07m39s
[pal-with-d4] 526/800  0.6 games/s  ETA 0h07m37s
[pal-with-d4] 527/800  0.6 games/s  ETA 0h07m36s
[pal-with-d4] 527/800  0.6 games/s  ETA 0h07m37s
[pal-with-d4] 530/800  0.6 games/s  ETA 0h07m30s
[pal-with-d4] 531/800  0.6 games/s  ETA 0h07m29s
[pal-with-d4] 532/800  0.6 games/s  ETA 0h07m27s
[pal-with-d4] 533/800  0.6 games/s  ETA 0h07m26s
[pal-with-d4] 536/800  0.6 games/s  ETA 0h07m19s
[pal-with-d4] 538/800  0.6 games/s  ETA 0h07m15s
[pal-with-d4] 540/800  0.6 games/s  ETA 0h07m11s
[pal-with-d4] 542/800  0.6 games/s  ETA 0h07m07s
[pal-with-d4] 543/800  0.6 games/s  ETA 0h07m06s
[pal-with-d4] 544/800  0.6 games/s  ETA 0h07m04s
[pal-with-d4] 545/800  0.6 games/s  ETA 0h07m03s
[pal-with-d4] 545/800  0.6 games/s  ETA 0h07m04s
[pal-with-d4] 548/800  0.6 games/s  ETA 0h06m57s
[pal-with-d4] 548/800  0.6 games/s  ETA 0h06m58s
[pal-with-d4] 550/800  0.6 games/s  ETA 0h06m54s
[pal-with-d4] 552/800  0.6 games/s  ETA 0h06m51s
[pal-with-d4] 552/800  0.6 games/s  ETA 0h06m51s
[pal-with-d4] 554/800  0.6 games/s  ETA 0h06m47s
[pal-with-d4] 555/800  0.6 games/s  ETA 0h06m46s
[pal-with-d4] 555/800  0.6 games/s  ETA 0h06m47s
[pal-with-d4] 556/800  0.6 games/s  ETA 0h06m45s
[pal-with-d4] 558/800  0.6 games/s  ETA 0h06m41s
[pal-with-d4] 559/800  0.6 games/s  ETA 0h06m40s
[pal-with-d4] 560/800  0.6 games/s  ETA 0h06m38s
[pal-with-d4] 560/800  0.6 games/s  ETA 0h06m39s
[pal-with-d4] 560/800  0.6 games/s  ETA 0h06m40s
[pal-with-d4] 562/800  0.6 games/s  ETA 0h06m36s
[pal-with-d4] 562/800  0.6 games/s  ETA 0h06m37s
[pal-with-d4] 564/800  0.6 games/s  ETA 0h06m33s
[pal-with-d4] 566/800  0.6 games/s  ETA 0h06m29s
[pal-with-d4] 568/800  0.6 games/s  ETA 0h06m25s
[pal-with-d4] 570/800  0.6 games/s  ETA 0h06m22s
[pal-with-d4] 572/800  0.6 games/s  ETA 0h06m18s
[pal-with-d4] 573/800  0.6 games/s  ETA 0h06m16s
[pal-with-d4] 574/800  0.6 games/s  ETA 0h06m15s
[pal-with-d4] 576/800  0.6 games/s  ETA 0h06m11s
[pal-with-d4] 576/800  0.6 games/s  ETA 0h06m12s
[pal-with-d4] 579/800  0.6 games/s  ETA 0h06m05s
[pal-with-d4] 582/800  0.6 games/s  ETA 0h05m59s
[pal-with-d4] 585/800  0.6 games/s  ETA 0h05m53s
[pal-with-d4] 585/800  0.6 games/s  ETA 0h05m54s
[pal-with-d4] 585/800  0.6 games/s  ETA 0h05m55s
[pal-with-d4] 586/800  0.6 games/s  ETA 0h05m53s
[pal-with-d4] 587/800  0.6 games/s  ETA 0h05m52s
[pal-with-d4] 589/800  0.6 games/s  ETA 0h05m48s
[pal-with-d4] 590/800  0.6 games/s  ETA 0h05m46s
[pal-with-d4] 592/800  0.6 games/s  ETA 0h05m43s
[pal-with-d4] 593/800  0.6 games/s  ETA 0h05m41s
[pal-with-d4] 595/800  0.6 games/s  ETA 0h05m37s
[pal-with-d4] 596/800  0.6 games/s  ETA 0h05m36s
[pal-with-d4] 597/800  0.6 games/s  ETA 0h05m34s
[pal-with-d4] 598/800  0.6 games/s  ETA 0h05m33s
[pal-with-d4] 600/800  0.6 games/s  ETA 0h05m29s
[pal-with-d4] 600/800  0.6 games/s  ETA 0h05m30s
[pal-with-d4] 601/800  0.6 games/s  ETA 0h05m28s
[pal-with-d4] 602/800  0.6 games/s  ETA 0h05m27s
[pal-with-d4] 603/800  0.6 games/s  ETA 0h05m25s
[pal-with-d4] 605/800  0.6 games/s  ETA 0h05m21s
[pal-with-d4] 607/800  0.6 games/s  ETA 0h05m18s
[pal-with-d4] 607/800  0.6 games/s  ETA 0h05m18s
[pal-with-d4] 609/800  0.6 games/s  ETA 0h05m15s
[pal-with-d4] 610/800  0.6 games/s  ETA 0h05m13s
[pal-with-d4] 612/800  0.6 games/s  ETA 0h05m09s
[pal-with-d4] 612/800  0.6 games/s  ETA 0h05m10s
[pal-with-d4] 614/800  0.6 games/s  ETA 0h05m06s
[pal-with-d4] 615/800  0.6 games/s  ETA 0h05m05s
[pal-with-d4] 618/800  0.6 games/s  ETA 0h04m59s
[pal-with-d4] 618/800  0.6 games/s  ETA 0h05m00s
[pal-with-d4] 620/800  0.6 games/s  ETA 0h04m56s
[pal-with-d4] 620/800  0.6 games/s  ETA 0h04m56s
[pal-with-d4] 623/800  0.6 games/s  ETA 0h04m51s
[pal-with-d4] 624/800  0.6 games/s  ETA 0h04m49s
[pal-with-d4] 625/800  0.6 games/s  ETA 0h04m48s
[pal-with-d4] 627/800  0.6 games/s  ETA 0h04m44s
[pal-with-d4] 628/800  0.6 games/s  ETA 0h04m42s
[pal-with-d4] 630/800  0.6 games/s  ETA 0h04m39s
[pal-with-d4] 631/800  0.6 games/s  ETA 0h04m37s
[pal-with-d4] 632/800  0.6 games/s  ETA 0h04m36s
[pal-with-d4] 633/800  0.6 games/s  ETA 0h04m34s
[pal-with-d4] 635/800  0.6 games/s  ETA 0h04m30s
[pal-with-d4] 636/800  0.6 games/s  ETA 0h04m29s
[pal-with-d4] 636/800  0.6 games/s  ETA 0h04m29s
[pal-with-d4] 636/800  0.6 games/s  ETA 0h04m30s
[pal-with-d4] 639/800  0.6 games/s  ETA 0h04m24s
[pal-with-d4] 639/800  0.6 games/s  ETA 0h04m25s
[pal-with-d4] 640/800  0.6 games/s  ETA 0h04m23s
[pal-with-d4] 641/800  0.6 games/s  ETA 0h04m22s
[pal-with-d4] 643/800  0.6 games/s  ETA 0h04m18s
[pal-with-d4] 644/800  0.6 games/s  ETA 0h04m16s
[pal-with-d4] 645/800  0.6 games/s  ETA 0h04m15s
[pal-with-d4] 648/800  0.6 games/s  ETA 0h04m09s
[pal-with-d4] 650/800  0.6 games/s  ETA 0h04m06s
[pal-with-d4] 650/800  0.6 games/s  ETA 0h04m06s
[pal-with-d4] 651/800  0.6 games/s  ETA 0h04m05s
[pal-with-d4] 651/800  0.6 games/s  ETA 0h04m05s
[pal-with-d4] 653/800  0.6 games/s  ETA 0h04m01s
[pal-with-d4] 654/800  0.6 games/s  ETA 0h04m00s
[pal-with-d4] 654/800  0.6 games/s  ETA 0h04m00s
[pal-with-d4] 656/800  0.6 games/s  ETA 0h03m57s
[pal-with-d4] 658/800  0.6 games/s  ETA 0h03m53s
[pal-with-d4] 659/800  0.6 games/s  ETA 0h03m52s
[pal-with-d4] 660/800  0.6 games/s  ETA 0h03m50s
[pal-with-d4] 661/800  0.6 games/s  ETA 0h03m48s
[pal-with-d4] 663/800  0.6 games/s  ETA 0h03m45s
[pal-with-d4] 664/800  0.6 games/s  ETA 0h03m43s
[pal-with-d4] 665/800  0.6 games/s  ETA 0h03m42s
[pal-with-d4] 666/800  0.6 games/s  ETA 0h03m40s
[pal-with-d4] 666/800  0.6 games/s  ETA 0h03m41s
[pal-with-d4] 666/800  0.6 games/s  ETA 0h03m41s
[pal-with-d4] 669/800  0.6 games/s  ETA 0h03m35s
[pal-with-d4] 671/800  0.6 games/s  ETA 0h03m32s
[pal-with-d4] 672/800  0.6 games/s  ETA 0h03m30s
[pal-with-d4] 675/800  0.6 games/s  ETA 0h03m25s
[pal-with-d4] 677/800  0.6 games/s  ETA 0h03m21s
[pal-with-d4] 677/800  0.6 games/s  ETA 0h03m22s
[pal-with-d4] 678/800  0.6 games/s  ETA 0h03m20s
[pal-with-d4] 680/800  0.6 games/s  ETA 0h03m17s
[pal-with-d4] 680/800  0.6 games/s  ETA 0h03m17s
[pal-with-d4] 681/800  0.6 games/s  ETA 0h03m15s
[pal-with-d4] 682/800  0.6 games/s  ETA 0h03m14s
[pal-with-d4] 683/800  0.6 games/s  ETA 0h03m12s
[pal-with-d4] 683/800  0.6 games/s  ETA 0h03m13s
[pal-with-d4] 685/800  0.6 games/s  ETA 0h03m09s
[pal-with-d4] 685/800  0.6 games/s  ETA 0h03m09s
[pal-with-d4] 687/800  0.6 games/s  ETA 0h03m06s
[pal-with-d4] 689/800  0.6 games/s  ETA 0h03m02s
[pal-with-d4] 690/800  0.6 games/s  ETA 0h03m01s
[pal-with-d4] 691/800  0.6 games/s  ETA 0h02m59s
[pal-with-d4] 692/800  0.6 games/s  ETA 0h02m58s
[pal-with-d4] 694/800  0.6 games/s  ETA 0h02m54s
[pal-with-d4] 694/800  0.6 games/s  ETA 0h02m54s
[pal-with-d4] 698/800  0.6 games/s  ETA 0h02m47s
[pal-with-d4] 699/800  0.6 games/s  ETA 0h02m46s
[pal-with-d4] 700/800  0.6 games/s  ETA 0h02m44s
[pal-with-d4] 701/800  0.6 games/s  ETA 0h02m42s
[pal-with-d4] 702/800  0.6 games/s  ETA 0h02m41s
[pal-with-d4] 703/800  0.6 games/s  ETA 0h02m39s
[pal-with-d4] 704/800  0.6 games/s  ETA 0h02m38s
[pal-with-d4] 706/800  0.6 games/s  ETA 0h02m34s
[pal-with-d4] 707/800  0.6 games/s  ETA 0h02m32s
[pal-with-d4] 708/800  0.6 games/s  ETA 0h02m31s
[pal-with-d4] 710/800  0.6 games/s  ETA 0h02m27s
[pal-with-d4] 711/800  0.6 games/s  ETA 0h02m26s
[pal-with-d4] 713/800  0.6 games/s  ETA 0h02m22s
[pal-with-d4] 714/800  0.6 games/s  ETA 0h02m21s
[pal-with-d4] 715/800  0.6 games/s  ETA 0h02m19s
[pal-with-d4] 715/800  0.6 games/s  ETA 0h02m19s
[pal-with-d4] 715/800  0.6 games/s  ETA 0h02m20s
[pal-with-d4] 719/800  0.6 games/s  ETA 0h02m13s
[pal-with-d4] 719/800  0.6 games/s  ETA 0h02m13s
[pal-with-d4] 719/800  0.6 games/s  ETA 0h02m13s
[pal-with-d4] 721/800  0.6 games/s  ETA 0h02m10s
[pal-with-d4] 721/800  0.6 games/s  ETA 0h02m10s
[pal-with-d4] 722/800  0.6 games/s  ETA 0h02m08s
[pal-with-d4] 722/800  0.6 games/s  ETA 0h02m08s
[pal-with-d4] 724/800  0.6 games/s  ETA 0h02m05s
[pal-with-d4] 724/800  0.6 games/s  ETA 0h02m05s
[pal-with-d4] 726/800  0.6 games/s  ETA 0h02m02s
[pal-with-d4] 727/800  0.6 games/s  ETA 0h02m00s
[pal-with-d4] 731/800  0.6 games/s  ETA 0h01m53s
[pal-with-d4] 733/800  0.6 games/s  ETA 0h01m50s
[pal-with-d4] 733/800  0.6 games/s  ETA 0h01m50s
[pal-with-d4] 734/800  0.6 games/s  ETA 0h01m48s
[pal-with-d4] 736/800  0.6 games/s  ETA 0h01m45s
[pal-with-d4] 736/800  0.6 games/s  ETA 0h01m45s
[pal-with-d4] 737/800  0.6 games/s  ETA 0h01m43s
[pal-with-d4] 739/800  0.6 games/s  ETA 0h01m40s
[pal-with-d4] 740/800  0.6 games/s  ETA 0h01m38s
[pal-with-d4] 741/800  0.6 games/s  ETA 0h01m37s
[pal-with-d4] 742/800  0.6 games/s  ETA 0h01m35s
[pal-with-d4] 743/800  0.6 games/s  ETA 0h01m33s
[pal-with-d4] 745/800  0.6 games/s  ETA 0h01m30s
[pal-with-d4] 746/800  0.6 games/s  ETA 0h01m28s
[pal-with-d4] 748/800  0.6 games/s  ETA 0h01m25s
[pal-with-d4] 749/800  0.6 games/s  ETA 0h01m23s
[pal-with-d4] 750/800  0.6 games/s  ETA 0h01m22s
[pal-with-d4] 751/800  0.6 games/s  ETA 0h01m20s
[pal-with-d4] 752/800  0.6 games/s  ETA 0h01m19s
[pal-with-d4] 753/800  0.6 games/s  ETA 0h01m17s
[pal-with-d4] 756/800  0.6 games/s  ETA 0h01m12s
[pal-with-d4] 757/800  0.6 games/s  ETA 0h01m10s
[pal-with-d4] 758/800  0.6 games/s  ETA 0h01m09s
[pal-with-d4] 759/800  0.6 games/s  ETA 0h01m07s
[pal-with-d4] 759/800  0.6 games/s  ETA 0h01m07s
[pal-with-d4] 759/800  0.6 games/s  ETA 0h01m07s
[pal-with-d4] 760/800  0.6 games/s  ETA 0h01m06s
[pal-with-d4] 761/800  0.6 games/s  ETA 0h01m04s
[pal-with-d4] 761/800  0.6 games/s  ETA 0h01m04s
[pal-with-d4] 763/800  0.6 games/s  ETA 0h01m01s
[pal-with-d4] 765/800  0.6 games/s  ETA 0h00m57s
[pal-with-d4] 766/800  0.6 games/s  ETA 0h00m56s
[pal-with-d4] 767/800  0.6 games/s  ETA 0h00m54s
[pal-with-d4] 770/800  0.6 games/s  ETA 0h00m49s
[pal-with-d4] 771/800  0.6 games/s  ETA 0h00m47s
[pal-with-d4] 772/800  0.6 games/s  ETA 0h00m46s
[pal-with-d4] 773/800  0.6 games/s  ETA 0h00m44s
[pal-with-d4] 774/800  0.6 games/s  ETA 0h00m42s
[pal-with-d4] 775/800  0.6 games/s  ETA 0h00m41s
[pal-with-d4] 775/800  0.6 games/s  ETA 0h00m41s
[pal-with-d4] 776/800  0.6 games/s  ETA 0h00m39s
[pal-with-d4] 779/800  0.6 games/s  ETA 0h00m34s
[pal-with-d4] 779/800  0.6 games/s  ETA 0h00m34s
[pal-with-d4] 782/800  0.6 games/s  ETA 0h00m29s
[pal-with-d4] 783/800  0.6 games/s  ETA 0h00m28s
[pal-with-d4] 784/800  0.6 games/s  ETA 0h00m26s
[pal-with-d4] 786/800  0.6 games/s  ETA 0h00m23s
[pal-with-d4] 786/800  0.6 games/s  ETA 0h00m23s
[pal-with-d4] 788/800  0.6 games/s  ETA 0h00m19s
[pal-with-d4] 790/800  0.6 games/s  ETA 0h00m16s
[pal-with-d4] 791/800  0.6 games/s  ETA 0h00m14s
[pal-with-d4] 793/800  0.6 games/s  ETA 0h00m11s
[pal-with-d4] 795/800  0.6 games/s  ETA 0h00m08s
[pal-with-d4] 796/800  0.6 games/s  ETA 0h00m06s
[pal-with-d4] 797/800  0.6 games/s  ETA 0h00m04s
[pal-with-d4] 797/800  0.6 games/s  ETA 0h00m04s
[pal-with-d4] 798/800  0.6 games/s  ETA 0h00m03s
[pal-with-d4] 800 games in 0h21m56s (0.6 games/s)
[pal-with-d4] summary -> sim/out/pal-with-d4.summary.json
