[pal-with] 2000 games (0 already done), 2000 to play on 4 workers -> sim/out/pal-with.jsonl
[pal-with] depth 3, 4 random opening plies, ply cap 300, pairs off (both sides identical; --pairs forces them on)
[pal-with] rules {}, values {}
[pal-with] 3/2000  1.5 games/s  ETA 0h22m12s
[pal-with] 8/2000  2.0 games/s  ETA 0h16m36s
[pal-with] 15/2000  2.5 games/s  ETA 0h13m14s
[pal-with] 20/2000  2.5 games/s  ETA 0h13m12s
[pal-with] 22/2000  2.2 games/s  ETA 0h14m59s
[pal-with] 26/2000  2.2 games/s  ETA 0h15m12s
[pal-with] 32/2000  2.3 games/s  ETA 0h14m21s
[pal-with] 37/2000  2.3 games/s  ETA 0h14m09s
[pal-with] 42/2000  2.3 games/s  ETA 0h14m00s
[pal-with] 48/2000  2.4 games/s  ETA 0h13m34s
[pal-with] 55/2000  2.5 games/s  ETA 0h12m58s
[pal-with] 61/2000  2.5 games/s  ETA 0h12m43s
[pal-with] 65/2000  2.5 games/s  ETA 0h12m54s
[pal-with] 70/2000  2.5 games/s  ETA 0h12m52s
[pal-with] 76/2000  2.5 games/s  ETA 0h12m40s
[pal-with] 80/2000  2.5 games/s  ETA 0h12m48s
[pal-with] 84/2000  2.5 games/s  ETA 0h12m56s
[pal-with] 88/2000  2.4 games/s  ETA 0h13m02s
[pal-with] 92/2000  2.4 games/s  ETA 0h13m08s
[pal-with] 97/2000  2.4 games/s  ETA 0h13m05s
[pal-with] 101/2000  2.4 games/s  ETA 0h13m10s
[pal-with] 105/2000  2.4 games/s  ETA 0h13m14s
[pal-with] 108/2000  2.3 games/s  ETA 0h13m26s
[pal-with] 112/2000  2.3 games/s  ETA 0h13m29s
[pal-with] 117/2000  2.3 games/s  ETA 0h13m25s
[pal-with] 122/2000  2.3 games/s  ETA 0h13m21s
[pal-with] 127/2000  2.3 games/s  ETA 0h13m17s
[pal-with] 131/2000  2.3 games/s  ETA 0h13m19s
[pal-with] 134/2000  2.3 games/s  ETA 0h13m28s
[pal-with] 139/2000  2.3 games/s  ETA 0h13m24s
[pal-with] 145/2000  2.3 games/s  ETA 0h13m13s
[pal-with] 150/2000  2.3 games/s  ETA 0h13m10s
[pal-with] 153/2000  2.3 games/s  ETA 0h13m17s
[pal-with] 159/2000  2.3 games/s  ETA 0h13m08s
[pal-with] 163/2000  2.3 games/s  ETA 0h13m09s
[pal-with] 171/2000  2.4 games/s  ETA 0h12m50s
[pal-with] 176/2000  2.4 games/s  ETA 0h12m47s
[pal-with] 181/2000  2.4 games/s  ETA 0h12m44s
[pal-with] 185/2000  2.4 games/s  ETA 0h12m45s
[pal-with] 190/2000  2.4 games/s  ETA 0h12m42s
[pal-with] 196/2000  2.4 games/s  ETA 0h12m35s
[pal-with] 201/2000  2.4 games/s  ETA 0h12m32s
[pal-with] 202/2000  2.3 games/s  ETA 0h12m46s
[pal-with] 206/2000  2.3 games/s  ETA 0h12m47s
[pal-with] 212/2000  2.4 games/s  ETA 0h12m39s
[pal-with] 221/2000  2.4 games/s  ETA 0h12m21s
[pal-with] 226/2000  2.4 games/s  ETA 0h12m18s
[pal-with] 231/2000  2.4 games/s  ETA 0h12m15s
[pal-with] 236/2000  2.4 games/s  ETA 0h12m13s
[pal-with] 242/2000  2.4 games/s  ETA 0h12m07s
[pal-with] 247/2000  2.4 games/s  ETA 0h12m04s
[pal-with] 251/2000  2.4 games/s  ETA 0h12m05s
[pal-with] 257/2000  2.4 games/s  ETA 0h11m59s
[pal-with] 261/2000  2.4 games/s  ETA 0h12m00s
[pal-with] 263/2000  2.4 games/s  ETA 0h12m07s
[pal-with] 268/2000  2.4 games/s  ETA 0h12m04s
[pal-with] 273/2000  2.4 games/s  ETA 0h12m01s
[pal-with] 280/2000  2.4 games/s  ETA 0h11m53s
[pal-with] 283/2000  2.4 games/s  ETA 0h11m56s
[pal-with] 291/2000  2.4 games/s  ETA 0h11m45s
[pal-with] 296/2000  2.4 games/s  ETA 0h11m42s
[pal-with] 301/2000  2.4 games/s  ETA 0h11m40s
[pal-with] 307/2000  2.4 games/s  ETA 0h11m35s
[pal-with] 312/2000  2.4 games/s  ETA 0h11m33s
[pal-with] 316/2000  2.4 games/s  ETA 0h11m33s
[pal-with] 322/2000  2.4 games/s  ETA 0h11m28s
[pal-with] 329/2000  2.5 games/s  ETA 0h11m21s
[pal-with] 333/2000  2.4 games/s  ETA 0h11m21s
[pal-with] 339/2000  2.5 games/s  ETA 0h11m16s
[pal-with] 344/2000  2.5 games/s  ETA 0h11m14s
[pal-with] 348/2000  2.4 games/s  ETA 0h11m14s
[pal-with] 355/2000  2.5 games/s  ETA 0h11m07s
[pal-with] 361/2000  2.5 games/s  ETA 0h11m03s
[pal-with] 365/2000  2.5 games/s  ETA 0h11m03s
[pal-with] 370/2000  2.5 games/s  ETA 0h11m01s
[pal-with] 375/2000  2.5 games/s  ETA 0h10m59s
[pal-with] 382/2000  2.5 games/s  ETA 0h10m52s
[pal-with] 386/2000  2.5 games/s  ETA 0h10m52s
[pal-with] 390/2000  2.5 games/s  ETA 0h10m52s
[pal-with] 396/2000  2.5 games/s  ETA 0h10m48s
[pal-with] 404/2000  2.5 games/s  ETA 0h10m40s
[pal-with] 409/2000  2.5 games/s  ETA 0h10m38s
[pal-with] 416/2000  2.5 games/s  ETA 0h10m32s
[pal-with] 420/2000  2.5 games/s  ETA 0h10m32s
[pal-with] 421/2000  2.5 games/s  ETA 0h10m38s
[pal-with] 428/2000  2.5 games/s  ETA 0h10m32s
[pal-with] 433/2000  2.5 games/s  ETA 0h10m30s
[pal-with] 437/2000  2.5 games/s  ETA 0h10m30s
[pal-with] 444/2000  2.5 games/s  ETA 0h10m24s
[pal-with] 450/2000  2.5 games/s  ETA 0h10m20s
[pal-with] 455/2000  2.5 games/s  ETA 0h10m18s
[pal-with] 461/2000  2.5 games/s  ETA 0h10m14s
[pal-with] 466/2000  2.5 games/s  ETA 0h10m12s
[pal-with] 472/2000  2.5 games/s  ETA 0h10m09s
[pal-with] 478/2000  2.5 games/s  ETA 0h10m05s
[pal-with] 483/2000  2.5 games/s  ETA 0h10m03s
[pal-with] 486/2000  2.5 games/s  ETA 0h10m04s
[pal-with] 493/2000  2.5 games/s  ETA 0h09m59s
[pal-with] 495/2000  2.5 games/s  ETA 0h10m02s
[pal-with] 500/2000  2.5 games/s  ETA 0h10m00s
[pal-with] 503/2000  2.5 games/s  ETA 0h10m01s
[pal-with] 509/2000  2.5 games/s  ETA 0h09m58s
[pal-with] 513/2000  2.5 games/s  ETA 0h09m57s
[pal-with] 519/2000  2.5 games/s  ETA 0h09m54s
[pal-with] 521/2000  2.5 games/s  ETA 0h09m56s
[pal-with] 525/2000  2.5 games/s  ETA 0h09m56s
[pal-with] 528/2000  2.5 games/s  ETA 0h09m57s
[pal-with] 533/2000  2.5 games/s  ETA 0h09m55s
[pal-with] 540/2000  2.5 games/s  ETA 0h09m49s
[pal-with] 543/2000  2.5 games/s  ETA 0h09m50s
[pal-with] 552/2000  2.5 games/s  ETA 0h09m42s
[pal-with] 558/2000  2.5 games/s  ETA 0h09m39s
[pal-with] 562/2000  2.5 games/s  ETA 0h09m38s
[pal-with] 565/2000  2.5 games/s  ETA 0h09m39s
[pal-with] 573/2000  2.5 games/s  ETA 0h09m33s
[pal-with] 577/2000  2.5 games/s  ETA 0h09m32s
[pal-with] 584/2000  2.5 games/s  ETA 0h09m27s
[pal-with] 591/2000  2.5 games/s  ETA 0h09m23s
[pal-with] 597/2000  2.5 games/s  ETA 0h09m19s
[pal-with] 602/2000  2.5 games/s  ETA 0h09m17s
[pal-with] 605/2000  2.5 games/s  ETA 0h09m18s
[pal-with] 610/2000  2.5 games/s  ETA 0h09m16s
[pal-with] 616/2000  2.5 games/s  ETA 0h09m13s
[pal-with] 621/2000  2.5 games/s  ETA 0h09m11s
[pal-with] 628/2000  2.5 games/s  ETA 0h09m06s
[pal-with] 633/2000  2.5 games/s  ETA 0h09m04s
[pal-with] 639/2000  2.5 games/s  ETA 0h09m01s
[pal-with] 645/2000  2.5 games/s  ETA 0h08m58s
[pal-with] 648/2000  2.5 games/s  ETA 0h08m58s
[pal-with] 653/2000  2.5 games/s  ETA 0h08m56s
[pal-with] 658/2000  2.5 games/s  ETA 0h08m54s
[pal-with] 663/2000  2.5 games/s  ETA 0h08m52s
[pal-with] 668/2000  2.5 games/s  ETA 0h08m50s
[pal-with] 675/2000  2.5 games/s  ETA 0h08m46s
[pal-with] 679/2000  2.5 games/s  ETA 0h08m45s
[pal-with] 684/2000  2.5 games/s  ETA 0h08m43s
[pal-with] 690/2000  2.5 games/s  ETA 0h08m40s
[pal-with] 694/2000  2.5 games/s  ETA 0h08m39s
[pal-with] 701/2000  2.5 games/s  ETA 0h08m35s
[pal-with] 707/2000  2.5 games/s  ETA 0h08m32s
[pal-with] 713/2000  2.5 games/s  ETA 0h08m29s
[pal-with] 717/2000  2.5 games/s  ETA 0h08m28s
[pal-with] 722/2000  2.5 games/s  ETA 0h08m26s
[pal-with] 726/2000  2.5 games/s  ETA 0h08m25s
[pal-with] 731/2000  2.5 games/s  ETA 0h08m23s
[pal-with] 735/2000  2.5 games/s  ETA 0h08m23s
[pal-with] 739/2000  2.5 games/s  ETA 0h08m22s
[pal-with] 744/2000  2.5 games/s  ETA 0h08m20s
[pal-with] 751/2000  2.5 games/s  ETA 0h08m16s
[pal-with] 757/2000  2.5 games/s  ETA 0h08m13s
[pal-with] 762/2000  2.5 games/s  ETA 0h08m11s
[pal-with] 766/2000  2.5 games/s  ETA 0h08m10s
[pal-with] 770/2000  2.5 games/s  ETA 0h08m09s
[pal-with] 778/2000  2.5 games/s  ETA 0h08m04s
[pal-with] 783/2000  2.5 games/s  ETA 0h08m02s
[pal-with] 786/2000  2.5 games/s  ETA 0h08m02s
[pal-with] 791/2000  2.5 games/s  ETA 0h08m00s
[pal-with] 794/2000  2.5 games/s  ETA 0h08m00s
[pal-with] 802/2000  2.5 games/s  ETA 0h07m55s
[pal-with] 808/2000  2.5 games/s  ETA 0h07m52s
[pal-with] 815/2000  2.5 games/s  ETA 0h07m48s
[pal-with] 822/2000  2.5 games/s  ETA 0h07m44s
[pal-with] 829/2000  2.5 games/s  ETA 0h07m40s
[pal-with] 833/2000  2.5 games/s  ETA 0h07m39s
[pal-with] 839/2000  2.5 games/s  ETA 0h07m37s
[pal-with] 844/2000  2.5 games/s  ETA 0h07m35s
[pal-with] 850/2000  2.5 games/s  ETA 0h07m32s
[pal-with] 856/2000  2.5 games/s  ETA 0h07m29s
[pal-with] 859/2000  2.5 games/s  ETA 0h07m29s
[pal-with] 864/2000  2.5 games/s  ETA 0h07m27s
[pal-with] 870/2000  2.5 games/s  ETA 0h07m24s
[pal-with] 875/2000  2.5 games/s  ETA 0h07m22s
[pal-with] 881/2000  2.5 games/s  ETA 0h07m19s
[pal-with] 882/2000  2.5 games/s  ETA 0h07m21s
[pal-with] 891/2000  2.5 games/s  ETA 0h07m16s
[pal-with] 893/2000  2.5 games/s  ETA 0h07m16s
[pal-with] 903/2000  2.5 games/s  ETA 0h07m10s
[pal-with] 909/2000  2.6 games/s  ETA 0h07m07s
[pal-with] 914/2000  2.6 games/s  ETA 0h07m05s
[pal-with] 919/2000  2.6 games/s  ETA 0h07m03s
[pal-with] 925/2000  2.6 games/s  ETA 0h07m01s
[pal-with] 929/2000  2.6 games/s  ETA 0h06m59s
[pal-with] 935/2000  2.6 games/s  ETA 0h06m57s
[pal-with] 943/2000  2.6 games/s  ETA 0h06m52s
[pal-with] 951/2000  2.6 games/s  ETA 0h06m48s
[pal-with] 954/2000  2.6 games/s  ETA 0h06m48s
[pal-with] 962/2000  2.6 games/s  ETA 0h06m43s
[pal-with] 967/2000  2.6 games/s  ETA 0h06m42s
[pal-with] 972/2000  2.6 games/s  ETA 0h06m40s
[pal-with] 978/2000  2.6 games/s  ETA 0h06m37s
[pal-with] 984/2000  2.6 games/s  ETA 0h06m34s
[pal-with] 988/2000  2.6 games/s  ETA 0h06m33s
[pal-with] 994/2000  2.6 games/s  ETA 0h06m30s
[pal-with] 999/2000  2.6 games/s  ETA 0h06m29s
[pal-with] 1004/2000  2.6 games/s  ETA 0h06m27s
[pal-with] 1011/2000  2.6 games/s  ETA 0h06m23s
[pal-with] 1017/2000  2.6 games/s  ETA 0h06m21s
[pal-with] 1022/2000  2.6 games/s  ETA 0h06m19s
[pal-with] 1026/2000  2.6 games/s  ETA 0h06m18s
[pal-with] 1031/2000  2.6 games/s  ETA 0h06m16s
[pal-with] 1037/2000  2.6 games/s  ETA 0h06m13s
[pal-with] 1042/2000  2.6 games/s  ETA 0h06m11s
[pal-with] 1049/2000  2.6 games/s  ETA 0h06m08s
[pal-with] 1056/2000  2.6 games/s  ETA 0h06m05s
[pal-with] 1061/2000  2.6 games/s  ETA 0h06m03s
[pal-with] 1066/2000  2.6 games/s  ETA 0h06m01s
[pal-with] 1072/2000  2.6 games/s  ETA 0h05m58s
[pal-with] 1076/2000  2.6 games/s  ETA 0h05m57s
[pal-with] 1080/2000  2.6 games/s  ETA 0h05m56s
[pal-with] 1085/2000  2.6 games/s  ETA 0h05m54s
[pal-with] 1092/2000  2.6 games/s  ETA 0h05m51s
[pal-with] 1096/2000  2.6 games/s  ETA 0h05m50s
[pal-with] 1102/2000  2.6 games/s  ETA 0h05m47s
[pal-with] 1107/2000  2.6 games/s  ETA 0h05m45s
[pal-with] 1112/2000  2.6 games/s  ETA 0h05m43s
[pal-with] 1115/2000  2.6 games/s  ETA 0h05m43s
[pal-with] 1120/2000  2.6 games/s  ETA 0h05m41s
[pal-with] 1128/2000  2.6 games/s  ETA 0h05m37s
[pal-with] 1133/2000  2.6 games/s  ETA 0h05m35s
[pal-with] 1138/2000  2.6 games/s  ETA 0h05m33s
[pal-with] 1141/2000  2.6 games/s  ETA 0h05m33s
[pal-with] 1146/2000  2.6 games/s  ETA 0h05m31s
[pal-with] 1152/2000  2.6 games/s  ETA 0h05m28s
[pal-with] 1157/2000  2.6 games/s  ETA 0h05m26s
[pal-with] 1162/2000  2.6 games/s  ETA 0h05m24s
[pal-with] 1170/2000  2.6 games/s  ETA 0h05m20s
[pal-with] 1175/2000  2.6 games/s  ETA 0h05m19s
[pal-with] 1180/2000  2.6 games/s  ETA 0h05m17s
[pal-with] 1185/2000  2.6 games/s  ETA 0h05m15s
[pal-with] 1191/2000  2.6 games/s  ETA 0h05m12s
[pal-with] 1195/2000  2.6 games/s  ETA 0h05m11s
[pal-with] 1201/2000  2.6 games/s  ETA 0h05m08s
[pal-with] 1203/2000  2.6 games/s  ETA 0h05m08s
[pal-with] 1206/2000  2.6 games/s  ETA 0h05m08s
[pal-with] 1214/2000  2.6 games/s  ETA 0h05m04s
[pal-with] 1220/2000  2.6 games/s  ETA 0h05m02s
[pal-with] 1223/2000  2.6 games/s  ETA 0h05m01s
[pal-with] 1226/2000  2.6 games/s  ETA 0h05m00s
[pal-with] 1231/2000  2.6 games/s  ETA 0h04m58s
[pal-with] 1235/2000  2.6 games/s  ETA 0h04m57s
[pal-with] 1240/2000  2.6 games/s  ETA 0h04m55s
[pal-with] 1247/2000  2.6 games/s  ETA 0h04m52s
[pal-with] 1251/2000  2.6 games/s  ETA 0h04m51s
[pal-with] 1259/2000  2.6 games/s  ETA 0h04m47s
[pal-with] 1264/2000  2.6 games/s  ETA 0h04m45s
[pal-with] 1271/2000  2.6 games/s  ETA 0h04m42s
[pal-with] 1274/2000  2.6 games/s  ETA 0h04m41s
[pal-with] 1279/2000  2.6 games/s  ETA 0h04m39s
[pal-with] 1284/2000  2.6 games/s  ETA 0h04m37s
[pal-with] 1291/2000  2.6 games/s  ETA 0h04m34s
[pal-with] 1295/2000  2.6 games/s  ETA 0h04m33s
[pal-with] 1299/2000  2.6 games/s  ETA 0h04m32s
[pal-with] 1307/2000  2.6 games/s  ETA 0h04m28s
[pal-with] 1313/2000  2.6 games/s  ETA 0h04m26s
[pal-with] 1317/2000  2.6 games/s  ETA 0h04m24s
[pal-with] 1321/2000  2.6 games/s  ETA 0h04m23s
[pal-with] 1325/2000  2.6 games/s  ETA 0h04m22s
[pal-with] 1330/2000  2.6 games/s  ETA 0h04m20s
[pal-with] 1335/2000  2.6 games/s  ETA 0h04m18s
[pal-with] 1341/2000  2.6 games/s  ETA 0h04m15s
[pal-with] 1347/2000  2.6 games/s  ETA 0h04m13s
[pal-with] 1352/2000  2.6 games/s  ETA 0h04m11s
[pal-with] 1358/2000  2.6 games/s  ETA 0h04m08s
[pal-with] 1361/2000  2.6 games/s  ETA 0h04m08s
[pal-with] 1366/2000  2.6 games/s  ETA 0h04m06s
[pal-with] 1370/2000  2.6 games/s  ETA 0h04m04s
[pal-with] 1373/2000  2.6 games/s  ETA 0h04m04s
[pal-with] 1379/2000  2.6 games/s  ETA 0h04m01s
[pal-with] 1383/2000  2.6 games/s  ETA 0h04m00s
[pal-with] 1387/2000  2.6 games/s  ETA 0h03m58s
[pal-with] 1390/2000  2.6 games/s  ETA 0h03m58s
[pal-with] 1393/2000  2.6 games/s  ETA 0h03m57s
[pal-with] 1399/2000  2.6 games/s  ETA 0h03m54s
[pal-with] 1403/2000  2.6 games/s  ETA 0h03m53s
[pal-with] 1409/2000  2.6 games/s  ETA 0h03m50s
[pal-with] 1414/2000  2.6 games/s  ETA 0h03m48s
[pal-with] 1417/2000  2.6 games/s  ETA 0h03m48s
[pal-with] 1419/2000  2.5 games/s  ETA 0h03m47s
[pal-with] 1424/2000  2.5 games/s  ETA 0h03m45s
[pal-with] 1426/2000  2.5 games/s  ETA 0h03m45s
[pal-with] 1429/2000  2.5 games/s  ETA 0h03m44s
[pal-with] 1433/2000  2.5 games/s  ETA 0h03m43s
[pal-with] 1438/2000  2.5 games/s  ETA 0h03m41s
[pal-with] 1442/2000  2.5 games/s  ETA 0h03m39s
[pal-with] 1446/2000  2.5 games/s  ETA 0h03m38s
[pal-with] 1448/2000  2.5 games/s  ETA 0h03m38s
[pal-with] 1452/2000  2.5 games/s  ETA 0h03m36s
[pal-with] 1455/2000  2.5 games/s  ETA 0h03m35s
[pal-with] 1458/2000  2.5 games/s  ETA 0h03m35s
[pal-with] 1460/2000  2.5 games/s  ETA 0h03m34s
[pal-with] 1464/2000  2.5 games/s  ETA 0h03m33s
[pal-with] 1470/2000  2.5 games/s  ETA 0h03m30s
[pal-with] 1471/2000  2.5 games/s  ETA 0h03m30s
[pal-with] 1474/2000  2.5 games/s  ETA 0h03m30s
[pal-with] 1476/2000  2.5 games/s  ETA 0h03m29s
[pal-with] 1479/2000  2.5 games/s  ETA 0h03m28s
[pal-with] 1483/2000  2.5 games/s  ETA 0h03m27s
[pal-with] 1489/2000  2.5 games/s  ETA 0h03m24s
[pal-with] 1492/2000  2.5 games/s  ETA 0h03m23s
[pal-with] 1496/2000  2.5 games/s  ETA 0h03m22s
[pal-with] 1500/2000  2.5 games/s  ETA 0h03m20s
[pal-with] 1506/2000  2.5 games/s  ETA 0h03m18s
[pal-with] 1511/2000  2.5 games/s  ETA 0h03m16s
[pal-with] 1514/2000  2.5 games/s  ETA 0h03m15s
[pal-with] 1519/2000  2.5 games/s  ETA 0h03m13s
[pal-with] 1522/2000  2.5 games/s  ETA 0h03m12s
[pal-with] 1525/2000  2.5 games/s  ETA 0h03m11s
[pal-with] 1530/2000  2.5 games/s  ETA 0h03m09s
[pal-with] 1533/2000  2.5 games/s  ETA 0h03m08s
[pal-with] 1535/2000  2.5 games/s  ETA 0h03m07s
[pal-with] 1540/2000  2.5 games/s  ETA 0h03m05s
[pal-with] 1542/2000  2.5 games/s  ETA 0h03m05s
[pal-with] 1546/2000  2.5 games/s  ETA 0h03m03s
[pal-with] 1551/2000  2.5 games/s  ETA 0h03m01s
[pal-with] 1556/2000  2.5 games/s  ETA 0h02m59s
[pal-with] 1559/2000  2.5 games/s  ETA 0h02m58s
[pal-with] 1562/2000  2.5 games/s  ETA 0h02m57s
[pal-with] 1566/2000  2.5 games/s  ETA 0h02m56s
[pal-with] 1569/2000  2.5 games/s  ETA 0h02m55s
[pal-with] 1572/2000  2.5 games/s  ETA 0h02m54s
[pal-with] 1576/2000  2.5 games/s  ETA 0h02m52s
[pal-with] 1579/2000  2.4 games/s  ETA 0h02m51s
[pal-with] 1582/2000  2.4 games/s  ETA 0h02m50s
[pal-with] 1584/2000  2.4 games/s  ETA 0h02m50s
[pal-with] 1587/2000  2.4 games/s  ETA 0h02m49s
[pal-with] 1589/2000  2.4 games/s  ETA 0h02m48s
[pal-with] 1592/2000  2.4 games/s  ETA 0h02m47s
[pal-with] 1595/2000  2.4 games/s  ETA 0h02m46s
[pal-with] 1597/2000  2.4 games/s  ETA 0h02m46s
[pal-with] 1602/2000  2.4 games/s  ETA 0h02m44s
[pal-with] 1608/2000  2.4 games/s  ETA 0h02m41s
[pal-with] 1615/2000  2.4 games/s  ETA 0h02m38s
[pal-with] 1619/2000  2.4 games/s  ETA 0h02m36s
[pal-with] 1624/2000  2.4 games/s  ETA 0h02m34s
[pal-with] 1629/2000  2.4 games/s  ETA 0h02m32s
[pal-with] 1633/2000  2.4 games/s  ETA 0h02m31s
[pal-with] 1638/2000  2.4 games/s  ETA 0h02m29s
[pal-with] 1645/2000  2.4 games/s  ETA 0h02m26s
[pal-with] 1652/2000  2.4 games/s  ETA 0h02m22s
[pal-with] 1660/2000  2.4 games/s  ETA 0h02m19s
[pal-with] 1663/2000  2.4 games/s  ETA 0h02m18s
[pal-with] 1670/2000  2.4 games/s  ETA 0h02m15s
[pal-with] 1678/2000  2.4 games/s  ETA 0h02m11s
[pal-with] 1682/2000  2.4 games/s  ETA 0h02m10s
[pal-with] 1688/2000  2.4 games/s  ETA 0h02m07s
[pal-with] 1694/2000  2.4 games/s  ETA 0h02m05s
[pal-with] 1699/2000  2.4 games/s  ETA 0h02m03s
[pal-with] 1706/2000  2.4 games/s  ETA 0h02m00s
[pal-with] 1712/2000  2.5 games/s  ETA 0h01m57s
[pal-with] 1715/2000  2.4 games/s  ETA 0h01m56s
[pal-with] 1722/2000  2.5 games/s  ETA 0h01m53s
[pal-with] 1728/2000  2.5 games/s  ETA 0h01m50s
[pal-with] 1734/2000  2.5 games/s  ETA 0h01m48s
[pal-with] 1739/2000  2.5 games/s  ETA 0h01m46s
[pal-with] 1742/2000  2.5 games/s  ETA 0h01m45s
[pal-with] 1747/2000  2.5 games/s  ETA 0h01m43s
[pal-with] 1752/2000  2.5 games/s  ETA 0h01m41s
[pal-with] 1755/2000  2.4 games/s  ETA 0h01m40s
[pal-with] 1759/2000  2.4 games/s  ETA 0h01m38s
[pal-with] 1764/2000  2.4 games/s  ETA 0h01m36s
[pal-with] 1767/2000  2.4 games/s  ETA 0h01m35s
[pal-with] 1773/2000  2.4 games/s  ETA 0h01m32s
[pal-with] 1779/2000  2.4 games/s  ETA 0h01m30s
[pal-with] 1784/2000  2.4 games/s  ETA 0h01m28s
[pal-with] 1788/2000  2.4 games/s  ETA 0h01m26s
[pal-with] 1792/2000  2.4 games/s  ETA 0h01m25s
[pal-with] 1798/2000  2.4 games/s  ETA 0h01m22s
[pal-with] 1804/2000  2.4 games/s  ETA 0h01m20s
[pal-with] 1808/2000  2.4 games/s  ETA 0h01m18s
[pal-with] 1814/2000  2.4 games/s  ETA 0h01m15s
[pal-with] 1817/2000  2.4 games/s  ETA 0h01m14s
[pal-with] 1823/2000  2.4 games/s  ETA 0h01m12s
[pal-with] 1829/2000  2.4 games/s  ETA 0h01m09s
[pal-with] 1838/2000  2.5 games/s  ETA 0h01m05s
[pal-with] 1844/2000  2.5 games/s  ETA 0h01m03s
[pal-with] 1849/2000  2.5 games/s  ETA 0h01m01s
[pal-with] 1854/2000  2.5 games/s  ETA 0h00m59s
[pal-with] 1860/2000  2.5 games/s  ETA 0h00m56s
[pal-with] 1866/2000  2.5 games/s  ETA 0h00m54s
[pal-with] 1873/2000  2.5 games/s  ETA 0h00m51s
[pal-with] 1879/2000  2.5 games/s  ETA 0h00m49s
[pal-with] 1884/2000  2.5 games/s  ETA 0h00m47s
[pal-with] 1890/2000  2.5 games/s  ETA 0h00m44s
[pal-with] 1896/2000  2.5 games/s  ETA 0h00m42s
[pal-with] 1901/2000  2.5 games/s  ETA 0h00m40s
[pal-with] 1906/2000  2.5 games/s  ETA 0h00m38s
[pal-with] 1913/2000  2.5 games/s  ETA 0h00m35s
[pal-with] 1919/2000  2.5 games/s  ETA 0h00m32s
[pal-with] 1924/2000  2.5 games/s  ETA 0h00m30s
[pal-with] 1931/2000  2.5 games/s  ETA 0h00m27s
[pal-with] 1936/2000  2.5 games/s  ETA 0h00m25s
[pal-with] 1940/2000  2.5 games/s  ETA 0h00m24s
[pal-with] 1944/2000  2.5 games/s  ETA 0h00m22s
[pal-with] 1949/2000  2.5 games/s  ETA 0h00m20s
[pal-with] 1953/2000  2.5 games/s  ETA 0h00m19s
[pal-with] 1960/2000  2.5 games/s  ETA 0h00m16s
[pal-with] 1967/2000  2.5 games/s  ETA 0h00m13s
[pal-with] 1973/2000  2.5 games/s  ETA 0h00m10s
[pal-with] 1977/2000  2.5 games/s  ETA 0h00m09s
[pal-with] 1983/2000  2.5 games/s  ETA 0h00m06s
[pal-with] 1987/2000  2.5 games/s  ETA 0h00m05s
[pal-with] 1993/2000  2.5 games/s  ETA 0h00m02s
[pal-with] 1999/2000  2.5 games/s  ETA 0h00m00s
[pal-with] 2000 games in 0h13m26s (2.5 games/s)
[pal-with] summary -> sim/out/pal-with.summary.json
