[pal-without] 2000 games (0 already done), 2000 to play on 4 workers -> sim/out/pal-without.jsonl
[pal-without] depth 3, 4 random opening plies, ply cap 300, pairs off (both sides identical; --pairs forces them on)
[pal-without] rules {}, values {}
[pal-without] 3/2000  1.5 games/s  ETA 0h22m12s
[pal-without] 8/2000  2.0 games/s  ETA 0h16m36s
[pal-without] 13/2000  2.2 games/s  ETA 0h15m17s
[pal-without] 20/2000  2.5 games/s  ETA 0h13m12s
[pal-without] 27/2000  2.7 games/s  ETA 0h12m11s
[pal-without] 31/2000  2.6 games/s  ETA 0h12m42s
[pal-without] 36/2000  2.6 games/s  ETA 0h12m44s
[pal-without] 40/2000  2.5 games/s  ETA 0h13m04s
[pal-without] 46/2000  2.6 games/s  ETA 0h12m45s
[pal-without] 52/2000  2.6 games/s  ETA 0h12m29s
[pal-without] 57/2000  2.6 games/s  ETA 0h12m30s
[pal-without] 62/2000  2.6 games/s  ETA 0h12m30s
[pal-without] 68/2000  2.6 games/s  ETA 0h12m19s
[pal-without] 73/2000  2.6 games/s  ETA 0h12m19s
[pal-without] 78/2000  2.6 games/s  ETA 0h12m19s
[pal-without] 85/2000  2.7 games/s  ETA 0h12m01s
[pal-without] 92/2000  2.7 games/s  ETA 0h11m45s
[pal-without] 99/2000  2.7 games/s  ETA 0h11m31s
[pal-without] 100/2000  2.6 games/s  ETA 0h12m02s
[pal-without] 105/2000  2.6 games/s  ETA 0h12m02s
[pal-without] 110/2000  2.6 games/s  ETA 0h12m02s
[pal-without] 118/2000  2.7 games/s  ETA 0h11m42s
[pal-without] 123/2000  2.7 games/s  ETA 0h11m42s
[pal-without] 131/2000  2.7 games/s  ETA 0h11m25s
[pal-without] 137/2000  2.7 games/s  ETA 0h11m20s
[pal-without] 143/2000  2.7 games/s  ETA 0h11m15s
[pal-without] 148/2000  2.7 games/s  ETA 0h11m16s
[pal-without] 154/2000  2.7 games/s  ETA 0h11m11s
[pal-without] 159/2000  2.7 games/s  ETA 0h11m12s
[pal-without] 163/2000  2.7 games/s  ETA 0h11m16s
[pal-without] 167/2000  2.7 games/s  ETA 0h11m21s
[pal-without] 173/2000  2.7 games/s  ETA 0h11m16s
[pal-without] 176/2000  2.7 games/s  ETA 0h11m24s
[pal-without] 184/2000  2.7 games/s  ETA 0h11m11s
[pal-without] 190/2000  2.7 games/s  ETA 0h11m07s
[pal-without] 196/2000  2.7 games/s  ETA 0h11m03s
[pal-without] 200/2000  2.7 games/s  ETA 0h11m06s
[pal-without] 209/2000  2.7 games/s  ETA 0h10m51s
[pal-without] 214/2000  2.7 games/s  ETA 0h10m51s
[pal-without] 220/2000  2.7 games/s  ETA 0h10m47s
[pal-without] 225/2000  2.7 games/s  ETA 0h10m47s
[pal-without] 231/2000  2.7 games/s  ETA 0h10m43s
[pal-without] 236/2000  2.7 games/s  ETA 0h10m43s
[pal-without] 246/2000  2.8 games/s  ETA 0h10m28s
[pal-without] 250/2000  2.8 games/s  ETA 0h10m30s
[pal-without] 256/2000  2.8 games/s  ETA 0h10m27s
[pal-without] 264/2000  2.8 games/s  ETA 0h10m18s
[pal-without] 269/2000  2.8 games/s  ETA 0h10m18s
[pal-without] 274/2000  2.8 games/s  ETA 0h10m17s
[pal-without] 277/2000  2.8 games/s  ETA 0h10m22s
[pal-without] 280/2000  2.7 games/s  ETA 0h10m27s
[pal-without] 285/2000  2.7 games/s  ETA 0h10m26s
[pal-without] 290/2000  2.7 games/s  ETA 0h10m25s
[pal-without] 294/2000  2.7 games/s  ETA 0h10m27s
[pal-without] 298/2000  2.7 games/s  ETA 0h10m28s
[pal-without] 302/2000  2.7 games/s  ETA 0h10m30s
[pal-without] 309/2000  2.7 games/s  ETA 0h10m24s
[pal-without] 315/2000  2.7 games/s  ETA 0h10m21s
[pal-without] 318/2000  2.7 games/s  ETA 0h10m24s
[pal-without] 321/2000  2.7 games/s  ETA 0h10m28s
[pal-without] 325/2000  2.7 games/s  ETA 0h10m29s
[pal-without] 330/2000  2.7 games/s  ETA 0h10m28s
[pal-without] 335/2000  2.7 games/s  ETA 0h10m26s
[pal-without] 340/2000  2.7 games/s  ETA 0h10m25s
[pal-without] 347/2000  2.7 games/s  ETA 0h10m19s
[pal-without] 352/2000  2.7 games/s  ETA 0h10m18s
[pal-without] 358/2000  2.7 games/s  ETA 0h10m15s
[pal-without] 364/2000  2.7 games/s  ETA 0h10m11s
[pal-without] 371/2000  2.7 games/s  ETA 0h10m06s
[pal-without] 376/2000  2.7 games/s  ETA 0h10m05s
[pal-without] 382/2000  2.7 games/s  ETA 0h10m02s
[pal-without] 389/2000  2.7 games/s  ETA 0h09m56s
[pal-without] 396/2000  2.7 games/s  ETA 0h09m51s
[pal-without] 402/2000  2.7 games/s  ETA 0h09m48s
[pal-without] 409/2000  2.7 games/s  ETA 0h09m44s
[pal-without] 414/2000  2.7 games/s  ETA 0h09m42s
[pal-without] 421/2000  2.7 games/s  ETA 0h09m38s
[pal-without] 430/2000  2.8 games/s  ETA 0h09m30s
[pal-without] 432/2000  2.7 games/s  ETA 0h09m34s
[pal-without] 438/2000  2.7 games/s  ETA 0h09m31s
[pal-without] 443/2000  2.7 games/s  ETA 0h09m29s
[pal-without] 448/2000  2.7 games/s  ETA 0h09m28s
[pal-without] 452/2000  2.7 games/s  ETA 0h09m29s
[pal-without] 456/2000  2.7 games/s  ETA 0h09m29s
[pal-without] 464/2000  2.7 games/s  ETA 0h09m23s
[pal-without] 471/2000  2.7 games/s  ETA 0h09m18s
[pal-without] 475/2000  2.7 games/s  ETA 0h09m19s
[pal-without] 479/2000  2.7 games/s  ETA 0h09m19s
[pal-without] 481/2000  2.7 games/s  ETA 0h09m22s
[pal-without] 484/2000  2.7 games/s  ETA 0h09m24s
[pal-without] 488/2000  2.7 games/s  ETA 0h09m24s
[pal-without] 492/2000  2.7 games/s  ETA 0h09m24s
[pal-without] 499/2000  2.7 games/s  ETA 0h09m19s
[pal-without] 503/2000  2.7 games/s  ETA 0h09m20s
[pal-without] 509/2000  2.7 games/s  ETA 0h09m17s
[pal-without] 516/2000  2.7 games/s  ETA 0h09m12s
[pal-without] 521/2000  2.7 games/s  ETA 0h09m11s
[pal-without] 525/2000  2.7 games/s  ETA 0h09m11s
[pal-without] 527/2000  2.7 games/s  ETA 0h09m13s
[pal-without] 532/2000  2.7 games/s  ETA 0h09m12s
[pal-without] 537/2000  2.7 games/s  ETA 0h09m10s
[pal-without] 544/2000  2.7 games/s  ETA 0h09m06s
[pal-without] 552/2000  2.7 games/s  ETA 0h09m00s
[pal-without] 556/2000  2.7 games/s  ETA 0h09m00s
[pal-without] 560/2000  2.7 games/s  ETA 0h09m00s
[pal-without] 566/2000  2.7 games/s  ETA 0h08m57s
[pal-without] 573/2000  2.7 games/s  ETA 0h08m53s
[pal-without] 579/2000  2.7 games/s  ETA 0h08m50s
[pal-without] 587/2000  2.7 games/s  ETA 0h08m45s
[pal-without] 593/2000  2.7 games/s  ETA 0h08m42s
[pal-without] 599/2000  2.7 games/s  ETA 0h08m39s
[pal-without] 605/2000  2.7 games/s  ETA 0h08m36s
[pal-without] 610/2000  2.7 games/s  ETA 0h08m35s
[pal-without] 616/2000  2.7 games/s  ETA 0h08m32s
[pal-without] 621/2000  2.7 games/s  ETA 0h08m31s
[pal-without] 627/2000  2.7 games/s  ETA 0h08m28s
[pal-without] 630/2000  2.7 games/s  ETA 0h08m29s
[pal-without] 635/2000  2.7 games/s  ETA 0h08m27s
[pal-without] 641/2000  2.7 games/s  ETA 0h08m25s
[pal-without] 648/2000  2.7 games/s  ETA 0h08m21s
[pal-without] 653/2000  2.7 games/s  ETA 0h08m19s
[pal-without] 658/2000  2.7 games/s  ETA 0h08m18s
[pal-without] 663/2000  2.7 games/s  ETA 0h08m16s
[pal-without] 670/2000  2.7 games/s  ETA 0h08m12s
[pal-without] 675/2000  2.7 games/s  ETA 0h08m11s
[pal-without] 681/2000  2.7 games/s  ETA 0h08m08s
[pal-without] 689/2000  2.7 games/s  ETA 0h08m03s
[pal-without] 691/2000  2.7 games/s  ETA 0h08m05s
[pal-without] 697/2000  2.7 games/s  ETA 0h08m02s
[pal-without] 703/2000  2.7 games/s  ETA 0h08m00s
[pal-without] 710/2000  2.7 games/s  ETA 0h07m56s
[pal-without] 716/2000  2.7 games/s  ETA 0h07m53s
[pal-without] 722/2000  2.7 games/s  ETA 0h07m51s
[pal-without] 731/2000  2.7 games/s  ETA 0h07m45s
[pal-without] 738/2000  2.7 games/s  ETA 0h07m42s
[pal-without] 743/2000  2.7 games/s  ETA 0h07m40s
[pal-without] 751/2000  2.7 games/s  ETA 0h07m36s
[pal-without] 756/2000  2.7 games/s  ETA 0h07m34s
[pal-without] 761/2000  2.7 games/s  ETA 0h07m33s
[pal-without] 766/2000  2.7 games/s  ETA 0h07m31s
[pal-without] 775/2000  2.7 games/s  ETA 0h07m26s
[pal-without] 779/2000  2.7 games/s  ETA 0h07m25s
[pal-without] 784/2000  2.7 games/s  ETA 0h07m23s
[pal-without] 789/2000  2.7 games/s  ETA 0h07m22s
[pal-without] 795/2000  2.7 games/s  ETA 0h07m19s
[pal-without] 803/2000  2.7 games/s  ETA 0h07m15s
[pal-without] 809/2000  2.7 games/s  ETA 0h07m13s
[pal-without] 817/2000  2.8 games/s  ETA 0h07m08s
[pal-without] 821/2000  2.8 games/s  ETA 0h07m08s
[pal-without] 828/2000  2.8 games/s  ETA 0h07m05s
[pal-without] 832/2000  2.8 games/s  ETA 0h07m04s
[pal-without] 836/2000  2.7 games/s  ETA 0h07m03s
[pal-without] 842/2000  2.7 games/s  ETA 0h07m01s
[pal-without] 846/2000  2.7 games/s  ETA 0h07m00s
[pal-without] 851/2000  2.7 games/s  ETA 0h06m58s
[pal-without] 857/2000  2.7 games/s  ETA 0h06m56s
[pal-without] 860/2000  2.7 games/s  ETA 0h06m56s
[pal-without] 866/2000  2.7 games/s  ETA 0h06m54s
[pal-without] 873/2000  2.7 games/s  ETA 0h06m50s
[pal-without] 881/2000  2.8 games/s  ETA 0h06m46s
[pal-without] 885/2000  2.7 games/s  ETA 0h06m46s
[pal-without] 889/2000  2.7 games/s  ETA 0h06m45s
[pal-without] 895/2000  2.7 games/s  ETA 0h06m42s
[pal-without] 900/2000  2.7 games/s  ETA 0h06m41s
[pal-without] 908/2000  2.7 games/s  ETA 0h06m37s
[pal-without] 915/2000  2.8 games/s  ETA 0h06m34s
[pal-without] 919/2000  2.7 games/s  ETA 0h06m33s
[pal-without] 923/2000  2.7 games/s  ETA 0h06m32s
[pal-without] 925/2000  2.7 games/s  ETA 0h06m33s
[pal-without] 929/2000  2.7 games/s  ETA 0h06m32s
[pal-without] 932/2000  2.7 games/s  ETA 0h06m32s
[pal-without] 937/2000  2.7 games/s  ETA 0h06m30s
[pal-without] 940/2000  2.7 games/s  ETA 0h06m30s
[pal-without] 943/2000  2.7 games/s  ETA 0h06m30s
[pal-without] 947/2000  2.7 games/s  ETA 0h06m29s
[pal-without] 952/2000  2.7 games/s  ETA 0h06m27s
[pal-without] 958/2000  2.7 games/s  ETA 0h06m25s
[pal-without] 963/2000  2.7 games/s  ETA 0h06m23s
[pal-without] 967/2000  2.7 games/s  ETA 0h06m22s
[pal-without] 971/2000  2.7 games/s  ETA 0h06m21s
[pal-without] 977/2000  2.7 games/s  ETA 0h06m19s
[pal-without] 981/2000  2.7 games/s  ETA 0h06m18s
[pal-without] 986/2000  2.7 games/s  ETA 0h06m16s
[pal-without] 991/2000  2.7 games/s  ETA 0h06m15s
[pal-without] 997/2000  2.7 games/s  ETA 0h06m12s
[pal-without] 1000/2000  2.7 games/s  ETA 0h06m12s
[pal-without] 1005/2000  2.7 games/s  ETA 0h06m10s
[pal-without] 1010/2000  2.7 games/s  ETA 0h06m08s
[pal-without] 1016/2000  2.7 games/s  ETA 0h06m06s
[pal-without] 1019/2000  2.7 games/s  ETA 0h06m06s
[pal-without] 1024/2000  2.7 games/s  ETA 0h06m04s
[pal-without] 1031/2000  2.7 games/s  ETA 0h06m01s
[pal-without] 1036/2000  2.7 games/s  ETA 0h05m59s
[pal-without] 1038/2000  2.7 games/s  ETA 0h05m59s
[pal-without] 1042/2000  2.7 games/s  ETA 0h05m58s
[pal-without] 1045/2000  2.7 games/s  ETA 0h05m58s
[pal-without] 1049/2000  2.7 games/s  ETA 0h05m57s
[pal-without] 1054/2000  2.7 games/s  ETA 0h05m55s
[pal-without] 1059/2000  2.7 games/s  ETA 0h05m53s
[pal-without] 1065/2000  2.7 games/s  ETA 0h05m51s
[pal-without] 1069/2000  2.7 games/s  ETA 0h05m50s
[pal-without] 1074/2000  2.7 games/s  ETA 0h05m48s
[pal-without] 1079/2000  2.7 games/s  ETA 0h05m46s
[pal-without] 1084/2000  2.7 games/s  ETA 0h05m45s
[pal-without] 1087/2000  2.6 games/s  ETA 0h05m44s
[pal-without] 1091/2000  2.6 games/s  ETA 0h05m43s
[pal-without] 1097/2000  2.6 games/s  ETA 0h05m41s
[pal-without] 1099/2000  2.6 games/s  ETA 0h05m41s
[pal-without] 1106/2000  2.6 games/s  ETA 0h05m38s
[pal-without] 1112/2000  2.6 games/s  ETA 0h05m35s
[pal-without] 1117/2000  2.6 games/s  ETA 0h05m33s
[pal-without] 1121/2000  2.6 games/s  ETA 0h05m32s
[pal-without] 1126/2000  2.6 games/s  ETA 0h05m30s
[pal-without] 1131/2000  2.6 games/s  ETA 0h05m29s
[pal-without] 1136/2000  2.6 games/s  ETA 0h05m27s
[pal-without] 1140/2000  2.6 games/s  ETA 0h05m26s
[pal-without] 1145/2000  2.6 games/s  ETA 0h05m24s
[pal-without] 1149/2000  2.6 games/s  ETA 0h05m23s
[pal-without] 1152/2000  2.6 games/s  ETA 0h05m22s
[pal-without] 1156/2000  2.6 games/s  ETA 0h05m21s
[pal-without] 1159/2000  2.6 games/s  ETA 0h05m21s
[pal-without] 1164/2000  2.6 games/s  ETA 0h05m19s
[pal-without] 1166/2000  2.6 games/s  ETA 0h05m19s
[pal-without] 1169/2000  2.6 games/s  ETA 0h05m18s
[pal-without] 1174/2000  2.6 games/s  ETA 0h05m16s
[pal-without] 1180/2000  2.6 games/s  ETA 0h05m14s
[pal-without] 1187/2000  2.6 games/s  ETA 0h05m11s
[pal-without] 1191/2000  2.6 games/s  ETA 0h05m10s
[pal-without] 1194/2000  2.6 games/s  ETA 0h05m09s
[pal-without] 1198/2000  2.6 games/s  ETA 0h05m08s
[pal-without] 1203/2000  2.6 games/s  ETA 0h05m06s
[pal-without] 1208/2000  2.6 games/s  ETA 0h05m04s
[pal-without] 1215/2000  2.6 games/s  ETA 0h05m01s
[pal-without] 1220/2000  2.6 games/s  ETA 0h04m59s
[pal-without] 1225/2000  2.6 games/s  ETA 0h04m57s
[pal-without] 1228/2000  2.6 games/s  ETA 0h04m56s
[pal-without] 1231/2000  2.6 games/s  ETA 0h04m56s
[pal-without] 1235/2000  2.6 games/s  ETA 0h04m55s
[pal-without] 1241/2000  2.6 games/s  ETA 0h04m52s
[pal-without] 1245/2000  2.6 games/s  ETA 0h04m51s
[pal-without] 1250/2000  2.6 games/s  ETA 0h04m49s
[pal-without] 1256/2000  2.6 games/s  ETA 0h04m46s
[pal-without] 1262/2000  2.6 games/s  ETA 0h04m44s
[pal-without] 1268/2000  2.6 games/s  ETA 0h04m41s
[pal-without] 1272/2000  2.6 games/s  ETA 0h04m40s
[pal-without] 1276/2000  2.6 games/s  ETA 0h04m39s
[pal-without] 1280/2000  2.6 games/s  ETA 0h04m38s
[pal-without] 1285/2000  2.6 games/s  ETA 0h04m36s
[pal-without] 1290/2000  2.6 games/s  ETA 0h04m34s
[pal-without] 1295/2000  2.6 games/s  ETA 0h04m32s
[pal-without] 1300/2000  2.6 games/s  ETA 0h04m30s
[pal-without] 1304/2000  2.6 games/s  ETA 0h04m29s
[pal-without] 1308/2000  2.6 games/s  ETA 0h04m27s
[pal-without] 1314/2000  2.6 games/s  ETA 0h04m25s
[pal-without] 1319/2000  2.6 games/s  ETA 0h04m23s
[pal-without] 1327/2000  2.6 games/s  ETA 0h04m19s
[pal-without] 1331/2000  2.6 games/s  ETA 0h04m18s
[pal-without] 1337/2000  2.6 games/s  ETA 0h04m16s
[pal-without] 1342/2000  2.6 games/s  ETA 0h04m14s
[pal-without] 1347/2000  2.6 games/s  ETA 0h04m12s
[pal-without] 1352/2000  2.6 games/s  ETA 0h04m10s
[pal-without] 1353/2000  2.6 games/s  ETA 0h04m10s
[pal-without] 1357/2000  2.6 games/s  ETA 0h04m09s
[pal-without] 1362/2000  2.6 games/s  ETA 0h04m07s
[pal-without] 1365/2000  2.6 games/s  ETA 0h04m06s
[pal-without] 1368/2000  2.6 games/s  ETA 0h04m06s
[pal-without] 1375/2000  2.6 games/s  ETA 0h04m02s
[pal-without] 1379/2000  2.6 games/s  ETA 0h04m01s
[pal-without] 1383/2000  2.6 games/s  ETA 0h04m00s
[pal-without] 1387/2000  2.6 games/s  ETA 0h03m58s
[pal-without] 1393/2000  2.6 games/s  ETA 0h03m56s
[pal-without] 1397/2000  2.6 games/s  ETA 0h03m55s
[pal-without] 1399/2000  2.6 games/s  ETA 0h03m54s
[pal-without] 1405/2000  2.6 games/s  ETA 0h03m52s
[pal-without] 1409/2000  2.6 games/s  ETA 0h03m50s
[pal-without] 1415/2000  2.6 games/s  ETA 0h03m48s
[pal-without] 1418/2000  2.6 games/s  ETA 0h03m47s
[pal-without] 1424/2000  2.6 games/s  ETA 0h03m45s
[pal-without] 1428/2000  2.6 games/s  ETA 0h03m43s
[pal-without] 1432/2000  2.6 games/s  ETA 0h03m42s
[pal-without] 1438/2000  2.6 games/s  ETA 0h03m39s
[pal-without] 1441/2000  2.6 games/s  ETA 0h03m38s
[pal-without] 1445/2000  2.6 games/s  ETA 0h03m37s
[pal-without] 1449/2000  2.5 games/s  ETA 0h03m36s
[pal-without] 1455/2000  2.6 games/s  ETA 0h03m33s
[pal-without] 1457/2000  2.5 games/s  ETA 0h03m33s
[pal-without] 1460/2000  2.5 games/s  ETA 0h03m32s
[pal-without] 1464/2000  2.5 games/s  ETA 0h03m31s
[pal-without] 1467/2000  2.5 games/s  ETA 0h03m30s
[pal-without] 1471/2000  2.5 games/s  ETA 0h03m28s
[pal-without] 1476/2000  2.5 games/s  ETA 0h03m26s
[pal-without] 1479/2000  2.5 games/s  ETA 0h03m25s
[pal-without] 1487/2000  2.5 games/s  ETA 0h03m22s
[pal-without] 1490/2000  2.5 games/s  ETA 0h03m21s
[pal-without] 1494/2000  2.5 games/s  ETA 0h03m20s
[pal-without] 1498/2000  2.5 games/s  ETA 0h03m18s
[pal-without] 1500/2000  2.5 games/s  ETA 0h03m18s
[pal-without] 1505/2000  2.5 games/s  ETA 0h03m16s
[pal-without] 1509/2000  2.5 games/s  ETA 0h03m14s
[pal-without] 1513/2000  2.5 games/s  ETA 0h03m13s
[pal-without] 1518/2000  2.5 games/s  ETA 0h03m11s
[pal-without] 1523/2000  2.5 games/s  ETA 0h03m09s
[pal-without] 1525/2000  2.5 games/s  ETA 0h03m08s
[pal-without] 1531/2000  2.5 games/s  ETA 0h03m06s
[pal-without] 1534/2000  2.5 games/s  ETA 0h03m05s
[pal-without] 1540/2000  2.5 games/s  ETA 0h03m02s
[pal-without] 1545/2000  2.5 games/s  ETA 0h03m00s
[pal-without] 1551/2000  2.5 games/s  ETA 0h02m58s
[pal-without] 1554/2000  2.5 games/s  ETA 0h02m57s
[pal-without] 1557/2000  2.5 games/s  ETA 0h02m56s
[pal-without] 1560/2000  2.5 games/s  ETA 0h02m55s
[pal-without] 1563/2000  2.5 games/s  ETA 0h02m54s
[pal-without] 1567/2000  2.5 games/s  ETA 0h02m53s
[pal-without] 1572/2000  2.5 games/s  ETA 0h02m51s
[pal-without] 1575/2000  2.5 games/s  ETA 0h02m50s
[pal-without] 1580/2000  2.5 games/s  ETA 0h02m48s
[pal-without] 1583/2000  2.5 games/s  ETA 0h02m47s
[pal-without] 1587/2000  2.5 games/s  ETA 0h02m45s
[pal-without] 1589/2000  2.5 games/s  ETA 0h02m45s
[pal-without] 1591/2000  2.5 games/s  ETA 0h02m44s
[pal-without] 1592/2000  2.5 games/s  ETA 0h02m44s
[pal-without] 1592/2000  2.5 games/s  ETA 0h02m45s
[pal-without] 1593/2000  2.5 games/s  ETA 0h02m45s
[pal-without] 1594/2000  2.5 games/s  ETA 0h02m45s
[pal-without] 1596/2000  2.5 games/s  ETA 0h02m44s
[pal-without] 1598/2000  2.4 games/s  ETA 0h02m44s
[pal-without] 1600/2000  2.4 games/s  ETA 0h02m43s
[pal-without] 1605/2000  2.4 games/s  ETA 0h02m41s
[pal-without] 1606/2000  2.4 games/s  ETA 0h02m41s
[pal-without] 1609/2000  2.4 games/s  ETA 0h02m40s
[pal-without] 1616/2000  2.4 games/s  ETA 0h02m37s
[pal-without] 1617/2000  2.4 games/s  ETA 0h02m37s
[pal-without] 1620/2000  2.4 games/s  ETA 0h02m36s
[pal-without] 1623/2000  2.4 games/s  ETA 0h02m35s
[pal-without] 1625/2000  2.4 games/s  ETA 0h02m34s
[pal-without] 1630/2000  2.4 games/s  ETA 0h02m32s
[pal-without] 1635/2000  2.4 games/s  ETA 0h02m30s
[pal-without] 1641/2000  2.4 games/s  ETA 0h02m28s
[pal-without] 1644/2000  2.4 games/s  ETA 0h02m26s
[pal-without] 1650/2000  2.4 games/s  ETA 0h02m24s
[pal-without] 1653/2000  2.4 games/s  ETA 0h02m23s
[pal-without] 1659/2000  2.4 games/s  ETA 0h02m20s
[pal-without] 1664/2000  2.4 games/s  ETA 0h02m18s
[pal-without] 1668/2000  2.4 games/s  ETA 0h02m17s
[pal-without] 1671/2000  2.4 games/s  ETA 0h02m15s
[pal-without] 1674/2000  2.4 games/s  ETA 0h02m14s
[pal-without] 1678/2000  2.4 games/s  ETA 0h02m13s
[pal-without] 1680/2000  2.4 games/s  ETA 0h02m12s
[pal-without] 1686/2000  2.4 games/s  ETA 0h02m10s
[pal-without] 1689/2000  2.4 games/s  ETA 0h02m09s
[pal-without] 1693/2000  2.4 games/s  ETA 0h02m07s
[pal-without] 1696/2000  2.4 games/s  ETA 0h02m06s
[pal-without] 1702/2000  2.4 games/s  ETA 0h02m03s
[pal-without] 1706/2000  2.4 games/s  ETA 0h02m02s
[pal-without] 1712/2000  2.4 games/s  ETA 0h01m59s
[pal-without] 1716/2000  2.4 games/s  ETA 0h01m57s
[pal-without] 1719/2000  2.4 games/s  ETA 0h01m56s
[pal-without] 1722/2000  2.4 games/s  ETA 0h01m55s
[pal-without] 1727/2000  2.4 games/s  ETA 0h01m53s
[pal-without] 1733/2000  2.4 games/s  ETA 0h01m51s
[pal-without] 1738/2000  2.4 games/s  ETA 0h01m48s
[pal-without] 1743/2000  2.4 games/s  ETA 0h01m46s
[pal-without] 1749/2000  2.4 games/s  ETA 0h01m44s
[pal-without] 1755/2000  2.4 games/s  ETA 0h01m41s
[pal-without] 1758/2000  2.4 games/s  ETA 0h01m40s
[pal-without] 1762/2000  2.4 games/s  ETA 0h01m38s
[pal-without] 1764/2000  2.4 games/s  ETA 0h01m38s
[pal-without] 1767/2000  2.4 games/s  ETA 0h01m37s
[pal-without] 1777/2000  2.4 games/s  ETA 0h01m32s
[pal-without] 1780/2000  2.4 games/s  ETA 0h01m31s
[pal-without] 1788/2000  2.4 games/s  ETA 0h01m28s
[pal-without] 1795/2000  2.4 games/s  ETA 0h01m25s
[pal-without] 1797/2000  2.4 games/s  ETA 0h01m24s
[pal-without] 1802/2000  2.4 games/s  ETA 0h01m22s
[pal-without] 1807/2000  2.4 games/s  ETA 0h01m20s
[pal-without] 1812/2000  2.4 games/s  ETA 0h01m18s
[pal-without] 1815/2000  2.4 games/s  ETA 0h01m16s
[pal-without] 1818/2000  2.4 games/s  ETA 0h01m15s
[pal-without] 1822/2000  2.4 games/s  ETA 0h01m14s
[pal-without] 1827/2000  2.4 games/s  ETA 0h01m12s
[pal-without] 1831/2000  2.4 games/s  ETA 0h01m10s
[pal-without] 1832/2000  2.4 games/s  ETA 0h01m10s
[pal-without] 1838/2000  2.4 games/s  ETA 0h01m07s
[pal-without] 1843/2000  2.4 games/s  ETA 0h01m05s
[pal-without] 1848/2000  2.4 games/s  ETA 0h01m03s
[pal-without] 1851/2000  2.4 games/s  ETA 0h01m02s
[pal-without] 1858/2000  2.4 games/s  ETA 0h00m59s
[pal-without] 1864/2000  2.4 games/s  ETA 0h00m56s
[pal-without] 1867/2000  2.4 games/s  ETA 0h00m55s
[pal-without] 1872/2000  2.4 games/s  ETA 0h00m53s
[pal-without] 1874/2000  2.4 games/s  ETA 0h00m52s
[pal-without] 1880/2000  2.4 games/s  ETA 0h00m50s
[pal-without] 1884/2000  2.4 games/s  ETA 0h00m48s
[pal-without] 1889/2000  2.4 games/s  ETA 0h00m46s
[pal-without] 1895/2000  2.4 games/s  ETA 0h00m43s
[pal-without] 1898/2000  2.4 games/s  ETA 0h00m42s
[pal-without] 1903/2000  2.4 games/s  ETA 0h00m40s
[pal-without] 1911/2000  2.4 games/s  ETA 0h00m37s
[pal-without] 1920/2000  2.4 games/s  ETA 0h00m33s
[pal-without] 1922/2000  2.4 games/s  ETA 0h00m32s
[pal-without] 1928/2000  2.4 games/s  ETA 0h00m29s
[pal-without] 1931/2000  2.4 games/s  ETA 0h00m28s
[pal-without] 1935/2000  2.4 games/s  ETA 0h00m27s
[pal-without] 1939/2000  2.4 games/s  ETA 0h00m25s
[pal-without] 1941/2000  2.4 games/s  ETA 0h00m24s
[pal-without] 1947/2000  2.4 games/s  ETA 0h00m22s
[pal-without] 1951/2000  2.4 games/s  ETA 0h00m20s
[pal-without] 1954/2000  2.4 games/s  ETA 0h00m19s
[pal-without] 1957/2000  2.4 games/s  ETA 0h00m17s
[pal-without] 1963/2000  2.4 games/s  ETA 0h00m15s
[pal-without] 1966/2000  2.4 games/s  ETA 0h00m14s
[pal-without] 1973/2000  2.4 games/s  ETA 0h00m11s
[pal-without] 1975/2000  2.4 games/s  ETA 0h00m10s
[pal-without] 1978/2000  2.4 games/s  ETA 0h00m09s
[pal-without] 1982/2000  2.4 games/s  ETA 0h00m07s
[pal-without] 1987/2000  2.4 games/s  ETA 0h00m05s
[pal-without] 1993/2000  2.4 games/s  ETA 0h00m02s
[pal-without] 2000 games in 0h13m56s (2.4 games/s)
[pal-without] summary -> sim/out/pal-without.summary.json
