[pal-without-d4] 800 games (0 already done), 800 to play on 4 workers -> sim/out/pal-without-d4.jsonl
[pal-without-d4] depth 4, 4 random opening plies, ply cap 300, pairs off (both sides identical; --pairs forces them on)
[pal-without-d4] rules {}, values {}
[pal-without-d4] 1/800  0.5 games/s  ETA 0h26m39s
[pal-without-d4] 1/800  0.2 games/s  ETA 0h53m19s
[pal-without-d4] 2/800  0.3 games/s  ETA 0h39m56s
[pal-without-d4] 3/800  0.4 games/s  ETA 0h35m27s
[pal-without-d4] 3/800  0.3 games/s  ETA 0h44m19s
[pal-without-d4] 4/800  0.3 games/s  ETA 0h39m50s
[pal-without-d4] 6/800  0.4 games/s  ETA 0h30m54s
[pal-without-d4] 6/800  0.4 games/s  ETA 0h35m19s
[pal-without-d4] 8/800  0.4 games/s  ETA 0h29m43s
[pal-without-d4] 9/800  0.4 games/s  ETA 0h29m19s
[pal-without-d4] 10/800  0.5 games/s  ETA 0h28m59s
[pal-without-d4] 13/800  0.5 games/s  ETA 0h24m14s
[pal-without-d4] 13/800  0.5 games/s  ETA 0h26m15s
[pal-without-d4] 14/800  0.5 games/s  ETA 0h26m13s
[pal-without-d4] 14/800  0.5 games/s  ETA 0h28m06s
[pal-without-d4] 17/800  0.5 games/s  ETA 0h24m35s
[pal-without-d4] 17/800  0.5 games/s  ETA 0h26m07s
[pal-without-d4] 17/800  0.5 games/s  ETA 0h27m39s
[pal-without-d4] 19/800  0.5 games/s  ETA 0h26m03s
[pal-without-d4] 20/800  0.5 games/s  ETA 0h26m01s
[pal-without-d4] 21/800  0.5 games/s  ETA 0h25m59s
[pal-without-d4] 21/800  0.5 games/s  ETA 0h27m13s
[pal-without-d4] 22/800  0.5 games/s  ETA 0h27m08s
[pal-without-d4] 24/800  0.5 games/s  ETA 0h25m53s
[pal-without-d4] 25/800  0.5 games/s  ETA 0h25m51s
[pal-without-d4] 26/800  0.5 games/s  ETA 0h25m49s
[pal-without-d4] 27/800  0.5 games/s  ETA 0h25m47s
[pal-without-d4] 28/800  0.5 games/s  ETA 0h25m45s
[pal-without-d4] 29/800  0.5 games/s  ETA 0h25m43s
[pal-without-d4] 29/800  0.5 games/s  ETA 0h26m36s
[pal-without-d4] 30/800  0.5 games/s  ETA 0h26m32s
[pal-without-d4] 32/800  0.5 games/s  ETA 0h25m37s
[pal-without-d4] 33/800  0.5 games/s  ETA 0h25m35s
[pal-without-d4] 34/800  0.5 games/s  ETA 0h25m33s
[pal-without-d4] 35/800  0.5 games/s  ETA 0h25m31s
[pal-without-d4] 37/800  0.5 games/s  ETA 0h24m46s
[pal-without-d4] 38/800  0.5 games/s  ETA 0h24m45s
[pal-without-d4] 39/800  0.5 games/s  ETA 0h24m44s
[pal-without-d4] 40/800  0.5 games/s  ETA 0h24m43s
[pal-without-d4] 41/800  0.5 games/s  ETA 0h24m42s
[pal-without-d4] 43/800  0.5 games/s  ETA 0h24m05s
[pal-without-d4] 45/800  0.5 games/s  ETA 0h23m30s
[pal-without-d4] 45/800  0.5 games/s  ETA 0h24m04s
[pal-without-d4] 49/800  0.6 games/s  ETA 0h22m30s
[pal-without-d4] 50/800  0.6 games/s  ETA 0h22m31s
[pal-without-d4] 52/800  0.6 games/s  ETA 0h22m04s
[pal-without-d4] 53/800  0.6 games/s  ETA 0h22m06s
[pal-without-d4] 55/800  0.6 games/s  ETA 0h21m41s
[pal-without-d4] 56/800  0.6 games/s  ETA 0h21m43s
[pal-without-d4] 56/800  0.6 games/s  ETA 0h22m09s
[pal-without-d4] 56/800  0.5 games/s  ETA 0h22m36s
[pal-without-d4] 57/800  0.5 games/s  ETA 0h22m36s
[pal-without-d4] 58/800  0.5 games/s  ETA 0h22m37s
[pal-without-d4] 59/800  0.5 games/s  ETA 0h22m37s
[pal-without-d4] 61/800  0.6 games/s  ETA 0h22m13s
[pal-without-d4] 61/800  0.5 games/s  ETA 0h22m38s
[pal-without-d4] 62/800  0.5 games/s  ETA 0h22m38s
[pal-without-d4] 64/800  0.6 games/s  ETA 0h22m15s
[pal-without-d4] 66/800  0.6 games/s  ETA 0h21m53s
[pal-without-d4] 68/800  0.6 games/s  ETA 0h21m33s
[pal-without-d4] 68/800  0.6 games/s  ETA 0h21m54s
[pal-without-d4] 70/800  0.6 games/s  ETA 0h21m34s
[pal-without-d4] 72/800  0.6 games/s  ETA 0h21m15s
[pal-without-d4] 73/800  0.6 games/s  ETA 0h21m15s
[pal-without-d4] 74/800  0.6 games/s  ETA 0h21m16s
[pal-without-d4] 75/800  0.6 games/s  ETA 0h21m17s
[pal-without-d4] 77/800  0.6 games/s  ETA 0h20m59s
[pal-without-d4] 77/800  0.6 games/s  ETA 0h21m18s
[pal-without-d4] 79/800  0.6 games/s  ETA 0h21m00s
[pal-without-d4] 80/800  0.6 games/s  ETA 0h21m01s
[pal-without-d4] 82/800  0.6 games/s  ETA 0h20m44s
[pal-without-d4] 82/800  0.6 games/s  ETA 0h21m02s
[pal-without-d4] 84/800  0.6 games/s  ETA 0h20m45s
[pal-without-d4] 84/800  0.6 games/s  ETA 0h21m02s
[pal-without-d4] 86/800  0.6 games/s  ETA 0h20m46s
[pal-without-d4] 88/800  0.6 games/s  ETA 0h20m30s
[pal-without-d4] 89/800  0.6 games/s  ETA 0h20m31s
[pal-without-d4] 90/800  0.6 games/s  ETA 0h20m31s
[pal-without-d4] 93/800  0.6 games/s  ETA 0h20m02s
[pal-without-d4] 94/800  0.6 games/s  ETA 0h20m02s
[pal-without-d4] 95/800  0.6 games/s  ETA 0h20m03s
[pal-without-d4] 96/800  0.6 games/s  ETA 0h20m03s
[pal-without-d4] 96/800  0.6 games/s  ETA 0h20m18s
[pal-without-d4] 97/800  0.6 games/s  ETA 0h20m18s
[pal-without-d4] 98/800  0.6 games/s  ETA 0h20m18s
[pal-without-d4] 99/800  0.6 games/s  ETA 0h20m19s
[pal-without-d4] 101/800  0.6 games/s  ETA 0h20m05s
[pal-without-d4] 102/800  0.6 games/s  ETA 0h20m05s
[pal-without-d4] 105/800  0.6 games/s  ETA 0h19m39s
[pal-without-d4] 105/800  0.6 games/s  ETA 0h19m52s
[pal-without-d4] 106/800  0.6 games/s  ETA 0h19m52s
[pal-without-d4] 109/800  0.6 games/s  ETA 0h19m27s
[pal-without-d4] 110/800  0.6 games/s  ETA 0h19m27s
[pal-without-d4] 111/800  0.6 games/s  ETA 0h19m28s
[pal-without-d4] 113/800  0.6 games/s  ETA 0h19m16s
[pal-without-d4] 113/800  0.6 games/s  ETA 0h19m28s
[pal-without-d4] 114/800  0.6 games/s  ETA 0h19m28s
[pal-without-d4] 115/800  0.6 games/s  ETA 0h19m28s
[pal-without-d4] 115/800  0.6 games/s  ETA 0h19m40s
[pal-without-d4] 115/800  0.6 games/s  ETA 0h19m52s
[pal-without-d4] 119/800  0.6 games/s  ETA 0h19m17s
[pal-without-d4] 119/800  0.6 games/s  ETA 0h19m28s
[pal-without-d4] 120/800  0.6 games/s  ETA 0h19m28s
[pal-without-d4] 122/800  0.6 games/s  ETA 0h19m17s
[pal-without-d4] 122/800  0.6 games/s  ETA 0h19m28s
[pal-without-d4] 125/800  0.6 games/s  ETA 0h19m05s
[pal-without-d4] 126/800  0.6 games/s  ETA 0h19m05s
[pal-without-d4] 127/800  0.6 games/s  ETA 0h19m05s
[pal-without-d4] 129/800  0.6 games/s  ETA 0h18m55s
[pal-without-d4] 130/800  0.6 games/s  ETA 0h18m54s
[pal-without-d4] 130/800  0.6 games/s  ETA 0h19m05s
[pal-without-d4] 132/800  0.6 games/s  ETA 0h18m54s
[pal-without-d4] 133/800  0.6 games/s  ETA 0h18m54s
[pal-without-d4] 134/800  0.6 games/s  ETA 0h18m54s
[pal-without-d4] 135/800  0.6 games/s  ETA 0h18m54s
[pal-without-d4] 135/800  0.6 games/s  ETA 0h19m03s
[pal-without-d4] 135/800  0.6 games/s  ETA 0h19m13s
[pal-without-d4] 137/800  0.6 games/s  ETA 0h19m03s
[pal-without-d4] 137/800  0.6 games/s  ETA 0h19m12s
[pal-without-d4] 139/800  0.6 games/s  ETA 0h19m02s
[pal-without-d4] 141/800  0.6 games/s  ETA 0h18m52s
[pal-without-d4] 142/800  0.6 games/s  ETA 0h18m51s
[pal-without-d4] 144/800  0.6 games/s  ETA 0h18m41s
[pal-without-d4] 145/800  0.6 games/s  ETA 0h18m41s
[pal-without-d4] 145/800  0.6 games/s  ETA 0h18m50s
[pal-without-d4] 147/800  0.6 games/s  ETA 0h18m40s
[pal-without-d4] 149/800  0.6 games/s  ETA 0h18m30s
[pal-without-d4] 150/800  0.6 games/s  ETA 0h18m30s
[pal-without-d4] 151/800  0.6 games/s  ETA 0h18m29s
[pal-without-d4] 152/800  0.6 games/s  ETA 0h18m29s
[pal-without-d4] 152/800  0.6 games/s  ETA 0h18m38s
[pal-without-d4] 153/800  0.6 games/s  ETA 0h18m37s
[pal-without-d4] 155/800  0.6 games/s  ETA 0h18m27s
[pal-without-d4] 156/800  0.6 games/s  ETA 0h18m27s
[pal-without-d4] 156/800  0.6 games/s  ETA 0h18m35s
[pal-without-d4] 158/800  0.6 games/s  ETA 0h18m26s
[pal-without-d4] 158/800  0.6 games/s  ETA 0h18m34s
[pal-without-d4] 159/800  0.6 games/s  ETA 0h18m33s
[pal-without-d4] 160/800  0.6 games/s  ETA 0h18m33s
[pal-without-d4] 161/800  0.6 games/s  ETA 0h18m32s
[pal-without-d4] 162/800  0.6 games/s  ETA 0h18m31s
[pal-without-d4] 163/800  0.6 games/s  ETA 0h18m30s
[pal-without-d4] 165/800  0.6 games/s  ETA 0h18m21s
[pal-without-d4] 166/800  0.6 games/s  ETA 0h18m20s
[pal-without-d4] 168/800  0.6 games/s  ETA 0h18m11s
[pal-without-d4] 169/800  0.6 games/s  ETA 0h18m11s
[pal-without-d4] 170/800  0.6 games/s  ETA 0h18m10s
[pal-without-d4] 172/800  0.6 games/s  ETA 0h18m01s
[pal-without-d4] 174/800  0.6 games/s  ETA 0h17m53s
[pal-without-d4] 175/800  0.6 games/s  ETA 0h17m52s
[pal-without-d4] 176/800  0.6 games/s  ETA 0h17m51s
[pal-without-d4] 178/800  0.6 games/s  ETA 0h17m43s
[pal-without-d4] 180/800  0.6 games/s  ETA 0h17m34s
[pal-without-d4] 181/800  0.6 games/s  ETA 0h17m34s
[pal-without-d4] 181/800  0.6 games/s  ETA 0h17m41s
[pal-without-d4] 183/800  0.6 games/s  ETA 0h17m32s
[pal-without-d4] 184/800  0.6 games/s  ETA 0h17m32s
[pal-without-d4] 186/800  0.6 games/s  ETA 0h17m24s
[pal-without-d4] 188/800  0.6 games/s  ETA 0h17m16s
[pal-without-d4] 189/800  0.6 games/s  ETA 0h17m15s
[pal-without-d4] 189/800  0.6 games/s  ETA 0h17m21s
[pal-without-d4] 190/800  0.6 games/s  ETA 0h17m21s
[pal-without-d4] 191/800  0.6 games/s  ETA 0h17m20s
[pal-without-d4] 192/800  0.6 games/s  ETA 0h17m19s
[pal-without-d4] 192/800  0.6 games/s  ETA 0h17m25s
[pal-without-d4] 192/800  0.6 games/s  ETA 0h17m32s
[pal-without-d4] 195/800  0.6 games/s  ETA 0h17m17s
[pal-without-d4] 198/800  0.6 games/s  ETA 0h17m02s
[pal-without-d4] 199/800  0.6 games/s  ETA 0h17m01s
[pal-without-d4] 201/800  0.6 games/s  ETA 0h16m54s
[pal-without-d4] 202/800  0.6 games/s  ETA 0h16m53s
[pal-without-d4] 203/800  0.6 games/s  ETA 0h16m52s
[pal-without-d4] 205/800  0.6 games/s  ETA 0h16m45s
[pal-without-d4] 205/800  0.6 games/s  ETA 0h16m50s
[pal-without-d4] 208/800  0.6 games/s  ETA 0h16m37s
[pal-without-d4] 209/800  0.6 games/s  ETA 0h16m36s
[pal-without-d4] 210/800  0.6 games/s  ETA 0h16m35s
[pal-without-d4] 210/800  0.6 games/s  ETA 0h16m41s
[pal-without-d4] 213/800  0.6 games/s  ETA 0h16m27s
[pal-without-d4] 214/800  0.6 games/s  ETA 0h16m26s
[pal-without-d4] 216/800  0.6 games/s  ETA 0h16m19s
[pal-without-d4] 216/800  0.6 games/s  ETA 0h16m25s
[pal-without-d4] 217/800  0.6 games/s  ETA 0h16m24s
[pal-without-d4] 218/800  0.6 games/s  ETA 0h16m23s
[pal-without-d4] 219/800  0.6 games/s  ETA 0h16m22s
[pal-without-d4] 220/800  0.6 games/s  ETA 0h16m21s
[pal-without-d4] 223/800  0.6 games/s  ETA 0h16m08s
[pal-without-d4] 223/800  0.6 games/s  ETA 0h16m13s
[pal-without-d4] 225/800  0.6 games/s  ETA 0h16m06s
[pal-without-d4] 225/800  0.6 games/s  ETA 0h16m12s
[pal-without-d4] 227/800  0.6 games/s  ETA 0h16m05s
[pal-without-d4] 228/800  0.6 games/s  ETA 0h16m04s
[pal-without-d4] 230/800  0.6 games/s  ETA 0h15m57s
[pal-without-d4] 231/800  0.6 games/s  ETA 0h15m56s
[pal-without-d4] 233/800  0.6 games/s  ETA 0h15m49s
[pal-without-d4] 234/800  0.6 games/s  ETA 0h15m49s
[pal-without-d4] 235/800  0.6 games/s  ETA 0h15m48s
[pal-without-d4] 237/800  0.6 games/s  ETA 0h15m41s
[pal-without-d4] 237/800  0.6 games/s  ETA 0h15m46s
[pal-without-d4] 238/800  0.6 games/s  ETA 0h15m45s
[pal-without-d4] 239/800  0.6 games/s  ETA 0h15m44s
[pal-without-d4] 241/800  0.6 games/s  ETA 0h15m37s
[pal-without-d4] 243/800  0.6 games/s  ETA 0h15m31s
[pal-without-d4] 245/800  0.6 games/s  ETA 0h15m25s
[pal-without-d4] 246/800  0.6 games/s  ETA 0h15m24s
[pal-without-d4] 248/800  0.6 games/s  ETA 0h15m17s
[pal-without-d4] 250/800  0.6 games/s  ETA 0h15m11s
[pal-without-d4] 252/800  0.6 games/s  ETA 0h15m05s
[pal-without-d4] 253/800  0.6 games/s  ETA 0h15m04s
[pal-without-d4] 254/800  0.6 games/s  ETA 0h15m03s
[pal-without-d4] 254/800  0.6 games/s  ETA 0h15m07s
[pal-without-d4] 255/800  0.6 games/s  ETA 0h15m07s
[pal-without-d4] 256/800  0.6 games/s  ETA 0h15m06s
[pal-without-d4] 257/800  0.6 games/s  ETA 0h15m05s
[pal-without-d4] 260/800  0.6 games/s  ETA 0h14m53s
[pal-without-d4] 261/800  0.6 games/s  ETA 0h14m52s
[pal-without-d4] 263/800  0.6 games/s  ETA 0h14m46s
[pal-without-d4] 264/800  0.6 games/s  ETA 0h14m46s
[pal-without-d4] 266/800  0.6 games/s  ETA 0h14m40s
[pal-without-d4] 267/800  0.6 games/s  ETA 0h14m39s
[pal-without-d4] 268/800  0.6 games/s  ETA 0h14m38s
[pal-without-d4] 271/800  0.6 games/s  ETA 0h14m27s
[pal-without-d4] 271/800  0.6 games/s  ETA 0h14m31s
[pal-without-d4] 272/800  0.6 games/s  ETA 0h14m30s
[pal-without-d4] 272/800  0.6 games/s  ETA 0h14m34s
[pal-without-d4] 276/800  0.6 games/s  ETA 0h14m18s
[pal-without-d4] 276/800  0.6 games/s  ETA 0h14m22s
[pal-without-d4] 276/800  0.6 games/s  ETA 0h14m26s
[pal-without-d4] 278/800  0.6 games/s  ETA 0h14m20s
[pal-without-d4] 280/800  0.6 games/s  ETA 0h14m15s
[pal-without-d4] 281/800  0.6 games/s  ETA 0h14m14s
[pal-without-d4] 282/800  0.6 games/s  ETA 0h14m13s
[pal-without-d4] 284/800  0.6 games/s  ETA 0h14m07s
[pal-without-d4] 285/800  0.6 games/s  ETA 0h14m06s
[pal-without-d4] 285/800  0.6 games/s  ETA 0h14m10s
[pal-without-d4] 287/800  0.6 games/s  ETA 0h14m04s
[pal-without-d4] 287/800  0.6 games/s  ETA 0h14m08s
[pal-without-d4] 288/800  0.6 games/s  ETA 0h14m06s
[pal-without-d4] 290/800  0.6 games/s  ETA 0h14m01s
[pal-without-d4] 291/800  0.6 games/s  ETA 0h14m00s
[pal-without-d4] 292/800  0.6 games/s  ETA 0h13m59s
[pal-without-d4] 294/800  0.6 games/s  ETA 0h13m53s
[pal-without-d4] 294/800  0.6 games/s  ETA 0h13m57s
[pal-without-d4] 297/800  0.6 games/s  ETA 0h13m47s
[pal-without-d4] 298/800  0.6 games/s  ETA 0h13m46s
[pal-without-d4] 299/800  0.6 games/s  ETA 0h13m45s
[pal-without-d4] 301/800  0.6 games/s  ETA 0h13m39s
[pal-without-d4] 302/800  0.6 games/s  ETA 0h13m38s
[pal-without-d4] 302/800  0.6 games/s  ETA 0h13m41s
[pal-without-d4] 305/800  0.6 games/s  ETA 0h13m32s
[pal-without-d4] 305/800  0.6 games/s  ETA 0h13m35s
[pal-without-d4] 306/800  0.6 games/s  ETA 0h13m34s
[pal-without-d4] 308/800  0.6 games/s  ETA 0h13m29s
[pal-without-d4] 309/800  0.6 games/s  ETA 0h13m27s
[pal-without-d4] 310/800  0.6 games/s  ETA 0h13m26s
[pal-without-d4] 310/800  0.6 games/s  ETA 0h13m30s
[pal-without-d4] 312/800  0.6 games/s  ETA 0h13m24s
[pal-without-d4] 314/800  0.6 games/s  ETA 0h13m19s
[pal-without-d4] 314/800  0.6 games/s  ETA 0h13m22s
[pal-without-d4] 317/800  0.6 games/s  ETA 0h13m13s
[pal-without-d4] 318/800  0.6 games/s  ETA 0h13m11s
[pal-without-d4] 319/800  0.6 games/s  ETA 0h13m10s
[pal-without-d4] 319/800  0.6 games/s  ETA 0h13m13s
[pal-without-d4] 320/800  0.6 games/s  ETA 0h13m12s
[pal-without-d4] 322/800  0.6 games/s  ETA 0h13m07s
[pal-without-d4] 322/800  0.6 games/s  ETA 0h13m10s
[pal-without-d4] 324/800  0.6 games/s  ETA 0h13m05s
[pal-without-d4] 327/800  0.6 games/s  ETA 0h12m56s
[pal-without-d4] 327/800  0.6 games/s  ETA 0h12m58s
[pal-without-d4] 328/800  0.6 games/s  ETA 0h12m57s
[pal-without-d4] 330/800  0.6 games/s  ETA 0h12m52s
[pal-without-d4] 333/800  0.6 games/s  ETA 0h12m43s
[pal-without-d4] 333/800  0.6 games/s  ETA 0h12m46s
[pal-without-d4] 333/800  0.6 games/s  ETA 0h12m49s
[pal-without-d4] 336/800  0.6 games/s  ETA 0h12m40s
[pal-without-d4] 336/800  0.6 games/s  ETA 0h12m42s
[pal-without-d4] 338/800  0.6 games/s  ETA 0h12m37s
[pal-without-d4] 338/800  0.6 games/s  ETA 0h12m40s
[pal-without-d4] 340/800  0.6 games/s  ETA 0h12m35s
[pal-without-d4] 342/800  0.6 games/s  ETA 0h12m30s
[pal-without-d4] 343/800  0.6 games/s  ETA 0h12m29s
[pal-without-d4] 344/800  0.6 games/s  ETA 0h12m28s
[pal-without-d4] 344/800  0.6 games/s  ETA 0h12m30s
[pal-without-d4] 346/800  0.6 games/s  ETA 0h12m25s
[pal-without-d4] 347/800  0.6 games/s  ETA 0h12m24s
[pal-without-d4] 348/800  0.6 games/s  ETA 0h12m23s
[pal-without-d4] 351/800  0.6 games/s  ETA 0h12m14s
[pal-without-d4] 352/800  0.6 games/s  ETA 0h12m13s
[pal-without-d4] 352/800  0.6 games/s  ETA 0h12m16s
[pal-without-d4] 354/800  0.6 games/s  ETA 0h12m11s
[pal-without-d4] 354/800  0.6 games/s  ETA 0h12m13s
[pal-without-d4] 355/800  0.6 games/s  ETA 0h12m12s
[pal-without-d4] 360/800  0.6 games/s  ETA 0h11m56s
[pal-without-d4] 360/800  0.6 games/s  ETA 0h11m59s
[pal-without-d4] 361/800  0.6 games/s  ETA 0h11m58s
[pal-without-d4] 363/800  0.6 games/s  ETA 0h11m53s
[pal-without-d4] 364/800  0.6 games/s  ETA 0h11m52s
[pal-without-d4] 365/800  0.6 games/s  ETA 0h11m50s
[pal-without-d4] 366/800  0.6 games/s  ETA 0h11m49s
[pal-without-d4] 367/800  0.6 games/s  ETA 0h11m48s
[pal-without-d4] 369/800  0.6 games/s  ETA 0h11m43s
[pal-without-d4] 371/800  0.6 games/s  ETA 0h11m39s
[pal-without-d4] 372/800  0.6 games/s  ETA 0h11m37s
[pal-without-d4] 373/800  0.6 games/s  ETA 0h11m36s
[pal-without-d4] 373/800  0.6 games/s  ETA 0h11m38s
[pal-without-d4] 373/800  0.6 games/s  ETA 0h11m41s
[pal-without-d4] 375/800  0.6 games/s  ETA 0h11m36s
[pal-without-d4] 377/800  0.6 games/s  ETA 0h11m31s
[pal-without-d4] 378/800  0.6 games/s  ETA 0h11m30s
[pal-without-d4] 378/800  0.6 games/s  ETA 0h11m32s
[pal-without-d4] 380/800  0.6 games/s  ETA 0h11m28s
[pal-without-d4] 383/800  0.6 games/s  ETA 0h11m20s
[pal-without-d4] 384/800  0.6 games/s  ETA 0h11m18s
[pal-without-d4] 385/800  0.6 games/s  ETA 0h11m17s
[pal-without-d4] 387/800  0.6 games/s  ETA 0h11m12s
[pal-without-d4] 387/800  0.6 games/s  ETA 0h11m15s
[pal-without-d4] 388/800  0.6 games/s  ETA 0h11m13s
[pal-without-d4] 388/800  0.6 games/s  ETA 0h11m15s
[pal-without-d4] 389/800  0.6 games/s  ETA 0h11m14s
[pal-without-d4] 391/800  0.6 games/s  ETA 0h11m10s
[pal-without-d4] 393/800  0.6 games/s  ETA 0h11m05s
[pal-without-d4] 394/800  0.6 games/s  ETA 0h11m04s
[pal-without-d4] 394/800  0.6 games/s  ETA 0h11m06s
[pal-without-d4] 396/800  0.6 games/s  ETA 0h11m01s
[pal-without-d4] 399/800  0.6 games/s  ETA 0h10m53s
[pal-without-d4] 399/800  0.6 games/s  ETA 0h10m55s
[pal-without-d4] 399/800  0.6 games/s  ETA 0h10m57s
[pal-without-d4] 400/800  0.6 games/s  ETA 0h10m56s
[pal-without-d4] 400/800  0.6 games/s  ETA 0h10m58s
[pal-without-d4] 401/800  0.6 games/s  ETA 0h10m57s
[pal-without-d4] 402/800  0.6 games/s  ETA 0h10m56s
[pal-without-d4] 402/800  0.6 games/s  ETA 0h10m57s
[pal-without-d4] 403/800  0.6 games/s  ETA 0h10m56s
[pal-without-d4] 405/800  0.6 games/s  ETA 0h10m52s
[pal-without-d4] 407/800  0.6 games/s  ETA 0h10m47s
[pal-without-d4] 409/800  0.6 games/s  ETA 0h10m43s
[pal-without-d4] 411/800  0.6 games/s  ETA 0h10m38s
[pal-without-d4] 413/800  0.6 games/s  ETA 0h10m34s
[pal-without-d4] 413/800  0.6 games/s  ETA 0h10m35s
[pal-without-d4] 415/800  0.6 games/s  ETA 0h10m31s
[pal-without-d4] 416/800  0.6 games/s  ETA 0h10m30s
[pal-without-d4] 418/800  0.6 games/s  ETA 0h10m25s
[pal-without-d4] 420/800  0.6 games/s  ETA 0h10m21s
[pal-without-d4] 421/800  0.6 games/s  ETA 0h10m19s
[pal-without-d4] 421/800  0.6 games/s  ETA 0h10m21s
[pal-without-d4] 423/800  0.6 games/s  ETA 0h10m17s
[pal-without-d4] 424/800  0.6 games/s  ETA 0h10m15s
[pal-without-d4] 425/800  0.6 games/s  ETA 0h10m14s
[pal-without-d4] 426/800  0.6 games/s  ETA 0h10m13s
[pal-without-d4] 429/800  0.6 games/s  ETA 0h10m05s
[pal-without-d4] 429/800  0.6 games/s  ETA 0h10m07s
[pal-without-d4] 430/800  0.6 games/s  ETA 0h10m06s
[pal-without-d4] 432/800  0.6 games/s  ETA 0h10m01s
[pal-without-d4] 433/800  0.6 games/s  ETA 0h10m00s
[pal-without-d4] 435/800  0.6 games/s  ETA 0h09m56s
[pal-without-d4] 435/800  0.6 games/s  ETA 0h09m57s
[pal-without-d4] 436/800  0.6 games/s  ETA 0h09m56s
[pal-without-d4] 436/800  0.6 games/s  ETA 0h09m58s
[pal-without-d4] 438/800  0.6 games/s  ETA 0h09m53s
[pal-without-d4] 438/800  0.6 games/s  ETA 0h09m55s
[pal-without-d4] 438/800  0.6 games/s  ETA 0h09m57s
[pal-without-d4] 438/800  0.6 games/s  ETA 0h09m58s
[pal-without-d4] 441/800  0.6 games/s  ETA 0h09m51s
[pal-without-d4] 442/800  0.6 games/s  ETA 0h09m50s
[pal-without-d4] 444/800  0.6 games/s  ETA 0h09m45s
[pal-without-d4] 444/800  0.6 games/s  ETA 0h09m47s
[pal-without-d4] 445/800  0.6 games/s  ETA 0h09m46s
[pal-without-d4] 447/800  0.6 games/s  ETA 0h09m41s
[pal-without-d4] 449/800  0.6 games/s  ETA 0h09m37s
[pal-without-d4] 451/800  0.6 games/s  ETA 0h09m33s
[pal-without-d4] 451/800  0.6 games/s  ETA 0h09m34s
[pal-without-d4] 451/800  0.6 games/s  ETA 0h09m36s
[pal-without-d4] 452/800  0.6 games/s  ETA 0h09m34s
[pal-without-d4] 453/800  0.6 games/s  ETA 0h09m33s
[pal-without-d4] 455/800  0.6 games/s  ETA 0h09m29s
[pal-without-d4] 455/800  0.6 games/s  ETA 0h09m30s
[pal-without-d4] 458/800  0.6 games/s  ETA 0h09m23s
[pal-without-d4] 460/800  0.6 games/s  ETA 0h09m19s
[pal-without-d4] 460/800  0.6 games/s  ETA 0h09m20s
[pal-without-d4] 463/800  0.6 games/s  ETA 0h09m13s
[pal-without-d4] 463/800  0.6 games/s  ETA 0h09m15s
[pal-without-d4] 465/800  0.6 games/s  ETA 0h09m10s
[pal-without-d4] 467/800  0.6 games/s  ETA 0h09m06s
[pal-without-d4] 469/800  0.6 games/s  ETA 0h09m02s
[pal-without-d4] 471/800  0.6 games/s  ETA 0h08m58s
[pal-without-d4] 473/800  0.6 games/s  ETA 0h08m54s
[pal-without-d4] 473/800  0.6 games/s  ETA 0h08m55s
[pal-without-d4] 475/800  0.6 games/s  ETA 0h08m51s
[pal-without-d4] 477/800  0.6 games/s  ETA 0h08m47s
[pal-without-d4] 478/800  0.6 games/s  ETA 0h08m45s
[pal-without-d4] 479/800  0.6 games/s  ETA 0h08m44s
[pal-without-d4] 481/800  0.6 games/s  ETA 0h08m40s
[pal-without-d4] 481/800  0.6 games/s  ETA 0h08m41s
[pal-without-d4] 483/800  0.6 games/s  ETA 0h08m37s
[pal-without-d4] 485/800  0.6 games/s  ETA 0h08m33s
[pal-without-d4] 486/800  0.6 games/s  ETA 0h08m32s
[pal-without-d4] 490/800  0.6 games/s  ETA 0h08m22s
[pal-without-d4] 490/800  0.6 games/s  ETA 0h08m24s
[pal-without-d4] 492/800  0.6 games/s  ETA 0h08m20s
[pal-without-d4] 493/800  0.6 games/s  ETA 0h08m18s
[pal-without-d4] 493/800  0.6 games/s  ETA 0h08m19s
[pal-without-d4] 494/800  0.6 games/s  ETA 0h08m18s
[pal-without-d4] 497/800  0.6 games/s  ETA 0h08m11s
[pal-without-d4] 499/800  0.6 games/s  ETA 0h08m07s
[pal-without-d4] 500/800  0.6 games/s  ETA 0h08m06s
[pal-without-d4] 501/800  0.6 games/s  ETA 0h08m05s
[pal-without-d4] 503/800  0.6 games/s  ETA 0h08m01s
[pal-without-d4] 504/800  0.6 games/s  ETA 0h07m59s
[pal-without-d4] 507/800  0.6 games/s  ETA 0h07m53s
[pal-without-d4] 508/800  0.6 games/s  ETA 0h07m51s
[pal-without-d4] 509/800  0.6 games/s  ETA 0h07m50s
[pal-without-d4] 511/800  0.6 games/s  ETA 0h07m46s
[pal-without-d4] 512/800  0.6 games/s  ETA 0h07m45s
[pal-without-d4] 512/800  0.6 games/s  ETA 0h07m46s
[pal-without-d4] 515/800  0.6 games/s  ETA 0h07m39s
[pal-without-d4] 515/800  0.6 games/s  ETA 0h07m40s
[pal-without-d4] 516/800  0.6 games/s  ETA 0h07m39s
[pal-without-d4] 517/800  0.6 games/s  ETA 0h07m38s
[pal-without-d4] 519/800  0.6 games/s  ETA 0h07m34s
[pal-without-d4] 521/800  0.6 games/s  ETA 0h07m30s
[pal-without-d4] 521/800  0.6 games/s  ETA 0h07m31s
[pal-without-d4] 524/800  0.6 games/s  ETA 0h07m24s
[pal-without-d4] 524/800  0.6 games/s  ETA 0h07m26s
[pal-without-d4] 526/800  0.6 games/s  ETA 0h07m22s
[pal-without-d4] 527/800  0.6 games/s  ETA 0h07m20s
[pal-without-d4] 527/800  0.6 games/s  ETA 0h07m21s
[pal-without-d4] 529/800  0.6 games/s  ETA 0h07m17s
[pal-without-d4] 531/800  0.6 games/s  ETA 0h07m14s
[pal-without-d4] 532/800  0.6 games/s  ETA 0h07m12s
[pal-without-d4] 534/800  0.6 games/s  ETA 0h07m08s
[pal-without-d4] 536/800  0.6 games/s  ETA 0h07m04s
[pal-without-d4] 536/800  0.6 games/s  ETA 0h07m05s
[pal-without-d4] 538/800  0.6 games/s  ETA 0h07m02s
[pal-without-d4] 539/800  0.6 games/s  ETA 0h07m00s
[pal-without-d4] 540/800  0.6 games/s  ETA 0h06m59s
[pal-without-d4] 542/800  0.6 games/s  ETA 0h06m55s
[pal-without-d4] 544/800  0.6 games/s  ETA 0h06m51s
[pal-without-d4] 544/800  0.6 games/s  ETA 0h06m52s
[pal-without-d4] 545/800  0.6 games/s  ETA 0h06m51s
[pal-without-d4] 546/800  0.6 games/s  ETA 0h06m49s
[pal-without-d4] 549/800  0.6 games/s  ETA 0h06m43s
[pal-without-d4] 550/800  0.6 games/s  ETA 0h06m42s
[pal-without-d4] 551/800  0.6 games/s  ETA 0h06m40s
[pal-without-d4] 551/800  0.6 games/s  ETA 0h06m41s
[pal-without-d4] 553/800  0.6 games/s  ETA 0h06m37s
[pal-without-d4] 554/800  0.6 games/s  ETA 0h06m36s
[pal-without-d4] 555/800  0.6 games/s  ETA 0h06m35s
[pal-without-d4] 555/800  0.6 games/s  ETA 0h06m35s
[pal-without-d4] 559/800  0.6 games/s  ETA 0h06m27s
[pal-without-d4] 559/800  0.6 games/s  ETA 0h06m28s
[pal-without-d4] 560/800  0.6 games/s  ETA 0h06m26s
[pal-without-d4] 561/800  0.6 games/s  ETA 0h06m25s
[pal-without-d4] 563/800  0.6 games/s  ETA 0h06m21s
[pal-without-d4] 563/800  0.6 games/s  ETA 0h06m22s
[pal-without-d4] 564/800  0.6 games/s  ETA 0h06m21s
[pal-without-d4] 566/800  0.6 games/s  ETA 0h06m17s
[pal-without-d4] 566/800  0.6 games/s  ETA 0h06m18s
[pal-without-d4] 568/800  0.6 games/s  ETA 0h06m14s
[pal-without-d4] 570/800  0.6 games/s  ETA 0h06m10s
[pal-without-d4] 571/800  0.6 games/s  ETA 0h06m09s
[pal-without-d4] 572/800  0.6 games/s  ETA 0h06m07s
[pal-without-d4] 572/800  0.6 games/s  ETA 0h06m08s
[pal-without-d4] 573/800  0.6 games/s  ETA 0h06m07s
[pal-without-d4] 574/800  0.6 games/s  ETA 0h06m05s
[pal-without-d4] 574/800  0.6 games/s  ETA 0h06m06s
[pal-without-d4] 575/800  0.6 games/s  ETA 0h06m05s
[pal-without-d4] 578/800  0.6 games/s  ETA 0h05m59s
[pal-without-d4] 579/800  0.6 games/s  ETA 0h05m57s
[pal-without-d4] 581/800  0.6 games/s  ETA 0h05m53s
[pal-without-d4] 581/800  0.6 games/s  ETA 0h05m54s
[pal-without-d4] 584/800  0.6 games/s  ETA 0h05m48s
[pal-without-d4] 585/800  0.6 games/s  ETA 0h05m47s
[pal-without-d4] 585/800  0.6 games/s  ETA 0h05m47s
[pal-without-d4] 587/800  0.6 games/s  ETA 0h05m44s
[pal-without-d4] 587/800  0.6 games/s  ETA 0h05m45s
[pal-without-d4] 589/800  0.6 games/s  ETA 0h05m41s
[pal-without-d4] 589/800  0.6 games/s  ETA 0h05m42s
[pal-without-d4] 590/800  0.6 games/s  ETA 0h05m40s
[pal-without-d4] 592/800  0.6 games/s  ETA 0h05m36s
[pal-without-d4] 593/800  0.6 games/s  ETA 0h05m35s
[pal-without-d4] 595/800  0.6 games/s  ETA 0h05m31s
[pal-without-d4] 597/800  0.6 games/s  ETA 0h05m28s
[pal-without-d4] 598/800  0.6 games/s  ETA 0h05m26s
[pal-without-d4] 600/800  0.6 games/s  ETA 0h05m22s
[pal-without-d4] 603/800  0.6 games/s  ETA 0h05m17s
[pal-without-d4] 604/800  0.6 games/s  ETA 0h05m15s
[pal-without-d4] 604/800  0.6 games/s  ETA 0h05m16s
[pal-without-d4] 606/800  0.6 games/s  ETA 0h05m12s
[pal-without-d4] 608/800  0.6 games/s  ETA 0h05m09s
[pal-without-d4] 608/800  0.6 games/s  ETA 0h05m09s
[pal-without-d4] 611/800  0.6 games/s  ETA 0h05m04s
[pal-without-d4] 612/800  0.6 games/s  ETA 0h05m02s
[pal-without-d4] 613/800  0.6 games/s  ETA 0h05m01s
[pal-without-d4] 615/800  0.6 games/s  ETA 0h04m57s
[pal-without-d4] 615/800  0.6 games/s  ETA 0h04m58s
[pal-without-d4] 616/800  0.6 games/s  ETA 0h04m56s
[pal-without-d4] 617/800  0.6 games/s  ETA 0h04m55s
[pal-without-d4] 618/800  0.6 games/s  ETA 0h04m53s
[pal-without-d4] 619/800  0.6 games/s  ETA 0h04m52s
[pal-without-d4] 619/800  0.6 games/s  ETA 0h04m52s
[pal-without-d4] 620/800  0.6 games/s  ETA 0h04m51s
[pal-without-d4] 622/800  0.6 games/s  ETA 0h04m47s
[pal-without-d4] 622/800  0.6 games/s  ETA 0h04m48s
[pal-without-d4] 622/800  0.6 games/s  ETA 0h04m48s
[pal-without-d4] 623/800  0.6 games/s  ETA 0h04m47s
[pal-without-d4] 623/800  0.6 games/s  ETA 0h04m47s
[pal-without-d4] 625/800  0.6 games/s  ETA 0h04m44s
[pal-without-d4] 625/800  0.6 games/s  ETA 0h04m44s
[pal-without-d4] 626/800  0.6 games/s  ETA 0h04m43s
[pal-without-d4] 627/800  0.6 games/s  ETA 0h04m41s
[pal-without-d4] 628/800  0.6 games/s  ETA 0h04m40s
[pal-without-d4] 630/800  0.6 games/s  ETA 0h04m36s
[pal-without-d4] 631/800  0.6 games/s  ETA 0h04m35s
[pal-without-d4] 632/800  0.6 games/s  ETA 0h04m33s
[pal-without-d4] 632/800  0.6 games/s  ETA 0h04m34s
[pal-without-d4] 634/800  0.6 games/s  ETA 0h04m30s
[pal-without-d4] 634/800  0.6 games/s  ETA 0h04m30s
[pal-without-d4] 635/800  0.6 games/s  ETA 0h04m29s
[pal-without-d4] 636/800  0.6 games/s  ETA 0h04m27s
[pal-without-d4] 636/800  0.6 games/s  ETA 0h04m28s
[pal-without-d4] 639/800  0.6 games/s  ETA 0h04m22s
[pal-without-d4] 639/800  0.6 games/s  ETA 0h04m23s
[pal-without-d4] 639/800  0.6 games/s  ETA 0h04m23s
[pal-without-d4] 641/800  0.6 games/s  ETA 0h04m20s
[pal-without-d4] 643/800  0.6 games/s  ETA 0h04m16s
[pal-without-d4] 643/800  0.6 games/s  ETA 0h04m17s
[pal-without-d4] 646/800  0.6 games/s  ETA 0h04m11s
[pal-without-d4] 647/800  0.6 games/s  ETA 0h04m09s
[pal-without-d4] 647/800  0.6 games/s  ETA 0h04m10s
[pal-without-d4] 649/800  0.6 games/s  ETA 0h04m06s
[pal-without-d4] 651/800  0.6 games/s  ETA 0h04m03s
[pal-without-d4] 651/800  0.6 games/s  ETA 0h04m03s
[pal-without-d4] 653/800  0.6 games/s  ETA 0h04m00s
[pal-without-d4] 654/800  0.6 games/s  ETA 0h03m58s
[pal-without-d4] 656/800  0.6 games/s  ETA 0h03m55s
[pal-without-d4] 656/800  0.6 games/s  ETA 0h03m55s
[pal-without-d4] 658/800  0.6 games/s  ETA 0h03m51s
[pal-without-d4] 659/800  0.6 games/s  ETA 0h03m50s
[pal-without-d4] 659/800  0.6 games/s  ETA 0h03m50s
[pal-without-d4] 660/800  0.6 games/s  ETA 0h03m49s
[pal-without-d4] 662/800  0.6 games/s  ETA 0h03m45s
[pal-without-d4] 662/800  0.6 games/s  ETA 0h03m46s
[pal-without-d4] 663/800  0.6 games/s  ETA 0h03m44s
[pal-without-d4] 665/800  0.6 games/s  ETA 0h03m41s
[pal-without-d4] 668/800  0.6 games/s  ETA 0h03m35s
[pal-without-d4] 669/800  0.6 games/s  ETA 0h03m34s
[pal-without-d4] 670/800  0.6 games/s  ETA 0h03m32s
[pal-without-d4] 671/800  0.6 games/s  ETA 0h03m30s
[pal-without-d4] 672/800  0.6 games/s  ETA 0h03m29s
[pal-without-d4] 673/800  0.6 games/s  ETA 0h03m27s
[pal-without-d4] 675/800  0.6 games/s  ETA 0h03m24s
[pal-without-d4] 676/800  0.6 games/s  ETA 0h03m22s
[pal-without-d4] 676/800  0.6 games/s  ETA 0h03m23s
[pal-without-d4] 679/800  0.6 games/s  ETA 0h03m17s
[pal-without-d4] 679/800  0.6 games/s  ETA 0h03m17s
[pal-without-d4] 679/800  0.6 games/s  ETA 0h03m18s
[pal-without-d4] 681/800  0.6 games/s  ETA 0h03m14s
[pal-without-d4] 683/800  0.6 games/s  ETA 0h03m11s
[pal-without-d4] 684/800  0.6 games/s  ETA 0h03m09s
[pal-without-d4] 685/800  0.6 games/s  ETA 0h03m08s
[pal-without-d4] 686/800  0.6 games/s  ETA 0h03m06s
[pal-without-d4] 687/800  0.6 games/s  ETA 0h03m05s
[pal-without-d4] 689/800  0.6 games/s  ETA 0h03m01s
[pal-without-d4] 692/800  0.6 games/s  ETA 0h02m56s
[pal-without-d4] 692/800  0.6 games/s  ETA 0h02m56s
[pal-without-d4] 694/800  0.6 games/s  ETA 0h02m53s
[pal-without-d4] 695/800  0.6 games/s  ETA 0h02m51s
[pal-without-d4] 697/800  0.6 games/s  ETA 0h02m48s
[pal-without-d4] 698/800  0.6 games/s  ETA 0h02m46s
[pal-without-d4] 700/800  0.6 games/s  ETA 0h02m43s
[pal-without-d4] 700/800  0.6 games/s  ETA 0h02m43s
[pal-without-d4] 701/800  0.6 games/s  ETA 0h02m41s
[pal-without-d4] 701/800  0.6 games/s  ETA 0h02m41s
[pal-without-d4] 704/800  0.6 games/s  ETA 0h02m36s
[pal-without-d4] 705/800  0.6 games/s  ETA 0h02m35s
[pal-without-d4] 705/800  0.6 games/s  ETA 0h02m35s
[pal-without-d4] 707/800  0.6 games/s  ETA 0h02m31s
[pal-without-d4] 707/800  0.6 games/s  ETA 0h02m32s
[pal-without-d4] 709/800  0.6 games/s  ETA 0h02m28s
[pal-without-d4] 710/800  0.6 games/s  ETA 0h02m27s
[pal-without-d4] 711/800  0.6 games/s  ETA 0h02m25s
[pal-without-d4] 712/800  0.6 games/s  ETA 0h02m23s
[pal-without-d4] 713/800  0.6 games/s  ETA 0h02m22s
[pal-without-d4] 714/800  0.6 games/s  ETA 0h02m20s
[pal-without-d4] 714/800  0.6 games/s  ETA 0h02m21s
[pal-without-d4] 716/800  0.6 games/s  ETA 0h02m17s
[pal-without-d4] 718/800  0.6 games/s  ETA 0h02m14s
[pal-without-d4] 719/800  0.6 games/s  ETA 0h02m12s
[pal-without-d4] 721/800  0.6 games/s  ETA 0h02m09s
[pal-without-d4] 722/800  0.6 games/s  ETA 0h02m07s
[pal-without-d4] 722/800  0.6 games/s  ETA 0h02m07s
[pal-without-d4] 723/800  0.6 games/s  ETA 0h02m06s
[pal-without-d4] 723/800  0.6 games/s  ETA 0h02m06s
[pal-without-d4] 726/800  0.6 games/s  ETA 0h02m01s
[pal-without-d4] 726/800  0.6 games/s  ETA 0h02m01s
[pal-without-d4] 727/800  0.6 games/s  ETA 0h01m59s
[pal-without-d4] 729/800  0.6 games/s  ETA 0h01m56s
[pal-without-d4] 731/800  0.6 games/s  ETA 0h01m52s
[pal-without-d4] 734/800  0.6 games/s  ETA 0h01m47s
[pal-without-d4] 734/800  0.6 games/s  ETA 0h01m47s
[pal-without-d4] 735/800  0.6 games/s  ETA 0h01m46s
[pal-without-d4] 737/800  0.6 games/s  ETA 0h01m43s
[pal-without-d4] 737/800  0.6 games/s  ETA 0h01m43s
[pal-without-d4] 738/800  0.6 games/s  ETA 0h01m41s
[pal-without-d4] 739/800  0.6 games/s  ETA 0h01m39s
[pal-without-d4] 740/800  0.6 games/s  ETA 0h01m38s
[pal-without-d4] 740/800  0.6 games/s  ETA 0h01m38s
[pal-without-d4] 741/800  0.6 games/s  ETA 0h01m36s
[pal-without-d4] 742/800  0.6 games/s  ETA 0h01m35s
[pal-without-d4] 744/800  0.6 games/s  ETA 0h01m31s
[pal-without-d4] 745/800  0.6 games/s  ETA 0h01m30s
[pal-without-d4] 746/800  0.6 games/s  ETA 0h01m28s
[pal-without-d4] 748/800  0.6 games/s  ETA 0h01m25s
[pal-without-d4] 749/800  0.6 games/s  ETA 0h01m23s
[pal-without-d4] 751/800  0.6 games/s  ETA 0h01m20s
[pal-without-d4] 754/800  0.6 games/s  ETA 0h01m15s
[pal-without-d4] 754/800  0.6 games/s  ETA 0h01m15s
[pal-without-d4] 755/800  0.6 games/s  ETA 0h01m13s
[pal-without-d4] 756/800  0.6 games/s  ETA 0h01m12s
[pal-without-d4] 757/800  0.6 games/s  ETA 0h01m10s
[pal-without-d4] 759/800  0.6 games/s  ETA 0h01m07s
[pal-without-d4] 760/800  0.6 games/s  ETA 0h01m05s
[pal-without-d4] 761/800  0.6 games/s  ETA 0h01m03s
[pal-without-d4] 763/800  0.6 games/s  ETA 0h01m00s
[pal-without-d4] 764/800  0.6 games/s  ETA 0h00m58s
[pal-without-d4] 766/800  0.6 games/s  ETA 0h00m55s
[pal-without-d4] 766/800  0.6 games/s  ETA 0h00m55s
[pal-without-d4] 767/800  0.6 games/s  ETA 0h00m54s
[pal-without-d4] 768/800  0.6 games/s  ETA 0h00m52s
[pal-without-d4] 769/800  0.6 games/s  ETA 0h00m50s
[pal-without-d4] 770/800  0.6 games/s  ETA 0h00m49s
[pal-without-d4] 772/800  0.6 games/s  ETA 0h00m45s
[pal-without-d4] 775/800  0.6 games/s  ETA 0h00m40s
[pal-without-d4] 775/800  0.6 games/s  ETA 0h00m40s
[pal-without-d4] 777/800  0.6 games/s  ETA 0h00m37s
[pal-without-d4] 777/800  0.6 games/s  ETA 0h00m37s
[pal-without-d4] 780/800  0.6 games/s  ETA 0h00m32s
[pal-without-d4] 781/800  0.6 games/s  ETA 0h00m31s
[pal-without-d4] 781/800  0.6 games/s  ETA 0h00m31s
[pal-without-d4] 784/800  0.6 games/s  ETA 0h00m26s
[pal-without-d4] 785/800  0.6 games/s  ETA 0h00m24s
[pal-without-d4] 786/800  0.6 games/s  ETA 0h00m22s
[pal-without-d4] 789/800  0.6 games/s  ETA 0h00m17s
[pal-without-d4] 789/800  0.6 games/s  ETA 0h00m17s
[pal-without-d4] 792/800  0.6 games/s  ETA 0h00m13s
[pal-without-d4] 792/800  0.6 games/s  ETA 0h00m13s
[pal-without-d4] 793/800  0.6 games/s  ETA 0h00m11s
[pal-without-d4] 794/800  0.6 games/s  ETA 0h00m09s
[pal-without-d4] 796/800  0.6 games/s  ETA 0h00m06s
[pal-without-d4] 797/800  0.6 games/s  ETA 0h00m04s
[pal-without-d4] 799/800  0.6 games/s  ETA 0h00m01s
[pal-without-d4] 799/800  0.6 games/s  ETA 0h00m01s
[pal-without-d4] 800 games in 0h21m45s (0.6 games/s)
[pal-without-d4] summary -> sim/out/pal-without-d4.summary.json
