[pb-ab-O-nocap.base] 1600 games (0 already done), 1600 to play on 4 workers -> sim/out/pb-ab-O-nocap.base.jsonl
[pb-ab-O-nocap.base] depth 3, 4 random opening plies, ply cap 300, pairs off (both sides identical; --pairs forces them on)
[pb-ab-O-nocap.base] rules {}, values {}
[pb-ab-O-nocap.base] 3/1600  1.5 games/s  ETA 0h17m45s
[pb-ab-O-nocap.base] 8/1600  2.0 games/s  ETA 0h13m16s
[pb-ab-O-nocap.base] 12/1600  2.0 games/s  ETA 0h13m14s
[pb-ab-O-nocap.base] 18/1600  2.2 games/s  ETA 0h11m43s
[pb-ab-O-nocap.base] 23/1600  2.3 games/s  ETA 0h11m26s
[pb-ab-O-nocap.base] 29/1600  2.4 games/s  ETA 0h10m50s
[pb-ab-O-nocap.base] 35/1600  2.5 games/s  ETA 0h10m26s
[pb-ab-O-nocap.base] 39/1600  2.4 games/s  ETA 0h10m40s
[pb-ab-O-nocap.base] 43/1600  2.4 games/s  ETA 0h10m52s
[pb-ab-O-nocap.base] 46/1600  2.3 games/s  ETA 0h11m16s
[pb-ab-O-nocap.base] 49/1600  2.2 games/s  ETA 0h11m36s
[pb-ab-O-nocap.base] 56/1600  2.3 games/s  ETA 0h11m02s
[pb-ab-O-nocap.base] 64/1600  2.5 games/s  ETA 0h10m24s
[pb-ab-O-nocap.base] 68/1600  2.4 games/s  ETA 0h10m31s
[pb-ab-O-nocap.base] 73/1600  2.4 games/s  ETA 0h10m27s
[pb-ab-O-nocap.base] 79/1600  2.5 games/s  ETA 0h10m16s
[pb-ab-O-nocap.base] 84/1600  2.5 games/s  ETA 0h10m13s
[pb-ab-O-nocap.base] 88/1600  2.4 games/s  ETA 0h10m18s
[pb-ab-O-nocap.base] 94/1600  2.5 games/s  ETA 0h10m09s
[pb-ab-O-nocap.base] 99/1600  2.5 games/s  ETA 0h10m06s
[pb-ab-O-nocap.base] 104/1600  2.5 games/s  ETA 0h10m04s
[pb-ab-O-nocap.base] 109/1600  2.5 games/s  ETA 0h10m02s
[pb-ab-O-nocap.base] 116/1600  2.5 games/s  ETA 0h09m48s
[pb-ab-O-nocap.base] 122/1600  2.5 games/s  ETA 0h09m41s
[pb-ab-O-nocap.base] 129/1600  2.6 games/s  ETA 0h09m30s
[pb-ab-O-nocap.base] 131/1600  2.5 games/s  ETA 0h09m43s
[pb-ab-O-nocap.base] 136/1600  2.5 games/s  ETA 0h09m41s
[pb-ab-O-nocap.base] 141/1600  2.5 games/s  ETA 0h09m39s
[pb-ab-O-nocap.base] 147/1600  2.5 games/s  ETA 0h09m33s
[pb-ab-O-nocap.base] 151/1600  2.5 games/s  ETA 0h09m36s
[pb-ab-O-nocap.base] 156/1600  2.5 games/s  ETA 0h09m34s
[pb-ab-O-nocap.base] 161/1600  2.5 games/s  ETA 0h09m32s
[pb-ab-O-nocap.base] 164/1600  2.5 games/s  ETA 0h09m38s
[pb-ab-O-nocap.base] 169/1600  2.5 games/s  ETA 0h09m36s
[pb-ab-O-nocap.base] 176/1600  2.5 games/s  ETA 0h09m26s
[pb-ab-O-nocap.base] 180/1600  2.5 games/s  ETA 0h09m28s
[pb-ab-O-nocap.base] 185/1600  2.5 games/s  ETA 0h09m26s
[pb-ab-O-nocap.base] 190/1600  2.5 games/s  ETA 0h09m24s
[pb-ab-O-nocap.base] 196/1600  2.5 games/s  ETA 0h09m19s
[pb-ab-O-nocap.base] 200/1600  2.5 games/s  ETA 0h09m20s
[pb-ab-O-nocap.base] 206/1600  2.5 games/s  ETA 0h09m15s
[pb-ab-O-nocap.base] 210/1600  2.5 games/s  ETA 0h09m16s
[pb-ab-O-nocap.base] 216/1600  2.5 games/s  ETA 0h09m11s
[pb-ab-O-nocap.base] 220/1600  2.5 games/s  ETA 0h09m12s
[pb-ab-O-nocap.base] 224/1600  2.5 games/s  ETA 0h09m13s
[pb-ab-O-nocap.base] 231/1600  2.5 games/s  ETA 0h09m05s
[pb-ab-O-nocap.base] 237/1600  2.5 games/s  ETA 0h09m00s
[pb-ab-O-nocap.base] 240/1600  2.5 games/s  ETA 0h09m04s
[pb-ab-O-nocap.base] 246/1600  2.5 games/s  ETA 0h08m59s
[pb-ab-O-nocap.base] 251/1600  2.5 games/s  ETA 0h08m57s
[pb-ab-O-nocap.base] 255/1600  2.5 games/s  ETA 0h08m58s
[pb-ab-O-nocap.base] 261/1600  2.5 games/s  ETA 0h08m53s
[pb-ab-O-nocap.base] 265/1600  2.5 games/s  ETA 0h08m54s
[pb-ab-O-nocap.base] 270/1600  2.5 games/s  ETA 0h08m52s
[pb-ab-O-nocap.base] 274/1600  2.5 games/s  ETA 0h08m52s
[pb-ab-O-nocap.base] 279/1600  2.5 games/s  ETA 0h08m50s
[pb-ab-O-nocap.base] 287/1600  2.5 games/s  ETA 0h08m41s
[pb-ab-O-nocap.base] 292/1600  2.5 games/s  ETA 0h08m39s
[pb-ab-O-nocap.base] 295/1600  2.5 games/s  ETA 0h08m42s
[pb-ab-O-nocap.base] 299/1600  2.5 games/s  ETA 0h08m42s
[pb-ab-O-nocap.base] 305/1600  2.5 games/s  ETA 0h08m38s
[pb-ab-O-nocap.base] 308/1600  2.5 games/s  ETA 0h08m40s
[pb-ab-O-nocap.base] 315/1600  2.5 games/s  ETA 0h08m34s
[pb-ab-O-nocap.base] 321/1600  2.5 games/s  ETA 0h08m30s
[pb-ab-O-nocap.base] 324/1600  2.5 games/s  ETA 0h08m32s
[pb-ab-O-nocap.base] 328/1600  2.5 games/s  ETA 0h08m32s
[pb-ab-O-nocap.base] 334/1600  2.5 games/s  ETA 0h08m28s
[pb-ab-O-nocap.base] 336/1600  2.5 games/s  ETA 0h08m31s
[pb-ab-O-nocap.base] 342/1600  2.5 games/s  ETA 0h08m27s
[pb-ab-O-nocap.base] 348/1600  2.5 games/s  ETA 0h08m23s
[pb-ab-O-nocap.base] 353/1600  2.5 games/s  ETA 0h08m21s
[pb-ab-O-nocap.base] 355/1600  2.5 games/s  ETA 0h08m25s
[pb-ab-O-nocap.base] 358/1600  2.5 games/s  ETA 0h08m26s
[pb-ab-O-nocap.base] 360/1600  2.4 games/s  ETA 0h08m30s
[pb-ab-O-nocap.base] 366/1600  2.4 games/s  ETA 0h08m25s
[pb-ab-O-nocap.base] 370/1600  2.4 games/s  ETA 0h08m25s
[pb-ab-O-nocap.base] 374/1600  2.4 games/s  ETA 0h08m25s
[pb-ab-O-nocap.base] 380/1600  2.4 games/s  ETA 0h08m21s
[pb-ab-O-nocap.base] 383/1600  2.4 games/s  ETA 0h08m22s
[pb-ab-O-nocap.base] 387/1600  2.4 games/s  ETA 0h08m21s
[pb-ab-O-nocap.base] 390/1600  2.4 games/s  ETA 0h08m22s
[pb-ab-O-nocap.base] 393/1600  2.4 games/s  ETA 0h08m23s
[pb-ab-O-nocap.base] 397/1600  2.4 games/s  ETA 0h08m23s
[pb-ab-O-nocap.base] 399/1600  2.4 games/s  ETA 0h08m25s
[pb-ab-O-nocap.base] 405/1600  2.4 games/s  ETA 0h08m21s
[pb-ab-O-nocap.base] 410/1600  2.4 games/s  ETA 0h08m19s
[pb-ab-O-nocap.base] 413/1600  2.4 games/s  ETA 0h08m20s
[pb-ab-O-nocap.base] 415/1600  2.4 games/s  ETA 0h08m22s
[pb-ab-O-nocap.base] 417/1600  2.3 games/s  ETA 0h08m25s
[pb-ab-O-nocap.base] 419/1600  2.3 games/s  ETA 0h08m27s
[pb-ab-O-nocap.base] 423/1600  2.3 games/s  ETA 0h08m26s
[pb-ab-O-nocap.base] 426/1600  2.3 games/s  ETA 0h08m27s
[pb-ab-O-nocap.base] 429/1600  2.3 games/s  ETA 0h08m27s
[pb-ab-O-nocap.base] 434/1600  2.3 games/s  ETA 0h08m25s
[pb-ab-O-nocap.base] 439/1600  2.3 games/s  ETA 0h08m22s
[pb-ab-O-nocap.base] 444/1600  2.3 games/s  ETA 0h08m20s
[pb-ab-O-nocap.base] 449/1600  2.3 games/s  ETA 0h08m17s
[pb-ab-O-nocap.base] 453/1600  2.3 games/s  ETA 0h08m16s
[pb-ab-O-nocap.base] 457/1600  2.3 games/s  ETA 0h08m15s
[pb-ab-O-nocap.base] 463/1600  2.3 games/s  ETA 0h08m11s
[pb-ab-O-nocap.base] 469/1600  2.3 games/s  ETA 0h08m07s
[pb-ab-O-nocap.base] 476/1600  2.3 games/s  ETA 0h08m01s
[pb-ab-O-nocap.base] 481/1600  2.3 games/s  ETA 0h07m59s
[pb-ab-O-nocap.base] 485/1600  2.3 games/s  ETA 0h07m58s
[pb-ab-O-nocap.base] 488/1600  2.3 games/s  ETA 0h07m58s
[pb-ab-O-nocap.base] 490/1600  2.3 games/s  ETA 0h08m00s
[pb-ab-O-nocap.base] 493/1600  2.3 games/s  ETA 0h08m00s
[pb-ab-O-nocap.base] 497/1600  2.3 games/s  ETA 0h07m59s
[pb-ab-O-nocap.base] 500/1600  2.3 games/s  ETA 0h07m59s
[pb-ab-O-nocap.base] 506/1600  2.3 games/s  ETA 0h07m55s
[pb-ab-O-nocap.base] 512/1600  2.3 games/s  ETA 0h07m51s
[pb-ab-O-nocap.base] 516/1600  2.3 games/s  ETA 0h07m50s
[pb-ab-O-nocap.base] 520/1600  2.3 games/s  ETA 0h07m49s
[pb-ab-O-nocap.base] 526/1600  2.3 games/s  ETA 0h07m45s
[pb-ab-O-nocap.base] 531/1600  2.3 games/s  ETA 0h07m43s
[pb-ab-O-nocap.base] 535/1600  2.3 games/s  ETA 0h07m42s
[pb-ab-O-nocap.base] 539/1600  2.3 games/s  ETA 0h07m40s
[pb-ab-O-nocap.base] 544/1600  2.3 games/s  ETA 0h07m38s
[pb-ab-O-nocap.base] 549/1600  2.3 games/s  ETA 0h07m35s
[pb-ab-O-nocap.base] 551/1600  2.3 games/s  ETA 0h07m37s
[pb-ab-O-nocap.base] 555/1600  2.3 games/s  ETA 0h07m35s
[pb-ab-O-nocap.base] 561/1600  2.3 games/s  ETA 0h07m32s
[pb-ab-O-nocap.base] 563/1600  2.3 games/s  ETA 0h07m33s
[pb-ab-O-nocap.base] 566/1600  2.3 games/s  ETA 0h07m33s
[pb-ab-O-nocap.base] 571/1600  2.3 games/s  ETA 0h07m30s
[pb-ab-O-nocap.base] 577/1600  2.3 games/s  ETA 0h07m27s
[pb-ab-O-nocap.base] 583/1600  2.3 games/s  ETA 0h07m23s
[pb-ab-O-nocap.base] 586/1600  2.3 games/s  ETA 0h07m23s
[pb-ab-O-nocap.base] 589/1600  2.3 games/s  ETA 0h07m23s
[pb-ab-O-nocap.base] 592/1600  2.3 games/s  ETA 0h07m22s
[pb-ab-O-nocap.base] 596/1600  2.3 games/s  ETA 0h07m21s
[pb-ab-O-nocap.base] 601/1600  2.3 games/s  ETA 0h07m19s
[pb-ab-O-nocap.base] 607/1600  2.3 games/s  ETA 0h07m15s
[pb-ab-O-nocap.base] 611/1600  2.3 games/s  ETA 0h07m14s
[pb-ab-O-nocap.base] 615/1600  2.3 games/s  ETA 0h07m12s
[pb-ab-O-nocap.base] 616/1600  2.3 games/s  ETA 0h07m14s
[pb-ab-O-nocap.base] 621/1600  2.3 games/s  ETA 0h07m12s
[pb-ab-O-nocap.base] 624/1600  2.3 games/s  ETA 0h07m11s
[pb-ab-O-nocap.base] 627/1600  2.3 games/s  ETA 0h07m11s
[pb-ab-O-nocap.base] 631/1600  2.3 games/s  ETA 0h07m10s
[pb-ab-O-nocap.base] 635/1600  2.3 games/s  ETA 0h07m08s
[pb-ab-O-nocap.base] 639/1600  2.2 games/s  ETA 0h07m07s
[pb-ab-O-nocap.base] 642/1600  2.2 games/s  ETA 0h07m06s
[pb-ab-O-nocap.base] 647/1600  2.2 games/s  ETA 0h07m04s
[pb-ab-O-nocap.base] 651/1600  2.2 games/s  ETA 0h07m02s
[pb-ab-O-nocap.base] 657/1600  2.2 games/s  ETA 0h06m59s
[pb-ab-O-nocap.base] 661/1600  2.2 games/s  ETA 0h06m57s
[pb-ab-O-nocap.base] 663/1600  2.2 games/s  ETA 0h06m58s
[pb-ab-O-nocap.base] 667/1600  2.2 games/s  ETA 0h06m57s
[pb-ab-O-nocap.base] 669/1600  2.2 games/s  ETA 0h06m57s
[pb-ab-O-nocap.base] 674/1600  2.2 games/s  ETA 0h06m55s
[pb-ab-O-nocap.base] 677/1600  2.2 games/s  ETA 0h06m54s
[pb-ab-O-nocap.base] 683/1600  2.2 games/s  ETA 0h06m51s
[pb-ab-O-nocap.base] 690/1600  2.2 games/s  ETA 0h06m46s
[pb-ab-O-nocap.base] 695/1600  2.2 games/s  ETA 0h06m43s
[pb-ab-O-nocap.base] 700/1600  2.2 games/s  ETA 0h06m41s
[pb-ab-O-nocap.base] 704/1600  2.2 games/s  ETA 0h06m39s
[pb-ab-O-nocap.base] 711/1600  2.2 games/s  ETA 0h06m35s
[pb-ab-O-nocap.base] 714/1600  2.2 games/s  ETA 0h06m34s
[pb-ab-O-nocap.base] 718/1600  2.2 games/s  ETA 0h06m33s
[pb-ab-O-nocap.base] 722/1600  2.2 games/s  ETA 0h06m31s
[pb-ab-O-nocap.base] 725/1600  2.2 games/s  ETA 0h06m31s
[pb-ab-O-nocap.base] 729/1600  2.2 games/s  ETA 0h06m29s
[pb-ab-O-nocap.base] 732/1600  2.2 games/s  ETA 0h06m29s
[pb-ab-O-nocap.base] 735/1600  2.2 games/s  ETA 0h06m28s
[pb-ab-O-nocap.base] 737/1600  2.2 games/s  ETA 0h06m28s
[pb-ab-O-nocap.base] 742/1600  2.2 games/s  ETA 0h06m26s
[pb-ab-O-nocap.base] 747/1600  2.2 games/s  ETA 0h06m23s
[pb-ab-O-nocap.base] 751/1600  2.2 games/s  ETA 0h06m22s
[pb-ab-O-nocap.base] 755/1600  2.2 games/s  ETA 0h06m20s
[pb-ab-O-nocap.base] 757/1600  2.2 games/s  ETA 0h06m21s
[pb-ab-O-nocap.base] 759/1600  2.2 games/s  ETA 0h06m21s
[pb-ab-O-nocap.base] 764/1600  2.2 games/s  ETA 0h06m18s
[pb-ab-O-nocap.base] 767/1600  2.2 games/s  ETA 0h06m18s
[pb-ab-O-nocap.base] 769/1600  2.2 games/s  ETA 0h06m18s
[pb-ab-O-nocap.base] 771/1600  2.2 games/s  ETA 0h06m18s
[pb-ab-O-nocap.base] 774/1600  2.2 games/s  ETA 0h06m17s
[pb-ab-O-nocap.base] 777/1600  2.2 games/s  ETA 0h06m17s
[pb-ab-O-nocap.base] 779/1600  2.2 games/s  ETA 0h06m17s
[pb-ab-O-nocap.base] 781/1600  2.2 games/s  ETA 0h06m17s
[pb-ab-O-nocap.base] 787/1600  2.2 games/s  ETA 0h06m14s
[pb-ab-O-nocap.base] 791/1600  2.2 games/s  ETA 0h06m12s
[pb-ab-O-nocap.base] 796/1600  2.2 games/s  ETA 0h06m09s
[pb-ab-O-nocap.base] 801/1600  2.2 games/s  ETA 0h06m07s
[pb-ab-O-nocap.base] 805/1600  2.2 games/s  ETA 0h06m05s
[pb-ab-O-nocap.base] 809/1600  2.2 games/s  ETA 0h06m03s
[pb-ab-O-nocap.base] 812/1600  2.2 games/s  ETA 0h06m03s
[pb-ab-O-nocap.base] 816/1600  2.2 games/s  ETA 0h06m01s
[pb-ab-O-nocap.base] 819/1600  2.2 games/s  ETA 0h06m00s
[pb-ab-O-nocap.base] 824/1600  2.2 games/s  ETA 0h05m58s
[pb-ab-O-nocap.base] 827/1600  2.2 games/s  ETA 0h05m57s
[pb-ab-O-nocap.base] 832/1600  2.2 games/s  ETA 0h05m54s
[pb-ab-O-nocap.base] 836/1600  2.2 games/s  ETA 0h05m52s
[pb-ab-O-nocap.base] 838/1600  2.2 games/s  ETA 0h05m52s
[pb-ab-O-nocap.base] 842/1600  2.2 games/s  ETA 0h05m51s
[pb-ab-O-nocap.base] 843/1600  2.1 games/s  ETA 0h05m52s
[pb-ab-O-nocap.base] 846/1600  2.1 games/s  ETA 0h05m51s
[pb-ab-O-nocap.base] 851/1600  2.1 games/s  ETA 0h05m48s
[pb-ab-O-nocap.base] 853/1600  2.1 games/s  ETA 0h05m48s
[pb-ab-O-nocap.base] 858/1600  2.1 games/s  ETA 0h05m46s
[pb-ab-O-nocap.base] 862/1600  2.1 games/s  ETA 0h05m44s
[pb-ab-O-nocap.base] 866/1600  2.1 games/s  ETA 0h05m42s
[pb-ab-O-nocap.base] 868/1600  2.1 games/s  ETA 0h05m42s
[pb-ab-O-nocap.base] 871/1600  2.1 games/s  ETA 0h05m41s
[pb-ab-O-nocap.base] 875/1600  2.1 games/s  ETA 0h05m39s
[pb-ab-O-nocap.base] 878/1600  2.1 games/s  ETA 0h05m38s
[pb-ab-O-nocap.base] 881/1600  2.1 games/s  ETA 0h05m38s
[pb-ab-O-nocap.base] 883/1600  2.1 games/s  ETA 0h05m37s
[pb-ab-O-nocap.base] 885/1600  2.1 games/s  ETA 0h05m37s
[pb-ab-O-nocap.base] 887/1600  2.1 games/s  ETA 0h05m37s
[pb-ab-O-nocap.base] 887/1600  2.1 games/s  ETA 0h05m39s
[pb-ab-O-nocap.base] 888/1600  2.1 games/s  ETA 0h05m40s
[pb-ab-O-nocap.base] 891/1600  2.1 games/s  ETA 0h05m39s
[pb-ab-O-nocap.base] 895/1600  2.1 games/s  ETA 0h05m37s
[pb-ab-O-nocap.base] 897/1600  2.1 games/s  ETA 0h05m37s
[pb-ab-O-nocap.base] 900/1600  2.1 games/s  ETA 0h05m36s
[pb-ab-O-nocap.base] 903/1600  2.1 games/s  ETA 0h05m35s
[pb-ab-O-nocap.base] 906/1600  2.1 games/s  ETA 0h05m34s
[pb-ab-O-nocap.base] 910/1600  2.1 games/s  ETA 0h05m32s
[pb-ab-O-nocap.base] 915/1600  2.1 games/s  ETA 0h05m29s
[pb-ab-O-nocap.base] 918/1600  2.1 games/s  ETA 0h05m28s
[pb-ab-O-nocap.base] 922/1600  2.1 games/s  ETA 0h05m26s
[pb-ab-O-nocap.base] 927/1600  2.1 games/s  ETA 0h05m23s
[pb-ab-O-nocap.base] 930/1600  2.1 games/s  ETA 0h05m22s
[pb-ab-O-nocap.base] 936/1600  2.1 games/s  ETA 0h05m19s
[pb-ab-O-nocap.base] 939/1600  2.1 games/s  ETA 0h05m18s
[pb-ab-O-nocap.base] 943/1600  2.1 games/s  ETA 0h05m16s
[pb-ab-O-nocap.base] 948/1600  2.1 games/s  ETA 0h05m13s
[pb-ab-O-nocap.base] 952/1600  2.1 games/s  ETA 0h05m11s
[pb-ab-O-nocap.base] 956/1600  2.1 games/s  ETA 0h05m10s
[pb-ab-O-nocap.base] 961/1600  2.1 games/s  ETA 0h05m07s
[pb-ab-O-nocap.base] 965/1600  2.1 games/s  ETA 0h05m05s
[pb-ab-O-nocap.base] 968/1600  2.1 games/s  ETA 0h05m04s
[pb-ab-O-nocap.base] 972/1600  2.1 games/s  ETA 0h05m02s
[pb-ab-O-nocap.base] 977/1600  2.1 games/s  ETA 0h04m59s
[pb-ab-O-nocap.base] 982/1600  2.1 games/s  ETA 0h04m57s
[pb-ab-O-nocap.base] 986/1600  2.1 games/s  ETA 0h04m55s
[pb-ab-O-nocap.base] 992/1600  2.1 games/s  ETA 0h04m51s
[pb-ab-O-nocap.base] 997/1600  2.1 games/s  ETA 0h04m49s
[pb-ab-O-nocap.base] 1001/1600  2.1 games/s  ETA 0h04m47s
[pb-ab-O-nocap.base] 1005/1600  2.1 games/s  ETA 0h04m45s
[pb-ab-O-nocap.base] 1009/1600  2.1 games/s  ETA 0h04m43s
[pb-ab-O-nocap.base] 1014/1600  2.1 games/s  ETA 0h04m41s
[pb-ab-O-nocap.base] 1017/1600  2.1 games/s  ETA 0h04m39s
[pb-ab-O-nocap.base] 1020/1600  2.1 games/s  ETA 0h04m38s
[pb-ab-O-nocap.base] 1024/1600  2.1 games/s  ETA 0h04m36s
[pb-ab-O-nocap.base] 1031/1600  2.1 games/s  ETA 0h04m32s
[pb-ab-O-nocap.base] 1036/1600  2.1 games/s  ETA 0h04m30s
[pb-ab-O-nocap.base] 1040/1600  2.1 games/s  ETA 0h04m28s
[pb-ab-O-nocap.base] 1044/1600  2.1 games/s  ETA 0h04m26s
[pb-ab-O-nocap.base] 1048/1600  2.1 games/s  ETA 0h04m24s
[pb-ab-O-nocap.base] 1051/1600  2.1 games/s  ETA 0h04m23s
[pb-ab-O-nocap.base] 1054/1600  2.1 games/s  ETA 0h04m22s
[pb-ab-O-nocap.base] 1056/1600  2.1 games/s  ETA 0h04m21s
[pb-ab-O-nocap.base] 1060/1600  2.1 games/s  ETA 0h04m19s
[pb-ab-O-nocap.base] 1062/1600  2.1 games/s  ETA 0h04m19s
[pb-ab-O-nocap.base] 1064/1600  2.1 games/s  ETA 0h04m19s
[pb-ab-O-nocap.base] 1070/1600  2.1 games/s  ETA 0h04m15s
[pb-ab-O-nocap.base] 1074/1600  2.1 games/s  ETA 0h04m13s
[pb-ab-O-nocap.base] 1077/1600  2.1 games/s  ETA 0h04m12s
[pb-ab-O-nocap.base] 1081/1600  2.1 games/s  ETA 0h04m10s
[pb-ab-O-nocap.base] 1085/1600  2.1 games/s  ETA 0h04m08s
[pb-ab-O-nocap.base] 1091/1600  2.1 games/s  ETA 0h04m05s
[pb-ab-O-nocap.base] 1094/1600  2.1 games/s  ETA 0h04m04s
[pb-ab-O-nocap.base] 1099/1600  2.1 games/s  ETA 0h04m01s
[pb-ab-O-nocap.base] 1103/1600  2.1 games/s  ETA 0h03m59s
[pb-ab-O-nocap.base] 1107/1600  2.1 games/s  ETA 0h03m57s
[pb-ab-O-nocap.base] 1112/1600  2.1 games/s  ETA 0h03m55s
[pb-ab-O-nocap.base] 1116/1600  2.1 games/s  ETA 0h03m53s
[pb-ab-O-nocap.base] 1119/1600  2.1 games/s  ETA 0h03m52s
[pb-ab-O-nocap.base] 1123/1600  2.1 games/s  ETA 0h03m50s
[pb-ab-O-nocap.base] 1127/1600  2.1 games/s  ETA 0h03m48s
[pb-ab-O-nocap.base] 1132/1600  2.1 games/s  ETA 0h03m45s
[pb-ab-O-nocap.base] 1136/1600  2.1 games/s  ETA 0h03m43s
[pb-ab-O-nocap.base] 1140/1600  2.1 games/s  ETA 0h03m42s
[pb-ab-O-nocap.base] 1142/1600  2.1 games/s  ETA 0h03m41s
[pb-ab-O-nocap.base] 1145/1600  2.1 games/s  ETA 0h03m40s
[pb-ab-O-nocap.base] 1148/1600  2.1 games/s  ETA 0h03m39s
[pb-ab-O-nocap.base] 1150/1600  2.1 games/s  ETA 0h03m38s
[pb-ab-O-nocap.base] 1156/1600  2.1 games/s  ETA 0h03m35s
[pb-ab-O-nocap.base] 1156/1600  2.1 games/s  ETA 0h03m35s
[pb-ab-O-nocap.base] 1160/1600  2.1 games/s  ETA 0h03m34s
[pb-ab-O-nocap.base] 1163/1600  2.1 games/s  ETA 0h03m32s
[pb-ab-O-nocap.base] 1168/1600  2.1 games/s  ETA 0h03m30s
[pb-ab-O-nocap.base] 1172/1600  2.1 games/s  ETA 0h03m28s
[pb-ab-O-nocap.base] 1174/1600  2.1 games/s  ETA 0h03m27s
[pb-ab-O-nocap.base] 1177/1600  2.0 games/s  ETA 0h03m26s
[pb-ab-O-nocap.base] 1182/1600  2.1 games/s  ETA 0h03m23s
[pb-ab-O-nocap.base] 1185/1600  2.0 games/s  ETA 0h03m22s
[pb-ab-O-nocap.base] 1188/1600  2.0 games/s  ETA 0h03m21s
[pb-ab-O-nocap.base] 1190/1600  2.0 games/s  ETA 0h03m20s
[pb-ab-O-nocap.base] 1195/1600  2.0 games/s  ETA 0h03m18s
[pb-ab-O-nocap.base] 1197/1600  2.0 games/s  ETA 0h03m17s
[pb-ab-O-nocap.base] 1200/1600  2.0 games/s  ETA 0h03m16s
[pb-ab-O-nocap.base] 1203/1600  2.0 games/s  ETA 0h03m14s
[pb-ab-O-nocap.base] 1206/1600  2.0 games/s  ETA 0h03m13s
[pb-ab-O-nocap.base] 1208/1600  2.0 games/s  ETA 0h03m12s
[pb-ab-O-nocap.base] 1212/1600  2.0 games/s  ETA 0h03m10s
[pb-ab-O-nocap.base] 1215/1600  2.0 games/s  ETA 0h03m09s
[pb-ab-O-nocap.base] 1220/1600  2.0 games/s  ETA 0h03m06s
[pb-ab-O-nocap.base] 1223/1600  2.0 games/s  ETA 0h03m05s
[pb-ab-O-nocap.base] 1228/1600  2.0 games/s  ETA 0h03m03s
[pb-ab-O-nocap.base] 1234/1600  2.0 games/s  ETA 0h02m59s
[pb-ab-O-nocap.base] 1238/1600  2.0 games/s  ETA 0h02m57s
[pb-ab-O-nocap.base] 1240/1600  2.0 games/s  ETA 0h02m57s
[pb-ab-O-nocap.base] 1243/1600  2.0 games/s  ETA 0h02m55s
[pb-ab-O-nocap.base] 1247/1600  2.0 games/s  ETA 0h02m53s
[pb-ab-O-nocap.base] 1250/1600  2.0 games/s  ETA 0h02m52s
[pb-ab-O-nocap.base] 1253/1600  2.0 games/s  ETA 0h02m51s
[pb-ab-O-nocap.base] 1257/1600  2.0 games/s  ETA 0h02m49s
[pb-ab-O-nocap.base] 1262/1600  2.0 games/s  ETA 0h02m46s
[pb-ab-O-nocap.base] 1266/1600  2.0 games/s  ETA 0h02m44s
[pb-ab-O-nocap.base] 1269/1600  2.0 games/s  ETA 0h02m43s
[pb-ab-O-nocap.base] 1274/1600  2.0 games/s  ETA 0h02m40s
[pb-ab-O-nocap.base] 1277/1600  2.0 games/s  ETA 0h02m39s
[pb-ab-O-nocap.base] 1279/1600  2.0 games/s  ETA 0h02m38s
[pb-ab-O-nocap.base] 1283/1600  2.0 games/s  ETA 0h02m36s
[pb-ab-O-nocap.base] 1288/1600  2.0 games/s  ETA 0h02m34s
[pb-ab-O-nocap.base] 1290/1600  2.0 games/s  ETA 0h02m33s
[pb-ab-O-nocap.base] 1292/1600  2.0 games/s  ETA 0h02m32s
[pb-ab-O-nocap.base] 1298/1600  2.0 games/s  ETA 0h02m29s
[pb-ab-O-nocap.base] 1299/1600  2.0 games/s  ETA 0h02m29s
[pb-ab-O-nocap.base] 1304/1600  2.0 games/s  ETA 0h02m26s
[pb-ab-O-nocap.base] 1308/1600  2.0 games/s  ETA 0h02m24s
[pb-ab-O-nocap.base] 1311/1600  2.0 games/s  ETA 0h02m23s
[pb-ab-O-nocap.base] 1316/1600  2.0 games/s  ETA 0h02m20s
[pb-ab-O-nocap.base] 1320/1600  2.0 games/s  ETA 0h02m18s
[pb-ab-O-nocap.base] 1324/1600  2.0 games/s  ETA 0h02m16s
[pb-ab-O-nocap.base] 1329/1600  2.0 games/s  ETA 0h02m14s
[pb-ab-O-nocap.base] 1332/1600  2.0 games/s  ETA 0h02m12s
[pb-ab-O-nocap.base] 1337/1600  2.0 games/s  ETA 0h02m10s
[pb-ab-O-nocap.base] 1339/1600  2.0 games/s  ETA 0h02m09s
[pb-ab-O-nocap.base] 1343/1600  2.0 games/s  ETA 0h02m07s
[pb-ab-O-nocap.base] 1345/1600  2.0 games/s  ETA 0h02m06s
[pb-ab-O-nocap.base] 1347/1600  2.0 games/s  ETA 0h02m05s
[pb-ab-O-nocap.base] 1351/1600  2.0 games/s  ETA 0h02m03s
[pb-ab-O-nocap.base] 1355/1600  2.0 games/s  ETA 0h02m01s
[pb-ab-O-nocap.base] 1359/1600  2.0 games/s  ETA 0h01m59s
[pb-ab-O-nocap.base] 1364/1600  2.0 games/s  ETA 0h01m57s
[pb-ab-O-nocap.base] 1369/1600  2.0 games/s  ETA 0h01m54s
[pb-ab-O-nocap.base] 1373/1600  2.0 games/s  ETA 0h01m52s
[pb-ab-O-nocap.base] 1375/1600  2.0 games/s  ETA 0h01m51s
[pb-ab-O-nocap.base] 1379/1600  2.0 games/s  ETA 0h01m49s
[pb-ab-O-nocap.base] 1384/1600  2.0 games/s  ETA 0h01m47s
[pb-ab-O-nocap.base] 1388/1600  2.0 games/s  ETA 0h01m45s
[pb-ab-O-nocap.base] 1391/1600  2.0 games/s  ETA 0h01m44s
[pb-ab-O-nocap.base] 1393/1600  2.0 games/s  ETA 0h01m43s
[pb-ab-O-nocap.base] 1397/1600  2.0 games/s  ETA 0h01m41s
[pb-ab-O-nocap.base] 1400/1600  2.0 games/s  ETA 0h01m39s
[pb-ab-O-nocap.base] 1403/1600  2.0 games/s  ETA 0h01m38s
[pb-ab-O-nocap.base] 1408/1600  2.0 games/s  ETA 0h01m35s
[pb-ab-O-nocap.base] 1410/1600  2.0 games/s  ETA 0h01m34s
[pb-ab-O-nocap.base] 1413/1600  2.0 games/s  ETA 0h01m33s
[pb-ab-O-nocap.base] 1416/1600  2.0 games/s  ETA 0h01m32s
[pb-ab-O-nocap.base] 1419/1600  2.0 games/s  ETA 0h01m30s
[pb-ab-O-nocap.base] 1421/1600  2.0 games/s  ETA 0h01m29s
[pb-ab-O-nocap.base] 1424/1600  2.0 games/s  ETA 0h01m28s
[pb-ab-O-nocap.base] 1426/1600  2.0 games/s  ETA 0h01m27s
[pb-ab-O-nocap.base] 1430/1600  2.0 games/s  ETA 0h01m25s
[pb-ab-O-nocap.base] 1436/1600  2.0 games/s  ETA 0h01m22s
[pb-ab-O-nocap.base] 1438/1600  2.0 games/s  ETA 0h01m21s
[pb-ab-O-nocap.base] 1440/1600  2.0 games/s  ETA 0h01m20s
[pb-ab-O-nocap.base] 1443/1600  2.0 games/s  ETA 0h01m19s
[pb-ab-O-nocap.base] 1447/1600  2.0 games/s  ETA 0h01m17s
[pb-ab-O-nocap.base] 1451/1600  2.0 games/s  ETA 0h01m15s
[pb-ab-O-nocap.base] 1455/1600  2.0 games/s  ETA 0h01m12s
[pb-ab-O-nocap.base] 1458/1600  2.0 games/s  ETA 0h01m11s
[pb-ab-O-nocap.base] 1459/1600  2.0 games/s  ETA 0h01m11s
[pb-ab-O-nocap.base] 1462/1600  2.0 games/s  ETA 0h01m09s
[pb-ab-O-nocap.base] 1462/1600  2.0 games/s  ETA 0h01m09s
[pb-ab-O-nocap.base] 1466/1600  2.0 games/s  ETA 0h01m07s
[pb-ab-O-nocap.base] 1469/1600  2.0 games/s  ETA 0h01m06s
[pb-ab-O-nocap.base] 1473/1600  2.0 games/s  ETA 0h01m04s
[pb-ab-O-nocap.base] 1478/1600  2.0 games/s  ETA 0h01m01s
[pb-ab-O-nocap.base] 1481/1600  2.0 games/s  ETA 0h01m00s
[pb-ab-O-nocap.base] 1486/1600  2.0 games/s  ETA 0h00m57s
[pb-ab-O-nocap.base] 1489/1600  2.0 games/s  ETA 0h00m56s
[pb-ab-O-nocap.base] 1490/1600  2.0 games/s  ETA 0h00m55s
[pb-ab-O-nocap.base] 1493/1600  2.0 games/s  ETA 0h00m54s
[pb-ab-O-nocap.base] 1494/1600  2.0 games/s  ETA 0h00m53s
[pb-ab-O-nocap.base] 1497/1600  2.0 games/s  ETA 0h00m52s
[pb-ab-O-nocap.base] 1501/1600  2.0 games/s  ETA 0h00m50s
[pb-ab-O-nocap.base] 1504/1600  2.0 games/s  ETA 0h00m48s
[pb-ab-O-nocap.base] 1508/1600  2.0 games/s  ETA 0h00m46s
[pb-ab-O-nocap.base] 1511/1600  2.0 games/s  ETA 0h00m45s
[pb-ab-O-nocap.base] 1512/1600  2.0 games/s  ETA 0h00m44s
[pb-ab-O-nocap.base] 1515/1600  2.0 games/s  ETA 0h00m43s
[pb-ab-O-nocap.base] 1517/1600  2.0 games/s  ETA 0h00m42s
[pb-ab-O-nocap.base] 1520/1600  2.0 games/s  ETA 0h00m40s
[pb-ab-O-nocap.base] 1522/1600  2.0 games/s  ETA 0h00m39s
[pb-ab-O-nocap.base] 1523/1600  1.9 games/s  ETA 0h00m39s
[pb-ab-O-nocap.base] 1525/1600  1.9 games/s  ETA 0h00m38s
[pb-ab-O-nocap.base] 1528/1600  1.9 games/s  ETA 0h00m37s
[pb-ab-O-nocap.base] 1532/1600  1.9 games/s  ETA 0h00m34s
[pb-ab-O-nocap.base] 1533/1600  1.9 games/s  ETA 0h00m34s
[pb-ab-O-nocap.base] 1536/1600  1.9 games/s  ETA 0h00m33s
[pb-ab-O-nocap.base] 1538/1600  1.9 games/s  ETA 0h00m32s
[pb-ab-O-nocap.base] 1543/1600  1.9 games/s  ETA 0h00m29s
[pb-ab-O-nocap.base] 1545/1600  1.9 games/s  ETA 0h00m28s
[pb-ab-O-nocap.base] 1549/1600  1.9 games/s  ETA 0h00m26s
[pb-ab-O-nocap.base] 1554/1600  1.9 games/s  ETA 0h00m23s
[pb-ab-O-nocap.base] 1558/1600  1.9 games/s  ETA 0h00m21s
[pb-ab-O-nocap.base] 1559/1600  1.9 games/s  ETA 0h00m21s
[pb-ab-O-nocap.base] 1562/1600  1.9 games/s  ETA 0h00m19s
[pb-ab-O-nocap.base] 1564/1600  1.9 games/s  ETA 0h00m18s
[pb-ab-O-nocap.base] 1569/1600  1.9 games/s  ETA 0h00m16s
[pb-ab-O-nocap.base] 1572/1600  1.9 games/s  ETA 0h00m14s
[pb-ab-O-nocap.base] 1575/1600  1.9 games/s  ETA 0h00m12s
[pb-ab-O-nocap.base] 1577/1600  1.9 games/s  ETA 0h00m11s
[pb-ab-O-nocap.base] 1581/1600  1.9 games/s  ETA 0h00m09s
[pb-ab-O-nocap.base] 1584/1600  1.9 games/s  ETA 0h00m08s
[pb-ab-O-nocap.base] 1588/1600  1.9 games/s  ETA 0h00m06s
[pb-ab-O-nocap.base] 1590/1600  1.9 games/s  ETA 0h00m05s
[pb-ab-O-nocap.base] 1593/1600  1.9 games/s  ETA 0h00m03s
[pb-ab-O-nocap.base] 1597/1600  1.9 games/s  ETA 0h00m01s
[pb-ab-O-nocap.base] 1598/1600  1.9 games/s  ETA 0h00m01s
[pb-ab-O-nocap.base] 1599/1600  1.9 games/s  ETA 0h00m00s
[pb-ab-O-nocap.base] 1600 games in 0h13m54s (1.9 games/s)
[pb-ab-O-nocap.base] summary -> sim/out/pb-ab-O-nocap.base.summary.json
[pb-ab-O-nocap.var] 1600 games (0 already done), 1600 to play on 4 workers -> sim/out/pb-ab-O-nocap.var.jsonl
[pb-ab-O-nocap.var] depth 3, 4 random opening plies, ply cap 300, pairs off (both sides identical; --pairs forces them on)
[pb-ab-O-nocap.var] rules {"ogreNoCapture":true}, values {}
[pb-ab-O-nocap.var] 2/1600  1.0 games/s  ETA 0h26m39s
[pb-ab-O-nocap.var] 7/1600  1.7 games/s  ETA 0h15m10s
[pb-ab-O-nocap.var] 10/1600  1.7 games/s  ETA 0h15m54s
[pb-ab-O-nocap.var] 12/1600  1.5 games/s  ETA 0h17m39s
[pb-ab-O-nocap.var] 17/1600  1.7 games/s  ETA 0h15m31s
[pb-ab-O-nocap.var] 20/1600  1.7 games/s  ETA 0h15m48s
[pb-ab-O-nocap.var] 23/1600  1.6 games/s  ETA 0h16m00s
[pb-ab-O-nocap.var] 28/1600  1.7 games/s  ETA 0h14m58s
[pb-ab-O-nocap.var] 30/1600  1.7 games/s  ETA 0h15m42s
[pb-ab-O-nocap.var] 34/1600  1.7 games/s  ETA 0h15m21s
[pb-ab-O-nocap.var] 38/1600  1.7 games/s  ETA 0h15m04s
[pb-ab-O-nocap.var] 40/1600  1.7 games/s  ETA 0h15m36s
[pb-ab-O-nocap.var] 44/1600  1.7 games/s  ETA 0h15m19s
[pb-ab-O-nocap.var] 46/1600  1.6 games/s  ETA 0h15m46s
[pb-ab-O-nocap.var] 48/1600  1.6 games/s  ETA 0h16m10s
[pb-ab-O-nocap.var] 51/1600  1.6 games/s  ETA 0h16m12s
[pb-ab-O-nocap.var] 55/1600  1.6 games/s  ETA 0h15m55s
[pb-ab-O-nocap.var] 57/1600  1.6 games/s  ETA 0h16m15s
[pb-ab-O-nocap.var] 61/1600  1.6 games/s  ETA 0h15m59s
[pb-ab-O-nocap.var] 63/1600  1.6 games/s  ETA 0h16m16s
[pb-ab-O-nocap.var] 68/1600  1.6 games/s  ETA 0h15m46s
[pb-ab-O-nocap.var] 70/1600  1.6 games/s  ETA 0h16m02s
[pb-ab-O-nocap.var] 75/1600  1.6 games/s  ETA 0h15m35s
[pb-ab-O-nocap.var] 78/1600  1.6 games/s  ETA 0h15m37s
[pb-ab-O-nocap.var] 80/1600  1.6 games/s  ETA 0h15m50s
[pb-ab-O-nocap.var] 83/1600  1.6 games/s  ETA 0h15m50s
[pb-ab-O-nocap.var] 86/1600  1.6 games/s  ETA 0h15m51s
[pb-ab-O-nocap.var] 90/1600  1.6 games/s  ETA 0h15m40s
[pb-ab-O-nocap.var] 94/1600  1.6 games/s  ETA 0h15m29s
[pb-ab-O-nocap.var] 98/1600  1.6 games/s  ETA 0h15m20s
[pb-ab-O-nocap.var] 100/1600  1.6 games/s  ETA 0h15m30s
[pb-ab-O-nocap.var] 102/1600  1.6 games/s  ETA 0h15m40s
[pb-ab-O-nocap.var] 104/1600  1.6 games/s  ETA 0h15m49s
[pb-ab-O-nocap.var] 109/1600  1.6 games/s  ETA 0h15m30s
[pb-ab-O-nocap.var] 112/1600  1.6 games/s  ETA 0h15m30s
[pb-ab-O-nocap.var] 115/1600  1.6 games/s  ETA 0h15m30s
[pb-ab-O-nocap.var] 117/1600  1.6 games/s  ETA 0h15m38s
[pb-ab-O-nocap.var] 120/1600  1.6 games/s  ETA 0h15m37s
[pb-ab-O-nocap.var] 123/1600  1.6 games/s  ETA 0h15m37s
[pb-ab-O-nocap.var] 127/1600  1.6 games/s  ETA 0h15m28s
[pb-ab-O-nocap.var] 130/1600  1.6 games/s  ETA 0h15m27s
[pb-ab-O-nocap.var] 133/1600  1.6 games/s  ETA 0h15m27s
[pb-ab-O-nocap.var] 134/1600  1.6 games/s  ETA 0h15m41s
[pb-ab-O-nocap.var] 137/1600  1.6 games/s  ETA 0h15m40s
[pb-ab-O-nocap.var] 140/1600  1.6 games/s  ETA 0h15m39s
[pb-ab-O-nocap.var] 143/1600  1.6 games/s  ETA 0h15m37s
[pb-ab-O-nocap.var] 145/1600  1.5 games/s  ETA 0h15m43s
[pb-ab-O-nocap.var] 150/1600  1.6 games/s  ETA 0h15m28s
[pb-ab-O-nocap.var] 153/1600  1.6 games/s  ETA 0h15m27s
[pb-ab-O-nocap.var] 155/1600  1.5 games/s  ETA 0h15m32s
[pb-ab-O-nocap.var] 157/1600  1.5 games/s  ETA 0h15m38s
[pb-ab-O-nocap.var] 158/1600  1.5 games/s  ETA 0h15m49s
[pb-ab-O-nocap.var] 162/1600  1.5 games/s  ETA 0h15m41s
[pb-ab-O-nocap.var] 164/1600  1.5 games/s  ETA 0h15m46s
[pb-ab-O-nocap.var] 167/1600  1.5 games/s  ETA 0h15m44s
[pb-ab-O-nocap.var] 169/1600  1.5 games/s  ETA 0h15m48s
[pb-ab-O-nocap.var] 172/1600  1.5 games/s  ETA 0h15m46s
[pb-ab-O-nocap.var] 175/1600  1.5 games/s  ETA 0h15m45s
[pb-ab-O-nocap.var] 180/1600  1.5 games/s  ETA 0h15m31s
[pb-ab-O-nocap.var] 181/1600  1.5 games/s  ETA 0h15m41s
[pb-ab-O-nocap.var] 184/1600  1.5 games/s  ETA 0h15m39s
[pb-ab-O-nocap.var] 189/1600  1.5 games/s  ETA 0h15m26s
[pb-ab-O-nocap.var] 193/1600  1.5 games/s  ETA 0h15m19s
[pb-ab-O-nocap.var] 196/1600  1.5 games/s  ETA 0h15m17s
[pb-ab-O-nocap.var] 198/1600  1.5 games/s  ETA 0h15m21s
[pb-ab-O-nocap.var] 199/1600  1.5 games/s  ETA 0h15m29s
[pb-ab-O-nocap.var] 203/1600  1.5 games/s  ETA 0h15m22s
[pb-ab-O-nocap.var] 206/1600  1.5 games/s  ETA 0h15m20s
[pb-ab-O-nocap.var] 209/1600  1.5 games/s  ETA 0h15m18s
[pb-ab-O-nocap.var] 212/1600  1.5 games/s  ETA 0h15m17s
[pb-ab-O-nocap.var] 214/1600  1.5 games/s  ETA 0h15m20s
[pb-ab-O-nocap.var] 217/1600  1.5 games/s  ETA 0h15m18s
[pb-ab-O-nocap.var] 219/1600  1.5 games/s  ETA 0h15m21s
[pb-ab-O-nocap.var] 223/1600  1.5 games/s  ETA 0h15m14s
[pb-ab-O-nocap.var] 226/1600  1.5 games/s  ETA 0h15m12s
[pb-ab-O-nocap.var] 230/1600  1.5 games/s  ETA 0h15m05s
[pb-ab-O-nocap.var] 235/1600  1.5 games/s  ETA 0h14m55s
[pb-ab-O-nocap.var] 237/1600  1.5 games/s  ETA 0h14m57s
[pb-ab-O-nocap.var] 239/1600  1.5 games/s  ETA 0h15m00s
[pb-ab-O-nocap.var] 240/1600  1.5 games/s  ETA 0h15m07s
[pb-ab-O-nocap.var] 243/1600  1.5 games/s  ETA 0h15m05s
[pb-ab-O-nocap.var] 248/1600  1.5 games/s  ETA 0h14m54s
[pb-ab-O-nocap.var] 250/1600  1.5 games/s  ETA 0h14m56s
[pb-ab-O-nocap.var] 251/1600  1.5 games/s  ETA 0h15m03s
[pb-ab-O-nocap.var] 255/1600  1.5 games/s  ETA 0h14m57s
[pb-ab-O-nocap.var] 258/1600  1.5 games/s  ETA 0h14m55s
[pb-ab-O-nocap.var] 260/1600  1.5 games/s  ETA 0h14m57s
[pb-ab-O-nocap.var] 262/1600  1.5 games/s  ETA 0h14m59s
[pb-ab-O-nocap.var] 264/1600  1.5 games/s  ETA 0h15m01s
[pb-ab-O-nocap.var] 268/1600  1.5 games/s  ETA 0h14m55s
[pb-ab-O-nocap.var] 271/1600  1.5 games/s  ETA 0h14m53s
[pb-ab-O-nocap.var] 273/1600  1.5 games/s  ETA 0h14m54s
[pb-ab-O-nocap.var] 276/1600  1.5 games/s  ETA 0h14m52s
[pb-ab-O-nocap.var] 282/1600  1.5 games/s  ETA 0h14m39s
[pb-ab-O-nocap.var] 285/1600  1.5 games/s  ETA 0h14m37s
[pb-ab-O-nocap.var] 290/1600  1.5 games/s  ETA 0h14m27s
[pb-ab-O-nocap.var] 293/1600  1.5 games/s  ETA 0h14m25s
[pb-ab-O-nocap.var] 297/1600  1.5 games/s  ETA 0h14m20s
[pb-ab-O-nocap.var] 300/1600  1.5 games/s  ETA 0h14m18s
[pb-ab-O-nocap.var] 303/1600  1.5 games/s  ETA 0h14m16s
[pb-ab-O-nocap.var] 305/1600  1.5 games/s  ETA 0h14m18s
[pb-ab-O-nocap.var] 310/1600  1.5 games/s  ETA 0h14m09s
[pb-ab-O-nocap.var] 312/1600  1.5 games/s  ETA 0h14m10s
[pb-ab-O-nocap.var] 318/1600  1.5 games/s  ETA 0h13m58s
[pb-ab-O-nocap.var] 324/1600  1.5 games/s  ETA 0h13m47s
[pb-ab-O-nocap.var] 325/1600  1.5 games/s  ETA 0h13m52s
[pb-ab-O-nocap.var] 330/1600  1.5 games/s  ETA 0h13m44s
[pb-ab-O-nocap.var] 333/1600  1.5 games/s  ETA 0h13m42s
[pb-ab-O-nocap.var] 334/1600  1.5 games/s  ETA 0h13m46s
[pb-ab-O-nocap.var] 338/1600  1.5 games/s  ETA 0h13m41s
[pb-ab-O-nocap.var] 339/1600  1.5 games/s  ETA 0h13m46s
[pb-ab-O-nocap.var] 344/1600  1.5 games/s  ETA 0h13m38s
[pb-ab-O-nocap.var] 348/1600  1.5 games/s  ETA 0h13m33s
[pb-ab-O-nocap.var] 352/1600  1.5 games/s  ETA 0h13m28s
[pb-ab-O-nocap.var] 353/1600  1.5 games/s  ETA 0h13m32s
[pb-ab-O-nocap.var] 355/1600  1.5 games/s  ETA 0h13m34s
[pb-ab-O-nocap.var] 358/1600  1.5 games/s  ETA 0h13m32s
[pb-ab-O-nocap.var] 359/1600  1.5 games/s  ETA 0h13m36s
[pb-ab-O-nocap.var] 362/1600  1.5 games/s  ETA 0h13m34s
[pb-ab-O-nocap.var] 365/1600  1.5 games/s  ETA 0h13m32s
[pb-ab-O-nocap.var] 367/1600  1.5 games/s  ETA 0h13m33s
[pb-ab-O-nocap.var] 369/1600  1.5 games/s  ETA 0h13m34s
[pb-ab-O-nocap.var] 371/1600  1.5 games/s  ETA 0h13m35s
[pb-ab-O-nocap.var] 373/1600  1.5 games/s  ETA 0h13m36s
[pb-ab-O-nocap.var] 373/1600  1.5 games/s  ETA 0h13m42s
[pb-ab-O-nocap.var] 377/1600  1.5 games/s  ETA 0h13m37s
[pb-ab-O-nocap.var] 377/1600  1.5 games/s  ETA 0h13m44s
[pb-ab-O-nocap.var] 380/1600  1.5 games/s  ETA 0h13m42s
[pb-ab-O-nocap.var] 382/1600  1.5 games/s  ETA 0h13m43s
[pb-ab-O-nocap.var] 386/1600  1.5 games/s  ETA 0h13m38s
[pb-ab-O-nocap.var] 388/1600  1.5 games/s  ETA 0h13m38s
[pb-ab-O-nocap.var] 390/1600  1.5 games/s  ETA 0h13m39s
[pb-ab-O-nocap.var] 391/1600  1.5 games/s  ETA 0h13m42s
[pb-ab-O-nocap.var] 395/1600  1.5 games/s  ETA 0h13m38s
[pb-ab-O-nocap.var] 397/1600  1.5 games/s  ETA 0h13m38s
[pb-ab-O-nocap.var] 399/1600  1.5 games/s  ETA 0h13m39s
[pb-ab-O-nocap.var] 401/1600  1.5 games/s  ETA 0h13m39s
[pb-ab-O-nocap.var] 406/1600  1.5 games/s  ETA 0h13m32s
[pb-ab-O-nocap.var] 408/1600  1.5 games/s  ETA 0h13m32s
[pb-ab-O-nocap.var] 412/1600  1.5 games/s  ETA 0h13m27s
[pb-ab-O-nocap.var] 415/1600  1.5 games/s  ETA 0h13m25s
[pb-ab-O-nocap.var] 418/1600  1.5 games/s  ETA 0h13m23s
[pb-ab-O-nocap.var] 419/1600  1.5 games/s  ETA 0h13m26s
[pb-ab-O-nocap.var] 421/1600  1.5 games/s  ETA 0h13m27s
[pb-ab-O-nocap.var] 424/1600  1.5 games/s  ETA 0h13m24s
[pb-ab-O-nocap.var] 426/1600  1.5 games/s  ETA 0h13m25s
[pb-ab-O-nocap.var] 428/1600  1.5 games/s  ETA 0h13m25s
[pb-ab-O-nocap.var] 429/1600  1.4 games/s  ETA 0h13m28s
[pb-ab-O-nocap.var] 434/1600  1.5 games/s  ETA 0h13m21s
[pb-ab-O-nocap.var] 436/1600  1.5 games/s  ETA 0h13m21s
[pb-ab-O-nocap.var] 437/1600  1.4 games/s  ETA 0h13m24s
[pb-ab-O-nocap.var] 440/1600  1.4 games/s  ETA 0h13m21s
[pb-ab-O-nocap.var] 443/1600  1.4 games/s  ETA 0h13m19s
[pb-ab-O-nocap.var] 444/1600  1.4 games/s  ETA 0h13m22s
[pb-ab-O-nocap.var] 446/1600  1.4 games/s  ETA 0h13m22s
[pb-ab-O-nocap.var] 448/1600  1.4 games/s  ETA 0h13m22s
[pb-ab-O-nocap.var] 449/1600  1.4 games/s  ETA 0h13m25s
[pb-ab-O-nocap.var] 450/1600  1.4 games/s  ETA 0h13m28s
[pb-ab-O-nocap.var] 453/1600  1.4 games/s  ETA 0h13m25s
[pb-ab-O-nocap.var] 453/1600  1.4 games/s  ETA 0h13m30s
[pb-ab-O-nocap.var] 457/1600  1.4 games/s  ETA 0h13m25s
[pb-ab-O-nocap.var] 458/1600  1.4 games/s  ETA 0h13m28s
[pb-ab-O-nocap.var] 462/1600  1.4 games/s  ETA 0h13m23s
[pb-ab-O-nocap.var] 467/1600  1.4 games/s  ETA 0h13m16s
[pb-ab-O-nocap.var] 467/1600  1.4 games/s  ETA 0h13m21s
[pb-ab-O-nocap.var] 472/1600  1.4 games/s  ETA 0h13m13s
[pb-ab-O-nocap.var] 475/1600  1.4 games/s  ETA 0h13m11s
[pb-ab-O-nocap.var] 478/1600  1.4 games/s  ETA 0h13m09s
[pb-ab-O-nocap.var] 479/1600  1.4 games/s  ETA 0h13m11s
[pb-ab-O-nocap.var] 480/1600  1.4 games/s  ETA 0h13m13s
[pb-ab-O-nocap.var] 482/1600  1.4 games/s  ETA 0h13m13s
[pb-ab-O-nocap.var] 484/1600  1.4 games/s  ETA 0h13m13s
[pb-ab-O-nocap.var] 485/1600  1.4 games/s  ETA 0h13m15s
[pb-ab-O-nocap.var] 486/1600  1.4 games/s  ETA 0h13m18s
[pb-ab-O-nocap.var] 487/1600  1.4 games/s  ETA 0h13m20s
[pb-ab-O-nocap.var] 491/1600  1.4 games/s  ETA 0h13m15s
[pb-ab-O-nocap.var] 494/1600  1.4 games/s  ETA 0h13m13s
[pb-ab-O-nocap.var] 496/1600  1.4 games/s  ETA 0h13m12s
[pb-ab-O-nocap.var] 497/1600  1.4 games/s  ETA 0h13m15s
[pb-ab-O-nocap.var] 499/1600  1.4 games/s  ETA 0h13m14s
[pb-ab-O-nocap.var] 500/1600  1.4 games/s  ETA 0h13m16s
[pb-ab-O-nocap.var] 505/1600  1.4 games/s  ETA 0h13m09s
[pb-ab-O-nocap.var] 505/1600  1.4 games/s  ETA 0h13m14s
[pb-ab-O-nocap.var] 506/1600  1.4 games/s  ETA 0h13m16s
[pb-ab-O-nocap.var] 509/1600  1.4 games/s  ETA 0h13m13s
[pb-ab-O-nocap.var] 511/1600  1.4 games/s  ETA 0h13m13s
[pb-ab-O-nocap.var] 514/1600  1.4 games/s  ETA 0h13m10s
[pb-ab-O-nocap.var] 514/1600  1.4 games/s  ETA 0h13m14s
[pb-ab-O-nocap.var] 514/1600  1.4 games/s  ETA 0h13m19s
[pb-ab-O-nocap.var] 515/1600  1.4 games/s  ETA 0h13m21s
[pb-ab-O-nocap.var] 517/1600  1.4 games/s  ETA 0h13m20s
[pb-ab-O-nocap.var] 517/1600  1.3 games/s  ETA 0h13m24s
[pb-ab-O-nocap.var] 519/1600  1.3 games/s  ETA 0h13m24s
[pb-ab-O-nocap.var] 521/1600  1.3 games/s  ETA 0h13m24s
[pb-ab-O-nocap.var] 522/1600  1.3 games/s  ETA 0h13m25s
[pb-ab-O-nocap.var] 524/1600  1.3 games/s  ETA 0h13m25s
[pb-ab-O-nocap.var] 526/1600  1.3 games/s  ETA 0h13m25s
[pb-ab-O-nocap.var] 529/1600  1.3 games/s  ETA 0h13m22s
[pb-ab-O-nocap.var] 531/1600  1.3 games/s  ETA 0h13m21s
[pb-ab-O-nocap.var] 533/1600  1.3 games/s  ETA 0h13m21s
[pb-ab-O-nocap.var] 534/1600  1.3 games/s  ETA 0h13m23s
[pb-ab-O-nocap.var] 539/1600  1.3 games/s  ETA 0h13m15s
[pb-ab-O-nocap.var] 540/1600  1.3 games/s  ETA 0h13m17s
[pb-ab-O-nocap.var] 544/1600  1.3 games/s  ETA 0h13m12s
[pb-ab-O-nocap.var] 546/1600  1.3 games/s  ETA 0h13m12s
[pb-ab-O-nocap.var] 550/1600  1.3 games/s  ETA 0h13m07s
[pb-ab-O-nocap.var] 552/1600  1.3 games/s  ETA 0h13m06s
[pb-ab-O-nocap.var] 556/1600  1.3 games/s  ETA 0h13m01s
[pb-ab-O-nocap.var] 559/1600  1.3 games/s  ETA 0h12m58s
[pb-ab-O-nocap.var] 561/1600  1.3 games/s  ETA 0h12m58s
[pb-ab-O-nocap.var] 565/1600  1.3 games/s  ETA 0h12m53s
[pb-ab-O-nocap.var] 567/1600  1.3 games/s  ETA 0h12m53s
[pb-ab-O-nocap.var] 570/1600  1.3 games/s  ETA 0h12m50s
[pb-ab-O-nocap.var] 572/1600  1.3 games/s  ETA 0h12m49s
[pb-ab-O-nocap.var] 574/1600  1.3 games/s  ETA 0h12m49s
[pb-ab-O-nocap.var] 577/1600  1.3 games/s  ETA 0h12m46s
[pb-ab-O-nocap.var] 579/1600  1.3 games/s  ETA 0h12m45s
[pb-ab-O-nocap.var] 580/1600  1.3 games/s  ETA 0h12m47s
[pb-ab-O-nocap.var] 585/1600  1.3 games/s  ETA 0h12m40s
[pb-ab-O-nocap.var] 586/1600  1.3 games/s  ETA 0h12m41s
[pb-ab-O-nocap.var] 587/1600  1.3 games/s  ETA 0h12m43s
[pb-ab-O-nocap.var] 589/1600  1.3 games/s  ETA 0h12m42s
[pb-ab-O-nocap.var] 591/1600  1.3 games/s  ETA 0h12m42s
[pb-ab-O-nocap.var] 593/1600  1.3 games/s  ETA 0h12m41s
[pb-ab-O-nocap.var] 596/1600  1.3 games/s  ETA 0h12m38s
[pb-ab-O-nocap.var] 596/1600  1.3 games/s  ETA 0h12m41s
[pb-ab-O-nocap.var] 600/1600  1.3 games/s  ETA 0h12m37s
[pb-ab-O-nocap.var] 601/1600  1.3 games/s  ETA 0h12m38s
[pb-ab-O-nocap.var] 604/1600  1.3 games/s  ETA 0h12m35s
[pb-ab-O-nocap.var] 606/1600  1.3 games/s  ETA 0h12m35s
[pb-ab-O-nocap.var] 609/1600  1.3 games/s  ETA 0h12m32s
[pb-ab-O-nocap.var] 610/1600  1.3 games/s  ETA 0h12m33s
[pb-ab-O-nocap.var] 612/1600  1.3 games/s  ETA 0h12m32s
[pb-ab-O-nocap.var] 616/1600  1.3 games/s  ETA 0h12m28s
[pb-ab-O-nocap.var] 618/1600  1.3 games/s  ETA 0h12m27s
[pb-ab-O-nocap.var] 621/1600  1.3 games/s  ETA 0h12m24s
[pb-ab-O-nocap.var] 625/1600  1.3 games/s  ETA 0h12m19s
[pb-ab-O-nocap.var] 627/1600  1.3 games/s  ETA 0h12m19s
[pb-ab-O-nocap.var] 629/1600  1.3 games/s  ETA 0h12m18s
[pb-ab-O-nocap.var] 632/1600  1.3 games/s  ETA 0h12m15s
[pb-ab-O-nocap.var] 637/1600  1.3 games/s  ETA 0h12m09s
[pb-ab-O-nocap.var] 637/1600  1.3 games/s  ETA 0h12m12s
[pb-ab-O-nocap.var] 642/1600  1.3 games/s  ETA 0h12m05s
[pb-ab-O-nocap.var] 644/1600  1.3 games/s  ETA 0h12m04s
[pb-ab-O-nocap.var] 646/1600  1.3 games/s  ETA 0h12m04s
[pb-ab-O-nocap.var] 649/1600  1.3 games/s  ETA 0h12m01s
[pb-ab-O-nocap.var] 651/1600  1.3 games/s  ETA 0h12m00s
[pb-ab-O-nocap.var] 654/1600  1.3 games/s  ETA 0h11m57s
[pb-ab-O-nocap.var] 657/1600  1.3 games/s  ETA 0h11m55s
[pb-ab-O-nocap.var] 659/1600  1.3 games/s  ETA 0h11m54s
[pb-ab-O-nocap.var] 661/1600  1.3 games/s  ETA 0h11m53s
[pb-ab-O-nocap.var] 663/1600  1.3 games/s  ETA 0h11m52s
[pb-ab-O-nocap.var] 664/1600  1.3 games/s  ETA 0h11m53s
[pb-ab-O-nocap.var] 668/1600  1.3 games/s  ETA 0h11m49s
[pb-ab-O-nocap.var] 671/1600  1.3 games/s  ETA 0h11m46s
[pb-ab-O-nocap.var] 674/1600  1.3 games/s  ETA 0h11m43s
[pb-ab-O-nocap.var] 677/1600  1.3 games/s  ETA 0h11m41s
[pb-ab-O-nocap.var] 680/1600  1.3 games/s  ETA 0h11m38s
[pb-ab-O-nocap.var] 684/1600  1.3 games/s  ETA 0h11m34s
[pb-ab-O-nocap.var] 688/1600  1.3 games/s  ETA 0h11m29s
[pb-ab-O-nocap.var] 692/1600  1.3 games/s  ETA 0h11m25s
[pb-ab-O-nocap.var] 693/1600  1.3 games/s  ETA 0h11m26s
[pb-ab-O-nocap.var] 696/1600  1.3 games/s  ETA 0h11m23s
[pb-ab-O-nocap.var] 698/1600  1.3 games/s  ETA 0h11m22s
[pb-ab-O-nocap.var] 702/1600  1.3 games/s  ETA 0h11m18s
[pb-ab-O-nocap.var] 705/1600  1.3 games/s  ETA 0h11m15s
[pb-ab-O-nocap.var] 707/1600  1.3 games/s  ETA 0h11m14s
[pb-ab-O-nocap.var] 711/1600  1.3 games/s  ETA 0h11m10s
[pb-ab-O-nocap.var] 714/1600  1.3 games/s  ETA 0h11m08s
[pb-ab-O-nocap.var] 718/1600  1.3 games/s  ETA 0h11m03s
[pb-ab-O-nocap.var] 718/1600  1.3 games/s  ETA 0h11m06s
[pb-ab-O-nocap.var] 721/1600  1.3 games/s  ETA 0h11m03s
[pb-ab-O-nocap.var] 723/1600  1.3 games/s  ETA 0h11m02s
[pb-ab-O-nocap.var] 727/1600  1.3 games/s  ETA 0h10m58s
[pb-ab-O-nocap.var] 728/1600  1.3 games/s  ETA 0h10m59s
[pb-ab-O-nocap.var] 729/1600  1.3 games/s  ETA 0h11m00s
[pb-ab-O-nocap.var] 733/1600  1.3 games/s  ETA 0h10m55s
[pb-ab-O-nocap.var] 735/1600  1.3 games/s  ETA 0h10m54s
[pb-ab-O-nocap.var] 740/1600  1.3 games/s  ETA 0h10m48s
[pb-ab-O-nocap.var] 741/1600  1.3 games/s  ETA 0h10m49s
[pb-ab-O-nocap.var] 746/1600  1.3 games/s  ETA 0h10m43s
[pb-ab-O-nocap.var] 749/1600  1.3 games/s  ETA 0h10m41s
[pb-ab-O-nocap.var] 752/1600  1.3 games/s  ETA 0h10m38s
[pb-ab-O-nocap.var] 755/1600  1.3 games/s  ETA 0h10m36s
[pb-ab-O-nocap.var] 757/1600  1.3 games/s  ETA 0h10m35s
[pb-ab-O-nocap.var] 759/1600  1.3 games/s  ETA 0h10m34s
[pb-ab-O-nocap.var] 761/1600  1.3 games/s  ETA 0h10m33s
[pb-ab-O-nocap.var] 764/1600  1.3 games/s  ETA 0h10m30s
[pb-ab-O-nocap.var] 766/1600  1.3 games/s  ETA 0h10m29s
[pb-ab-O-nocap.var] 770/1600  1.3 games/s  ETA 0h10m25s
[pb-ab-O-nocap.var] 771/1600  1.3 games/s  ETA 0h10m26s
[pb-ab-O-nocap.var] 776/1600  1.3 games/s  ETA 0h10m20s
[pb-ab-O-nocap.var] 776/1600  1.3 games/s  ETA 0h10m22s
[pb-ab-O-nocap.var] 778/1600  1.3 games/s  ETA 0h10m21s
[pb-ab-O-nocap.var] 781/1600  1.3 games/s  ETA 0h10m19s
[pb-ab-O-nocap.var] 784/1600  1.3 games/s  ETA 0h10m16s
[pb-ab-O-nocap.var] 788/1600  1.3 games/s  ETA 0h10m12s
[pb-ab-O-nocap.var] 791/1600  1.3 games/s  ETA 0h10m10s
[pb-ab-O-nocap.var] 796/1600  1.3 games/s  ETA 0h10m04s
[pb-ab-O-nocap.var] 798/1600  1.3 games/s  ETA 0h10m03s
[pb-ab-O-nocap.var] 801/1600  1.3 games/s  ETA 0h10m00s
[pb-ab-O-nocap.var] 803/1600  1.3 games/s  ETA 0h09m59s
[pb-ab-O-nocap.var] 807/1600  1.3 games/s  ETA 0h09m55s
[pb-ab-O-nocap.var] 810/1600  1.3 games/s  ETA 0h09m53s
[pb-ab-O-nocap.var] 814/1600  1.3 games/s  ETA 0h09m49s
[pb-ab-O-nocap.var] 817/1600  1.3 games/s  ETA 0h09m46s
[pb-ab-O-nocap.var] 818/1600  1.3 games/s  ETA 0h09m47s
[pb-ab-O-nocap.var] 821/1600  1.3 games/s  ETA 0h09m44s
[pb-ab-O-nocap.var] 824/1600  1.3 games/s  ETA 0h09m42s
[pb-ab-O-nocap.var] 827/1600  1.3 games/s  ETA 0h09m39s
[pb-ab-O-nocap.var] 829/1600  1.3 games/s  ETA 0h09m38s
[pb-ab-O-nocap.var] 832/1600  1.3 games/s  ETA 0h09m36s
[pb-ab-O-nocap.var] 835/1600  1.3 games/s  ETA 0h09m33s
[pb-ab-O-nocap.var] 840/1600  1.3 games/s  ETA 0h09m28s
[pb-ab-O-nocap.var] 843/1600  1.3 games/s  ETA 0h09m26s
[pb-ab-O-nocap.var] 845/1600  1.3 games/s  ETA 0h09m25s
[pb-ab-O-nocap.var] 851/1600  1.3 games/s  ETA 0h09m18s
[pb-ab-O-nocap.var] 856/1600  1.3 games/s  ETA 0h09m13s
[pb-ab-O-nocap.var] 858/1600  1.3 games/s  ETA 0h09m12s
[pb-ab-O-nocap.var] 861/1600  1.3 games/s  ETA 0h09m09s
[pb-ab-O-nocap.var] 865/1600  1.3 games/s  ETA 0h09m05s
[pb-ab-O-nocap.var] 869/1600  1.3 games/s  ETA 0h09m02s
[pb-ab-O-nocap.var] 874/1600  1.4 games/s  ETA 0h08m56s
[pb-ab-O-nocap.var] 877/1600  1.4 games/s  ETA 0h08m54s
[pb-ab-O-nocap.var] 879/1600  1.4 games/s  ETA 0h08m53s
[pb-ab-O-nocap.var] 883/1600  1.4 games/s  ETA 0h08m49s
[pb-ab-O-nocap.var] 885/1600  1.4 games/s  ETA 0h08m48s
[pb-ab-O-nocap.var] 888/1600  1.4 games/s  ETA 0h08m46s
[pb-ab-O-nocap.var] 891/1600  1.4 games/s  ETA 0h08m43s
[pb-ab-O-nocap.var] 893/1600  1.4 games/s  ETA 0h08m42s
[pb-ab-O-nocap.var] 895/1600  1.4 games/s  ETA 0h08m41s
[pb-ab-O-nocap.var] 898/1600  1.4 games/s  ETA 0h08m39s
[pb-ab-O-nocap.var] 900/1600  1.4 games/s  ETA 0h08m38s
[pb-ab-O-nocap.var] 904/1600  1.4 games/s  ETA 0h08m34s
[pb-ab-O-nocap.var] 908/1600  1.4 games/s  ETA 0h08m30s
[pb-ab-O-nocap.var] 913/1600  1.4 games/s  ETA 0h08m26s
[pb-ab-O-nocap.var] 913/1600  1.4 games/s  ETA 0h08m27s
[pb-ab-O-nocap.var] 916/1600  1.4 games/s  ETA 0h08m25s
[pb-ab-O-nocap.var] 919/1600  1.4 games/s  ETA 0h08m22s
[pb-ab-O-nocap.var] 923/1600  1.4 games/s  ETA 0h08m19s
[pb-ab-O-nocap.var] 927/1600  1.4 games/s  ETA 0h08m15s
[pb-ab-O-nocap.var] 930/1600  1.4 games/s  ETA 0h08m13s
[pb-ab-O-nocap.var] 934/1600  1.4 games/s  ETA 0h08m09s
[pb-ab-O-nocap.var] 936/1600  1.4 games/s  ETA 0h08m08s
[pb-ab-O-nocap.var] 939/1600  1.4 games/s  ETA 0h08m06s
[pb-ab-O-nocap.var] 944/1600  1.4 games/s  ETA 0h08m01s
[pb-ab-O-nocap.var] 948/1600  1.4 games/s  ETA 0h07m57s
[pb-ab-O-nocap.var] 950/1600  1.4 games/s  ETA 0h07m56s
[pb-ab-O-nocap.var] 954/1600  1.4 games/s  ETA 0h07m52s
[pb-ab-O-nocap.var] 959/1600  1.4 games/s  ETA 0h07m48s
[pb-ab-O-nocap.var] 962/1600  1.4 games/s  ETA 0h07m45s
[pb-ab-O-nocap.var] 964/1600  1.4 games/s  ETA 0h07m44s
[pb-ab-O-nocap.var] 969/1600  1.4 games/s  ETA 0h07m40s
[pb-ab-O-nocap.var] 972/1600  1.4 games/s  ETA 0h07m37s
[pb-ab-O-nocap.var] 973/1600  1.4 games/s  ETA 0h07m37s
[pb-ab-O-nocap.var] 978/1600  1.4 games/s  ETA 0h07m33s
[pb-ab-O-nocap.var] 979/1600  1.4 games/s  ETA 0h07m33s
[pb-ab-O-nocap.var] 981/1600  1.4 games/s  ETA 0h07m32s
[pb-ab-O-nocap.var] 984/1600  1.4 games/s  ETA 0h07m29s
[pb-ab-O-nocap.var] 986/1600  1.4 games/s  ETA 0h07m28s
[pb-ab-O-nocap.var] 991/1600  1.4 games/s  ETA 0h07m24s
[pb-ab-O-nocap.var] 994/1600  1.4 games/s  ETA 0h07m21s
[pb-ab-O-nocap.var] 996/1600  1.4 games/s  ETA 0h07m20s
[pb-ab-O-nocap.var] 999/1600  1.4 games/s  ETA 0h07m18s
[pb-ab-O-nocap.var] 1002/1600  1.4 games/s  ETA 0h07m15s
[pb-ab-O-nocap.var] 1004/1600  1.4 games/s  ETA 0h07m14s
[pb-ab-O-nocap.var] 1010/1600  1.4 games/s  ETA 0h07m09s
[pb-ab-O-nocap.var] 1013/1600  1.4 games/s  ETA 0h07m06s
[pb-ab-O-nocap.var] 1016/1600  1.4 games/s  ETA 0h07m04s
[pb-ab-O-nocap.var] 1017/1600  1.4 games/s  ETA 0h07m04s
[pb-ab-O-nocap.var] 1020/1600  1.4 games/s  ETA 0h07m02s
[pb-ab-O-nocap.var] 1023/1600  1.4 games/s  ETA 0h06m59s
[pb-ab-O-nocap.var] 1027/1600  1.4 games/s  ETA 0h06m56s
[pb-ab-O-nocap.var] 1034/1600  1.4 games/s  ETA 0h06m49s
[pb-ab-O-nocap.var] 1037/1600  1.4 games/s  ETA 0h06m47s
[pb-ab-O-nocap.var] 1039/1600  1.4 games/s  ETA 0h06m46s
[pb-ab-O-nocap.var] 1045/1600  1.4 games/s  ETA 0h06m40s
[pb-ab-O-nocap.var] 1049/1600  1.4 games/s  ETA 0h06m37s
[pb-ab-O-nocap.var] 1052/1600  1.4 games/s  ETA 0h06m35s
[pb-ab-O-nocap.var] 1055/1600  1.4 games/s  ETA 0h06m32s
[pb-ab-O-nocap.var] 1058/1600  1.4 games/s  ETA 0h06m30s
[pb-ab-O-nocap.var] 1059/1600  1.4 games/s  ETA 0h06m30s
[pb-ab-O-nocap.var] 1062/1600  1.4 games/s  ETA 0h06m28s
[pb-ab-O-nocap.var] 1064/1600  1.4 games/s  ETA 0h06m27s
[pb-ab-O-nocap.var] 1070/1600  1.4 games/s  ETA 0h06m21s
[pb-ab-O-nocap.var] 1074/1600  1.4 games/s  ETA 0h06m18s
[pb-ab-O-nocap.var] 1078/1600  1.4 games/s  ETA 0h06m15s
[pb-ab-O-nocap.var] 1080/1600  1.4 games/s  ETA 0h06m13s
[pb-ab-O-nocap.var] 1085/1600  1.4 games/s  ETA 0h06m09s
[pb-ab-O-nocap.var] 1088/1600  1.4 games/s  ETA 0h06m07s
[pb-ab-O-nocap.var] 1093/1600  1.4 games/s  ETA 0h06m02s
[pb-ab-O-nocap.var] 1098/1600  1.4 games/s  ETA 0h05m58s
[pb-ab-O-nocap.var] 1102/1600  1.4 games/s  ETA 0h05m55s
[pb-ab-O-nocap.var] 1107/1600  1.4 games/s  ETA 0h05m51s
[pb-ab-O-nocap.var] 1110/1600  1.4 games/s  ETA 0h05m48s
[pb-ab-O-nocap.var] 1114/1600  1.4 games/s  ETA 0h05m45s
[pb-ab-O-nocap.var] 1119/1600  1.4 games/s  ETA 0h05m41s
[pb-ab-O-nocap.var] 1122/1600  1.4 games/s  ETA 0h05m39s
[pb-ab-O-nocap.var] 1128/1600  1.4 games/s  ETA 0h05m34s
[pb-ab-O-nocap.var] 1131/1600  1.4 games/s  ETA 0h05m31s
[pb-ab-O-nocap.var] 1136/1600  1.4 games/s  ETA 0h05m27s
[pb-ab-O-nocap.var] 1138/1600  1.4 games/s  ETA 0h05m26s
[pb-ab-O-nocap.var] 1141/1600  1.4 games/s  ETA 0h05m24s
[pb-ab-O-nocap.var] 1145/1600  1.4 games/s  ETA 0h05m21s
[pb-ab-O-nocap.var] 1149/1600  1.4 games/s  ETA 0h05m18s
[pb-ab-O-nocap.var] 1152/1600  1.4 games/s  ETA 0h05m15s
[pb-ab-O-nocap.var] 1154/1600  1.4 games/s  ETA 0h05m14s
[pb-ab-O-nocap.var] 1157/1600  1.4 games/s  ETA 0h05m12s
[pb-ab-O-nocap.var] 1161/1600  1.4 games/s  ETA 0h05m09s
[pb-ab-O-nocap.var] 1164/1600  1.4 games/s  ETA 0h05m07s
[pb-ab-O-nocap.var] 1168/1600  1.4 games/s  ETA 0h05m04s
[pb-ab-O-nocap.var] 1172/1600  1.4 games/s  ETA 0h05m01s
[pb-ab-O-nocap.var] 1174/1600  1.4 games/s  ETA 0h04m59s
[pb-ab-O-nocap.var] 1178/1600  1.4 games/s  ETA 0h04m56s
[pb-ab-O-nocap.var] 1180/1600  1.4 games/s  ETA 0h04m55s
[pb-ab-O-nocap.var] 1184/1600  1.4 games/s  ETA 0h04m52s
[pb-ab-O-nocap.var] 1186/1600  1.4 games/s  ETA 0h04m51s
[pb-ab-O-nocap.var] 1189/1600  1.4 games/s  ETA 0h04m49s
[pb-ab-O-nocap.var] 1192/1600  1.4 games/s  ETA 0h04m47s
[pb-ab-O-nocap.var] 1195/1600  1.4 games/s  ETA 0h04m44s
[pb-ab-O-nocap.var] 1198/1600  1.4 games/s  ETA 0h04m42s
[pb-ab-O-nocap.var] 1201/1600  1.4 games/s  ETA 0h04m40s
[pb-ab-O-nocap.var] 1205/1600  1.4 games/s  ETA 0h04m37s
[pb-ab-O-nocap.var] 1208/1600  1.4 games/s  ETA 0h04m35s
[pb-ab-O-nocap.var] 1212/1600  1.4 games/s  ETA 0h04m32s
[pb-ab-O-nocap.var] 1218/1600  1.4 games/s  ETA 0h04m27s
[pb-ab-O-nocap.var] 1221/1600  1.4 games/s  ETA 0h04m25s
[pb-ab-O-nocap.var] 1226/1600  1.4 games/s  ETA 0h04m21s
[pb-ab-O-nocap.var] 1231/1600  1.4 games/s  ETA 0h04m17s
[pb-ab-O-nocap.var] 1234/1600  1.4 games/s  ETA 0h04m15s
[pb-ab-O-nocap.var] 1239/1600  1.4 games/s  ETA 0h04m11s
[pb-ab-O-nocap.var] 1243/1600  1.4 games/s  ETA 0h04m08s
[pb-ab-O-nocap.var] 1248/1600  1.4 games/s  ETA 0h04m04s
[pb-ab-O-nocap.var] 1252/1600  1.4 games/s  ETA 0h04m01s
[pb-ab-O-nocap.var] 1254/1600  1.4 games/s  ETA 0h04m00s
[pb-ab-O-nocap.var] 1259/1600  1.4 games/s  ETA 0h03m56s
[pb-ab-O-nocap.var] 1262/1600  1.4 games/s  ETA 0h03m54s
[pb-ab-O-nocap.var] 1268/1600  1.4 games/s  ETA 0h03m49s
[pb-ab-O-nocap.var] 1271/1600  1.4 games/s  ETA 0h03m47s
[pb-ab-O-nocap.var] 1275/1600  1.4 games/s  ETA 0h03m44s
[pb-ab-O-nocap.var] 1278/1600  1.4 games/s  ETA 0h03m42s
[pb-ab-O-nocap.var] 1281/1600  1.4 games/s  ETA 0h03m40s
[pb-ab-O-nocap.var] 1285/1600  1.4 games/s  ETA 0h03m37s
[pb-ab-O-nocap.var] 1288/1600  1.4 games/s  ETA 0h03m35s
[pb-ab-O-nocap.var] 1293/1600  1.5 games/s  ETA 0h03m31s
[pb-ab-O-nocap.var] 1295/1600  1.5 games/s  ETA 0h03m30s
[pb-ab-O-nocap.var] 1298/1600  1.5 games/s  ETA 0h03m28s
[pb-ab-O-nocap.var] 1299/1600  1.4 games/s  ETA 0h03m27s
[pb-ab-O-nocap.var] 1303/1600  1.5 games/s  ETA 0h03m24s
[pb-ab-O-nocap.var] 1310/1600  1.5 games/s  ETA 0h03m19s
[pb-ab-O-nocap.var] 1316/1600  1.5 games/s  ETA 0h03m14s
[pb-ab-O-nocap.var] 1318/1600  1.5 games/s  ETA 0h03m13s
[pb-ab-O-nocap.var] 1323/1600  1.5 games/s  ETA 0h03m09s
[pb-ab-O-nocap.var] 1325/1600  1.5 games/s  ETA 0h03m08s
[pb-ab-O-nocap.var] 1329/1600  1.5 games/s  ETA 0h03m05s
[pb-ab-O-nocap.var] 1334/1600  1.5 games/s  ETA 0h03m01s
[pb-ab-O-nocap.var] 1336/1600  1.5 games/s  ETA 0h03m00s
[pb-ab-O-nocap.var] 1339/1600  1.5 games/s  ETA 0h02m58s
[pb-ab-O-nocap.var] 1343/1600  1.5 games/s  ETA 0h02m55s
[pb-ab-O-nocap.var] 1347/1600  1.5 games/s  ETA 0h02m52s
[pb-ab-O-nocap.var] 1353/1600  1.5 games/s  ETA 0h02m48s
[pb-ab-O-nocap.var] 1358/1600  1.5 games/s  ETA 0h02m44s
[pb-ab-O-nocap.var] 1361/1600  1.5 games/s  ETA 0h02m42s
[pb-ab-O-nocap.var] 1367/1600  1.5 games/s  ETA 0h02m38s
[pb-ab-O-nocap.var] 1371/1600  1.5 games/s  ETA 0h02m35s
[pb-ab-O-nocap.var] 1375/1600  1.5 games/s  ETA 0h02m32s
[pb-ab-O-nocap.var] 1379/1600  1.5 games/s  ETA 0h02m29s
[pb-ab-O-nocap.var] 1383/1600  1.5 games/s  ETA 0h02m26s
[pb-ab-O-nocap.var] 1388/1600  1.5 games/s  ETA 0h02m23s
[pb-ab-O-nocap.var] 1393/1600  1.5 games/s  ETA 0h02m19s
[pb-ab-O-nocap.var] 1398/1600  1.5 games/s  ETA 0h02m16s
[pb-ab-O-nocap.var] 1403/1600  1.5 games/s  ETA 0h02m12s
[pb-ab-O-nocap.var] 1407/1600  1.5 games/s  ETA 0h02m09s
[pb-ab-O-nocap.var] 1410/1600  1.5 games/s  ETA 0h02m07s
[pb-ab-O-nocap.var] 1417/1600  1.5 games/s  ETA 0h02m02s
[pb-ab-O-nocap.var] 1420/1600  1.5 games/s  ETA 0h02m00s
[pb-ab-O-nocap.var] 1423/1600  1.5 games/s  ETA 0h01m58s
[pb-ab-O-nocap.var] 1426/1600  1.5 games/s  ETA 0h01m56s
[pb-ab-O-nocap.var] 1429/1600  1.5 games/s  ETA 0h01m54s
[pb-ab-O-nocap.var] 1434/1600  1.5 games/s  ETA 0h01m51s
[pb-ab-O-nocap.var] 1438/1600  1.5 games/s  ETA 0h01m48s
[pb-ab-O-nocap.var] 1439/1600  1.5 games/s  ETA 0h01m47s
[pb-ab-O-nocap.var] 1444/1600  1.5 games/s  ETA 0h01m44s
[pb-ab-O-nocap.var] 1449/1600  1.5 games/s  ETA 0h01m40s
[pb-ab-O-nocap.var] 1452/1600  1.5 games/s  ETA 0h01m38s
[pb-ab-O-nocap.var] 1458/1600  1.5 games/s  ETA 0h01m34s
[pb-ab-O-nocap.var] 1464/1600  1.5 games/s  ETA 0h01m30s
[pb-ab-O-nocap.var] 1468/1600  1.5 games/s  ETA 0h01m27s
[pb-ab-O-nocap.var] 1474/1600  1.5 games/s  ETA 0h01m23s
[pb-ab-O-nocap.var] 1478/1600  1.5 games/s  ETA 0h01m20s
[pb-ab-O-nocap.var] 1482/1600  1.5 games/s  ETA 0h01m18s
[pb-ab-O-nocap.var] 1488/1600  1.5 games/s  ETA 0h01m14s
[pb-ab-O-nocap.var] 1491/1600  1.5 games/s  ETA 0h01m12s
[pb-ab-O-nocap.var] 1494/1600  1.5 games/s  ETA 0h01m10s
[pb-ab-O-nocap.var] 1499/1600  1.5 games/s  ETA 0h01m06s
[pb-ab-O-nocap.var] 1501/1600  1.5 games/s  ETA 0h01m05s
[pb-ab-O-nocap.var] 1507/1600  1.5 games/s  ETA 0h01m01s
[pb-ab-O-nocap.var] 1510/1600  1.5 games/s  ETA 0h00m59s
[pb-ab-O-nocap.var] 1516/1600  1.5 games/s  ETA 0h00m55s
[pb-ab-O-nocap.var] 1519/1600  1.5 games/s  ETA 0h00m53s
[pb-ab-O-nocap.var] 1524/1600  1.5 games/s  ETA 0h00m50s
[pb-ab-O-nocap.var] 1529/1600  1.5 games/s  ETA 0h00m46s
[pb-ab-O-nocap.var] 1534/1600  1.5 games/s  ETA 0h00m43s
[pb-ab-O-nocap.var] 1538/1600  1.5 games/s  ETA 0h00m40s
[pb-ab-O-nocap.var] 1544/1600  1.5 games/s  ETA 0h00m36s
[pb-ab-O-nocap.var] 1549/1600  1.5 games/s  ETA 0h00m33s
[pb-ab-O-nocap.var] 1554/1600  1.5 games/s  ETA 0h00m30s
[pb-ab-O-nocap.var] 1559/1600  1.5 games/s  ETA 0h00m26s
[pb-ab-O-nocap.var] 1562/1600  1.5 games/s  ETA 0h00m24s
[pb-ab-O-nocap.var] 1565/1600  1.5 games/s  ETA 0h00m22s
[pb-ab-O-nocap.var] 1568/1600  1.5 games/s  ETA 0h00m20s
[pb-ab-O-nocap.var] 1575/1600  1.5 games/s  ETA 0h00m16s
[pb-ab-O-nocap.var] 1580/1600  1.5 games/s  ETA 0h00m12s
[pb-ab-O-nocap.var] 1583/1600  1.5 games/s  ETA 0h00m11s
[pb-ab-O-nocap.var] 1587/1600  1.5 games/s  ETA 0h00m08s
[pb-ab-O-nocap.var] 1591/1600  1.5 games/s  ETA 0h00m05s
[pb-ab-O-nocap.var] 1595/1600  1.5 games/s  ETA 0h00m03s
[pb-ab-O-nocap.var] 1597/1600  1.5 games/s  ETA 0h00m01s
[pb-ab-O-nocap.var] 1600 games in 0h17m17s (1.5 games/s)
[pb-ab-O-nocap.var] summary -> sim/out/pb-ab-O-nocap.var.summary.json
# Rule A/B — pb-ab-O-nocap

`ogreNoCapture=true` against today's defaults.
1600 games per population, depth 3, the same 40 arrangements and the same
opening seeds in both (common random numbers). Control arm: `pb-ab-O-nocap.base`.

A symmetric rule changes both sides at once, so there is no match to run and no SPRT: this is a
paired two-population comparison. The interval is a 95% normal approximation on the
mean paired difference over arrangements; with few arrangements,
and with one interval per metric, read "significant" as "worth a second run", not as a test.

| metric | base (pooled) | with the rule (pooled) | mean paired difference ±95% | significant |
|---|---|---|---|---|
| white score | 0.532 | 0.539 | +0.006 ± 0.034 | no |
| decisive | 0.795 | 0.782 | -0.013 ± 0.034 | no |
| draw rate | 0.198 | 0.213 | +0.015 ± 0.032 | no |
| capped | 0.007 | 0.004 | -0.003 ± 0.004 | no |
| mean plies | 105.0 | 99.4 | -5.6 ± 3.4 | yes |
| branching factor | 32.2 | 32.5 | +0.3 ± 0.3 | yes |
| killer move | 0.363 | 0.370 | +0.007 ± 0.014 | no |
| lead change | 0.066 | 0.068 | +0.001 ± 0.003 | no |
| uncertainty late | 0.636 | 0.635 | -0.001 ± 0.003 | no |
| drama | 0.161 | 0.154 | -0.007 ± 0.012 | no |
| permanence | 0.955 | 0.952 | -0.003 ± 0.001 | yes |
| min utilisation | 0.41 | 0.41 | +0.01 ± 0.01 | no |
| interest | 0.492 | 0.491 | +0.000 ± 0.005 | no |
| interest (min-use) | 0.449 | 0.433 | -0.007 ± 0.012 | no |
| killerMove (resid.) | -0.006 | 0.006 | +0.013 ± 0.014 | no |
| leadChange (resid.) | -0.000 | 0.000 | +0.001 ± 0.003 | no |
| uncertaintyLate (resid.) | 0.001 | -0.001 | -0.002 ± 0.003 | no |
| drama (resid.) | 0.002 | -0.002 | -0.003 ± 0.010 | no |
| permanence (resid.) | 0.002 | -0.002 | -0.003 ± 0.002 | yes |
| fairyUse (resid.) | 0.000 | 0.000 | +0.000 ± 0.000 | no |
| excessDecisiveness (resid.) | 0.019 | 0.014 | +0.014 ± 0.011 | yes |
| interest (resid.) | 0.000 | 0.002 | +0.002 ± 0.004 | no |
| interestMinFairy (resid.) | -0.016 | -0.027 | -0.002 ± 0.011 | no |

## Degeneracy counters
| counter | base | with the rule |
|---|---|---|
| guard captures per game | 0.000 | 0.000 |
| games with a guard rampage (≥ 3 captures) | 0 (0.0%) | 0 (0.0%) |
| dead-material endings (draw50 + drawMaterial) | 8 (0.5%) | 14 (0.9%) |
| games where a king never moved | 430 (26.9%) | 511 (31.9%) |

## Per piece (both sides, whole population; moves and captures per game)
| piece | moves A | moves B | captures A | captures B | survival A | survival B |
|---|---|---|---|---|---|---|
| P | 21.39 | 20.42 | 3.54 | 3.35 | 42.4% | 44.1% |
| A | 14.22 | 13.67 | 3.37 | 3.30 | 55.2% | 56.6% |
| O | 11.57 | 9.71 | 0.81 | 0.00 | 66.8% | 76.4% |
| K | 10.18 | 8.70 | 0.80 | 0.77 | 100.0% | 100.0% |
| M | 9.94 | 9.65 | 0.92 | 0.91 | 34.8% | 39.5% |
| N | 8.34 | 8.53 | 1.40 | 1.54 | 15.3% | 18.1% |
| S | 7.21 | 7.03 | 1.45 | 1.40 | 43.1% | 48.6% |
| R | 6.33 | 6.58 | 1.27 | 1.38 | 33.1% | 37.7% |
| B | 5.87 | 5.93 | 1.23 | 1.29 | 30.5% | 33.2% |
| Q | 4.72 | 4.43 | 0.90 | 0.92 | 70.2% | 75.2% |
| L | 2.83 | 2.69 | 0.87 | 0.87 | 6.9% | 8.3% |
| G | 2.45 | 2.09 | 0.00 | 0.00 | 97.5% | 97.3% |

## Fairy events per game
| event | base | with the rule |
|---|---|---|
| archerShots | 3.37 | 3.30 |
| beastChainMoves | 0.91 | 0.88 |
| beastChainCaptures | 1.45 | 1.40 |
| maesterSwaps | 4.58 | 4.41 |
| maesterLongSwaps | 0.51 | 0.46 |
| paladinSacrifices | 0.48 | 0.45 |
| promotions | 0.22 | 0.23 |
| checks | 3.65 | 3.37 |
| ogreShoves | 2.84 | 3.01 |
| ogreShovesFriend | 2.67 | 2.51 |
| ogreShovesGuard | 0.02 | 0.02 |
| catapultChecks | 0.00 | 0.00 |

The pooled columns describe each whole population; the difference column is the mean over the
40 shared arrangements of (rule − base) on the same openings. The two can disagree in sign when the
pooled value is not a mean of the per-arrangement values (minimum utilisation is one). Trust the
paired column.

Elo of the variant population is not reported: both populations play themselves, so their scores
are not comparable as a match. Read the white score as a fairness check, not as a strength delta.

