[pb-ab-O-step2.base] 1600 games (0 already done), 1600 to play on 4 workers -> sim/out/pb-ab-O-step2.base.jsonl
[pb-ab-O-step2.base] depth 3, 4 random opening plies, ply cap 300, pairs off (both sides identical; --pairs forces them on)
[pb-ab-O-step2.base] rules {}, values {}
[pb-ab-O-step2.base] 1/1600  0.5 games/s  ETA 0h53m21s
[pb-ab-O-step2.base] 2/1600  0.5 games/s  ETA 0h53m18s
[pb-ab-O-step2.base] 5/1600  0.8 games/s  ETA 0h31m55s
[pb-ab-O-step2.base] 6/1600  0.7 games/s  ETA 0h35m26s
[pb-ab-O-step2.base] 8/1600  0.8 games/s  ETA 0h33m10s
[pb-ab-O-step2.base] 11/1600  0.9 games/s  ETA 0h28m54s
[pb-ab-O-step2.base] 12/1600  0.9 games/s  ETA 0h30m53s
[pb-ab-O-step2.base] 14/1600  0.9 games/s  ETA 0h30m13s
[pb-ab-O-step2.base] 15/1600  0.8 games/s  ETA 0h31m43s
[pb-ab-O-step2.base] 18/1600  0.9 games/s  ETA 0h29m18s
[pb-ab-O-step2.base] 19/1600  0.9 games/s  ETA 0h30m31s
[pb-ab-O-step2.base] 23/1600  1.0 games/s  ETA 0h27m26s
[pb-ab-O-step2.base] 26/1600  1.0 games/s  ETA 0h26m14s
[pb-ab-O-step2.base] 29/1600  1.0 games/s  ETA 0h25m17s
[pb-ab-O-step2.base] 30/1600  1.0 games/s  ETA 0h26m10s
[pb-ab-O-step2.base] 32/1600  1.0 games/s  ETA 0h26m08s
[pb-ab-O-step2.base] 33/1600  1.0 games/s  ETA 0h26m55s
[pb-ab-O-step2.base] 36/1600  1.0 games/s  ETA 0h26m04s
[pb-ab-O-step2.base] 38/1600  1.0 games/s  ETA 0h26m02s
[pb-ab-O-step2.base] 41/1600  1.0 games/s  ETA 0h25m21s
[pb-ab-O-step2.base] 43/1600  1.0 games/s  ETA 0h25m21s
[pb-ab-O-step2.base] 44/1600  1.0 games/s  ETA 0h25m56s
[pb-ab-O-step2.base] 44/1600  1.0 games/s  ETA 0h27m07s
[pb-ab-O-step2.base] 46/1600  1.0 games/s  ETA 0h27m02s
[pb-ab-O-step2.base] 48/1600  1.0 games/s  ETA 0h26m57s
[pb-ab-O-step2.base] 49/1600  0.9 games/s  ETA 0h27m26s
[pb-ab-O-step2.base] 53/1600  1.0 games/s  ETA 0h26m16s
[pb-ab-O-step2.base] 54/1600  1.0 games/s  ETA 0h26m44s
[pb-ab-O-step2.base] 58/1600  1.0 games/s  ETA 0h25m42s
[pb-ab-O-step2.base] 61/1600  1.0 games/s  ETA 0h25m14s
[pb-ab-O-step2.base] 62/1600  1.0 games/s  ETA 0h25m38s
[pb-ab-O-step2.base] 65/1600  1.0 games/s  ETA 0h25m12s
[pb-ab-O-step2.base] 67/1600  1.0 games/s  ETA 0h25m10s
[pb-ab-O-step2.base] 68/1600  1.0 games/s  ETA 0h25m32s
[pb-ab-O-step2.base] 70/1600  1.0 games/s  ETA 0h25m30s
[pb-ab-O-step2.base] 71/1600  1.0 games/s  ETA 0h25m51s
[pb-ab-O-step2.base] 74/1600  1.0 games/s  ETA 0h25m26s
[pb-ab-O-step2.base] 78/1600  1.0 games/s  ETA 0h24m43s
[pb-ab-O-step2.base] 79/1600  1.0 games/s  ETA 0h25m02s
[pb-ab-O-step2.base] 80/1600  1.0 games/s  ETA 0h25m20s
[pb-ab-O-step2.base] 82/1600  1.0 games/s  ETA 0h25m18s
[pb-ab-O-step2.base] 84/1600  1.0 games/s  ETA 0h25m16s
[pb-ab-O-step2.base] 85/1600  1.0 games/s  ETA 0h25m33s
[pb-ab-O-step2.base] 87/1600  1.0 games/s  ETA 0h25m31s
[pb-ab-O-step2.base] 88/1600  1.0 games/s  ETA 0h25m46s
[pb-ab-O-step2.base] 90/1600  1.0 games/s  ETA 0h25m44s
[pb-ab-O-step2.base] 92/1600  1.0 games/s  ETA 0h25m41s
[pb-ab-O-step2.base] 94/1600  1.0 games/s  ETA 0h25m38s
[pb-ab-O-step2.base] 96/1600  1.0 games/s  ETA 0h25m35s
[pb-ab-O-step2.base] 99/1600  1.0 games/s  ETA 0h25m16s
[pb-ab-O-step2.base] 100/1600  1.0 games/s  ETA 0h25m30s
[pb-ab-O-step2.base] 103/1600  1.0 games/s  ETA 0h25m12s
[pb-ab-O-step2.base] 104/1600  1.0 games/s  ETA 0h25m25s
[pb-ab-O-step2.base] 109/1600  1.0 games/s  ETA 0h24m37s
[pb-ab-O-step2.base] 109/1600  1.0 games/s  ETA 0h25m05s
[pb-ab-O-step2.base] 112/1600  1.0 games/s  ETA 0h24m48s
[pb-ab-O-step2.base] 115/1600  1.0 games/s  ETA 0h24m32s
[pb-ab-O-step2.base] 116/1600  1.0 games/s  ETA 0h24m44s
[pb-ab-O-step2.base] 119/1600  1.0 games/s  ETA 0h24m29s
[pb-ab-O-step2.base] 122/1600  1.0 games/s  ETA 0h24m14s
[pb-ab-O-step2.base] 124/1600  1.0 games/s  ETA 0h24m12s
[pb-ab-O-step2.base] 126/1600  1.0 games/s  ETA 0h24m11s
[pb-ab-O-step2.base] 130/1600  1.0 games/s  ETA 0h23m45s
[pb-ab-O-step2.base] 130/1600  1.0 games/s  ETA 0h24m08s
[pb-ab-O-step2.base] 131/1600  1.0 games/s  ETA 0h24m18s
[pb-ab-O-step2.base] 135/1600  1.0 games/s  ETA 0h23m53s
[pb-ab-O-step2.base] 136/1600  1.0 games/s  ETA 0h24m03s
[pb-ab-O-step2.base] 140/1600  1.0 games/s  ETA 0h23m38s
[pb-ab-O-step2.base] 141/1600  1.0 games/s  ETA 0h23m48s
[pb-ab-O-step2.base] 143/1600  1.0 games/s  ETA 0h23m47s
[pb-ab-O-step2.base] 144/1600  1.0 games/s  ETA 0h23m56s
[pb-ab-O-step2.base] 147/1600  1.0 games/s  ETA 0h23m43s
[pb-ab-O-step2.base] 148/1600  1.0 games/s  ETA 0h23m53s
[pb-ab-O-step2.base] 149/1600  1.0 games/s  ETA 0h24m01s
[pb-ab-O-step2.base] 152/1600  1.0 games/s  ETA 0h23m49s
[pb-ab-O-step2.base] 154/1600  1.0 games/s  ETA 0h23m47s
[pb-ab-O-step2.base] 156/1600  1.0 games/s  ETA 0h23m46s
[pb-ab-O-step2.base] 157/1600  1.0 games/s  ETA 0h23m54s
[pb-ab-O-step2.base] 160/1600  1.0 games/s  ETA 0h23m42s
[pb-ab-O-step2.base] 161/1600  1.0 games/s  ETA 0h23m50s
[pb-ab-O-step2.base] 163/1600  1.0 games/s  ETA 0h23m48s
[pb-ab-O-step2.base] 164/1600  1.0 games/s  ETA 0h23m56s
[pb-ab-O-step2.base] 167/1600  1.0 games/s  ETA 0h23m45s
[pb-ab-O-step2.base] 169/1600  1.0 games/s  ETA 0h23m43s
[pb-ab-O-step2.base] 173/1600  1.0 games/s  ETA 0h23m22s
[pb-ab-O-step2.base] 176/1600  1.0 games/s  ETA 0h23m12s
[pb-ab-O-step2.base] 176/1600  1.0 games/s  ETA 0h23m28s
[pb-ab-O-step2.base] 178/1600  1.0 games/s  ETA 0h23m26s
[pb-ab-O-step2.base] 181/1600  1.0 games/s  ETA 0h23m16s
[pb-ab-O-step2.base] 182/1600  1.0 games/s  ETA 0h23m23s
[pb-ab-O-step2.base] 185/1600  1.0 games/s  ETA 0h23m12s
[pb-ab-O-step2.base] 187/1600  1.0 games/s  ETA 0h23m10s
[pb-ab-O-step2.base] 188/1600  1.0 games/s  ETA 0h23m17s
[pb-ab-O-step2.base] 191/1600  1.0 games/s  ETA 0h23m07s
[pb-ab-O-step2.base] 194/1600  1.0 games/s  ETA 0h22m57s
[pb-ab-O-step2.base] 195/1600  1.0 games/s  ETA 0h23m03s
[pb-ab-O-step2.base] 198/1600  1.0 games/s  ETA 0h22m54s
[pb-ab-O-step2.base] 198/1600  1.0 games/s  ETA 0h23m08s
[pb-ab-O-step2.base] 202/1600  1.0 games/s  ETA 0h22m50s
[pb-ab-O-step2.base] 204/1600  1.0 games/s  ETA 0h22m49s
[pb-ab-O-step2.base] 206/1600  1.0 games/s  ETA 0h22m47s
[pb-ab-O-step2.base] 208/1600  1.0 games/s  ETA 0h22m45s
[pb-ab-O-step2.base] 210/1600  1.0 games/s  ETA 0h22m44s
[pb-ab-O-step2.base] 211/1600  1.0 games/s  ETA 0h22m49s
[pb-ab-O-step2.base] 214/1600  1.0 games/s  ETA 0h22m40s
[pb-ab-O-step2.base] 218/1600  1.0 games/s  ETA 0h22m24s
[pb-ab-O-step2.base] 219/1600  1.0 games/s  ETA 0h22m30s
[pb-ab-O-step2.base] 221/1600  1.0 games/s  ETA 0h22m28s
[pb-ab-O-step2.base] 223/1600  1.0 games/s  ETA 0h22m26s
[pb-ab-O-step2.base] 224/1600  1.0 games/s  ETA 0h22m32s
[pb-ab-O-step2.base] 227/1600  1.0 games/s  ETA 0h22m23s
[pb-ab-O-step2.base] 229/1600  1.0 games/s  ETA 0h22m21s
[pb-ab-O-step2.base] 231/1600  1.0 games/s  ETA 0h22m19s
[pb-ab-O-step2.base] 233/1600  1.0 games/s  ETA 0h22m18s
[pb-ab-O-step2.base] 235/1600  1.0 games/s  ETA 0h22m16s
[pb-ab-O-step2.base] 237/1600  1.0 games/s  ETA 0h22m14s
[pb-ab-O-step2.base] 239/1600  1.0 games/s  ETA 0h22m13s
[pb-ab-O-step2.base] 241/1600  1.0 games/s  ETA 0h22m11s
[pb-ab-O-step2.base] 243/1600  1.0 games/s  ETA 0h22m09s
[pb-ab-O-step2.base] 245/1600  1.0 games/s  ETA 0h22m07s
[pb-ab-O-step2.base] 248/1600  1.0 games/s  ETA 0h21m59s
[pb-ab-O-step2.base] 251/1600  1.0 games/s  ETA 0h21m51s
[pb-ab-O-step2.base] 252/1600  1.0 games/s  ETA 0h21m56s
[pb-ab-O-step2.base] 253/1600  1.0 games/s  ETA 0h22m00s
[pb-ab-O-step2.base] 256/1600  1.0 games/s  ETA 0h21m53s
[pb-ab-O-step2.base] 259/1600  1.0 games/s  ETA 0h21m45s
[pb-ab-O-step2.base] 260/1600  1.0 games/s  ETA 0h21m49s
[pb-ab-O-step2.base] 264/1600  1.0 games/s  ETA 0h21m36s
[pb-ab-O-step2.base] 265/1600  1.0 games/s  ETA 0h21m40s
[pb-ab-O-step2.base] 266/1600  1.0 games/s  ETA 0h21m44s
[pb-ab-O-step2.base] 268/1600  1.0 games/s  ETA 0h21m42s
[pb-ab-O-step2.base] 270/1600  1.0 games/s  ETA 0h21m41s
[pb-ab-O-step2.base] 273/1600  1.0 games/s  ETA 0h21m33s
[pb-ab-O-step2.base] 275/1600  1.0 games/s  ETA 0h21m31s
[pb-ab-O-step2.base] 277/1600  1.0 games/s  ETA 0h21m30s
[pb-ab-O-step2.base] 279/1600  1.0 games/s  ETA 0h21m28s
[pb-ab-O-step2.base] 282/1600  1.0 games/s  ETA 0h21m21s
[pb-ab-O-step2.base] 284/1600  1.0 games/s  ETA 0h21m19s
[pb-ab-O-step2.base] 287/1600  1.0 games/s  ETA 0h21m12s
[pb-ab-O-step2.base] 290/1600  1.0 games/s  ETA 0h21m05s
[pb-ab-O-step2.base] 292/1600  1.0 games/s  ETA 0h21m03s
[pb-ab-O-step2.base] 293/1600  1.0 games/s  ETA 0h21m07s
[pb-ab-O-step2.base] 295/1600  1.0 games/s  ETA 0h21m05s
[pb-ab-O-step2.base] 297/1600  1.0 games/s  ETA 0h21m04s
[pb-ab-O-step2.base] 299/1600  1.0 games/s  ETA 0h21m02s
[pb-ab-O-step2.base] 300/1600  1.0 games/s  ETA 0h21m05s
[pb-ab-O-step2.base] 302/1600  1.0 games/s  ETA 0h21m04s
[pb-ab-O-step2.base] 304/1600  1.0 games/s  ETA 0h21m02s
[pb-ab-O-step2.base] 305/1600  1.0 games/s  ETA 0h21m05s
[pb-ab-O-step2.base] 308/1600  1.0 games/s  ETA 0h20m58s
[pb-ab-O-step2.base] 310/1600  1.0 games/s  ETA 0h20m57s
[pb-ab-O-step2.base] 314/1600  1.0 games/s  ETA 0h20m45s
[pb-ab-O-step2.base] 316/1600  1.0 games/s  ETA 0h20m43s
[pb-ab-O-step2.base] 318/1600  1.0 games/s  ETA 0h20m42s
[pb-ab-O-step2.base] 321/1600  1.0 games/s  ETA 0h20m35s
[pb-ab-O-step2.base] 322/1600  1.0 games/s  ETA 0h20m38s
[pb-ab-O-step2.base] 324/1600  1.0 games/s  ETA 0h20m37s
[pb-ab-O-step2.base] 324/1600  1.0 games/s  ETA 0h20m45s
[pb-ab-O-step2.base] 327/1600  1.0 games/s  ETA 0h20m38s
[pb-ab-O-step2.base] 329/1600  1.0 games/s  ETA 0h20m36s
[pb-ab-O-step2.base] 333/1600  1.0 games/s  ETA 0h20m25s
[pb-ab-O-step2.base] 334/1600  1.0 games/s  ETA 0h20m28s
[pb-ab-O-step2.base] 336/1600  1.0 games/s  ETA 0h20m26s
[pb-ab-O-step2.base] 336/1600  1.0 games/s  ETA 0h20m34s
[pb-ab-O-step2.base] 339/1600  1.0 games/s  ETA 0h20m28s
[pb-ab-O-step2.base] 342/1600  1.0 games/s  ETA 0h20m21s
[pb-ab-O-step2.base] 344/1600  1.0 games/s  ETA 0h20m20s
[pb-ab-O-step2.base] 348/1600  1.0 games/s  ETA 0h20m09s
[pb-ab-O-step2.base] 349/1600  1.0 games/s  ETA 0h20m12s
[pb-ab-O-step2.base] 351/1600  1.0 games/s  ETA 0h20m10s
[pb-ab-O-step2.base] 354/1600  1.0 games/s  ETA 0h20m04s
[pb-ab-O-step2.base] 355/1600  1.0 games/s  ETA 0h20m06s
[pb-ab-O-step2.base] 355/1600  1.0 games/s  ETA 0h20m13s
[pb-ab-O-step2.base] 356/1600  1.0 games/s  ETA 0h20m16s
[pb-ab-O-step2.base] 358/1600  1.0 games/s  ETA 0h20m14s
[pb-ab-O-step2.base] 358/1600  1.0 games/s  ETA 0h20m21s
[pb-ab-O-step2.base] 360/1600  1.0 games/s  ETA 0h20m19s
[pb-ab-O-step2.base] 362/1600  1.0 games/s  ETA 0h20m18s
[pb-ab-O-step2.base] 365/1600  1.0 games/s  ETA 0h20m11s
[pb-ab-O-step2.base] 368/1600  1.0 games/s  ETA 0h20m05s
[pb-ab-O-step2.base] 369/1600  1.0 games/s  ETA 0h20m08s
[pb-ab-O-step2.base] 370/1600  1.0 games/s  ETA 0h20m10s
[pb-ab-O-step2.base] 373/1600  1.0 games/s  ETA 0h20m04s
[pb-ab-O-step2.base] 376/1600  1.0 games/s  ETA 0h19m58s
[pb-ab-O-step2.base] 379/1600  1.0 games/s  ETA 0h19m52s
[pb-ab-O-step2.base] 381/1600  1.0 games/s  ETA 0h19m50s
[pb-ab-O-step2.base] 382/1600  1.0 games/s  ETA 0h19m53s
[pb-ab-O-step2.base] 383/1600  1.0 games/s  ETA 0h19m55s
[pb-ab-O-step2.base] 386/1600  1.0 games/s  ETA 0h19m49s
[pb-ab-O-step2.base] 388/1600  1.0 games/s  ETA 0h19m47s
[pb-ab-O-step2.base] 388/1600  1.0 games/s  ETA 0h19m53s
[pb-ab-O-step2.base] 390/1600  1.0 games/s  ETA 0h19m51s
[pb-ab-O-step2.base] 391/1600  1.0 games/s  ETA 0h19m54s
[pb-ab-O-step2.base] 394/1600  1.0 games/s  ETA 0h19m48s
[pb-ab-O-step2.base] 395/1600  1.0 games/s  ETA 0h19m50s
[pb-ab-O-step2.base] 397/1600  1.0 games/s  ETA 0h19m48s
[pb-ab-O-step2.base] 398/1600  1.0 games/s  ETA 0h19m50s
[pb-ab-O-step2.base] 399/1600  1.0 games/s  ETA 0h19m52s
[pb-ab-O-step2.base] 402/1600  1.0 games/s  ETA 0h19m46s
[pb-ab-O-step2.base] 403/1600  1.0 games/s  ETA 0h19m48s
[pb-ab-O-step2.base] 406/1600  1.0 games/s  ETA 0h19m42s
[pb-ab-O-step2.base] 409/1600  1.0 games/s  ETA 0h19m36s
[pb-ab-O-step2.base] 410/1600  1.0 games/s  ETA 0h19m38s
[pb-ab-O-step2.base] 412/1600  1.0 games/s  ETA 0h19m36s
[pb-ab-O-step2.base] 413/1600  1.0 games/s  ETA 0h19m38s
[pb-ab-O-step2.base] 415/1600  1.0 games/s  ETA 0h19m36s
[pb-ab-O-step2.base] 416/1600  1.0 games/s  ETA 0h19m38s
[pb-ab-O-step2.base] 417/1600  1.0 games/s  ETA 0h19m40s
[pb-ab-O-step2.base] 417/1600  1.0 games/s  ETA 0h19m46s
[pb-ab-O-step2.base] 418/1600  1.0 games/s  ETA 0h19m48s
[pb-ab-O-step2.base] 420/1600  1.0 games/s  ETA 0h19m46s
[pb-ab-O-step2.base] 422/1600  1.0 games/s  ETA 0h19m44s
[pb-ab-O-step2.base] 423/1600  1.0 games/s  ETA 0h19m45s
[pb-ab-O-step2.base] 425/1600  1.0 games/s  ETA 0h19m43s
[pb-ab-O-step2.base] 426/1600  1.0 games/s  ETA 0h19m45s
[pb-ab-O-step2.base] 428/1600  1.0 games/s  ETA 0h19m43s
[pb-ab-O-step2.base] 429/1600  1.0 games/s  ETA 0h19m45s
[pb-ab-O-step2.base] 431/1600  1.0 games/s  ETA 0h19m43s
[pb-ab-O-step2.base] 435/1600  1.0 games/s  ETA 0h19m33s
[pb-ab-O-step2.base] 437/1600  1.0 games/s  ETA 0h19m31s
[pb-ab-O-step2.base] 439/1600  1.0 games/s  ETA 0h19m29s
[pb-ab-O-step2.base] 442/1600  1.0 games/s  ETA 0h19m23s
[pb-ab-O-step2.base] 444/1600  1.0 games/s  ETA 0h19m21s
[pb-ab-O-step2.base] 447/1600  1.0 games/s  ETA 0h19m16s
[pb-ab-O-step2.base] 449/1600  1.0 games/s  ETA 0h19m14s
[pb-ab-O-step2.base] 450/1600  1.0 games/s  ETA 0h19m15s
[pb-ab-O-step2.base] 451/1600  1.0 games/s  ETA 0h19m17s
[pb-ab-O-step2.base] 454/1600  1.0 games/s  ETA 0h19m11s
[pb-ab-O-step2.base] 456/1600  1.0 games/s  ETA 0h19m09s
[pb-ab-O-step2.base] 458/1600  1.0 games/s  ETA 0h19m07s
[pb-ab-O-step2.base] 461/1600  1.0 games/s  ETA 0h19m01s
[pb-ab-O-step2.base] 463/1600  1.0 games/s  ETA 0h18m59s
[pb-ab-O-step2.base] 467/1600  1.0 games/s  ETA 0h18m51s
[pb-ab-O-step2.base] 469/1600  1.0 games/s  ETA 0h18m49s
[pb-ab-O-step2.base] 474/1600  1.0 games/s  ETA 0h18m36s
[pb-ab-O-step2.base] 476/1600  1.0 games/s  ETA 0h18m35s
[pb-ab-O-step2.base] 479/1600  1.0 games/s  ETA 0h18m29s
[pb-ab-O-step2.base] 481/1600  1.0 games/s  ETA 0h18m27s
[pb-ab-O-step2.base] 484/1600  1.0 games/s  ETA 0h18m22s
[pb-ab-O-step2.base] 485/1600  1.0 games/s  ETA 0h18m23s
[pb-ab-O-step2.base] 487/1600  1.0 games/s  ETA 0h18m22s
[pb-ab-O-step2.base] 488/1600  1.0 games/s  ETA 0h18m23s
[pb-ab-O-step2.base] 489/1600  1.0 games/s  ETA 0h18m24s
[pb-ab-O-step2.base] 490/1600  1.0 games/s  ETA 0h18m25s
[pb-ab-O-step2.base] 491/1600  1.0 games/s  ETA 0h18m27s
[pb-ab-O-step2.base] 493/1600  1.0 games/s  ETA 0h18m25s
[pb-ab-O-step2.base] 494/1600  1.0 games/s  ETA 0h18m26s
[pb-ab-O-step2.base] 497/1600  1.0 games/s  ETA 0h18m21s
[pb-ab-O-step2.base] 498/1600  1.0 games/s  ETA 0h18m22s
[pb-ab-O-step2.base] 500/1600  1.0 games/s  ETA 0h18m20s
[pb-ab-O-step2.base] 502/1600  1.0 games/s  ETA 0h18m18s
[pb-ab-O-step2.base] 506/1600  1.0 games/s  ETA 0h18m10s
[pb-ab-O-step2.base] 508/1600  1.0 games/s  ETA 0h18m08s
[pb-ab-O-step2.base] 511/1600  1.0 games/s  ETA 0h18m03s
[pb-ab-O-step2.base] 514/1600  1.0 games/s  ETA 0h17m58s
[pb-ab-O-step2.base] 515/1600  1.0 games/s  ETA 0h17m59s
[pb-ab-O-step2.base] 518/1600  1.0 games/s  ETA 0h17m54s
[pb-ab-O-step2.base] 519/1600  1.0 games/s  ETA 0h17m55s
[pb-ab-O-step2.base] 520/1600  1.0 games/s  ETA 0h17m56s
[pb-ab-O-step2.base] 524/1600  1.0 games/s  ETA 0h17m48s
[pb-ab-O-step2.base] 527/1600  1.0 games/s  ETA 0h17m43s
[pb-ab-O-step2.base] 531/1600  1.0 games/s  ETA 0h17m35s
[pb-ab-O-step2.base] 532/1600  1.0 games/s  ETA 0h17m36s
[pb-ab-O-step2.base] 535/1600  1.0 games/s  ETA 0h17m31s
[pb-ab-O-step2.base] 537/1600  1.0 games/s  ETA 0h17m29s
[pb-ab-O-step2.base] 539/1600  1.0 games/s  ETA 0h17m27s
[pb-ab-O-step2.base] 541/1600  1.0 games/s  ETA 0h17m25s
[pb-ab-O-step2.base] 544/1600  1.0 games/s  ETA 0h17m20s
[pb-ab-O-step2.base] 546/1600  1.0 games/s  ETA 0h17m19s
[pb-ab-O-step2.base] 549/1600  1.0 games/s  ETA 0h17m14s
[pb-ab-O-step2.base] 549/1600  1.0 games/s  ETA 0h17m18s
[pb-ab-O-step2.base] 551/1600  1.0 games/s  ETA 0h17m16s
[pb-ab-O-step2.base] 554/1600  1.0 games/s  ETA 0h17m11s
[pb-ab-O-step2.base] 555/1600  1.0 games/s  ETA 0h17m12s
[pb-ab-O-step2.base] 557/1600  1.0 games/s  ETA 0h17m10s
[pb-ab-O-step2.base] 560/1600  1.0 games/s  ETA 0h17m05s
[pb-ab-O-step2.base] 563/1600  1.0 games/s  ETA 0h17m00s
[pb-ab-O-step2.base] 563/1600  1.0 games/s  ETA 0h17m04s
[pb-ab-O-step2.base] 565/1600  1.0 games/s  ETA 0h17m02s
[pb-ab-O-step2.base] 566/1600  1.0 games/s  ETA 0h17m03s
[pb-ab-O-step2.base] 569/1600  1.0 games/s  ETA 0h16m58s
[pb-ab-O-step2.base] 571/1600  1.0 games/s  ETA 0h16m56s
[pb-ab-O-step2.base] 575/1600  1.0 games/s  ETA 0h16m49s
[pb-ab-O-step2.base] 577/1600  1.0 games/s  ETA 0h16m47s
[pb-ab-O-step2.base] 580/1600  1.0 games/s  ETA 0h16m42s
[pb-ab-O-step2.base] 583/1600  1.0 games/s  ETA 0h16m38s
[pb-ab-O-step2.base] 584/1600  1.0 games/s  ETA 0h16m39s
[pb-ab-O-step2.base] 586/1600  1.0 games/s  ETA 0h16m37s
[pb-ab-O-step2.base] 588/1600  1.0 games/s  ETA 0h16m35s
[pb-ab-O-step2.base] 589/1600  1.0 games/s  ETA 0h16m35s
[pb-ab-O-step2.base] 591/1600  1.0 games/s  ETA 0h16m34s
[pb-ab-O-step2.base] 592/1600  1.0 games/s  ETA 0h16m34s
[pb-ab-O-step2.base] 595/1600  1.0 games/s  ETA 0h16m30s
[pb-ab-O-step2.base] 596/1600  1.0 games/s  ETA 0h16m30s
[pb-ab-O-step2.base] 599/1600  1.0 games/s  ETA 0h16m26s
[pb-ab-O-step2.base] 602/1600  1.0 games/s  ETA 0h16m21s
[pb-ab-O-step2.base] 605/1600  1.0 games/s  ETA 0h16m17s
[pb-ab-O-step2.base] 607/1600  1.0 games/s  ETA 0h16m15s
[pb-ab-O-step2.base] 610/1600  1.0 games/s  ETA 0h16m10s
[pb-ab-O-step2.base] 612/1600  1.0 games/s  ETA 0h16m09s
[pb-ab-O-step2.base] 615/1600  1.0 games/s  ETA 0h16m04s
[pb-ab-O-step2.base] 615/1600  1.0 games/s  ETA 0h16m07s
[pb-ab-O-step2.base] 616/1600  1.0 games/s  ETA 0h16m08s
[pb-ab-O-step2.base] 619/1600  1.0 games/s  ETA 0h16m03s
[pb-ab-O-step2.base] 622/1600  1.0 games/s  ETA 0h15m59s
[pb-ab-O-step2.base] 624/1600  1.0 games/s  ETA 0h15m57s
[pb-ab-O-step2.base] 626/1600  1.0 games/s  ETA 0h15m55s
[pb-ab-O-step2.base] 627/1600  1.0 games/s  ETA 0h15m56s
[pb-ab-O-step2.base] 629/1600  1.0 games/s  ETA 0h15m54s
[pb-ab-O-step2.base] 631/1600  1.0 games/s  ETA 0h15m52s
[pb-ab-O-step2.base] 633/1600  1.0 games/s  ETA 0h15m50s
[pb-ab-O-step2.base] 635/1600  1.0 games/s  ETA 0h15m48s
[pb-ab-O-step2.base] 636/1600  1.0 games/s  ETA 0h15m49s
[pb-ab-O-step2.base] 638/1600  1.0 games/s  ETA 0h15m47s
[pb-ab-O-step2.base] 640/1600  1.0 games/s  ETA 0h15m45s
[pb-ab-O-step2.base] 642/1600  1.0 games/s  ETA 0h15m43s
[pb-ab-O-step2.base] 645/1600  1.0 games/s  ETA 0h15m39s
[pb-ab-O-step2.base] 648/1600  1.0 games/s  ETA 0h15m34s
[pb-ab-O-step2.base] 650/1600  1.0 games/s  ETA 0h15m32s
[pb-ab-O-step2.base] 651/1600  1.0 games/s  ETA 0h15m33s
[pb-ab-O-step2.base] 655/1600  1.0 games/s  ETA 0h15m26s
[pb-ab-O-step2.base] 657/1600  1.0 games/s  ETA 0h15m24s
[pb-ab-O-step2.base] 659/1600  1.0 games/s  ETA 0h15m22s
[pb-ab-O-step2.base] 662/1600  1.0 games/s  ETA 0h15m18s
[pb-ab-O-step2.base] 662/1600  1.0 games/s  ETA 0h15m21s
[pb-ab-O-step2.base] 663/1600  1.0 games/s  ETA 0h15m21s
[pb-ab-O-step2.base] 664/1600  1.0 games/s  ETA 0h15m22s
[pb-ab-O-step2.base] 667/1600  1.0 games/s  ETA 0h15m18s
[pb-ab-O-step2.base] 668/1600  1.0 games/s  ETA 0h15m18s
[pb-ab-O-step2.base] 670/1600  1.0 games/s  ETA 0h15m16s
[pb-ab-O-step2.base] 672/1600  1.0 games/s  ETA 0h15m14s
[pb-ab-O-step2.base] 674/1600  1.0 games/s  ETA 0h15m12s
[pb-ab-O-step2.base] 677/1600  1.0 games/s  ETA 0h15m08s
[pb-ab-O-step2.base] 678/1600  1.0 games/s  ETA 0h15m08s
[pb-ab-O-step2.base] 682/1600  1.0 games/s  ETA 0h15m02s
[pb-ab-O-step2.base] 686/1600  1.0 games/s  ETA 0h14m55s
[pb-ab-O-step2.base] 688/1600  1.0 games/s  ETA 0h14m53s
[pb-ab-O-step2.base] 691/1600  1.0 games/s  ETA 0h14m49s
[pb-ab-O-step2.base] 693/1600  1.0 games/s  ETA 0h14m47s
[pb-ab-O-step2.base] 696/1600  1.0 games/s  ETA 0h14m43s
[pb-ab-O-step2.base] 699/1600  1.0 games/s  ETA 0h14m39s
[pb-ab-O-step2.base] 700/1600  1.0 games/s  ETA 0h14m39s
[pb-ab-O-step2.base] 703/1600  1.0 games/s  ETA 0h14m35s
[pb-ab-O-step2.base] 704/1600  1.0 games/s  ETA 0h14m36s
[pb-ab-O-step2.base] 708/1600  1.0 games/s  ETA 0h14m29s
[pb-ab-O-step2.base] 711/1600  1.0 games/s  ETA 0h14m25s
[pb-ab-O-step2.base] 711/1600  1.0 games/s  ETA 0h14m28s
[pb-ab-O-step2.base] 713/1600  1.0 games/s  ETA 0h14m26s
[pb-ab-O-step2.base] 715/1600  1.0 games/s  ETA 0h14m24s
[pb-ab-O-step2.base] 718/1600  1.0 games/s  ETA 0h14m20s
[pb-ab-O-step2.base] 720/1600  1.0 games/s  ETA 0h14m18s
[pb-ab-O-step2.base] 722/1600  1.0 games/s  ETA 0h14m16s
[pb-ab-O-step2.base] 724/1600  1.0 games/s  ETA 0h14m14s
[pb-ab-O-step2.base] 725/1600  1.0 games/s  ETA 0h14m14s
[pb-ab-O-step2.base] 725/1600  1.0 games/s  ETA 0h14m17s
[pb-ab-O-step2.base] 727/1600  1.0 games/s  ETA 0h14m15s
[pb-ab-O-step2.base] 729/1600  1.0 games/s  ETA 0h14m13s
[pb-ab-O-step2.base] 730/1600  1.0 games/s  ETA 0h14m13s
[pb-ab-O-step2.base] 732/1600  1.0 games/s  ETA 0h14m11s
[pb-ab-O-step2.base] 734/1600  1.0 games/s  ETA 0h14m09s
[pb-ab-O-step2.base] 735/1600  1.0 games/s  ETA 0h14m10s
[pb-ab-O-step2.base] 737/1600  1.0 games/s  ETA 0h14m08s
[pb-ab-O-step2.base] 737/1600  1.0 games/s  ETA 0h14m10s
[pb-ab-O-step2.base] 739/1600  1.0 games/s  ETA 0h14m08s
[pb-ab-O-step2.base] 741/1600  1.0 games/s  ETA 0h14m06s
[pb-ab-O-step2.base] 744/1600  1.0 games/s  ETA 0h14m02s
[pb-ab-O-step2.base] 745/1600  1.0 games/s  ETA 0h14m02s
[pb-ab-O-step2.base] 748/1600  1.0 games/s  ETA 0h13m58s
[pb-ab-O-step2.base] 750/1600  1.0 games/s  ETA 0h13m56s
[pb-ab-O-step2.base] 751/1600  1.0 games/s  ETA 0h13m56s
[pb-ab-O-step2.base] 753/1600  1.0 games/s  ETA 0h13m55s
[pb-ab-O-step2.base] 756/1600  1.0 games/s  ETA 0h13m50s
[pb-ab-O-step2.base] 757/1600  1.0 games/s  ETA 0h13m51s
[pb-ab-O-step2.base] 757/1600  1.0 games/s  ETA 0h13m53s
[pb-ab-O-step2.base] 758/1600  1.0 games/s  ETA 0h13m53s
[pb-ab-O-step2.base] 759/1600  1.0 games/s  ETA 0h13m53s
[pb-ab-O-step2.base] 762/1600  1.0 games/s  ETA 0h13m49s
[pb-ab-O-step2.base] 764/1600  1.0 games/s  ETA 0h13m47s
[pb-ab-O-step2.base] 766/1600  1.0 games/s  ETA 0h13m45s
[pb-ab-O-step2.base] 767/1600  1.0 games/s  ETA 0h13m45s
[pb-ab-O-step2.base] 768/1600  1.0 games/s  ETA 0h13m45s
[pb-ab-O-step2.base] 769/1600  1.0 games/s  ETA 0h13m45s
[pb-ab-O-step2.base] 770/1600  1.0 games/s  ETA 0h13m46s
[pb-ab-O-step2.base] 771/1600  1.0 games/s  ETA 0h13m46s
[pb-ab-O-step2.base] 773/1600  1.0 games/s  ETA 0h13m44s
[pb-ab-O-step2.base] 775/1600  1.0 games/s  ETA 0h13m42s
[pb-ab-O-step2.base] 775/1600  1.0 games/s  ETA 0h13m44s
[pb-ab-O-step2.base] 777/1600  1.0 games/s  ETA 0h13m42s
[pb-ab-O-step2.base] 778/1600  1.0 games/s  ETA 0h13m42s
[pb-ab-O-step2.base] 778/1600  1.0 games/s  ETA 0h13m44s
[pb-ab-O-step2.base] 779/1600  1.0 games/s  ETA 0h13m44s
[pb-ab-O-step2.base] 781/1600  1.0 games/s  ETA 0h13m42s
[pb-ab-O-step2.base] 784/1600  1.0 games/s  ETA 0h13m38s
[pb-ab-O-step2.base] 786/1600  1.0 games/s  ETA 0h13m36s
[pb-ab-O-step2.base] 788/1600  1.0 games/s  ETA 0h13m34s
[pb-ab-O-step2.base] 789/1600  1.0 games/s  ETA 0h13m34s
[pb-ab-O-step2.base] 792/1600  1.0 games/s  ETA 0h13m30s
[pb-ab-O-step2.base] 794/1600  1.0 games/s  ETA 0h13m28s
[pb-ab-O-step2.base] 796/1600  1.0 games/s  ETA 0h13m26s
[pb-ab-O-step2.base] 799/1600  1.0 games/s  ETA 0h13m22s
[pb-ab-O-step2.base] 801/1600  1.0 games/s  ETA 0h13m20s
[pb-ab-O-step2.base] 802/1600  1.0 games/s  ETA 0h13m20s
[pb-ab-O-step2.base] 806/1600  1.0 games/s  ETA 0h13m14s
[pb-ab-O-step2.base] 808/1600  1.0 games/s  ETA 0h13m12s
[pb-ab-O-step2.base] 808/1600  1.0 games/s  ETA 0h13m14s
[pb-ab-O-step2.base] 810/1600  1.0 games/s  ETA 0h13m12s
[pb-ab-O-step2.base] 812/1600  1.0 games/s  ETA 0h13m10s
[pb-ab-O-step2.base] 815/1600  1.0 games/s  ETA 0h13m06s
[pb-ab-O-step2.base] 816/1600  1.0 games/s  ETA 0h13m06s
[pb-ab-O-step2.base] 817/1600  1.0 games/s  ETA 0h13m06s
[pb-ab-O-step2.base] 818/1600  1.0 games/s  ETA 0h13m06s
[pb-ab-O-step2.base] 821/1600  1.0 games/s  ETA 0h13m02s
[pb-ab-O-step2.base] 824/1600  1.0 games/s  ETA 0h12m58s
[pb-ab-O-step2.base] 824/1600  1.0 games/s  ETA 0h13m00s
[pb-ab-O-step2.base] 827/1600  1.0 games/s  ETA 0h12m56s
[pb-ab-O-step2.base] 828/1600  1.0 games/s  ETA 0h12m56s
[pb-ab-O-step2.base] 831/1600  1.0 games/s  ETA 0h12m52s
[pb-ab-O-step2.base] 833/1600  1.0 games/s  ETA 0h12m50s
[pb-ab-O-step2.base] 835/1600  1.0 games/s  ETA 0h12m48s
[pb-ab-O-step2.base] 836/1600  1.0 games/s  ETA 0h12m48s
[pb-ab-O-step2.base] 837/1600  1.0 games/s  ETA 0h12m47s
[pb-ab-O-step2.base] 838/1600  1.0 games/s  ETA 0h12m47s
[pb-ab-O-step2.base] 839/1600  1.0 games/s  ETA 0h12m47s
[pb-ab-O-step2.base] 841/1600  1.0 games/s  ETA 0h12m45s
[pb-ab-O-step2.base] 843/1600  1.0 games/s  ETA 0h12m43s
[pb-ab-O-step2.base] 843/1600  1.0 games/s  ETA 0h12m45s
[pb-ab-O-step2.base] 844/1600  1.0 games/s  ETA 0h12m45s
[pb-ab-O-step2.base] 845/1600  1.0 games/s  ETA 0h12m45s
[pb-ab-O-step2.base] 848/1600  1.0 games/s  ETA 0h12m41s
[pb-ab-O-step2.base] 849/1600  1.0 games/s  ETA 0h12m41s
[pb-ab-O-step2.base] 851/1600  1.0 games/s  ETA 0h12m39s
[pb-ab-O-step2.base] 852/1600  1.0 games/s  ETA 0h12m38s
[pb-ab-O-step2.base] 853/1600  1.0 games/s  ETA 0h12m38s
[pb-ab-O-step2.base] 855/1600  1.0 games/s  ETA 0h12m36s
[pb-ab-O-step2.base] 858/1600  1.0 games/s  ETA 0h12m32s
[pb-ab-O-step2.base] 859/1600  1.0 games/s  ETA 0h12m32s
[pb-ab-O-step2.base] 862/1600  1.0 games/s  ETA 0h12m28s
[pb-ab-O-step2.base] 864/1600  1.0 games/s  ETA 0h12m26s
[pb-ab-O-step2.base] 866/1600  1.0 games/s  ETA 0h12m24s
[pb-ab-O-step2.base] 868/1600  1.0 games/s  ETA 0h12m22s
[pb-ab-O-step2.base] 869/1600  1.0 games/s  ETA 0h12m22s
[pb-ab-O-step2.base] 870/1600  1.0 games/s  ETA 0h12m22s
[pb-ab-O-step2.base] 871/1600  1.0 games/s  ETA 0h12m21s
[pb-ab-O-step2.base] 872/1600  1.0 games/s  ETA 0h12m21s
[pb-ab-O-step2.base] 875/1600  1.0 games/s  ETA 0h12m17s
[pb-ab-O-step2.base] 875/1600  1.0 games/s  ETA 0h12m19s
[pb-ab-O-step2.base] 877/1600  1.0 games/s  ETA 0h12m17s
[pb-ab-O-step2.base] 878/1600  1.0 games/s  ETA 0h12m17s
[pb-ab-O-step2.base] 880/1600  1.0 games/s  ETA 0h12m15s
[pb-ab-O-step2.base] 882/1600  1.0 games/s  ETA 0h12m12s
[pb-ab-O-step2.base] 883/1600  1.0 games/s  ETA 0h12m12s
[pb-ab-O-step2.base] 883/1600  1.0 games/s  ETA 0h12m14s
[pb-ab-O-step2.base] 884/1600  1.0 games/s  ETA 0h12m14s
[pb-ab-O-step2.base] 886/1600  1.0 games/s  ETA 0h12m12s
[pb-ab-O-step2.base] 887/1600  1.0 games/s  ETA 0h12m11s
[pb-ab-O-step2.base] 887/1600  1.0 games/s  ETA 0h12m13s
[pb-ab-O-step2.base] 887/1600  1.0 games/s  ETA 0h12m15s
[pb-ab-O-step2.base] 887/1600  1.0 games/s  ETA 0h12m16s
[pb-ab-O-step2.base] 887/1600  1.0 games/s  ETA 0h12m18s
[pb-ab-O-step2.base] 889/1600  1.0 games/s  ETA 0h12m16s
[pb-ab-O-step2.base] 890/1600  1.0 games/s  ETA 0h12m15s
[pb-ab-O-step2.base] 892/1600  1.0 games/s  ETA 0h12m13s
[pb-ab-O-step2.base] 894/1600  1.0 games/s  ETA 0h12m11s
[pb-ab-O-step2.base] 896/1600  1.0 games/s  ETA 0h12m09s
[pb-ab-O-step2.base] 896/1600  1.0 games/s  ETA 0h12m11s
[pb-ab-O-step2.base] 898/1600  1.0 games/s  ETA 0h12m08s
[pb-ab-O-step2.base] 898/1600  1.0 games/s  ETA 0h12m10s
[pb-ab-O-step2.base] 900/1600  1.0 games/s  ETA 0h12m08s
[pb-ab-O-step2.base] 901/1600  1.0 games/s  ETA 0h12m08s
[pb-ab-O-step2.base] 903/1600  1.0 games/s  ETA 0h12m05s
[pb-ab-O-step2.base] 904/1600  1.0 games/s  ETA 0h12m05s
[pb-ab-O-step2.base] 906/1600  1.0 games/s  ETA 0h12m03s
[pb-ab-O-step2.base] 908/1600  1.0 games/s  ETA 0h12m01s
[pb-ab-O-step2.base] 910/1600  1.0 games/s  ETA 0h11m59s
[pb-ab-O-step2.base] 913/1600  1.0 games/s  ETA 0h11m55s
[pb-ab-O-step2.base] 914/1600  1.0 games/s  ETA 0h11m54s
[pb-ab-O-step2.base] 915/1600  1.0 games/s  ETA 0h11m54s
[pb-ab-O-step2.base] 917/1600  1.0 games/s  ETA 0h11m52s
[pb-ab-O-step2.base] 920/1600  1.0 games/s  ETA 0h11m48s
[pb-ab-O-step2.base] 921/1600  1.0 games/s  ETA 0h11m48s
[pb-ab-O-step2.base] 924/1600  1.0 games/s  ETA 0h11m44s
[pb-ab-O-step2.base] 926/1600  1.0 games/s  ETA 0h11m41s
[pb-ab-O-step2.base] 927/1600  1.0 games/s  ETA 0h11m41s
[pb-ab-O-step2.base] 928/1600  1.0 games/s  ETA 0h11m41s
[pb-ab-O-step2.base] 930/1600  1.0 games/s  ETA 0h11m39s
[pb-ab-O-step2.base] 933/1600  1.0 games/s  ETA 0h11m35s
[pb-ab-O-step2.base] 936/1600  1.0 games/s  ETA 0h11m31s
[pb-ab-O-step2.base] 937/1600  1.0 games/s  ETA 0h11m30s
[pb-ab-O-step2.base] 939/1600  1.0 games/s  ETA 0h11m28s
[pb-ab-O-step2.base] 941/1600  1.0 games/s  ETA 0h11m26s
[pb-ab-O-step2.base] 942/1600  1.0 games/s  ETA 0h11m26s
[pb-ab-O-step2.base] 945/1600  1.0 games/s  ETA 0h11m22s
[pb-ab-O-step2.base] 948/1600  1.0 games/s  ETA 0h11m18s
[pb-ab-O-step2.base] 948/1600  1.0 games/s  ETA 0h11m19s
[pb-ab-O-step2.base] 951/1600  1.0 games/s  ETA 0h11m15s
[pb-ab-O-step2.base] 952/1600  1.0 games/s  ETA 0h11m15s
[pb-ab-O-step2.base] 954/1600  1.0 games/s  ETA 0h11m13s
[pb-ab-O-step2.base] 957/1600  1.0 games/s  ETA 0h11m09s
[pb-ab-O-step2.base] 959/1600  1.0 games/s  ETA 0h11m07s
[pb-ab-O-step2.base] 961/1600  1.0 games/s  ETA 0h11m05s
[pb-ab-O-step2.base] 962/1600  1.0 games/s  ETA 0h11m04s
[pb-ab-O-step2.base] 964/1600  1.0 games/s  ETA 0h11m02s
[pb-ab-O-step2.base] 967/1600  1.0 games/s  ETA 0h10m58s
[pb-ab-O-step2.base] 968/1600  1.0 games/s  ETA 0h10m58s
[pb-ab-O-step2.base] 969/1600  1.0 games/s  ETA 0h10m58s
[pb-ab-O-step2.base] 971/1600  1.0 games/s  ETA 0h10m55s
[pb-ab-O-step2.base] 973/1600  1.0 games/s  ETA 0h10m53s
[pb-ab-O-step2.base] 975/1600  1.0 games/s  ETA 0h10m51s
[pb-ab-O-step2.base] 976/1600  1.0 games/s  ETA 0h10m51s
[pb-ab-O-step2.base] 979/1600  1.0 games/s  ETA 0h10m47s
[pb-ab-O-step2.base] 982/1600  1.0 games/s  ETA 0h10m43s
[pb-ab-O-step2.base] 983/1600  1.0 games/s  ETA 0h10m43s
[pb-ab-O-step2.base] 986/1600  1.0 games/s  ETA 0h10m39s
[pb-ab-O-step2.base] 986/1600  1.0 games/s  ETA 0h10m40s
[pb-ab-O-step2.base] 988/1600  1.0 games/s  ETA 0h10m38s
[pb-ab-O-step2.base] 992/1600  1.0 games/s  ETA 0h10m32s
[pb-ab-O-step2.base] 995/1600  1.0 games/s  ETA 0h10m29s
[pb-ab-O-step2.base] 995/1600  1.0 games/s  ETA 0h10m30s
[pb-ab-O-step2.base] 997/1600  1.0 games/s  ETA 0h10m28s
[pb-ab-O-step2.base] 999/1600  1.0 games/s  ETA 0h10m25s
[pb-ab-O-step2.base] 1001/1600  1.0 games/s  ETA 0h10m23s
[pb-ab-O-step2.base] 1003/1600  1.0 games/s  ETA 0h10m21s
[pb-ab-O-step2.base] 1005/1600  1.0 games/s  ETA 0h10m19s
[pb-ab-O-step2.base] 1006/1600  1.0 games/s  ETA 0h10m19s
[pb-ab-O-step2.base] 1009/1600  1.0 games/s  ETA 0h10m15s
[pb-ab-O-step2.base] 1011/1600  1.0 games/s  ETA 0h10m13s
[pb-ab-O-step2.base] 1013/1600  1.0 games/s  ETA 0h10m11s
[pb-ab-O-step2.base] 1015/1600  1.0 games/s  ETA 0h10m08s
[pb-ab-O-step2.base] 1016/1600  1.0 games/s  ETA 0h10m08s
[pb-ab-O-step2.base] 1017/1600  1.0 games/s  ETA 0h10m07s
[pb-ab-O-step2.base] 1018/1600  1.0 games/s  ETA 0h10m07s
[pb-ab-O-step2.base] 1018/1600  1.0 games/s  ETA 0h10m08s
[pb-ab-O-step2.base] 1022/1600  1.0 games/s  ETA 0h10m03s
[pb-ab-O-step2.base] 1024/1600  1.0 games/s  ETA 0h10m01s
[pb-ab-O-step2.base] 1026/1600  1.0 games/s  ETA 0h09m58s
[pb-ab-O-step2.base] 1029/1600  1.0 games/s  ETA 0h09m55s
[pb-ab-O-step2.base] 1031/1600  1.0 games/s  ETA 0h09m53s
[pb-ab-O-step2.base] 1034/1600  1.0 games/s  ETA 0h09m49s
[pb-ab-O-step2.base] 1037/1600  1.0 games/s  ETA 0h09m45s
[pb-ab-O-step2.base] 1038/1600  1.0 games/s  ETA 0h09m45s
[pb-ab-O-step2.base] 1040/1600  1.0 games/s  ETA 0h09m42s
[pb-ab-O-step2.base] 1040/1600  1.0 games/s  ETA 0h09m43s
[pb-ab-O-step2.base] 1043/1600  1.0 games/s  ETA 0h09m40s
[pb-ab-O-step2.base] 1044/1600  1.0 games/s  ETA 0h09m39s
[pb-ab-O-step2.base] 1046/1600  1.0 games/s  ETA 0h09m37s
[pb-ab-O-step2.base] 1048/1600  1.0 games/s  ETA 0h09m35s
[pb-ab-O-step2.base] 1049/1600  1.0 games/s  ETA 0h09m34s
[pb-ab-O-step2.base] 1051/1600  1.0 games/s  ETA 0h09m32s
[pb-ab-O-step2.base] 1052/1600  1.0 games/s  ETA 0h09m32s
[pb-ab-O-step2.base] 1054/1600  1.0 games/s  ETA 0h09m30s
[pb-ab-O-step2.base] 1055/1600  1.0 games/s  ETA 0h09m29s
[pb-ab-O-step2.base] 1055/1600  1.0 games/s  ETA 0h09m30s
[pb-ab-O-step2.base] 1059/1600  1.0 games/s  ETA 0h09m25s
[pb-ab-O-step2.base] 1059/1600  1.0 games/s  ETA 0h09m26s
[pb-ab-O-step2.base] 1060/1600  1.0 games/s  ETA 0h09m25s
[pb-ab-O-step2.base] 1061/1600  1.0 games/s  ETA 0h09m25s
[pb-ab-O-step2.base] 1062/1600  1.0 games/s  ETA 0h09m24s
[pb-ab-O-step2.base] 1064/1600  1.0 games/s  ETA 0h09m22s
[pb-ab-O-step2.base] 1064/1600  1.0 games/s  ETA 0h09m23s
[pb-ab-O-step2.base] 1068/1600  1.0 games/s  ETA 0h09m18s
[pb-ab-O-step2.base] 1069/1600  1.0 games/s  ETA 0h09m17s
[pb-ab-O-step2.base] 1070/1600  1.0 games/s  ETA 0h09m17s
[pb-ab-O-step2.base] 1071/1600  1.0 games/s  ETA 0h09m16s
[pb-ab-O-step2.base] 1074/1600  1.0 games/s  ETA 0h09m12s
[pb-ab-O-step2.base] 1075/1600  1.0 games/s  ETA 0h09m12s
[pb-ab-O-step2.base] 1076/1600  1.0 games/s  ETA 0h09m11s
[pb-ab-O-step2.base] 1078/1600  1.0 games/s  ETA 0h09m09s
[pb-ab-O-step2.base] 1080/1600  1.0 games/s  ETA 0h09m07s
[pb-ab-O-step2.base] 1083/1600  1.0 games/s  ETA 0h09m03s
[pb-ab-O-step2.base] 1085/1600  1.0 games/s  ETA 0h09m01s
[pb-ab-O-step2.base] 1086/1600  1.0 games/s  ETA 0h09m00s
[pb-ab-O-step2.base] 1088/1600  1.0 games/s  ETA 0h08m58s
[pb-ab-O-step2.base] 1093/1600  1.0 games/s  ETA 0h08m51s
[pb-ab-O-step2.base] 1093/1600  1.0 games/s  ETA 0h08m52s
[pb-ab-O-step2.base] 1096/1600  1.0 games/s  ETA 0h08m49s
[pb-ab-O-step2.base] 1098/1600  1.0 games/s  ETA 0h08m46s
[pb-ab-O-step2.base] 1099/1600  1.0 games/s  ETA 0h08m46s
[pb-ab-O-step2.base] 1100/1600  1.0 games/s  ETA 0h08m45s
[pb-ab-O-step2.base] 1103/1600  1.0 games/s  ETA 0h08m42s
[pb-ab-O-step2.base] 1104/1600  1.0 games/s  ETA 0h08m41s
[pb-ab-O-step2.base] 1107/1600  1.0 games/s  ETA 0h08m37s
[pb-ab-O-step2.base] 1108/1600  1.0 games/s  ETA 0h08m37s
[pb-ab-O-step2.base] 1111/1600  1.0 games/s  ETA 0h08m33s
[pb-ab-O-step2.base] 1113/1600  1.0 games/s  ETA 0h08m31s
[pb-ab-O-step2.base] 1116/1600  1.0 games/s  ETA 0h08m27s
[pb-ab-O-step2.base] 1117/1600  1.0 games/s  ETA 0h08m27s
[pb-ab-O-step2.base] 1120/1600  1.0 games/s  ETA 0h08m23s
[pb-ab-O-step2.base] 1121/1600  1.0 games/s  ETA 0h08m22s
[pb-ab-O-step2.base] 1124/1600  1.0 games/s  ETA 0h08m19s
[pb-ab-O-step2.base] 1126/1600  1.0 games/s  ETA 0h08m16s
[pb-ab-O-step2.base] 1127/1600  1.0 games/s  ETA 0h08m16s
[pb-ab-O-step2.base] 1129/1600  1.0 games/s  ETA 0h08m14s
[pb-ab-O-step2.base] 1131/1600  1.0 games/s  ETA 0h08m12s
[pb-ab-O-step2.base] 1134/1600  1.0 games/s  ETA 0h08m08s
[pb-ab-O-step2.base] 1135/1600  1.0 games/s  ETA 0h08m07s
[pb-ab-O-step2.base] 1137/1600  1.0 games/s  ETA 0h08m05s
[pb-ab-O-step2.base] 1138/1600  1.0 games/s  ETA 0h08m04s
[pb-ab-O-step2.base] 1140/1600  1.0 games/s  ETA 0h08m02s
[pb-ab-O-step2.base] 1142/1600  1.0 games/s  ETA 0h08m00s
[pb-ab-O-step2.base] 1144/1600  1.0 games/s  ETA 0h07m58s
[pb-ab-O-step2.base] 1145/1600  1.0 games/s  ETA 0h07m57s
[pb-ab-O-step2.base] 1147/1600  1.0 games/s  ETA 0h07m55s
[pb-ab-O-step2.base] 1148/1600  1.0 games/s  ETA 0h07m55s
[pb-ab-O-step2.base] 1150/1600  1.0 games/s  ETA 0h07m52s
[pb-ab-O-step2.base] 1152/1600  1.0 games/s  ETA 0h07m50s
[pb-ab-O-step2.base] 1154/1600  1.0 games/s  ETA 0h07m48s
[pb-ab-O-step2.base] 1156/1600  1.0 games/s  ETA 0h07m46s
[pb-ab-O-step2.base] 1156/1600  1.0 games/s  ETA 0h07m47s
[pb-ab-O-step2.base] 1157/1600  0.9 games/s  ETA 0h07m46s
[pb-ab-O-step2.base] 1159/1600  0.9 games/s  ETA 0h07m44s
[pb-ab-O-step2.base] 1160/1600  0.9 games/s  ETA 0h07m43s
[pb-ab-O-step2.base] 1162/1600  0.9 games/s  ETA 0h07m41s
[pb-ab-O-step2.base] 1163/1600  0.9 games/s  ETA 0h07m40s
[pb-ab-O-step2.base] 1165/1600  0.9 games/s  ETA 0h07m38s
[pb-ab-O-step2.base] 1166/1600  0.9 games/s  ETA 0h07m38s
[pb-ab-O-step2.base] 1168/1600  0.9 games/s  ETA 0h07m35s
[pb-ab-O-step2.base] 1170/1600  0.9 games/s  ETA 0h07m33s
[pb-ab-O-step2.base] 1171/1600  0.9 games/s  ETA 0h07m33s
[pb-ab-O-step2.base] 1173/1600  0.9 games/s  ETA 0h07m30s
[pb-ab-O-step2.base] 1174/1600  0.9 games/s  ETA 0h07m30s
[pb-ab-O-step2.base] 1175/1600  0.9 games/s  ETA 0h07m29s
[pb-ab-O-step2.base] 1176/1600  0.9 games/s  ETA 0h07m28s
[pb-ab-O-step2.base] 1179/1600  0.9 games/s  ETA 0h07m25s
[pb-ab-O-step2.base] 1181/1600  0.9 games/s  ETA 0h07m22s
[pb-ab-O-step2.base] 1183/1600  0.9 games/s  ETA 0h07m20s
[pb-ab-O-step2.base] 1184/1600  0.9 games/s  ETA 0h07m20s
[pb-ab-O-step2.base] 1185/1600  0.9 games/s  ETA 0h07m19s
[pb-ab-O-step2.base] 1188/1600  0.9 games/s  ETA 0h07m15s
[pb-ab-O-step2.base] 1189/1600  0.9 games/s  ETA 0h07m15s
[pb-ab-O-step2.base] 1190/1600  0.9 games/s  ETA 0h07m14s
[pb-ab-O-step2.base] 1192/1600  0.9 games/s  ETA 0h07m12s
[pb-ab-O-step2.base] 1195/1600  0.9 games/s  ETA 0h07m08s
[pb-ab-O-step2.base] 1196/1600  0.9 games/s  ETA 0h07m07s
[pb-ab-O-step2.base] 1197/1600  0.9 games/s  ETA 0h07m07s
[pb-ab-O-step2.base] 1199/1600  0.9 games/s  ETA 0h07m04s
[pb-ab-O-step2.base] 1201/1600  0.9 games/s  ETA 0h07m02s
[pb-ab-O-step2.base] 1203/1600  0.9 games/s  ETA 0h07m00s
[pb-ab-O-step2.base] 1204/1600  0.9 games/s  ETA 0h06m59s
[pb-ab-O-step2.base] 1206/1600  0.9 games/s  ETA 0h06m57s
[pb-ab-O-step2.base] 1208/1600  0.9 games/s  ETA 0h06m55s
[pb-ab-O-step2.base] 1208/1600  0.9 games/s  ETA 0h06m56s
[pb-ab-O-step2.base] 1210/1600  0.9 games/s  ETA 0h06m54s
[pb-ab-O-step2.base] 1212/1600  0.9 games/s  ETA 0h06m51s
[pb-ab-O-step2.base] 1214/1600  0.9 games/s  ETA 0h06m49s
[pb-ab-O-step2.base] 1216/1600  0.9 games/s  ETA 0h06m47s
[pb-ab-O-step2.base] 1219/1600  0.9 games/s  ETA 0h06m44s
[pb-ab-O-step2.base] 1220/1600  0.9 games/s  ETA 0h06m43s
[pb-ab-O-step2.base] 1222/1600  0.9 games/s  ETA 0h06m41s
[pb-ab-O-step2.base] 1226/1600  0.9 games/s  ETA 0h06m36s
[pb-ab-O-step2.base] 1227/1600  0.9 games/s  ETA 0h06m35s
[pb-ab-O-step2.base] 1230/1600  0.9 games/s  ETA 0h06m31s
[pb-ab-O-step2.base] 1234/1600  0.9 games/s  ETA 0h06m26s
[pb-ab-O-step2.base] 1234/1600  0.9 games/s  ETA 0h06m27s
[pb-ab-O-step2.base] 1238/1600  0.9 games/s  ETA 0h06m22s
[pb-ab-O-step2.base] 1238/1600  0.9 games/s  ETA 0h06m23s
[pb-ab-O-step2.base] 1240/1600  0.9 games/s  ETA 0h06m21s
[pb-ab-O-step2.base] 1242/1600  0.9 games/s  ETA 0h06m18s
[pb-ab-O-step2.base] 1243/1600  0.9 games/s  ETA 0h06m18s
[pb-ab-O-step2.base] 1246/1600  0.9 games/s  ETA 0h06m14s
[pb-ab-O-step2.base] 1247/1600  0.9 games/s  ETA 0h06m13s
[pb-ab-O-step2.base] 1250/1600  0.9 games/s  ETA 0h06m10s
[pb-ab-O-step2.base] 1251/1600  0.9 games/s  ETA 0h06m09s
[pb-ab-O-step2.base] 1253/1600  0.9 games/s  ETA 0h06m07s
[pb-ab-O-step2.base] 1255/1600  0.9 games/s  ETA 0h06m05s
[pb-ab-O-step2.base] 1256/1600  0.9 games/s  ETA 0h06m04s
[pb-ab-O-step2.base] 1259/1600  0.9 games/s  ETA 0h06m00s
[pb-ab-O-step2.base] 1261/1600  0.9 games/s  ETA 0h05m58s
[pb-ab-O-step2.base] 1263/1600  0.9 games/s  ETA 0h05m56s
[pb-ab-O-step2.base] 1266/1600  0.9 games/s  ETA 0h05m53s
[pb-ab-O-step2.base] 1267/1600  0.9 games/s  ETA 0h05m52s
[pb-ab-O-step2.base] 1269/1600  0.9 games/s  ETA 0h05m50s
[pb-ab-O-step2.base] 1270/1600  0.9 games/s  ETA 0h05m49s
[pb-ab-O-step2.base] 1273/1600  0.9 games/s  ETA 0h05m45s
[pb-ab-O-step2.base] 1274/1600  0.9 games/s  ETA 0h05m45s
[pb-ab-O-step2.base] 1276/1600  0.9 games/s  ETA 0h05m42s
[pb-ab-O-step2.base] 1277/1600  0.9 games/s  ETA 0h05m42s
[pb-ab-O-step2.base] 1279/1600  0.9 games/s  ETA 0h05m39s
[pb-ab-O-step2.base] 1279/1600  0.9 games/s  ETA 0h05m40s
[pb-ab-O-step2.base] 1281/1600  0.9 games/s  ETA 0h05m38s
[pb-ab-O-step2.base] 1282/1600  0.9 games/s  ETA 0h05m37s
[pb-ab-O-step2.base] 1285/1600  0.9 games/s  ETA 0h05m34s
[pb-ab-O-step2.base] 1288/1600  0.9 games/s  ETA 0h05m30s
[pb-ab-O-step2.base] 1288/1600  0.9 games/s  ETA 0h05m31s
[pb-ab-O-step2.base] 1290/1600  0.9 games/s  ETA 0h05m28s
[pb-ab-O-step2.base] 1291/1600  0.9 games/s  ETA 0h05m28s
[pb-ab-O-step2.base] 1292/1600  0.9 games/s  ETA 0h05m27s
[pb-ab-O-step2.base] 1295/1600  0.9 games/s  ETA 0h05m23s
[pb-ab-O-step2.base] 1297/1600  0.9 games/s  ETA 0h05m21s
[pb-ab-O-step2.base] 1298/1600  0.9 games/s  ETA 0h05m20s
[pb-ab-O-step2.base] 1299/1600  0.9 games/s  ETA 0h05m19s
[pb-ab-O-step2.base] 1300/1600  0.9 games/s  ETA 0h05m19s
[pb-ab-O-step2.base] 1303/1600  0.9 games/s  ETA 0h05m15s
[pb-ab-O-step2.base] 1304/1600  0.9 games/s  ETA 0h05m14s
[pb-ab-O-step2.base] 1308/1600  0.9 games/s  ETA 0h05m10s
[pb-ab-O-step2.base] 1309/1600  0.9 games/s  ETA 0h05m09s
[pb-ab-O-step2.base] 1310/1600  0.9 games/s  ETA 0h05m08s
[pb-ab-O-step2.base] 1312/1600  0.9 games/s  ETA 0h05m06s
[pb-ab-O-step2.base] 1315/1600  0.9 games/s  ETA 0h05m02s
[pb-ab-O-step2.base] 1316/1600  0.9 games/s  ETA 0h05m01s
[pb-ab-O-step2.base] 1319/1600  0.9 games/s  ETA 0h04m58s
[pb-ab-O-step2.base] 1321/1600  0.9 games/s  ETA 0h04m56s
[pb-ab-O-step2.base] 1323/1600  0.9 games/s  ETA 0h04m54s
[pb-ab-O-step2.base] 1325/1600  0.9 games/s  ETA 0h04m51s
[pb-ab-O-step2.base] 1329/1600  0.9 games/s  ETA 0h04m47s
[pb-ab-O-step2.base] 1329/1600  0.9 games/s  ETA 0h04m47s
[pb-ab-O-step2.base] 1332/1600  0.9 games/s  ETA 0h04m44s
[pb-ab-O-step2.base] 1334/1600  0.9 games/s  ETA 0h04m42s
[pb-ab-O-step2.base] 1337/1600  0.9 games/s  ETA 0h04m38s
[pb-ab-O-step2.base] 1337/1600  0.9 games/s  ETA 0h04m39s
[pb-ab-O-step2.base] 1339/1600  0.9 games/s  ETA 0h04m36s
[pb-ab-O-step2.base] 1341/1600  0.9 games/s  ETA 0h04m34s
[pb-ab-O-step2.base] 1343/1600  0.9 games/s  ETA 0h04m32s
[pb-ab-O-step2.base] 1343/1600  0.9 games/s  ETA 0h04m33s
[pb-ab-O-step2.base] 1345/1600  0.9 games/s  ETA 0h04m30s
[pb-ab-O-step2.base] 1346/1600  0.9 games/s  ETA 0h04m29s
[pb-ab-O-step2.base] 1347/1600  0.9 games/s  ETA 0h04m29s
[pb-ab-O-step2.base] 1349/1600  0.9 games/s  ETA 0h04m26s
[pb-ab-O-step2.base] 1351/1600  0.9 games/s  ETA 0h04m24s
[pb-ab-O-step2.base] 1353/1600  0.9 games/s  ETA 0h04m22s
[pb-ab-O-step2.base] 1355/1600  0.9 games/s  ETA 0h04m20s
[pb-ab-O-step2.base] 1356/1600  0.9 games/s  ETA 0h04m19s
[pb-ab-O-step2.base] 1359/1600  0.9 games/s  ETA 0h04m16s
[pb-ab-O-step2.base] 1360/1600  0.9 games/s  ETA 0h04m15s
[pb-ab-O-step2.base] 1363/1600  0.9 games/s  ETA 0h04m11s
[pb-ab-O-step2.base] 1365/1600  0.9 games/s  ETA 0h04m09s
[pb-ab-O-step2.base] 1369/1600  0.9 games/s  ETA 0h04m05s
[pb-ab-O-step2.base] 1372/1600  0.9 games/s  ETA 0h04m01s
[pb-ab-O-step2.base] 1373/1600  0.9 games/s  ETA 0h04m00s
[pb-ab-O-step2.base] 1375/1600  0.9 games/s  ETA 0h03m58s
[pb-ab-O-step2.base] 1377/1600  0.9 games/s  ETA 0h03m56s
[pb-ab-O-step2.base] 1379/1600  0.9 games/s  ETA 0h03m54s
[pb-ab-O-step2.base] 1381/1600  0.9 games/s  ETA 0h03m52s
[pb-ab-O-step2.base] 1384/1600  0.9 games/s  ETA 0h03m48s
[pb-ab-O-step2.base] 1386/1600  0.9 games/s  ETA 0h03m46s
[pb-ab-O-step2.base] 1388/1600  0.9 games/s  ETA 0h03m44s
[pb-ab-O-step2.base] 1391/1600  0.9 games/s  ETA 0h03m41s
[pb-ab-O-step2.base] 1392/1600  0.9 games/s  ETA 0h03m40s
[pb-ab-O-step2.base] 1392/1600  0.9 games/s  ETA 0h03m40s
[pb-ab-O-step2.base] 1394/1600  0.9 games/s  ETA 0h03m38s
[pb-ab-O-step2.base] 1396/1600  0.9 games/s  ETA 0h03m36s
[pb-ab-O-step2.base] 1397/1600  0.9 games/s  ETA 0h03m35s
[pb-ab-O-step2.base] 1399/1600  0.9 games/s  ETA 0h03m33s
[pb-ab-O-step2.base] 1400/1600  0.9 games/s  ETA 0h03m32s
[pb-ab-O-step2.base] 1403/1600  0.9 games/s  ETA 0h03m29s
[pb-ab-O-step2.base] 1403/1600  0.9 games/s  ETA 0h03m29s
[pb-ab-O-step2.base] 1408/1600  0.9 games/s  ETA 0h03m23s
[pb-ab-O-step2.base] 1410/1600  0.9 games/s  ETA 0h03m21s
[pb-ab-O-step2.base] 1411/1600  0.9 games/s  ETA 0h03m20s
[pb-ab-O-step2.base] 1412/1600  0.9 games/s  ETA 0h03m19s
[pb-ab-O-step2.base] 1414/1600  0.9 games/s  ETA 0h03m17s
[pb-ab-O-step2.base] 1416/1600  0.9 games/s  ETA 0h03m15s
[pb-ab-O-step2.base] 1419/1600  0.9 games/s  ETA 0h03m11s
[pb-ab-O-step2.base] 1419/1600  0.9 games/s  ETA 0h03m12s
[pb-ab-O-step2.base] 1420/1600  0.9 games/s  ETA 0h03m11s
[pb-ab-O-step2.base] 1422/1600  0.9 games/s  ETA 0h03m09s
[pb-ab-O-step2.base] 1423/1600  0.9 games/s  ETA 0h03m08s
[pb-ab-O-step2.base] 1425/1600  0.9 games/s  ETA 0h03m06s
[pb-ab-O-step2.base] 1426/1600  0.9 games/s  ETA 0h03m05s
[pb-ab-O-step2.base] 1427/1600  0.9 games/s  ETA 0h03m04s
[pb-ab-O-step2.base] 1429/1600  0.9 games/s  ETA 0h03m01s
[pb-ab-O-step2.base] 1432/1600  0.9 games/s  ETA 0h02m58s
[pb-ab-O-step2.base] 1436/1600  0.9 games/s  ETA 0h02m54s
[pb-ab-O-step2.base] 1436/1600  0.9 games/s  ETA 0h02m54s
[pb-ab-O-step2.base] 1438/1600  0.9 games/s  ETA 0h02m52s
[pb-ab-O-step2.base] 1439/1600  0.9 games/s  ETA 0h02m51s
[pb-ab-O-step2.base] 1440/1600  0.9 games/s  ETA 0h02m50s
[pb-ab-O-step2.base] 1442/1600  0.9 games/s  ETA 0h02m48s
[pb-ab-O-step2.base] 1444/1600  0.9 games/s  ETA 0h02m46s
[pb-ab-O-step2.base] 1447/1600  0.9 games/s  ETA 0h02m42s
[pb-ab-O-step2.base] 1448/1600  0.9 games/s  ETA 0h02m41s
[pb-ab-O-step2.base] 1451/1600  0.9 games/s  ETA 0h02m38s
[pb-ab-O-step2.base] 1453/1600  0.9 games/s  ETA 0h02m36s
[pb-ab-O-step2.base] 1455/1600  0.9 games/s  ETA 0h02m34s
[pb-ab-O-step2.base] 1458/1600  0.9 games/s  ETA 0h02m30s
[pb-ab-O-step2.base] 1458/1600  0.9 games/s  ETA 0h02m31s
[pb-ab-O-step2.base] 1458/1600  0.9 games/s  ETA 0h02m31s
[pb-ab-O-step2.base] 1461/1600  0.9 games/s  ETA 0h02m27s
[pb-ab-O-step2.base] 1462/1600  0.9 games/s  ETA 0h02m26s
[pb-ab-O-step2.base] 1463/1600  0.9 games/s  ETA 0h02m25s
[pb-ab-O-step2.base] 1465/1600  0.9 games/s  ETA 0h02m23s
[pb-ab-O-step2.base] 1467/1600  0.9 games/s  ETA 0h02m21s
[pb-ab-O-step2.base] 1468/1600  0.9 games/s  ETA 0h02m20s
[pb-ab-O-step2.base] 1471/1600  0.9 games/s  ETA 0h02m17s
[pb-ab-O-step2.base] 1474/1600  0.9 games/s  ETA 0h02m14s
[pb-ab-O-step2.base] 1476/1600  0.9 games/s  ETA 0h02m11s
[pb-ab-O-step2.base] 1480/1600  0.9 games/s  ETA 0h02m07s
[pb-ab-O-step2.base] 1482/1600  0.9 games/s  ETA 0h02m05s
[pb-ab-O-step2.base] 1484/1600  0.9 games/s  ETA 0h02m03s
[pb-ab-O-step2.base] 1487/1600  0.9 games/s  ETA 0h01m59s
[pb-ab-O-step2.base] 1489/1600  0.9 games/s  ETA 0h01m57s
[pb-ab-O-step2.base] 1490/1600  0.9 games/s  ETA 0h01m56s
[pb-ab-O-step2.base] 1491/1600  0.9 games/s  ETA 0h01m55s
[pb-ab-O-step2.base] 1493/1600  0.9 games/s  ETA 0h01m53s
[pb-ab-O-step2.base] 1493/1600  0.9 games/s  ETA 0h01m53s
[pb-ab-O-step2.base] 1496/1600  0.9 games/s  ETA 0h01m50s
[pb-ab-O-step2.base] 1499/1600  0.9 games/s  ETA 0h01m47s
[pb-ab-O-step2.base] 1499/1600  0.9 games/s  ETA 0h01m47s
[pb-ab-O-step2.base] 1503/1600  0.9 games/s  ETA 0h01m43s
[pb-ab-O-step2.base] 1505/1600  0.9 games/s  ETA 0h01m40s
[pb-ab-O-step2.base] 1508/1600  0.9 games/s  ETA 0h01m37s
[pb-ab-O-step2.base] 1511/1600  0.9 games/s  ETA 0h01m34s
[pb-ab-O-step2.base] 1512/1600  0.9 games/s  ETA 0h01m33s
[pb-ab-O-step2.base] 1512/1600  0.9 games/s  ETA 0h01m33s
[pb-ab-O-step2.base] 1515/1600  0.9 games/s  ETA 0h01m30s
[pb-ab-O-step2.base] 1515/1600  0.9 games/s  ETA 0h01m30s
[pb-ab-O-step2.base] 1517/1600  0.9 games/s  ETA 0h01m28s
[pb-ab-O-step2.base] 1519/1600  0.9 games/s  ETA 0h01m26s
[pb-ab-O-step2.base] 1521/1600  0.9 games/s  ETA 0h01m23s
[pb-ab-O-step2.base] 1522/1600  0.9 games/s  ETA 0h01m22s
[pb-ab-O-step2.base] 1523/1600  0.9 games/s  ETA 0h01m21s
[pb-ab-O-step2.base] 1524/1600  0.9 games/s  ETA 0h01m20s
[pb-ab-O-step2.base] 1525/1600  0.9 games/s  ETA 0h01m19s
[pb-ab-O-step2.base] 1528/1600  0.9 games/s  ETA 0h01m16s
[pb-ab-O-step2.base] 1528/1600  0.9 games/s  ETA 0h01m16s
[pb-ab-O-step2.base] 1532/1600  0.9 games/s  ETA 0h01m12s
[pb-ab-O-step2.base] 1533/1600  0.9 games/s  ETA 0h01m11s
[pb-ab-O-step2.base] 1535/1600  0.9 games/s  ETA 0h01m09s
[pb-ab-O-step2.base] 1536/1600  0.9 games/s  ETA 0h01m08s
[pb-ab-O-step2.base] 1538/1600  0.9 games/s  ETA 0h01m06s
[pb-ab-O-step2.base] 1541/1600  0.9 games/s  ETA 0h01m02s
[pb-ab-O-step2.base] 1543/1600  0.9 games/s  ETA 0h01m00s
[pb-ab-O-step2.base] 1545/1600  0.9 games/s  ETA 0h00m58s
[pb-ab-O-step2.base] 1548/1600  0.9 games/s  ETA 0h00m55s
[pb-ab-O-step2.base] 1551/1600  0.9 games/s  ETA 0h00m52s
[pb-ab-O-step2.base] 1555/1600  0.9 games/s  ETA 0h00m47s
[pb-ab-O-step2.base] 1558/1600  0.9 games/s  ETA 0h00m44s
[pb-ab-O-step2.base] 1559/1600  0.9 games/s  ETA 0h00m43s
[pb-ab-O-step2.base] 1561/1600  0.9 games/s  ETA 0h00m41s
[pb-ab-O-step2.base] 1562/1600  0.9 games/s  ETA 0h00m40s
[pb-ab-O-step2.base] 1564/1600  0.9 games/s  ETA 0h00m38s
[pb-ab-O-step2.base] 1567/1600  0.9 games/s  ETA 0h00m35s
[pb-ab-O-step2.base] 1569/1600  0.9 games/s  ETA 0h00m32s
[pb-ab-O-step2.base] 1574/1600  0.9 games/s  ETA 0h00m27s
[pb-ab-O-step2.base] 1575/1600  0.9 games/s  ETA 0h00m26s
[pb-ab-O-step2.base] 1577/1600  0.9 games/s  ETA 0h00m24s
[pb-ab-O-step2.base] 1580/1600  0.9 games/s  ETA 0h00m21s
[pb-ab-O-step2.base] 1582/1600  0.9 games/s  ETA 0h00m19s
[pb-ab-O-step2.base] 1584/1600  0.9 games/s  ETA 0h00m16s
[pb-ab-O-step2.base] 1586/1600  0.9 games/s  ETA 0h00m14s
[pb-ab-O-step2.base] 1590/1600  0.9 games/s  ETA 0h00m10s
[pb-ab-O-step2.base] 1591/1600  0.9 games/s  ETA 0h00m09s
[pb-ab-O-step2.base] 1593/1600  0.9 games/s  ETA 0h00m07s
[pb-ab-O-step2.base] 1597/1600  0.9 games/s  ETA 0h00m03s
[pb-ab-O-step2.base] 1597/1600  0.9 games/s  ETA 0h00m03s
[pb-ab-O-step2.base] 1599/1600  0.9 games/s  ETA 0h00m01s
[pb-ab-O-step2.base] 1600 games in 0h28m12s (0.9 games/s)
[pb-ab-O-step2.base] summary -> sim/out/pb-ab-O-step2.base.summary.json
[pb-ab-O-step2.var] 1600 games (0 already done), 1600 to play on 4 workers -> sim/out/pb-ab-O-step2.var.jsonl
[pb-ab-O-step2.var] depth 3, 4 random opening plies, ply cap 300, pairs off (both sides identical; --pairs forces them on)
[pb-ab-O-step2.var] rules {"ogreStep2":true}, values {}
[pb-ab-O-step2.var] 1/1600  0.5 games/s  ETA 0h53m19s
[pb-ab-O-step2.var] 3/1600  0.7 games/s  ETA 0h35m30s
[pb-ab-O-step2.var] 6/1600  1.0 games/s  ETA 0h26m34s
[pb-ab-O-step2.var] 9/1600  1.1 games/s  ETA 0h23m34s
[pb-ab-O-step2.var] 12/1600  1.2 games/s  ETA 0h22m03s
[pb-ab-O-step2.var] 14/1600  1.2 games/s  ETA 0h22m40s
[pb-ab-O-step2.var] 16/1600  1.1 games/s  ETA 0h23m06s
[pb-ab-O-step2.var] 19/1600  1.2 games/s  ETA 0h22m12s
[pb-ab-O-step2.var] 20/1600  1.1 games/s  ETA 0h23m42s
[pb-ab-O-step2.var] 24/1600  1.2 games/s  ETA 0h21m54s
[pb-ab-O-step2.var] 27/1600  1.2 games/s  ETA 0h21m22s
[pb-ab-O-step2.var] 29/1600  1.2 games/s  ETA 0h21m40s
[pb-ab-O-step2.var] 32/1600  1.2 games/s  ETA 0h21m14s
[pb-ab-O-step2.var] 34/1600  1.2 games/s  ETA 0h21m30s
[pb-ab-O-step2.var] 37/1600  1.2 games/s  ETA 0h21m07s
[pb-ab-O-step2.var] 40/1600  1.2 games/s  ETA 0h20m48s
[pb-ab-O-step2.var] 43/1600  1.3 games/s  ETA 0h20m31s
[pb-ab-O-step2.var] 43/1600  1.2 games/s  ETA 0h21m44s
[pb-ab-O-step2.var] 45/1600  1.2 games/s  ETA 0h21m53s
[pb-ab-O-step2.var] 47/1600  1.2 games/s  ETA 0h22m02s
[pb-ab-O-step2.var] 47/1600  1.1 games/s  ETA 0h23m08s
[pb-ab-O-step2.var] 50/1600  1.1 games/s  ETA 0h22m44s
[pb-ab-O-step2.var] 53/1600  1.2 games/s  ETA 0h22m23s
[pb-ab-O-step2.var] 55/1600  1.1 games/s  ETA 0h22m29s
[pb-ab-O-step2.var] 57/1600  1.1 games/s  ETA 0h22m34s
[pb-ab-O-step2.var] 60/1600  1.2 games/s  ETA 0h22m15s
[pb-ab-O-step2.var] 64/1600  1.2 games/s  ETA 0h21m36s
[pb-ab-O-step2.var] 66/1600  1.2 games/s  ETA 0h21m42s
[pb-ab-O-step2.var] 67/1600  1.2 games/s  ETA 0h22m07s
[pb-ab-O-step2.var] 70/1600  1.2 games/s  ETA 0h21m52s
[pb-ab-O-step2.var] 73/1600  1.2 games/s  ETA 0h21m37s
[pb-ab-O-step2.var] 77/1600  1.2 games/s  ETA 0h21m06s
[pb-ab-O-step2.var] 77/1600  1.2 games/s  ETA 0h21m46s
[pb-ab-O-step2.var] 81/1600  1.2 games/s  ETA 0h21m15s
[pb-ab-O-step2.var] 82/1600  1.2 games/s  ETA 0h21m36s
[pb-ab-O-step2.var] 85/1600  1.2 games/s  ETA 0h21m23s
[pb-ab-O-step2.var] 86/1600  1.2 games/s  ETA 0h21m43s
[pb-ab-O-step2.var] 88/1600  1.2 games/s  ETA 0h21m46s
[pb-ab-O-step2.var] 91/1600  1.2 games/s  ETA 0h21m34s
[pb-ab-O-step2.var] 95/1600  1.2 games/s  ETA 0h21m07s
[pb-ab-O-step2.var] 97/1600  1.2 games/s  ETA 0h21m11s
[pb-ab-O-step2.var] 100/1600  1.2 games/s  ETA 0h21m00s
[pb-ab-O-step2.var] 104/1600  1.2 games/s  ETA 0h20m37s
[pb-ab-O-step2.var] 108/1600  1.2 games/s  ETA 0h20m16s
[pb-ab-O-step2.var] 110/1600  1.2 games/s  ETA 0h20m19s
[pb-ab-O-step2.var] 111/1600  1.2 games/s  ETA 0h20m34s
[pb-ab-O-step2.var] 115/1600  1.2 games/s  ETA 0h20m14s
[pb-ab-O-step2.var] 117/1600  1.2 games/s  ETA 0h20m17s
[pb-ab-O-step2.var] 121/1600  1.2 games/s  ETA 0h19m58s
[pb-ab-O-step2.var] 124/1600  1.2 games/s  ETA 0h19m50s
[pb-ab-O-step2.var] 128/1600  1.3 games/s  ETA 0h19m33s
[pb-ab-O-step2.var] 129/1600  1.2 games/s  ETA 0h19m46s
[pb-ab-O-step2.var] 133/1600  1.3 games/s  ETA 0h19m29s
[pb-ab-O-step2.var] 135/1600  1.2 games/s  ETA 0h19m32s
[pb-ab-O-step2.var] 139/1600  1.3 games/s  ETA 0h19m16s
[pb-ab-O-step2.var] 141/1600  1.3 games/s  ETA 0h19m19s
[pb-ab-O-step2.var] 143/1600  1.3 games/s  ETA 0h19m22s
[pb-ab-O-step2.var] 144/1600  1.2 games/s  ETA 0h19m33s
[pb-ab-O-step2.var] 147/1600  1.2 games/s  ETA 0h19m26s
[pb-ab-O-step2.var] 150/1600  1.2 games/s  ETA 0h19m20s
[pb-ab-O-step2.var] 151/1600  1.2 games/s  ETA 0h19m31s
[pb-ab-O-step2.var] 156/1600  1.3 games/s  ETA 0h19m08s
[pb-ab-O-step2.var] 157/1600  1.2 games/s  ETA 0h19m18s
[pb-ab-O-step2.var] 161/1600  1.3 games/s  ETA 0h19m04s
[pb-ab-O-step2.var] 164/1600  1.3 games/s  ETA 0h18m58s
[pb-ab-O-step2.var] 165/1600  1.2 games/s  ETA 0h19m08s
[pb-ab-O-step2.var] 168/1600  1.3 games/s  ETA 0h19m02s
[pb-ab-O-step2.var] 171/1600  1.3 games/s  ETA 0h18m57s
[pb-ab-O-step2.var] 175/1600  1.3 games/s  ETA 0h18m44s
[pb-ab-O-step2.var] 175/1600  1.2 games/s  ETA 0h19m00s
[pb-ab-O-step2.var] 178/1600  1.3 games/s  ETA 0h18m54s
[pb-ab-O-step2.var] 180/1600  1.2 games/s  ETA 0h18m56s
[pb-ab-O-step2.var] 183/1600  1.3 games/s  ETA 0h18m51s
[pb-ab-O-step2.var] 187/1600  1.3 games/s  ETA 0h18m38s
[pb-ab-O-step2.var] 190/1600  1.3 games/s  ETA 0h18m33s
[pb-ab-O-step2.var] 193/1600  1.3 games/s  ETA 0h18m28s
[pb-ab-O-step2.var] 196/1600  1.3 games/s  ETA 0h18m23s
[pb-ab-O-step2.var] 198/1600  1.3 games/s  ETA 0h18m25s
[pb-ab-O-step2.var] 200/1600  1.3 games/s  ETA 0h18m26s
[pb-ab-O-step2.var] 202/1600  1.3 games/s  ETA 0h18m27s
[pb-ab-O-step2.var] 203/1600  1.3 games/s  ETA 0h18m35s
[pb-ab-O-step2.var] 205/1600  1.2 games/s  ETA 0h18m36s
[pb-ab-O-step2.var] 208/1600  1.3 games/s  ETA 0h18m31s
[pb-ab-O-step2.var] 211/1600  1.3 games/s  ETA 0h18m26s
[pb-ab-O-step2.var] 215/1600  1.3 games/s  ETA 0h18m15s
[pb-ab-O-step2.var] 217/1600  1.3 games/s  ETA 0h18m16s
[pb-ab-O-step2.var] 219/1600  1.3 games/s  ETA 0h18m17s
[pb-ab-O-step2.var] 223/1600  1.3 games/s  ETA 0h18m07s
[pb-ab-O-step2.var] 225/1600  1.3 games/s  ETA 0h18m08s
[pb-ab-O-step2.var] 229/1600  1.3 games/s  ETA 0h17m58s
[pb-ab-O-step2.var] 231/1600  1.3 games/s  ETA 0h17m59s
[pb-ab-O-step2.var] 236/1600  1.3 games/s  ETA 0h17m43s
[pb-ab-O-step2.var] 237/1600  1.3 games/s  ETA 0h17m50s
[pb-ab-O-step2.var] 240/1600  1.3 games/s  ETA 0h17m45s
[pb-ab-O-step2.var] 243/1600  1.3 games/s  ETA 0h17m41s
[pb-ab-O-step2.var] 245/1600  1.3 games/s  ETA 0h17m42s
[pb-ab-O-step2.var] 248/1600  1.3 games/s  ETA 0h17m38s
[pb-ab-O-step2.var] 249/1600  1.3 games/s  ETA 0h17m43s
[pb-ab-O-step2.var] 253/1600  1.3 games/s  ETA 0h17m34s
[pb-ab-O-step2.var] 255/1600  1.3 games/s  ETA 0h17m35s
[pb-ab-O-step2.var] 258/1600  1.3 games/s  ETA 0h17m31s
[pb-ab-O-step2.var] 262/1600  1.3 games/s  ETA 0h17m22s
[pb-ab-O-step2.var] 265/1600  1.3 games/s  ETA 0h17m18s
[pb-ab-O-step2.var] 268/1600  1.3 games/s  ETA 0h17m14s
[pb-ab-O-step2.var] 271/1600  1.3 games/s  ETA 0h17m10s
[pb-ab-O-step2.var] 273/1600  1.3 games/s  ETA 0h17m10s
[pb-ab-O-step2.var] 276/1600  1.3 games/s  ETA 0h17m07s
[pb-ab-O-step2.var] 279/1600  1.3 games/s  ETA 0h17m03s
[pb-ab-O-step2.var] 283/1600  1.3 games/s  ETA 0h16m54s
[pb-ab-O-step2.var] 288/1600  1.3 games/s  ETA 0h16m42s
[pb-ab-O-step2.var] 291/1600  1.3 games/s  ETA 0h16m39s
[pb-ab-O-step2.var] 292/1600  1.3 games/s  ETA 0h16m43s
[pb-ab-O-step2.var] 295/1600  1.3 games/s  ETA 0h16m40s
[pb-ab-O-step2.var] 298/1600  1.3 games/s  ETA 0h16m36s
[pb-ab-O-step2.var] 300/1600  1.3 games/s  ETA 0h16m37s
[pb-ab-O-step2.var] 304/1600  1.3 games/s  ETA 0h16m29s
[pb-ab-O-step2.var] 305/1600  1.3 games/s  ETA 0h16m34s
[pb-ab-O-step2.var] 308/1600  1.3 games/s  ETA 0h16m30s
[pb-ab-O-step2.var] 311/1600  1.3 games/s  ETA 0h16m26s
[pb-ab-O-step2.var] 315/1600  1.3 games/s  ETA 0h16m19s
[pb-ab-O-step2.var] 317/1600  1.3 games/s  ETA 0h16m19s
[pb-ab-O-step2.var] 321/1600  1.3 games/s  ETA 0h16m12s
[pb-ab-O-step2.var] 324/1600  1.3 games/s  ETA 0h16m09s
[pb-ab-O-step2.var] 325/1600  1.3 games/s  ETA 0h16m13s
[pb-ab-O-step2.var] 329/1600  1.3 games/s  ETA 0h16m06s
[pb-ab-O-step2.var] 333/1600  1.3 games/s  ETA 0h15m59s
[pb-ab-O-step2.var] 335/1600  1.3 games/s  ETA 0h15m59s
[pb-ab-O-step2.var] 339/1600  1.3 games/s  ETA 0h15m52s
[pb-ab-O-step2.var] 342/1600  1.3 games/s  ETA 0h15m49s
[pb-ab-O-step2.var] 345/1600  1.3 games/s  ETA 0h15m46s
[pb-ab-O-step2.var] 349/1600  1.3 games/s  ETA 0h15m39s
[pb-ab-O-step2.var] 352/1600  1.3 games/s  ETA 0h15m36s
[pb-ab-O-step2.var] 354/1600  1.3 games/s  ETA 0h15m36s
[pb-ab-O-step2.var] 355/1600  1.3 games/s  ETA 0h15m40s
[pb-ab-O-step2.var] 356/1600  1.3 games/s  ETA 0h15m43s
[pb-ab-O-step2.var] 359/1600  1.3 games/s  ETA 0h15m40s
[pb-ab-O-step2.var] 361/1600  1.3 games/s  ETA 0h15m40s
[pb-ab-O-step2.var] 364/1600  1.3 games/s  ETA 0h15m37s
[pb-ab-O-step2.var] 368/1600  1.3 games/s  ETA 0h15m31s
[pb-ab-O-step2.var] 370/1600  1.3 games/s  ETA 0h15m31s
[pb-ab-O-step2.var] 373/1600  1.3 games/s  ETA 0h15m28s
[pb-ab-O-step2.var] 378/1600  1.3 games/s  ETA 0h15m18s
[pb-ab-O-step2.var] 379/1600  1.3 games/s  ETA 0h15m21s
[pb-ab-O-step2.var] 381/1600  1.3 games/s  ETA 0h15m21s
[pb-ab-O-step2.var] 383/1600  1.3 games/s  ETA 0h15m21s
[pb-ab-O-step2.var] 385/1600  1.3 games/s  ETA 0h15m21s
[pb-ab-O-step2.var] 386/1600  1.3 games/s  ETA 0h15m25s
[pb-ab-O-step2.var] 390/1600  1.3 games/s  ETA 0h15m18s
[pb-ab-O-step2.var] 391/1600  1.3 games/s  ETA 0h15m21s
[pb-ab-O-step2.var] 394/1600  1.3 games/s  ETA 0h15m18s
[pb-ab-O-step2.var] 395/1600  1.3 games/s  ETA 0h15m21s
[pb-ab-O-step2.var] 398/1600  1.3 games/s  ETA 0h15m18s
[pb-ab-O-step2.var] 400/1600  1.3 games/s  ETA 0h15m18s
[pb-ab-O-step2.var] 402/1600  1.3 games/s  ETA 0h15m18s
[pb-ab-O-step2.var] 404/1600  1.3 games/s  ETA 0h15m18s
[pb-ab-O-step2.var] 407/1600  1.3 games/s  ETA 0h15m14s
[pb-ab-O-step2.var] 409/1600  1.3 games/s  ETA 0h15m14s
[pb-ab-O-step2.var] 411/1600  1.3 games/s  ETA 0h15m14s
[pb-ab-O-step2.var] 414/1600  1.3 games/s  ETA 0h15m11s
[pb-ab-O-step2.var] 415/1600  1.3 games/s  ETA 0h15m14s
[pb-ab-O-step2.var] 416/1600  1.3 games/s  ETA 0h15m16s
[pb-ab-O-step2.var] 417/1600  1.3 games/s  ETA 0h15m19s
[pb-ab-O-step2.var] 417/1600  1.3 games/s  ETA 0h15m25s
[pb-ab-O-step2.var] 422/1600  1.3 games/s  ETA 0h15m16s
[pb-ab-O-step2.var] 424/1600  1.3 games/s  ETA 0h15m15s
[pb-ab-O-step2.var] 426/1600  1.3 games/s  ETA 0h15m15s
[pb-ab-O-step2.var] 428/1600  1.3 games/s  ETA 0h15m15s
[pb-ab-O-step2.var] 429/1600  1.3 games/s  ETA 0h15m17s
[pb-ab-O-step2.var] 432/1600  1.3 games/s  ETA 0h15m14s
[pb-ab-O-step2.var] 434/1600  1.3 games/s  ETA 0h15m13s
[pb-ab-O-step2.var] 437/1600  1.3 games/s  ETA 0h15m10s
[pb-ab-O-step2.var] 440/1600  1.3 games/s  ETA 0h15m07s
[pb-ab-O-step2.var] 443/1600  1.3 games/s  ETA 0h15m04s
[pb-ab-O-step2.var] 445/1600  1.3 games/s  ETA 0h15m03s
[pb-ab-O-step2.var] 448/1600  1.3 games/s  ETA 0h15m00s
[pb-ab-O-step2.var] 449/1600  1.3 games/s  ETA 0h15m02s
[pb-ab-O-step2.var] 453/1600  1.3 games/s  ETA 0h14m56s
[pb-ab-O-step2.var] 455/1600  1.3 games/s  ETA 0h14m56s
[pb-ab-O-step2.var] 456/1600  1.3 games/s  ETA 0h14m58s
[pb-ab-O-step2.var] 459/1600  1.3 games/s  ETA 0h14m55s
[pb-ab-O-step2.var] 461/1600  1.3 games/s  ETA 0h14m54s
[pb-ab-O-step2.var] 463/1600  1.3 games/s  ETA 0h14m54s
[pb-ab-O-step2.var] 468/1600  1.3 games/s  ETA 0h14m45s
[pb-ab-O-step2.var] 472/1600  1.3 games/s  ETA 0h14m39s
[pb-ab-O-step2.var] 476/1600  1.3 games/s  ETA 0h14m34s
[pb-ab-O-step2.var] 477/1600  1.3 games/s  ETA 0h14m36s
[pb-ab-O-step2.var] 480/1600  1.3 games/s  ETA 0h14m33s
[pb-ab-O-step2.var] 483/1600  1.3 games/s  ETA 0h14m29s
[pb-ab-O-step2.var] 485/1600  1.3 games/s  ETA 0h14m29s
[pb-ab-O-step2.var] 487/1600  1.3 games/s  ETA 0h14m28s
[pb-ab-O-step2.var] 488/1600  1.3 games/s  ETA 0h14m30s
[pb-ab-O-step2.var] 491/1600  1.3 games/s  ETA 0h14m27s
[pb-ab-O-step2.var] 494/1600  1.3 games/s  ETA 0h14m24s
[pb-ab-O-step2.var] 497/1600  1.3 games/s  ETA 0h14m21s
[pb-ab-O-step2.var] 498/1600  1.3 games/s  ETA 0h14m23s
[pb-ab-O-step2.var] 500/1600  1.3 games/s  ETA 0h14m22s
[pb-ab-O-step2.var] 503/1600  1.3 games/s  ETA 0h14m19s
[pb-ab-O-step2.var] 507/1600  1.3 games/s  ETA 0h14m14s
[pb-ab-O-step2.var] 509/1600  1.3 games/s  ETA 0h14m13s
[pb-ab-O-step2.var] 513/1600  1.3 games/s  ETA 0h14m07s
[pb-ab-O-step2.var] 516/1600  1.3 games/s  ETA 0h14m04s
[pb-ab-O-step2.var] 519/1600  1.3 games/s  ETA 0h14m01s
[pb-ab-O-step2.var] 522/1600  1.3 games/s  ETA 0h13m58s
[pb-ab-O-step2.var] 527/1600  1.3 games/s  ETA 0h13m51s
[pb-ab-O-step2.var] 532/1600  1.3 games/s  ETA 0h13m43s
[pb-ab-O-step2.var] 534/1600  1.3 games/s  ETA 0h13m42s
[pb-ab-O-step2.var] 539/1600  1.3 games/s  ETA 0h13m35s
[pb-ab-O-step2.var] 542/1600  1.3 games/s  ETA 0h13m32s
[pb-ab-O-step2.var] 543/1600  1.3 games/s  ETA 0h13m34s
[pb-ab-O-step2.var] 545/1600  1.3 games/s  ETA 0h13m33s
[pb-ab-O-step2.var] 547/1600  1.3 games/s  ETA 0h13m32s
[pb-ab-O-step2.var] 548/1600  1.3 games/s  ETA 0h13m34s
[pb-ab-O-step2.var] 553/1600  1.3 games/s  ETA 0h13m26s
[pb-ab-O-step2.var] 556/1600  1.3 games/s  ETA 0h13m24s
[pb-ab-O-step2.var] 558/1600  1.3 games/s  ETA 0h13m23s
[pb-ab-O-step2.var] 561/1600  1.3 games/s  ETA 0h13m20s
[pb-ab-O-step2.var] 564/1600  1.3 games/s  ETA 0h13m17s
[pb-ab-O-step2.var] 566/1600  1.3 games/s  ETA 0h13m16s
[pb-ab-O-step2.var] 569/1600  1.3 games/s  ETA 0h13m14s
[pb-ab-O-step2.var] 571/1600  1.3 games/s  ETA 0h13m13s
[pb-ab-O-step2.var] 575/1600  1.3 games/s  ETA 0h13m08s
[pb-ab-O-step2.var] 579/1600  1.3 games/s  ETA 0h13m03s
[pb-ab-O-step2.var] 583/1600  1.3 games/s  ETA 0h12m58s
[pb-ab-O-step2.var] 585/1600  1.3 games/s  ETA 0h12m57s
[pb-ab-O-step2.var] 587/1600  1.3 games/s  ETA 0h12m56s
[pb-ab-O-step2.var] 588/1600  1.3 games/s  ETA 0h12m58s
[pb-ab-O-step2.var] 591/1600  1.3 games/s  ETA 0h12m55s
[pb-ab-O-step2.var] 593/1600  1.3 games/s  ETA 0h12m54s
[pb-ab-O-step2.var] 597/1600  1.3 games/s  ETA 0h12m49s
[pb-ab-O-step2.var] 599/1600  1.3 games/s  ETA 0h12m49s
[pb-ab-O-step2.var] 601/1600  1.3 games/s  ETA 0h12m48s
[pb-ab-O-step2.var] 605/1600  1.3 games/s  ETA 0h12m43s
[pb-ab-O-step2.var] 610/1600  1.3 games/s  ETA 0h12m36s
[pb-ab-O-step2.var] 612/1600  1.3 games/s  ETA 0h12m35s
[pb-ab-O-step2.var] 615/1600  1.3 games/s  ETA 0h12m33s
[pb-ab-O-step2.var] 617/1600  1.3 games/s  ETA 0h12m32s
[pb-ab-O-step2.var] 619/1600  1.3 games/s  ETA 0h12m31s
[pb-ab-O-step2.var] 622/1600  1.3 games/s  ETA 0h12m28s
[pb-ab-O-step2.var] 625/1600  1.3 games/s  ETA 0h12m26s
[pb-ab-O-step2.var] 629/1600  1.3 games/s  ETA 0h12m21s
[pb-ab-O-step2.var] 630/1600  1.3 games/s  ETA 0h12m22s
[pb-ab-O-step2.var] 632/1600  1.3 games/s  ETA 0h12m21s
[pb-ab-O-step2.var] 635/1600  1.3 games/s  ETA 0h12m18s
[pb-ab-O-step2.var] 638/1600  1.3 games/s  ETA 0h12m16s
[pb-ab-O-step2.var] 641/1600  1.3 games/s  ETA 0h12m13s
[pb-ab-O-step2.var] 644/1600  1.3 games/s  ETA 0h12m10s
[pb-ab-O-step2.var] 647/1600  1.3 games/s  ETA 0h12m07s
[pb-ab-O-step2.var] 650/1600  1.3 games/s  ETA 0h12m05s
[pb-ab-O-step2.var] 650/1600  1.3 games/s  ETA 0h12m08s
[pb-ab-O-step2.var] 655/1600  1.3 games/s  ETA 0h12m01s
[pb-ab-O-step2.var] 658/1600  1.3 games/s  ETA 0h11m58s
[pb-ab-O-step2.var] 660/1600  1.3 games/s  ETA 0h11m58s
[pb-ab-O-step2.var] 662/1600  1.3 games/s  ETA 0h11m57s
[pb-ab-O-step2.var] 663/1600  1.3 games/s  ETA 0h11m58s
[pb-ab-O-step2.var] 667/1600  1.3 games/s  ETA 0h11m53s
[pb-ab-O-step2.var] 669/1600  1.3 games/s  ETA 0h11m52s
[pb-ab-O-step2.var] 672/1600  1.3 games/s  ETA 0h11m50s
[pb-ab-O-step2.var] 674/1600  1.3 games/s  ETA 0h11m49s
[pb-ab-O-step2.var] 676/1600  1.3 games/s  ETA 0h11m48s
[pb-ab-O-step2.var] 680/1600  1.3 games/s  ETA 0h11m43s
[pb-ab-O-step2.var] 684/1600  1.3 games/s  ETA 0h11m39s
[pb-ab-O-step2.var] 687/1600  1.3 games/s  ETA 0h11m36s
[pb-ab-O-step2.var] 690/1600  1.3 games/s  ETA 0h11m34s
[pb-ab-O-step2.var] 693/1600  1.3 games/s  ETA 0h11m31s
[pb-ab-O-step2.var] 697/1600  1.3 games/s  ETA 0h11m26s
[pb-ab-O-step2.var] 700/1600  1.3 games/s  ETA 0h11m24s
[pb-ab-O-step2.var] 703/1600  1.3 games/s  ETA 0h11m21s
[pb-ab-O-step2.var] 707/1600  1.3 games/s  ETA 0h11m17s
[pb-ab-O-step2.var] 711/1600  1.3 games/s  ETA 0h11m12s
[pb-ab-O-step2.var] 713/1600  1.3 games/s  ETA 0h11m12s
[pb-ab-O-step2.var] 716/1600  1.3 games/s  ETA 0h11m09s
[pb-ab-O-step2.var] 718/1600  1.3 games/s  ETA 0h11m08s
[pb-ab-O-step2.var] 720/1600  1.3 games/s  ETA 0h11m07s
[pb-ab-O-step2.var] 723/1600  1.3 games/s  ETA 0h11m05s
[pb-ab-O-step2.var] 725/1600  1.3 games/s  ETA 0h11m04s
[pb-ab-O-step2.var] 729/1600  1.3 games/s  ETA 0h10m59s
[pb-ab-O-step2.var] 730/1600  1.3 games/s  ETA 0h11m00s
[pb-ab-O-step2.var] 733/1600  1.3 games/s  ETA 0h10m57s
[pb-ab-O-step2.var] 734/1600  1.3 games/s  ETA 0h10m58s
[pb-ab-O-step2.var] 735/1600  1.3 games/s  ETA 0h10m59s
[pb-ab-O-step2.var] 739/1600  1.3 games/s  ETA 0h10m55s
[pb-ab-O-step2.var] 742/1600  1.3 games/s  ETA 0h10m52s
[pb-ab-O-step2.var] 747/1600  1.3 games/s  ETA 0h10m46s
[pb-ab-O-step2.var] 749/1600  1.3 games/s  ETA 0h10m45s
[pb-ab-O-step2.var] 752/1600  1.3 games/s  ETA 0h10m43s
[pb-ab-O-step2.var] 754/1600  1.3 games/s  ETA 0h10m42s
[pb-ab-O-step2.var] 757/1600  1.3 games/s  ETA 0h10m39s
[pb-ab-O-step2.var] 758/1600  1.3 games/s  ETA 0h10m40s
[pb-ab-O-step2.var] 761/1600  1.3 games/s  ETA 0h10m37s
[pb-ab-O-step2.var] 764/1600  1.3 games/s  ETA 0h10m34s
[pb-ab-O-step2.var] 766/1600  1.3 games/s  ETA 0h10m33s
[pb-ab-O-step2.var] 768/1600  1.3 games/s  ETA 0h10m32s
[pb-ab-O-step2.var] 770/1600  1.3 games/s  ETA 0h10m31s
[pb-ab-O-step2.var] 772/1600  1.3 games/s  ETA 0h10m30s
[pb-ab-O-step2.var] 773/1600  1.3 games/s  ETA 0h10m31s
[pb-ab-O-step2.var] 775/1600  1.3 games/s  ETA 0h10m30s
[pb-ab-O-step2.var] 776/1600  1.3 games/s  ETA 0h10m31s
[pb-ab-O-step2.var] 780/1600  1.3 games/s  ETA 0h10m26s
[pb-ab-O-step2.var] 780/1600  1.3 games/s  ETA 0h10m28s
[pb-ab-O-step2.var] 784/1600  1.3 games/s  ETA 0h10m24s
[pb-ab-O-step2.var] 787/1600  1.3 games/s  ETA 0h10m22s
[pb-ab-O-step2.var] 791/1600  1.3 games/s  ETA 0h10m18s
[pb-ab-O-step2.var] 792/1600  1.3 games/s  ETA 0h10m18s
[pb-ab-O-step2.var] 795/1600  1.3 games/s  ETA 0h10m15s
[pb-ab-O-step2.var] 798/1600  1.3 games/s  ETA 0h10m13s
[pb-ab-O-step2.var] 801/1600  1.3 games/s  ETA 0h10m10s
[pb-ab-O-step2.var] 803/1600  1.3 games/s  ETA 0h10m09s
[pb-ab-O-step2.var] 806/1600  1.3 games/s  ETA 0h10m07s
[pb-ab-O-step2.var] 809/1600  1.3 games/s  ETA 0h10m04s
[pb-ab-O-step2.var] 810/1600  1.3 games/s  ETA 0h10m04s
[pb-ab-O-step2.var] 813/1600  1.3 games/s  ETA 0h10m02s
[pb-ab-O-step2.var] 816/1600  1.3 games/s  ETA 0h09m59s
[pb-ab-O-step2.var] 817/1600  1.3 games/s  ETA 0h10m00s
[pb-ab-O-step2.var] 821/1600  1.3 games/s  ETA 0h09m56s
[pb-ab-O-step2.var] 824/1600  1.3 games/s  ETA 0h09m53s
[pb-ab-O-step2.var] 825/1600  1.3 games/s  ETA 0h09m53s
[pb-ab-O-step2.var] 829/1600  1.3 games/s  ETA 0h09m49s
[pb-ab-O-step2.var] 832/1600  1.3 games/s  ETA 0h09m47s
[pb-ab-O-step2.var] 835/1600  1.3 games/s  ETA 0h09m44s
[pb-ab-O-step2.var] 836/1600  1.3 games/s  ETA 0h09m45s
[pb-ab-O-step2.var] 837/1600  1.3 games/s  ETA 0h09m45s
[pb-ab-O-step2.var] 841/1600  1.3 games/s  ETA 0h09m41s
[pb-ab-O-step2.var] 842/1600  1.3 games/s  ETA 0h09m41s
[pb-ab-O-step2.var] 843/1600  1.3 games/s  ETA 0h09m42s
[pb-ab-O-step2.var] 845/1600  1.3 games/s  ETA 0h09m41s
[pb-ab-O-step2.var] 849/1600  1.3 games/s  ETA 0h09m37s
[pb-ab-O-step2.var] 852/1600  1.3 games/s  ETA 0h09m34s
[pb-ab-O-step2.var] 854/1600  1.3 games/s  ETA 0h09m33s
[pb-ab-O-step2.var] 858/1600  1.3 games/s  ETA 0h09m29s
[pb-ab-O-step2.var] 858/1600  1.3 games/s  ETA 0h09m31s
[pb-ab-O-step2.var] 860/1600  1.3 games/s  ETA 0h09m29s
[pb-ab-O-step2.var] 863/1600  1.3 games/s  ETA 0h09m27s
[pb-ab-O-step2.var] 865/1600  1.3 games/s  ETA 0h09m26s
[pb-ab-O-step2.var] 868/1600  1.3 games/s  ETA 0h09m23s
[pb-ab-O-step2.var] 870/1600  1.3 games/s  ETA 0h09m22s
[pb-ab-O-step2.var] 871/1600  1.3 games/s  ETA 0h09m22s
[pb-ab-O-step2.var] 874/1600  1.3 games/s  ETA 0h09m20s
[pb-ab-O-step2.var] 876/1600  1.3 games/s  ETA 0h09m18s
[pb-ab-O-step2.var] 876/1600  1.3 games/s  ETA 0h09m20s
[pb-ab-O-step2.var] 879/1600  1.3 games/s  ETA 0h09m18s
[pb-ab-O-step2.var] 881/1600  1.3 games/s  ETA 0h09m16s
[pb-ab-O-step2.var] 882/1600  1.3 games/s  ETA 0h09m17s
[pb-ab-O-step2.var] 883/1600  1.3 games/s  ETA 0h09m17s
[pb-ab-O-step2.var] 885/1600  1.3 games/s  ETA 0h09m16s
[pb-ab-O-step2.var] 886/1600  1.3 games/s  ETA 0h09m16s
[pb-ab-O-step2.var] 887/1600  1.3 games/s  ETA 0h09m16s
[pb-ab-O-step2.var] 887/1600  1.3 games/s  ETA 0h09m18s
[pb-ab-O-step2.var] 889/1600  1.3 games/s  ETA 0h09m16s
[pb-ab-O-step2.var] 890/1600  1.3 games/s  ETA 0h09m17s
[pb-ab-O-step2.var] 892/1600  1.3 games/s  ETA 0h09m15s
[pb-ab-O-step2.var] 894/1600  1.3 games/s  ETA 0h09m14s
[pb-ab-O-step2.var] 895/1600  1.3 games/s  ETA 0h09m14s
[pb-ab-O-step2.var] 895/1600  1.3 games/s  ETA 0h09m16s
[pb-ab-O-step2.var] 897/1600  1.3 games/s  ETA 0h09m15s
[pb-ab-O-step2.var] 899/1600  1.3 games/s  ETA 0h09m13s
[pb-ab-O-step2.var] 900/1600  1.3 games/s  ETA 0h09m14s
[pb-ab-O-step2.var] 903/1600  1.3 games/s  ETA 0h09m11s
[pb-ab-O-step2.var] 905/1600  1.3 games/s  ETA 0h09m10s
[pb-ab-O-step2.var] 906/1600  1.3 games/s  ETA 0h09m10s
[pb-ab-O-step2.var] 912/1600  1.3 games/s  ETA 0h09m03s
[pb-ab-O-step2.var] 914/1600  1.3 games/s  ETA 0h09m02s
[pb-ab-O-step2.var] 914/1600  1.3 games/s  ETA 0h09m03s
[pb-ab-O-step2.var] 917/1600  1.3 games/s  ETA 0h09m00s
[pb-ab-O-step2.var] 920/1600  1.3 games/s  ETA 0h08m58s
[pb-ab-O-step2.var] 921/1600  1.3 games/s  ETA 0h08m58s
[pb-ab-O-step2.var] 924/1600  1.3 games/s  ETA 0h08m55s
[pb-ab-O-step2.var] 925/1600  1.3 games/s  ETA 0h08m55s
[pb-ab-O-step2.var] 928/1600  1.3 games/s  ETA 0h08m53s
[pb-ab-O-step2.var] 932/1600  1.3 games/s  ETA 0h08m49s
[pb-ab-O-step2.var] 936/1600  1.3 games/s  ETA 0h08m45s
[pb-ab-O-step2.var] 940/1600  1.3 games/s  ETA 0h08m41s
[pb-ab-O-step2.var] 941/1600  1.3 games/s  ETA 0h08m41s
[pb-ab-O-step2.var] 944/1600  1.3 games/s  ETA 0h08m38s
[pb-ab-O-step2.var] 947/1600  1.3 games/s  ETA 0h08m36s
[pb-ab-O-step2.var] 951/1600  1.3 games/s  ETA 0h08m32s
[pb-ab-O-step2.var] 953/1600  1.3 games/s  ETA 0h08m30s
[pb-ab-O-step2.var] 957/1600  1.3 games/s  ETA 0h08m26s
[pb-ab-O-step2.var] 959/1600  1.3 games/s  ETA 0h08m25s
[pb-ab-O-step2.var] 959/1600  1.3 games/s  ETA 0h08m26s
[pb-ab-O-step2.var] 964/1600  1.3 games/s  ETA 0h08m21s
[pb-ab-O-step2.var] 966/1600  1.3 games/s  ETA 0h08m20s
[pb-ab-O-step2.var] 968/1600  1.3 games/s  ETA 0h08m19s
[pb-ab-O-step2.var] 972/1600  1.3 games/s  ETA 0h08m15s
[pb-ab-O-step2.var] 974/1600  1.3 games/s  ETA 0h08m13s
[pb-ab-O-step2.var] 975/1600  1.3 games/s  ETA 0h08m13s
[pb-ab-O-step2.var] 979/1600  1.3 games/s  ETA 0h08m09s
[pb-ab-O-step2.var] 982/1600  1.3 games/s  ETA 0h08m07s
[pb-ab-O-step2.var] 985/1600  1.3 games/s  ETA 0h08m04s
[pb-ab-O-step2.var] 986/1600  1.3 games/s  ETA 0h08m04s
[pb-ab-O-step2.var] 991/1600  1.3 games/s  ETA 0h07m59s
[pb-ab-O-step2.var] 993/1600  1.3 games/s  ETA 0h07m58s
[pb-ab-O-step2.var] 996/1600  1.3 games/s  ETA 0h07m55s
[pb-ab-O-step2.var] 997/1600  1.3 games/s  ETA 0h07m55s
[pb-ab-O-step2.var] 1001/1600  1.3 games/s  ETA 0h07m51s
[pb-ab-O-step2.var] 1004/1600  1.3 games/s  ETA 0h07m49s
[pb-ab-O-step2.var] 1006/1600  1.3 games/s  ETA 0h07m47s
[pb-ab-O-step2.var] 1010/1600  1.3 games/s  ETA 0h07m44s
[pb-ab-O-step2.var] 1013/1600  1.3 games/s  ETA 0h07m41s
[pb-ab-O-step2.var] 1016/1600  1.3 games/s  ETA 0h07m38s
[pb-ab-O-step2.var] 1017/1600  1.3 games/s  ETA 0h07m38s
[pb-ab-O-step2.var] 1020/1600  1.3 games/s  ETA 0h07m36s
[pb-ab-O-step2.var] 1022/1600  1.3 games/s  ETA 0h07m34s
[pb-ab-O-step2.var] 1023/1600  1.3 games/s  ETA 0h07m34s
[pb-ab-O-step2.var] 1026/1600  1.3 games/s  ETA 0h07m32s
[pb-ab-O-step2.var] 1031/1600  1.3 games/s  ETA 0h07m27s
[pb-ab-O-step2.var] 1034/1600  1.3 games/s  ETA 0h07m24s
[pb-ab-O-step2.var] 1036/1600  1.3 games/s  ETA 0h07m23s
[pb-ab-O-step2.var] 1039/1600  1.3 games/s  ETA 0h07m20s
[pb-ab-O-step2.var] 1040/1600  1.3 games/s  ETA 0h07m20s
[pb-ab-O-step2.var] 1043/1600  1.3 games/s  ETA 0h07m18s
[pb-ab-O-step2.var] 1045/1600  1.3 games/s  ETA 0h07m16s
[pb-ab-O-step2.var] 1049/1600  1.3 games/s  ETA 0h07m13s
[pb-ab-O-step2.var] 1050/1600  1.3 games/s  ETA 0h07m12s
[pb-ab-O-step2.var] 1053/1600  1.3 games/s  ETA 0h07m10s
[pb-ab-O-step2.var] 1054/1600  1.3 games/s  ETA 0h07m10s
[pb-ab-O-step2.var] 1057/1600  1.3 games/s  ETA 0h07m07s
[pb-ab-O-step2.var] 1059/1600  1.3 games/s  ETA 0h07m06s
[pb-ab-O-step2.var] 1059/1600  1.3 games/s  ETA 0h07m07s
[pb-ab-O-step2.var] 1060/1600  1.3 games/s  ETA 0h07m07s
[pb-ab-O-step2.var] 1061/1600  1.3 games/s  ETA 0h07m06s
[pb-ab-O-step2.var] 1063/1600  1.3 games/s  ETA 0h07m05s
[pb-ab-O-step2.var] 1065/1600  1.3 games/s  ETA 0h07m04s
[pb-ab-O-step2.var] 1069/1600  1.3 games/s  ETA 0h07m00s
[pb-ab-O-step2.var] 1071/1600  1.3 games/s  ETA 0h06m59s
[pb-ab-O-step2.var] 1073/1600  1.3 games/s  ETA 0h06m57s
[pb-ab-O-step2.var] 1076/1600  1.3 games/s  ETA 0h06m55s
[pb-ab-O-step2.var] 1078/1600  1.3 games/s  ETA 0h06m53s
[pb-ab-O-step2.var] 1079/1600  1.3 games/s  ETA 0h06m53s
[pb-ab-O-step2.var] 1081/1600  1.3 games/s  ETA 0h06m52s
[pb-ab-O-step2.var] 1085/1600  1.3 games/s  ETA 0h06m48s
[pb-ab-O-step2.var] 1089/1600  1.3 games/s  ETA 0h06m44s
[pb-ab-O-step2.var] 1093/1600  1.3 games/s  ETA 0h06m40s
[pb-ab-O-step2.var] 1095/1600  1.3 games/s  ETA 0h06m39s
[pb-ab-O-step2.var] 1096/1600  1.3 games/s  ETA 0h06m39s
[pb-ab-O-step2.var] 1100/1600  1.3 games/s  ETA 0h06m35s
[pb-ab-O-step2.var] 1104/1600  1.3 games/s  ETA 0h06m31s
[pb-ab-O-step2.var] 1108/1600  1.3 games/s  ETA 0h06m28s
[pb-ab-O-step2.var] 1111/1600  1.3 games/s  ETA 0h06m25s
[pb-ab-O-step2.var] 1114/1600  1.3 games/s  ETA 0h06m23s
[pb-ab-O-step2.var] 1116/1600  1.3 games/s  ETA 0h06m21s
[pb-ab-O-step2.var] 1120/1600  1.3 games/s  ETA 0h06m18s
[pb-ab-O-step2.var] 1122/1600  1.3 games/s  ETA 0h06m16s
[pb-ab-O-step2.var] 1126/1600  1.3 games/s  ETA 0h06m13s
[pb-ab-O-step2.var] 1129/1600  1.3 games/s  ETA 0h06m10s
[pb-ab-O-step2.var] 1131/1600  1.3 games/s  ETA 0h06m09s
[pb-ab-O-step2.var] 1136/1600  1.3 games/s  ETA 0h06m04s
[pb-ab-O-step2.var] 1138/1600  1.3 games/s  ETA 0h06m03s
[pb-ab-O-step2.var] 1140/1600  1.3 games/s  ETA 0h06m01s
[pb-ab-O-step2.var] 1142/1600  1.3 games/s  ETA 0h06m00s
[pb-ab-O-step2.var] 1144/1600  1.3 games/s  ETA 0h05m58s
[pb-ab-O-step2.var] 1147/1600  1.3 games/s  ETA 0h05m56s
[pb-ab-O-step2.var] 1150/1600  1.3 games/s  ETA 0h05m53s
[pb-ab-O-step2.var] 1152/1600  1.3 games/s  ETA 0h05m52s
[pb-ab-O-step2.var] 1155/1600  1.3 games/s  ETA 0h05m49s
[pb-ab-O-step2.var] 1156/1600  1.3 games/s  ETA 0h05m49s
[pb-ab-O-step2.var] 1158/1600  1.3 games/s  ETA 0h05m48s
[pb-ab-O-step2.var] 1160/1600  1.3 games/s  ETA 0h05m46s
[pb-ab-O-step2.var] 1162/1600  1.3 games/s  ETA 0h05m45s
[pb-ab-O-step2.var] 1165/1600  1.3 games/s  ETA 0h05m42s
[pb-ab-O-step2.var] 1168/1600  1.3 games/s  ETA 0h05m40s
[pb-ab-O-step2.var] 1171/1600  1.3 games/s  ETA 0h05m37s
[pb-ab-O-step2.var] 1173/1600  1.3 games/s  ETA 0h05m36s
[pb-ab-O-step2.var] 1176/1600  1.3 games/s  ETA 0h05m34s
[pb-ab-O-step2.var] 1177/1600  1.3 games/s  ETA 0h05m33s
[pb-ab-O-step2.var] 1181/1600  1.3 games/s  ETA 0h05m30s
[pb-ab-O-step2.var] 1182/1600  1.3 games/s  ETA 0h05m29s
[pb-ab-O-step2.var] 1183/1600  1.3 games/s  ETA 0h05m29s
[pb-ab-O-step2.var] 1186/1600  1.3 games/s  ETA 0h05m26s
[pb-ab-O-step2.var] 1190/1600  1.3 games/s  ETA 0h05m23s
[pb-ab-O-step2.var] 1193/1600  1.3 games/s  ETA 0h05m20s
[pb-ab-O-step2.var] 1195/1600  1.3 games/s  ETA 0h05m19s
[pb-ab-O-step2.var] 1197/1600  1.3 games/s  ETA 0h05m17s
[pb-ab-O-step2.var] 1199/1600  1.3 games/s  ETA 0h05m16s
[pb-ab-O-step2.var] 1201/1600  1.3 games/s  ETA 0h05m15s
[pb-ab-O-step2.var] 1203/1600  1.3 games/s  ETA 0h05m13s
[pb-ab-O-step2.var] 1206/1600  1.3 games/s  ETA 0h05m11s
[pb-ab-O-step2.var] 1208/1600  1.3 games/s  ETA 0h05m09s
[pb-ab-O-step2.var] 1211/1600  1.3 games/s  ETA 0h05m07s
[pb-ab-O-step2.var] 1212/1600  1.3 games/s  ETA 0h05m06s
[pb-ab-O-step2.var] 1215/1600  1.3 games/s  ETA 0h05m04s
[pb-ab-O-step2.var] 1220/1600  1.3 games/s  ETA 0h04m59s
[pb-ab-O-step2.var] 1221/1600  1.3 games/s  ETA 0h04m59s
[pb-ab-O-step2.var] 1224/1600  1.3 games/s  ETA 0h04m56s
[pb-ab-O-step2.var] 1227/1600  1.3 games/s  ETA 0h04m54s
[pb-ab-O-step2.var] 1228/1600  1.3 games/s  ETA 0h04m53s
[pb-ab-O-step2.var] 1231/1600  1.3 games/s  ETA 0h04m51s
[pb-ab-O-step2.var] 1235/1600  1.3 games/s  ETA 0h04m47s
[pb-ab-O-step2.var] 1236/1600  1.3 games/s  ETA 0h04m47s
[pb-ab-O-step2.var] 1240/1600  1.3 games/s  ETA 0h04m44s
[pb-ab-O-step2.var] 1245/1600  1.3 games/s  ETA 0h04m39s
[pb-ab-O-step2.var] 1249/1600  1.3 games/s  ETA 0h04m36s
[pb-ab-O-step2.var] 1253/1600  1.3 games/s  ETA 0h04m32s
[pb-ab-O-step2.var] 1254/1600  1.3 games/s  ETA 0h04m32s
[pb-ab-O-step2.var] 1256/1600  1.3 games/s  ETA 0h04m30s
[pb-ab-O-step2.var] 1259/1600  1.3 games/s  ETA 0h04m28s
[pb-ab-O-step2.var] 1264/1600  1.3 games/s  ETA 0h04m23s
[pb-ab-O-step2.var] 1268/1600  1.3 games/s  ETA 0h04m20s
[pb-ab-O-step2.var] 1271/1600  1.3 games/s  ETA 0h04m17s
[pb-ab-O-step2.var] 1273/1600  1.3 games/s  ETA 0h04m16s
[pb-ab-O-step2.var] 1277/1600  1.3 games/s  ETA 0h04m13s
[pb-ab-O-step2.var] 1279/1600  1.3 games/s  ETA 0h04m11s
[pb-ab-O-step2.var] 1282/1600  1.3 games/s  ETA 0h04m09s
[pb-ab-O-step2.var] 1285/1600  1.3 games/s  ETA 0h04m06s
[pb-ab-O-step2.var] 1287/1600  1.3 games/s  ETA 0h04m05s
[pb-ab-O-step2.var] 1289/1600  1.3 games/s  ETA 0h04m03s
[pb-ab-O-step2.var] 1291/1600  1.3 games/s  ETA 0h04m02s
[pb-ab-O-step2.var] 1292/1600  1.3 games/s  ETA 0h04m01s
[pb-ab-O-step2.var] 1295/1600  1.3 games/s  ETA 0h03m59s
[pb-ab-O-step2.var] 1297/1600  1.3 games/s  ETA 0h03m57s
[pb-ab-O-step2.var] 1298/1600  1.3 games/s  ETA 0h03m57s
[pb-ab-O-step2.var] 1301/1600  1.3 games/s  ETA 0h03m54s
[pb-ab-O-step2.var] 1303/1600  1.3 games/s  ETA 0h03m53s
[pb-ab-O-step2.var] 1307/1600  1.3 games/s  ETA 0h03m50s
[pb-ab-O-step2.var] 1309/1600  1.3 games/s  ETA 0h03m48s
[pb-ab-O-step2.var] 1312/1600  1.3 games/s  ETA 0h03m46s
[pb-ab-O-step2.var] 1316/1600  1.3 games/s  ETA 0h03m42s
[pb-ab-O-step2.var] 1318/1600  1.3 games/s  ETA 0h03m41s
[pb-ab-O-step2.var] 1321/1600  1.3 games/s  ETA 0h03m38s
[pb-ab-O-step2.var] 1323/1600  1.3 games/s  ETA 0h03m37s
[pb-ab-O-step2.var] 1326/1600  1.3 games/s  ETA 0h03m34s
[pb-ab-O-step2.var] 1327/1600  1.3 games/s  ETA 0h03m34s
[pb-ab-O-step2.var] 1330/1600  1.3 games/s  ETA 0h03m32s
[pb-ab-O-step2.var] 1334/1600  1.3 games/s  ETA 0h03m28s
[pb-ab-O-step2.var] 1337/1600  1.3 games/s  ETA 0h03m26s
[pb-ab-O-step2.var] 1339/1600  1.3 games/s  ETA 0h03m24s
[pb-ab-O-step2.var] 1343/1600  1.3 games/s  ETA 0h03m21s
[pb-ab-O-step2.var] 1343/1600  1.3 games/s  ETA 0h03m21s
[pb-ab-O-step2.var] 1347/1600  1.3 games/s  ETA 0h03m18s
[pb-ab-O-step2.var] 1351/1600  1.3 games/s  ETA 0h03m15s
[pb-ab-O-step2.var] 1356/1600  1.3 games/s  ETA 0h03m10s
[pb-ab-O-step2.var] 1361/1600  1.3 games/s  ETA 0h03m06s
[pb-ab-O-step2.var] 1362/1600  1.3 games/s  ETA 0h03m06s
[pb-ab-O-step2.var] 1366/1600  1.3 games/s  ETA 0h03m02s
[pb-ab-O-step2.var] 1369/1600  1.3 games/s  ETA 0h03m00s
[pb-ab-O-step2.var] 1371/1600  1.3 games/s  ETA 0h02m58s
[pb-ab-O-step2.var] 1374/1600  1.3 games/s  ETA 0h02m56s
[pb-ab-O-step2.var] 1377/1600  1.3 games/s  ETA 0h02m54s
[pb-ab-O-step2.var] 1380/1600  1.3 games/s  ETA 0h02m51s
[pb-ab-O-step2.var] 1384/1600  1.3 games/s  ETA 0h02m48s
[pb-ab-O-step2.var] 1386/1600  1.3 games/s  ETA 0h02m46s
[pb-ab-O-step2.var] 1389/1600  1.3 games/s  ETA 0h02m44s
[pb-ab-O-step2.var] 1392/1600  1.3 games/s  ETA 0h02m42s
[pb-ab-O-step2.var] 1395/1600  1.3 games/s  ETA 0h02m39s
[pb-ab-O-step2.var] 1398/1600  1.3 games/s  ETA 0h02m37s
[pb-ab-O-step2.var] 1401/1600  1.3 games/s  ETA 0h02m34s
[pb-ab-O-step2.var] 1404/1600  1.3 games/s  ETA 0h02m32s
[pb-ab-O-step2.var] 1406/1600  1.3 games/s  ETA 0h02m31s
[pb-ab-O-step2.var] 1410/1600  1.3 games/s  ETA 0h02m27s
[pb-ab-O-step2.var] 1414/1600  1.3 games/s  ETA 0h02m24s
[pb-ab-O-step2.var] 1417/1600  1.3 games/s  ETA 0h02m22s
[pb-ab-O-step2.var] 1419/1600  1.3 games/s  ETA 0h02m20s
[pb-ab-O-step2.var] 1422/1600  1.3 games/s  ETA 0h02m18s
[pb-ab-O-step2.var] 1425/1600  1.3 games/s  ETA 0h02m15s
[pb-ab-O-step2.var] 1427/1600  1.3 games/s  ETA 0h02m14s
[pb-ab-O-step2.var] 1432/1600  1.3 games/s  ETA 0h02m10s
[pb-ab-O-step2.var] 1435/1600  1.3 games/s  ETA 0h02m07s
[pb-ab-O-step2.var] 1437/1600  1.3 games/s  ETA 0h02m06s
[pb-ab-O-step2.var] 1441/1600  1.3 games/s  ETA 0h02m03s
[pb-ab-O-step2.var] 1443/1600  1.3 games/s  ETA 0h02m01s
[pb-ab-O-step2.var] 1448/1600  1.3 games/s  ETA 0h01m57s
[pb-ab-O-step2.var] 1451/1600  1.3 games/s  ETA 0h01m55s
[pb-ab-O-step2.var] 1454/1600  1.3 games/s  ETA 0h01m52s
[pb-ab-O-step2.var] 1457/1600  1.3 games/s  ETA 0h01m50s
[pb-ab-O-step2.var] 1461/1600  1.3 games/s  ETA 0h01m47s
[pb-ab-O-step2.var] 1464/1600  1.3 games/s  ETA 0h01m45s
[pb-ab-O-step2.var] 1467/1600  1.3 games/s  ETA 0h01m42s
[pb-ab-O-step2.var] 1470/1600  1.3 games/s  ETA 0h01m40s
[pb-ab-O-step2.var] 1472/1600  1.3 games/s  ETA 0h01m38s
[pb-ab-O-step2.var] 1479/1600  1.3 games/s  ETA 0h01m33s
[pb-ab-O-step2.var] 1482/1600  1.3 games/s  ETA 0h01m30s
[pb-ab-O-step2.var] 1483/1600  1.3 games/s  ETA 0h01m30s
[pb-ab-O-step2.var] 1485/1600  1.3 games/s  ETA 0h01m28s
[pb-ab-O-step2.var] 1488/1600  1.3 games/s  ETA 0h01m26s
[pb-ab-O-step2.var] 1489/1600  1.3 games/s  ETA 0h01m25s
[pb-ab-O-step2.var] 1490/1600  1.3 games/s  ETA 0h01m24s
[pb-ab-O-step2.var] 1492/1600  1.3 games/s  ETA 0h01m23s
[pb-ab-O-step2.var] 1495/1600  1.3 games/s  ETA 0h01m21s
[pb-ab-O-step2.var] 1499/1600  1.3 games/s  ETA 0h01m17s
[pb-ab-O-step2.var] 1500/1600  1.3 games/s  ETA 0h01m17s
[pb-ab-O-step2.var] 1503/1600  1.3 games/s  ETA 0h01m14s
[pb-ab-O-step2.var] 1506/1600  1.3 games/s  ETA 0h01m12s
[pb-ab-O-step2.var] 1509/1600  1.3 games/s  ETA 0h01m10s
[pb-ab-O-step2.var] 1510/1600  1.3 games/s  ETA 0h01m09s
[pb-ab-O-step2.var] 1511/1600  1.3 games/s  ETA 0h01m08s
[pb-ab-O-step2.var] 1514/1600  1.3 games/s  ETA 0h01m06s
[pb-ab-O-step2.var] 1516/1600  1.3 games/s  ETA 0h01m04s
[pb-ab-O-step2.var] 1518/1600  1.3 games/s  ETA 0h01m03s
[pb-ab-O-step2.var] 1520/1600  1.3 games/s  ETA 0h01m01s
[pb-ab-O-step2.var] 1522/1600  1.3 games/s  ETA 0h01m00s
[pb-ab-O-step2.var] 1524/1600  1.3 games/s  ETA 0h00m58s
[pb-ab-O-step2.var] 1528/1600  1.3 games/s  ETA 0h00m55s
[pb-ab-O-step2.var] 1530/1600  1.3 games/s  ETA 0h00m54s
[pb-ab-O-step2.var] 1533/1600  1.3 games/s  ETA 0h00m51s
[pb-ab-O-step2.var] 1535/1600  1.3 games/s  ETA 0h00m50s
[pb-ab-O-step2.var] 1537/1600  1.3 games/s  ETA 0h00m48s
[pb-ab-O-step2.var] 1539/1600  1.3 games/s  ETA 0h00m47s
[pb-ab-O-step2.var] 1542/1600  1.3 games/s  ETA 0h00m44s
[pb-ab-O-step2.var] 1543/1600  1.3 games/s  ETA 0h00m44s
[pb-ab-O-step2.var] 1546/1600  1.3 games/s  ETA 0h00m41s
[pb-ab-O-step2.var] 1548/1600  1.3 games/s  ETA 0h00m40s
[pb-ab-O-step2.var] 1552/1600  1.3 games/s  ETA 0h00m37s
[pb-ab-O-step2.var] 1554/1600  1.3 games/s  ETA 0h00m35s
[pb-ab-O-step2.var] 1559/1600  1.3 games/s  ETA 0h00m31s
[pb-ab-O-step2.var] 1562/1600  1.3 games/s  ETA 0h00m29s
[pb-ab-O-step2.var] 1565/1600  1.3 games/s  ETA 0h00m27s
[pb-ab-O-step2.var] 1565/1600  1.3 games/s  ETA 0h00m27s
[pb-ab-O-step2.var] 1567/1600  1.3 games/s  ETA 0h00m25s
[pb-ab-O-step2.var] 1570/1600  1.3 games/s  ETA 0h00m23s
[pb-ab-O-step2.var] 1573/1600  1.3 games/s  ETA 0h00m20s
[pb-ab-O-step2.var] 1575/1600  1.3 games/s  ETA 0h00m19s
[pb-ab-O-step2.var] 1576/1600  1.3 games/s  ETA 0h00m18s
[pb-ab-O-step2.var] 1579/1600  1.3 games/s  ETA 0h00m16s
[pb-ab-O-step2.var] 1582/1600  1.3 games/s  ETA 0h00m13s
[pb-ab-O-step2.var] 1584/1600  1.3 games/s  ETA 0h00m12s
[pb-ab-O-step2.var] 1588/1600  1.3 games/s  ETA 0h00m09s
[pb-ab-O-step2.var] 1589/1600  1.3 games/s  ETA 0h00m08s
[pb-ab-O-step2.var] 1591/1600  1.3 games/s  ETA 0h00m06s
[pb-ab-O-step2.var] 1594/1600  1.3 games/s  ETA 0h00m04s
[pb-ab-O-step2.var] 1596/1600  1.3 games/s  ETA 0h00m03s
[pb-ab-O-step2.var] 1598/1600  1.3 games/s  ETA 0h00m01s
[pb-ab-O-step2.var] 1600 games in 0h20m41s (1.3 games/s)
[pb-ab-O-step2.var] summary -> sim/out/pb-ab-O-step2.var.summary.json
# Rule A/B — pb-ab-O-step2

`ogreStep2=true` against today's defaults.
1600 games per population, depth 3, the same 40 arrangements and the same
opening seeds in both (common random numbers). Control arm: `pb-ab-O-step2.base`.

A symmetric rule changes both sides at once, so there is no match to run and no SPRT: this is a
paired two-population comparison. The interval is a 95% normal approximation on the
mean paired difference over arrangements; with few arrangements,
and with one interval per metric, read "significant" as "worth a second run", not as a test.

| metric | base (pooled) | with the rule (pooled) | mean paired difference ±95% | significant |
|---|---|---|---|---|
| white score | 0.532 | 0.537 | +0.004 ± 0.029 | no |
| decisive | 0.795 | 0.785 | -0.010 ± 0.028 | no |
| draw rate | 0.198 | 0.210 | +0.012 ± 0.028 | no |
| capped | 0.007 | 0.005 | -0.002 ± 0.005 | no |
| mean plies | 105.0 | 101.4 | -3.6 ± 2.5 | yes |
| branching factor | 32.2 | 33.2 | +1.1 ± 0.3 | yes |
| killer move | 0.363 | 0.362 | -0.000 ± 0.013 | no |
| lead change | 0.066 | 0.067 | +0.001 ± 0.003 | no |
| uncertainty late | 0.636 | 0.638 | +0.002 ± 0.002 | no |
| drama | 0.161 | 0.155 | -0.005 ± 0.011 | no |
| permanence | 0.955 | 0.954 | -0.000 ± 0.001 | no |
| min utilisation | 0.41 | 0.41 | +0.01 ± 0.01 | no |
| interest | 0.492 | 0.490 | -0.001 ± 0.005 | no |
| interest (min-use) | 0.449 | 0.437 | -0.006 ± 0.011 | no |
| killerMove (resid.) | -0.002 | 0.002 | +0.004 ± 0.012 | no |
| leadChange (resid.) | 0.000 | -0.000 | -0.000 ± 0.003 | no |
| uncertaintyLate (resid.) | -0.000 | 0.000 | +0.000 ± 0.003 | no |
| drama (resid.) | 0.001 | -0.001 | -0.002 ± 0.009 | no |
| permanence (resid.) | 0.000 | -0.000 | -0.001 ± 0.001 | no |
| fairyUse (resid.) | 0.001 | 0.001 | -0.002 ± 0.003 | no |
| excessDecisiveness (resid.) | 0.020 | -0.001 | +0.011 ± 0.012 | no |
| interest (resid.) | 0.001 | 0.000 | +0.001 ± 0.003 | no |
| interestMinFairy (resid.) | -0.015 | -0.024 | -0.003 ± 0.011 | no |

## Degeneracy counters
| counter | base | with the rule |
|---|---|---|
| guard captures per game | 0.000 | 0.000 |
| games with a guard rampage (≥ 3 captures) | 0 (0.0%) | 0 (0.0%) |
| dead-material endings (draw50 + drawMaterial) | 8 (0.5%) | 12 (0.8%) |
| games where a king never moved | 430 (26.9%) | 433 (27.1%) |

## Per piece (both sides, whole population; moves and captures per game)
| piece | moves A | moves B | captures A | captures B | survival A | survival B |
|---|---|---|---|---|---|---|
| P | 21.39 | 21.04 | 3.54 | 3.57 | 42.4% | 43.2% |
| A | 14.22 | 13.59 | 3.37 | 3.28 | 55.2% | 52.8% |
| O | 11.57 | 11.51 | 0.81 | 1.11 | 66.8% | 52.0% |
| K | 10.18 | 9.38 | 0.80 | 0.74 | 100.0% | 100.0% |
| M | 9.94 | 9.43 | 0.92 | 0.93 | 34.8% | 35.6% |
| N | 8.34 | 8.08 | 1.40 | 1.37 | 15.3% | 16.1% |
| S | 7.21 | 6.97 | 1.45 | 1.42 | 43.1% | 43.0% |
| R | 6.33 | 6.09 | 1.27 | 1.32 | 33.1% | 33.5% |
| B | 5.87 | 5.71 | 1.23 | 1.21 | 30.5% | 29.8% |
| Q | 4.72 | 4.59 | 0.90 | 0.90 | 70.2% | 70.9% |
| L | 2.83 | 2.79 | 0.87 | 0.85 | 6.9% | 8.7% |
| G | 2.45 | 2.21 | 0.00 | 0.00 | 97.5% | 97.0% |

## Fairy events per game
| event | base | with the rule |
|---|---|---|
| archerShots | 3.37 | 3.28 |
| beastChainMoves | 0.91 | 0.90 |
| beastChainCaptures | 1.45 | 1.42 |
| maesterSwaps | 4.58 | 4.36 |
| maesterLongSwaps | 0.51 | 0.48 |
| paladinSacrifices | 0.48 | 0.47 |
| promotions | 0.22 | 0.23 |
| checks | 3.65 | 3.56 |
| ogreShoves | 2.84 | 2.73 |
| ogreShovesFriend | 2.67 | 2.53 |
| ogreShovesGuard | 0.02 | 0.02 |
| catapultChecks | 0.00 | 0.00 |

The pooled columns describe each whole population; the difference column is the mean over the
40 shared arrangements of (rule − base) on the same openings. The two can disagree in sign when the
pooled value is not a mean of the per-arrangement values (minimum utilisation is one). Trust the
paired column.

Elo of the variant population is not reported: both populations play themselves, so their scores
are not comparable as a match. Read the white score as a fairness check, not as a strength delta.

