[pb-ab-O-shovefr.base] 1600 games (0 already done), 1600 to play on 4 workers -> sim/out/pb-ab-O-shovefr.base.jsonl
[pb-ab-O-shovefr.base] depth 3, 4 random opening plies, ply cap 300, pairs off (both sides identical; --pairs forces them on)
[pb-ab-O-shovefr.base] rules {}, values {}
[pb-ab-O-shovefr.base] 2/1600  1.0 games/s  ETA 0h26m38s
[pb-ab-O-shovefr.base] 7/1600  1.7 games/s  ETA 0h15m10s
[pb-ab-O-shovefr.base] 11/1600  1.8 games/s  ETA 0h14m27s
[pb-ab-O-shovefr.base] 14/1600  1.7 games/s  ETA 0h15m06s
[pb-ab-O-shovefr.base] 19/1600  1.9 games/s  ETA 0h13m52s
[pb-ab-O-shovefr.base] 23/1600  1.9 games/s  ETA 0h13m43s
[pb-ab-O-shovefr.base] 29/1600  2.1 games/s  ETA 0h12m38s
[pb-ab-O-shovefr.base] 32/1600  2.0 games/s  ETA 0h13m04s
[pb-ab-O-shovefr.base] 36/1600  2.0 games/s  ETA 0h13m02s
[pb-ab-O-shovefr.base] 41/1600  2.0 games/s  ETA 0h12m40s
[pb-ab-O-shovefr.base] 43/1600  2.0 games/s  ETA 0h13m16s
[pb-ab-O-shovefr.base] 46/1600  1.9 games/s  ETA 0h13m31s
[pb-ab-O-shovefr.base] 49/1600  1.9 games/s  ETA 0h13m43s
[pb-ab-O-shovefr.base] 54/1600  1.9 games/s  ETA 0h13m21s
[pb-ab-O-shovefr.base] 58/1600  1.9 games/s  ETA 0h13m17s
[pb-ab-O-shovefr.base] 65/1600  2.0 games/s  ETA 0h12m36s
[pb-ab-O-shovefr.base] 68/1600  2.0 games/s  ETA 0h12m46s
[pb-ab-O-shovefr.base] 71/1600  2.0 games/s  ETA 0h12m55s
[pb-ab-O-shovefr.base] 78/1600  2.1 games/s  ETA 0h12m21s
[pb-ab-O-shovefr.base] 80/1600  2.0 games/s  ETA 0h12m40s
[pb-ab-O-shovefr.base] 84/1600  2.0 games/s  ETA 0h12m38s
[pb-ab-O-shovefr.base] 88/1600  2.0 games/s  ETA 0h12m36s
[pb-ab-O-shovefr.base] 91/1600  2.0 games/s  ETA 0h12m43s
[pb-ab-O-shovefr.base] 96/1600  2.0 games/s  ETA 0h12m32s
[pb-ab-O-shovefr.base] 100/1600  2.0 games/s  ETA 0h12m30s
[pb-ab-O-shovefr.base] 104/1600  2.0 games/s  ETA 0h12m28s
[pb-ab-O-shovefr.base] 109/1600  2.0 games/s  ETA 0h12m19s
[pb-ab-O-shovefr.base] 114/1600  2.0 games/s  ETA 0h12m10s
[pb-ab-O-shovefr.base] 118/1600  2.0 games/s  ETA 0h12m08s
[pb-ab-O-shovefr.base] 124/1600  2.1 games/s  ETA 0h11m54s
[pb-ab-O-shovefr.base] 130/1600  2.1 games/s  ETA 0h11m41s
[pb-ab-O-shovefr.base] 131/1600  2.0 games/s  ETA 0h11m58s
[pb-ab-O-shovefr.base] 136/1600  2.1 games/s  ETA 0h11m50s
[pb-ab-O-shovefr.base] 141/1600  2.1 games/s  ETA 0h11m43s
[pb-ab-O-shovefr.base] 144/1600  2.1 games/s  ETA 0h11m48s
[pb-ab-O-shovefr.base] 147/1600  2.0 games/s  ETA 0h11m52s
[pb-ab-O-shovefr.base] 150/1600  2.0 games/s  ETA 0h11m55s
[pb-ab-O-shovefr.base] 155/1600  2.0 games/s  ETA 0h11m48s
[pb-ab-O-shovefr.base] 158/1600  2.0 games/s  ETA 0h11m52s
[pb-ab-O-shovefr.base] 162/1600  2.0 games/s  ETA 0h11m50s
[pb-ab-O-shovefr.base] 164/1600  2.0 games/s  ETA 0h11m58s
[pb-ab-O-shovefr.base] 169/1600  2.0 games/s  ETA 0h11m51s
[pb-ab-O-shovefr.base] 174/1600  2.0 games/s  ETA 0h11m45s
[pb-ab-O-shovefr.base] 176/1600  2.0 games/s  ETA 0h11m52s
[pb-ab-O-shovefr.base] 179/1600  2.0 games/s  ETA 0h11m54s
[pb-ab-O-shovefr.base] 183/1600  2.0 games/s  ETA 0h11m52s
[pb-ab-O-shovefr.base] 187/1600  2.0 games/s  ETA 0h11m50s
[pb-ab-O-shovefr.base] 189/1600  2.0 games/s  ETA 0h11m57s
[pb-ab-O-shovefr.base] 192/1600  2.0 games/s  ETA 0h11m59s
[pb-ab-O-shovefr.base] 196/1600  2.0 games/s  ETA 0h11m56s
[pb-ab-O-shovefr.base] 199/1600  1.9 games/s  ETA 0h11m58s
[pb-ab-O-shovefr.base] 202/1600  1.9 games/s  ETA 0h12m00s
[pb-ab-O-shovefr.base] 206/1600  1.9 games/s  ETA 0h11m57s
[pb-ab-O-shovefr.base] 208/1600  1.9 games/s  ETA 0h12m03s
[pb-ab-O-shovefr.base] 211/1600  1.9 games/s  ETA 0h12m04s
[pb-ab-O-shovefr.base] 216/1600  1.9 games/s  ETA 0h11m58s
[pb-ab-O-shovefr.base] 219/1600  1.9 games/s  ETA 0h11m59s
[pb-ab-O-shovefr.base] 223/1600  1.9 games/s  ETA 0h11m56s
[pb-ab-O-shovefr.base] 224/1600  1.9 games/s  ETA 0h12m05s
[pb-ab-O-shovefr.base] 227/1600  1.9 games/s  ETA 0h12m06s
[pb-ab-O-shovefr.base] 231/1600  1.9 games/s  ETA 0h12m03s
[pb-ab-O-shovefr.base] 235/1600  1.9 games/s  ETA 0h12m00s
[pb-ab-O-shovefr.base] 237/1600  1.9 games/s  ETA 0h12m05s
[pb-ab-O-shovefr.base] 240/1600  1.9 games/s  ETA 0h12m05s
[pb-ab-O-shovefr.base] 244/1600  1.9 games/s  ETA 0h12m02s
[pb-ab-O-shovefr.base] 246/1600  1.9 games/s  ETA 0h12m06s
[pb-ab-O-shovefr.base] 249/1600  1.9 games/s  ETA 0h12m07s
[pb-ab-O-shovefr.base] 252/1600  1.9 games/s  ETA 0h12m07s
[pb-ab-O-shovefr.base] 255/1600  1.8 games/s  ETA 0h12m08s
[pb-ab-O-shovefr.base] 258/1600  1.8 games/s  ETA 0h12m08s
[pb-ab-O-shovefr.base] 261/1600  1.8 games/s  ETA 0h12m08s
[pb-ab-O-shovefr.base] 264/1600  1.8 games/s  ETA 0h12m09s
[pb-ab-O-shovefr.base] 265/1600  1.8 games/s  ETA 0h12m15s
[pb-ab-O-shovefr.base] 268/1600  1.8 games/s  ETA 0h12m16s
[pb-ab-O-shovefr.base] 271/1600  1.8 games/s  ETA 0h12m16s
[pb-ab-O-shovefr.base] 274/1600  1.8 games/s  ETA 0h12m16s
[pb-ab-O-shovefr.base] 278/1600  1.8 games/s  ETA 0h12m12s
[pb-ab-O-shovefr.base] 280/1600  1.8 games/s  ETA 0h12m15s
[pb-ab-O-shovefr.base] 284/1600  1.8 games/s  ETA 0h12m12s
[pb-ab-O-shovefr.base] 288/1600  1.8 games/s  ETA 0h12m09s
[pb-ab-O-shovefr.base] 291/1600  1.8 games/s  ETA 0h12m09s
[pb-ab-O-shovefr.base] 294/1600  1.8 games/s  ETA 0h12m08s
[pb-ab-O-shovefr.base] 295/1600  1.8 games/s  ETA 0h12m14s
[pb-ab-O-shovefr.base] 299/1600  1.8 games/s  ETA 0h12m11s
[pb-ab-O-shovefr.base] 301/1600  1.8 games/s  ETA 0h12m14s
[pb-ab-O-shovefr.base] 304/1600  1.8 games/s  ETA 0h12m13s
[pb-ab-O-shovefr.base] 306/1600  1.8 games/s  ETA 0h12m16s
[pb-ab-O-shovefr.base] 310/1600  1.8 games/s  ETA 0h12m12s
[pb-ab-O-shovefr.base] 314/1600  1.8 games/s  ETA 0h12m09s
[pb-ab-O-shovefr.base] 316/1600  1.8 games/s  ETA 0h12m11s
[pb-ab-O-shovefr.base] 320/1600  1.8 games/s  ETA 0h12m08s
[pb-ab-O-shovefr.base] 322/1600  1.7 games/s  ETA 0h12m10s
[pb-ab-O-shovefr.base] 324/1600  1.7 games/s  ETA 0h12m12s
[pb-ab-O-shovefr.base] 327/1600  1.7 games/s  ETA 0h12m12s
[pb-ab-O-shovefr.base] 330/1600  1.7 games/s  ETA 0h12m11s
[pb-ab-O-shovefr.base] 334/1600  1.7 games/s  ETA 0h12m08s
[pb-ab-O-shovefr.base] 335/1600  1.7 games/s  ETA 0h12m12s
[pb-ab-O-shovefr.base] 337/1600  1.7 games/s  ETA 0h12m14s
[pb-ab-O-shovefr.base] 339/1600  1.7 games/s  ETA 0h12m16s
[pb-ab-O-shovefr.base] 343/1600  1.7 games/s  ETA 0h12m13s
[pb-ab-O-shovefr.base] 346/1600  1.7 games/s  ETA 0h12m12s
[pb-ab-O-shovefr.base] 349/1600  1.7 games/s  ETA 0h12m11s
[pb-ab-O-shovefr.base] 353/1600  1.7 games/s  ETA 0h12m08s
[pb-ab-O-shovefr.base] 354/1600  1.7 games/s  ETA 0h12m12s
[pb-ab-O-shovefr.base] 355/1600  1.7 games/s  ETA 0h12m16s
[pb-ab-O-shovefr.base] 357/1600  1.7 games/s  ETA 0h12m18s
[pb-ab-O-shovefr.base] 358/1600  1.7 games/s  ETA 0h12m22s
[pb-ab-O-shovefr.base] 361/1600  1.7 games/s  ETA 0h12m21s
[pb-ab-O-shovefr.base] 364/1600  1.7 games/s  ETA 0h12m20s
[pb-ab-O-shovefr.base] 368/1600  1.7 games/s  ETA 0h12m16s
[pb-ab-O-shovefr.base] 370/1600  1.7 games/s  ETA 0h12m18s
[pb-ab-O-shovefr.base] 373/1600  1.7 games/s  ETA 0h12m17s
[pb-ab-O-shovefr.base] 376/1600  1.7 games/s  ETA 0h12m16s
[pb-ab-O-shovefr.base] 380/1600  1.7 games/s  ETA 0h12m12s
[pb-ab-O-shovefr.base] 382/1600  1.7 games/s  ETA 0h12m13s
[pb-ab-O-shovefr.base] 383/1600  1.6 games/s  ETA 0h12m17s
[pb-ab-O-shovefr.base] 386/1600  1.6 games/s  ETA 0h12m16s
[pb-ab-O-shovefr.base] 388/1600  1.6 games/s  ETA 0h12m17s
[pb-ab-O-shovefr.base] 389/1600  1.6 games/s  ETA 0h12m21s
[pb-ab-O-shovefr.base] 391/1600  1.6 games/s  ETA 0h12m22s
[pb-ab-O-shovefr.base] 394/1600  1.6 games/s  ETA 0h12m21s
[pb-ab-O-shovefr.base] 397/1600  1.6 games/s  ETA 0h12m19s
[pb-ab-O-shovefr.base] 398/1600  1.6 games/s  ETA 0h12m23s
[pb-ab-O-shovefr.base] 399/1600  1.6 games/s  ETA 0h12m26s
[pb-ab-O-shovefr.base] 402/1600  1.6 games/s  ETA 0h12m25s
[pb-ab-O-shovefr.base] 406/1600  1.6 games/s  ETA 0h12m21s
[pb-ab-O-shovefr.base] 409/1600  1.6 games/s  ETA 0h12m20s
[pb-ab-O-shovefr.base] 411/1600  1.6 games/s  ETA 0h12m21s
[pb-ab-O-shovefr.base] 413/1600  1.6 games/s  ETA 0h12m21s
[pb-ab-O-shovefr.base] 414/1600  1.6 games/s  ETA 0h12m25s
[pb-ab-O-shovefr.base] 416/1600  1.6 games/s  ETA 0h12m26s
[pb-ab-O-shovefr.base] 417/1600  1.6 games/s  ETA 0h12m29s
[pb-ab-O-shovefr.base] 418/1600  1.6 games/s  ETA 0h12m32s
[pb-ab-O-shovefr.base] 419/1600  1.6 games/s  ETA 0h12m35s
[pb-ab-O-shovefr.base] 422/1600  1.6 games/s  ETA 0h12m34s
[pb-ab-O-shovefr.base] 423/1600  1.6 games/s  ETA 0h12m37s
[pb-ab-O-shovefr.base] 426/1600  1.6 games/s  ETA 0h12m35s
[pb-ab-O-shovefr.base] 427/1600  1.5 games/s  ETA 0h12m38s
[pb-ab-O-shovefr.base] 429/1600  1.5 games/s  ETA 0h12m39s
[pb-ab-O-shovefr.base] 432/1600  1.5 games/s  ETA 0h12m37s
[pb-ab-O-shovefr.base] 436/1600  1.5 games/s  ETA 0h12m33s
[pb-ab-O-shovefr.base] 438/1600  1.5 games/s  ETA 0h12m33s
[pb-ab-O-shovefr.base] 442/1600  1.5 games/s  ETA 0h12m29s
[pb-ab-O-shovefr.base] 444/1600  1.5 games/s  ETA 0h12m30s
[pb-ab-O-shovefr.base] 447/1600  1.5 games/s  ETA 0h12m28s
[pb-ab-O-shovefr.base] 449/1600  1.5 games/s  ETA 0h12m28s
[pb-ab-O-shovefr.base] 453/1600  1.5 games/s  ETA 0h12m24s
[pb-ab-O-shovefr.base] 456/1600  1.5 games/s  ETA 0h12m23s
[pb-ab-O-shovefr.base] 457/1600  1.5 games/s  ETA 0h12m25s
[pb-ab-O-shovefr.base] 459/1600  1.5 games/s  ETA 0h12m26s
[pb-ab-O-shovefr.base] 463/1600  1.5 games/s  ETA 0h12m22s
[pb-ab-O-shovefr.base] 468/1600  1.5 games/s  ETA 0h12m15s
[pb-ab-O-shovefr.base] 471/1600  1.5 games/s  ETA 0h12m13s
[pb-ab-O-shovefr.base] 476/1600  1.5 games/s  ETA 0h12m07s
[pb-ab-O-shovefr.base] 479/1600  1.5 games/s  ETA 0h12m05s
[pb-ab-O-shovefr.base] 481/1600  1.5 games/s  ETA 0h12m06s
[pb-ab-O-shovefr.base] 484/1600  1.5 games/s  ETA 0h12m04s
[pb-ab-O-shovefr.base] 486/1600  1.5 games/s  ETA 0h12m04s
[pb-ab-O-shovefr.base] 488/1600  1.5 games/s  ETA 0h12m05s
[pb-ab-O-shovefr.base] 490/1600  1.5 games/s  ETA 0h12m05s
[pb-ab-O-shovefr.base] 491/1600  1.5 games/s  ETA 0h12m07s
[pb-ab-O-shovefr.base] 493/1600  1.5 games/s  ETA 0h12m07s
[pb-ab-O-shovefr.base] 494/1600  1.5 games/s  ETA 0h12m10s
[pb-ab-O-shovefr.base] 497/1600  1.5 games/s  ETA 0h12m08s
[pb-ab-O-shovefr.base] 499/1600  1.5 games/s  ETA 0h12m08s
[pb-ab-O-shovefr.base] 501/1600  1.5 games/s  ETA 0h12m08s
[pb-ab-O-shovefr.base] 505/1600  1.5 games/s  ETA 0h12m04s
[pb-ab-O-shovefr.base] 508/1600  1.5 games/s  ETA 0h12m02s
[pb-ab-O-shovefr.base] 512/1600  1.5 games/s  ETA 0h11m58s
[pb-ab-O-shovefr.base] 514/1600  1.5 games/s  ETA 0h11m58s
[pb-ab-O-shovefr.base] 517/1600  1.5 games/s  ETA 0h11m56s
[pb-ab-O-shovefr.base] 518/1600  1.5 games/s  ETA 0h11m58s
[pb-ab-O-shovefr.base] 520/1600  1.5 games/s  ETA 0h11m59s
[pb-ab-O-shovefr.base] 526/1600  1.5 games/s  ETA 0h11m50s
[pb-ab-O-shovefr.base] 529/1600  1.5 games/s  ETA 0h11m49s
[pb-ab-O-shovefr.base] 533/1600  1.5 games/s  ETA 0h11m45s
[pb-ab-O-shovefr.base] 536/1600  1.5 games/s  ETA 0h11m43s
[pb-ab-O-shovefr.base] 539/1600  1.5 games/s  ETA 0h11m41s
[pb-ab-O-shovefr.base] 543/1600  1.5 games/s  ETA 0h11m37s
[pb-ab-O-shovefr.base] 545/1600  1.5 games/s  ETA 0h11m37s
[pb-ab-O-shovefr.base] 549/1600  1.5 games/s  ETA 0h11m33s
[pb-ab-O-shovefr.base] 551/1600  1.5 games/s  ETA 0h11m33s
[pb-ab-O-shovefr.base] 554/1600  1.5 games/s  ETA 0h11m31s
[pb-ab-O-shovefr.base] 555/1600  1.5 games/s  ETA 0h11m33s
[pb-ab-O-shovefr.base] 560/1600  1.5 games/s  ETA 0h11m27s
[pb-ab-O-shovefr.base] 563/1600  1.5 games/s  ETA 0h11m25s
[pb-ab-O-shovefr.base] 564/1600  1.5 games/s  ETA 0h11m27s
[pb-ab-O-shovefr.base] 567/1600  1.5 games/s  ETA 0h11m25s
[pb-ab-O-shovefr.base] 571/1600  1.5 games/s  ETA 0h11m21s
[pb-ab-O-shovefr.base] 574/1600  1.5 games/s  ETA 0h11m19s
[pb-ab-O-shovefr.base] 579/1600  1.5 games/s  ETA 0h11m14s
[pb-ab-O-shovefr.base] 583/1600  1.5 games/s  ETA 0h11m10s
[pb-ab-O-shovefr.base] 584/1600  1.5 games/s  ETA 0h11m11s
[pb-ab-O-shovefr.base] 588/1600  1.5 games/s  ETA 0h11m08s
[pb-ab-O-shovefr.base] 590/1600  1.5 games/s  ETA 0h11m08s
[pb-ab-O-shovefr.base] 592/1600  1.5 games/s  ETA 0h11m07s
[pb-ab-O-shovefr.base] 595/1600  1.5 games/s  ETA 0h11m05s
[pb-ab-O-shovefr.base] 598/1600  1.5 games/s  ETA 0h11m03s
[pb-ab-O-shovefr.base] 602/1600  1.5 games/s  ETA 0h11m00s
[pb-ab-O-shovefr.base] 607/1600  1.5 games/s  ETA 0h10m54s
[pb-ab-O-shovefr.base] 610/1600  1.5 games/s  ETA 0h10m52s
[pb-ab-O-shovefr.base] 612/1600  1.5 games/s  ETA 0h10m52s
[pb-ab-O-shovefr.base] 615/1600  1.5 games/s  ETA 0h10m50s
[pb-ab-O-shovefr.base] 617/1600  1.5 games/s  ETA 0h10m50s
[pb-ab-O-shovefr.base] 620/1600  1.5 games/s  ETA 0h10m48s
[pb-ab-O-shovefr.base] 624/1600  1.5 games/s  ETA 0h10m44s
[pb-ab-O-shovefr.base] 626/1600  1.5 games/s  ETA 0h10m44s
[pb-ab-O-shovefr.base] 628/1600  1.5 games/s  ETA 0h10m44s
[pb-ab-O-shovefr.base] 631/1600  1.5 games/s  ETA 0h10m42s
[pb-ab-O-shovefr.base] 634/1600  1.5 games/s  ETA 0h10m40s
[pb-ab-O-shovefr.base] 636/1600  1.5 games/s  ETA 0h10m40s
[pb-ab-O-shovefr.base] 638/1600  1.5 games/s  ETA 0h10m39s
[pb-ab-O-shovefr.base] 640/1600  1.5 games/s  ETA 0h10m39s
[pb-ab-O-shovefr.base] 645/1600  1.5 games/s  ETA 0h10m34s
[pb-ab-O-shovefr.base] 649/1600  1.5 games/s  ETA 0h10m30s
[pb-ab-O-shovefr.base] 651/1600  1.5 games/s  ETA 0h10m30s
[pb-ab-O-shovefr.base] 657/1600  1.5 games/s  ETA 0h10m23s
[pb-ab-O-shovefr.base] 659/1600  1.5 games/s  ETA 0h10m22s
[pb-ab-O-shovefr.base] 662/1600  1.5 games/s  ETA 0h10m20s
[pb-ab-O-shovefr.base] 663/1600  1.5 games/s  ETA 0h10m22s
[pb-ab-O-shovefr.base] 667/1600  1.5 games/s  ETA 0h10m18s
[pb-ab-O-shovefr.base] 668/1600  1.5 games/s  ETA 0h10m19s
[pb-ab-O-shovefr.base] 673/1600  1.5 games/s  ETA 0h10m14s
[pb-ab-O-shovefr.base] 674/1600  1.5 games/s  ETA 0h10m15s
[pb-ab-O-shovefr.base] 679/1600  1.5 games/s  ETA 0h10m10s
[pb-ab-O-shovefr.base] 686/1600  1.5 games/s  ETA 0h10m02s
[pb-ab-O-shovefr.base] 688/1600  1.5 games/s  ETA 0h10m02s
[pb-ab-O-shovefr.base] 693/1600  1.5 games/s  ETA 0h09m57s
[pb-ab-O-shovefr.base] 696/1600  1.5 games/s  ETA 0h09m55s
[pb-ab-O-shovefr.base] 700/1600  1.5 games/s  ETA 0h09m51s
[pb-ab-O-shovefr.base] 704/1600  1.5 games/s  ETA 0h09m48s
[pb-ab-O-shovefr.base] 708/1600  1.5 games/s  ETA 0h09m44s
[pb-ab-O-shovefr.base] 711/1600  1.5 games/s  ETA 0h09m43s
[pb-ab-O-shovefr.base] 714/1600  1.5 games/s  ETA 0h09m41s
[pb-ab-O-shovefr.base] 717/1600  1.5 games/s  ETA 0h09m39s
[pb-ab-O-shovefr.base] 720/1600  1.5 games/s  ETA 0h09m37s
[pb-ab-O-shovefr.base] 722/1600  1.5 games/s  ETA 0h09m36s
[pb-ab-O-shovefr.base] 725/1600  1.5 games/s  ETA 0h09m34s
[pb-ab-O-shovefr.base] 726/1600  1.5 games/s  ETA 0h09m35s
[pb-ab-O-shovefr.base] 729/1600  1.5 games/s  ETA 0h09m33s
[pb-ab-O-shovefr.base] 730/1600  1.5 games/s  ETA 0h09m34s
[pb-ab-O-shovefr.base] 733/1600  1.5 games/s  ETA 0h09m32s
[pb-ab-O-shovefr.base] 735/1600  1.5 games/s  ETA 0h09m32s
[pb-ab-O-shovefr.base] 737/1600  1.5 games/s  ETA 0h09m31s
[pb-ab-O-shovefr.base] 739/1600  1.5 games/s  ETA 0h09m31s
[pb-ab-O-shovefr.base] 742/1600  1.5 games/s  ETA 0h09m29s
[pb-ab-O-shovefr.base] 746/1600  1.5 games/s  ETA 0h09m25s
[pb-ab-O-shovefr.base] 750/1600  1.5 games/s  ETA 0h09m22s
[pb-ab-O-shovefr.base] 752/1600  1.5 games/s  ETA 0h09m21s
[pb-ab-O-shovefr.base] 756/1600  1.5 games/s  ETA 0h09m18s
[pb-ab-O-shovefr.base] 757/1600  1.5 games/s  ETA 0h09m19s
[pb-ab-O-shovefr.base] 758/1600  1.5 games/s  ETA 0h09m20s
[pb-ab-O-shovefr.base] 762/1600  1.5 games/s  ETA 0h09m16s
[pb-ab-O-shovefr.base] 764/1600  1.5 games/s  ETA 0h09m16s
[pb-ab-O-shovefr.base] 767/1600  1.5 games/s  ETA 0h09m14s
[pb-ab-O-shovefr.base] 768/1600  1.5 games/s  ETA 0h09m15s
[pb-ab-O-shovefr.base] 769/1600  1.5 games/s  ETA 0h09m15s
[pb-ab-O-shovefr.base] 771/1600  1.5 games/s  ETA 0h09m15s
[pb-ab-O-shovefr.base] 773/1600  1.5 games/s  ETA 0h09m14s
[pb-ab-O-shovefr.base] 774/1600  1.5 games/s  ETA 0h09m15s
[pb-ab-O-shovefr.base] 777/1600  1.5 games/s  ETA 0h09m13s
[pb-ab-O-shovefr.base] 777/1600  1.5 games/s  ETA 0h09m15s
[pb-ab-O-shovefr.base] 779/1600  1.5 games/s  ETA 0h09m14s
[pb-ab-O-shovefr.base] 782/1600  1.5 games/s  ETA 0h09m12s
[pb-ab-O-shovefr.base] 785/1600  1.5 games/s  ETA 0h09m10s
[pb-ab-O-shovefr.base] 789/1600  1.5 games/s  ETA 0h09m07s
[pb-ab-O-shovefr.base] 793/1600  1.5 games/s  ETA 0h09m03s
[pb-ab-O-shovefr.base] 796/1600  1.5 games/s  ETA 0h09m01s
[pb-ab-O-shovefr.base] 799/1600  1.5 games/s  ETA 0h08m59s
[pb-ab-O-shovefr.base] 802/1600  1.5 games/s  ETA 0h08m57s
[pb-ab-O-shovefr.base] 807/1600  1.5 games/s  ETA 0h08m52s
[pb-ab-O-shovefr.base] 808/1600  1.5 games/s  ETA 0h08m53s
[pb-ab-O-shovefr.base] 811/1600  1.5 games/s  ETA 0h08m51s
[pb-ab-O-shovefr.base] 815/1600  1.5 games/s  ETA 0h08m48s
[pb-ab-O-shovefr.base] 816/1600  1.5 games/s  ETA 0h08m48s
[pb-ab-O-shovefr.base] 818/1600  1.5 games/s  ETA 0h08m48s
[pb-ab-O-shovefr.base] 821/1600  1.5 games/s  ETA 0h08m45s
[pb-ab-O-shovefr.base] 824/1600  1.5 games/s  ETA 0h08m43s
[pb-ab-O-shovefr.base] 827/1600  1.5 games/s  ETA 0h08m41s
[pb-ab-O-shovefr.base] 831/1600  1.5 games/s  ETA 0h08m38s
[pb-ab-O-shovefr.base] 834/1600  1.5 games/s  ETA 0h08m36s
[pb-ab-O-shovefr.base] 836/1600  1.5 games/s  ETA 0h08m35s
[pb-ab-O-shovefr.base] 838/1600  1.5 games/s  ETA 0h08m34s
[pb-ab-O-shovefr.base] 841/1600  1.5 games/s  ETA 0h08m32s
[pb-ab-O-shovefr.base] 843/1600  1.5 games/s  ETA 0h08m32s
[pb-ab-O-shovefr.base] 845/1600  1.5 games/s  ETA 0h08m31s
[pb-ab-O-shovefr.base] 849/1600  1.5 games/s  ETA 0h08m28s
[pb-ab-O-shovefr.base] 851/1600  1.5 games/s  ETA 0h08m27s
[pb-ab-O-shovefr.base] 853/1600  1.5 games/s  ETA 0h08m26s
[pb-ab-O-shovefr.base] 857/1600  1.5 games/s  ETA 0h08m23s
[pb-ab-O-shovefr.base] 860/1600  1.5 games/s  ETA 0h08m21s
[pb-ab-O-shovefr.base] 864/1600  1.5 games/s  ETA 0h08m17s
[pb-ab-O-shovefr.base] 868/1600  1.5 games/s  ETA 0h08m14s
[pb-ab-O-shovefr.base] 870/1600  1.5 games/s  ETA 0h08m13s
[pb-ab-O-shovefr.base] 871/1600  1.5 games/s  ETA 0h08m14s
[pb-ab-O-shovefr.base] 875/1600  1.5 games/s  ETA 0h08m10s
[pb-ab-O-shovefr.base] 876/1600  1.5 games/s  ETA 0h08m11s
[pb-ab-O-shovefr.base] 880/1600  1.5 games/s  ETA 0h08m07s
[pb-ab-O-shovefr.base] 882/1600  1.5 games/s  ETA 0h08m07s
[pb-ab-O-shovefr.base] 883/1600  1.5 games/s  ETA 0h08m07s
[pb-ab-O-shovefr.base] 885/1600  1.5 games/s  ETA 0h08m06s
[pb-ab-O-shovefr.base] 887/1600  1.5 games/s  ETA 0h08m05s
[pb-ab-O-shovefr.base] 887/1600  1.5 games/s  ETA 0h08m07s
[pb-ab-O-shovefr.base] 887/1600  1.5 games/s  ETA 0h08m09s
[pb-ab-O-shovefr.base] 889/1600  1.5 games/s  ETA 0h08m08s
[pb-ab-O-shovefr.base] 891/1600  1.5 games/s  ETA 0h08m07s
[pb-ab-O-shovefr.base] 893/1600  1.5 games/s  ETA 0h08m06s
[pb-ab-O-shovefr.base] 896/1600  1.5 games/s  ETA 0h08m04s
[pb-ab-O-shovefr.base] 898/1600  1.5 games/s  ETA 0h08m03s
[pb-ab-O-shovefr.base] 901/1600  1.5 games/s  ETA 0h08m01s
[pb-ab-O-shovefr.base] 904/1600  1.5 games/s  ETA 0h07m59s
[pb-ab-O-shovefr.base] 907/1600  1.5 games/s  ETA 0h07m57s
[pb-ab-O-shovefr.base] 910/1600  1.5 games/s  ETA 0h07m54s
[pb-ab-O-shovefr.base] 915/1600  1.5 games/s  ETA 0h07m50s
[pb-ab-O-shovefr.base] 917/1600  1.5 games/s  ETA 0h07m49s
[pb-ab-O-shovefr.base] 921/1600  1.5 games/s  ETA 0h07m46s
[pb-ab-O-shovefr.base] 925/1600  1.5 games/s  ETA 0h07m42s
[pb-ab-O-shovefr.base] 928/1600  1.5 games/s  ETA 0h07m40s
[pb-ab-O-shovefr.base] 931/1600  1.5 games/s  ETA 0h07m38s
[pb-ab-O-shovefr.base] 936/1600  1.5 games/s  ETA 0h07m34s
[pb-ab-O-shovefr.base] 939/1600  1.5 games/s  ETA 0h07m32s
[pb-ab-O-shovefr.base] 943/1600  1.5 games/s  ETA 0h07m28s
[pb-ab-O-shovefr.base] 948/1600  1.5 games/s  ETA 0h07m24s
[pb-ab-O-shovefr.base] 951/1600  1.5 games/s  ETA 0h07m22s
[pb-ab-O-shovefr.base] 954/1600  1.5 games/s  ETA 0h07m20s
[pb-ab-O-shovefr.base] 959/1600  1.5 games/s  ETA 0h07m16s
[pb-ab-O-shovefr.base] 962/1600  1.5 games/s  ETA 0h07m13s
[pb-ab-O-shovefr.base] 967/1600  1.5 games/s  ETA 0h07m09s
[pb-ab-O-shovefr.base] 970/1600  1.5 games/s  ETA 0h07m07s
[pb-ab-O-shovefr.base] 974/1600  1.5 games/s  ETA 0h07m04s
[pb-ab-O-shovefr.base] 977/1600  1.5 games/s  ETA 0h07m02s
[pb-ab-O-shovefr.base] 982/1600  1.5 games/s  ETA 0h06m58s
[pb-ab-O-shovefr.base] 986/1600  1.5 games/s  ETA 0h06m54s
[pb-ab-O-shovefr.base] 990/1600  1.5 games/s  ETA 0h06m51s
[pb-ab-O-shovefr.base] 995/1600  1.5 games/s  ETA 0h06m47s
[pb-ab-O-shovefr.base] 999/1600  1.5 games/s  ETA 0h06m44s
[pb-ab-O-shovefr.base] 1003/1600  1.5 games/s  ETA 0h06m41s
[pb-ab-O-shovefr.base] 1007/1600  1.5 games/s  ETA 0h06m38s
[pb-ab-O-shovefr.base] 1011/1600  1.5 games/s  ETA 0h06m35s
[pb-ab-O-shovefr.base] 1015/1600  1.5 games/s  ETA 0h06m32s
[pb-ab-O-shovefr.base] 1018/1600  1.5 games/s  ETA 0h06m30s
[pb-ab-O-shovefr.base] 1019/1600  1.5 games/s  ETA 0h06m30s
[pb-ab-O-shovefr.base] 1024/1600  1.5 games/s  ETA 0h06m26s
[pb-ab-O-shovefr.base] 1030/1600  1.5 games/s  ETA 0h06m20s
[pb-ab-O-shovefr.base] 1035/1600  1.5 games/s  ETA 0h06m16s
[pb-ab-O-shovefr.base] 1039/1600  1.5 games/s  ETA 0h06m13s
[pb-ab-O-shovefr.base] 1041/1600  1.5 games/s  ETA 0h06m12s
[pb-ab-O-shovefr.base] 1045/1600  1.5 games/s  ETA 0h06m09s
[pb-ab-O-shovefr.base] 1049/1600  1.5 games/s  ETA 0h06m06s
[pb-ab-O-shovefr.base] 1052/1600  1.5 games/s  ETA 0h06m04s
[pb-ab-O-shovefr.base] 1055/1600  1.5 games/s  ETA 0h06m02s
[pb-ab-O-shovefr.base] 1059/1600  1.5 games/s  ETA 0h05m59s
[pb-ab-O-shovefr.base] 1060/1600  1.5 games/s  ETA 0h05m59s
[pb-ab-O-shovefr.base] 1061/1600  1.5 games/s  ETA 0h05m59s
[pb-ab-O-shovefr.base] 1064/1600  1.5 games/s  ETA 0h05m57s
[pb-ab-O-shovefr.base] 1069/1600  1.5 games/s  ETA 0h05m53s
[pb-ab-O-shovefr.base] 1070/1600  1.5 games/s  ETA 0h05m53s
[pb-ab-O-shovefr.base] 1074/1600  1.5 games/s  ETA 0h05m50s
[pb-ab-O-shovefr.base] 1076/1600  1.5 games/s  ETA 0h05m49s
[pb-ab-O-shovefr.base] 1079/1600  1.5 games/s  ETA 0h05m47s
[pb-ab-O-shovefr.base] 1081/1600  1.5 games/s  ETA 0h05m46s
[pb-ab-O-shovefr.base] 1085/1600  1.5 games/s  ETA 0h05m43s
[pb-ab-O-shovefr.base] 1092/1600  1.5 games/s  ETA 0h05m37s
[pb-ab-O-shovefr.base] 1095/1600  1.5 games/s  ETA 0h05m35s
[pb-ab-O-shovefr.base] 1099/1600  1.5 games/s  ETA 0h05m32s
[pb-ab-O-shovefr.base] 1102/1600  1.5 games/s  ETA 0h05m30s
[pb-ab-O-shovefr.base] 1106/1600  1.5 games/s  ETA 0h05m28s
[pb-ab-O-shovefr.base] 1110/1600  1.5 games/s  ETA 0h05m25s
[pb-ab-O-shovefr.base] 1115/1600  1.5 games/s  ETA 0h05m21s
[pb-ab-O-shovefr.base] 1118/1600  1.5 games/s  ETA 0h05m19s
[pb-ab-O-shovefr.base] 1122/1600  1.5 games/s  ETA 0h05m16s
[pb-ab-O-shovefr.base] 1126/1600  1.5 games/s  ETA 0h05m13s
[pb-ab-O-shovefr.base] 1131/1600  1.5 games/s  ETA 0h05m09s
[pb-ab-O-shovefr.base] 1135/1600  1.5 games/s  ETA 0h05m06s
[pb-ab-O-shovefr.base] 1137/1600  1.5 games/s  ETA 0h05m05s
[pb-ab-O-shovefr.base] 1140/1600  1.5 games/s  ETA 0h05m03s
[pb-ab-O-shovefr.base] 1142/1600  1.5 games/s  ETA 0h05m02s
[pb-ab-O-shovefr.base] 1145/1600  1.5 games/s  ETA 0h05m00s
[pb-ab-O-shovefr.base] 1148/1600  1.5 games/s  ETA 0h04m58s
[pb-ab-O-shovefr.base] 1150/1600  1.5 games/s  ETA 0h04m57s
[pb-ab-O-shovefr.base] 1155/1600  1.5 games/s  ETA 0h04m53s
[pb-ab-O-shovefr.base] 1156/1600  1.5 games/s  ETA 0h04m53s
[pb-ab-O-shovefr.base] 1160/1600  1.5 games/s  ETA 0h04m50s
[pb-ab-O-shovefr.base] 1162/1600  1.5 games/s  ETA 0h04m49s
[pb-ab-O-shovefr.base] 1166/1600  1.5 games/s  ETA 0h04m46s
[pb-ab-O-shovefr.base] 1170/1600  1.5 games/s  ETA 0h04m43s
[pb-ab-O-shovefr.base] 1173/1600  1.5 games/s  ETA 0h04m41s
[pb-ab-O-shovefr.base] 1175/1600  1.5 games/s  ETA 0h04m40s
[pb-ab-O-shovefr.base] 1179/1600  1.5 games/s  ETA 0h04m37s
[pb-ab-O-shovefr.base] 1183/1600  1.5 games/s  ETA 0h04m35s
[pb-ab-O-shovefr.base] 1186/1600  1.5 games/s  ETA 0h04m33s
[pb-ab-O-shovefr.base] 1189/1600  1.5 games/s  ETA 0h04m31s
[pb-ab-O-shovefr.base] 1192/1600  1.5 games/s  ETA 0h04m29s
[pb-ab-O-shovefr.base] 1195/1600  1.5 games/s  ETA 0h04m27s
[pb-ab-O-shovefr.base] 1199/1600  1.5 games/s  ETA 0h04m24s
[pb-ab-O-shovefr.base] 1202/1600  1.5 games/s  ETA 0h04m22s
[pb-ab-O-shovefr.base] 1204/1600  1.5 games/s  ETA 0h04m21s
[pb-ab-O-shovefr.base] 1208/1600  1.5 games/s  ETA 0h04m18s
[pb-ab-O-shovefr.base] 1212/1600  1.5 games/s  ETA 0h04m15s
[pb-ab-O-shovefr.base] 1214/1600  1.5 games/s  ETA 0h04m14s
[pb-ab-O-shovefr.base] 1220/1600  1.5 games/s  ETA 0h04m09s
[pb-ab-O-shovefr.base] 1222/1600  1.5 games/s  ETA 0h04m08s
[pb-ab-O-shovefr.base] 1228/1600  1.5 games/s  ETA 0h04m04s
[pb-ab-O-shovefr.base] 1233/1600  1.5 games/s  ETA 0h04m00s
[pb-ab-O-shovefr.base] 1236/1600  1.5 games/s  ETA 0h03m58s
[pb-ab-O-shovefr.base] 1240/1600  1.5 games/s  ETA 0h03m55s
[pb-ab-O-shovefr.base] 1243/1600  1.5 games/s  ETA 0h03m53s
[pb-ab-O-shovefr.base] 1247/1600  1.5 games/s  ETA 0h03m51s
[pb-ab-O-shovefr.base] 1251/1600  1.5 games/s  ETA 0h03m48s
[pb-ab-O-shovefr.base] 1255/1600  1.5 games/s  ETA 0h03m45s
[pb-ab-O-shovefr.base] 1258/1600  1.5 games/s  ETA 0h03m43s
[pb-ab-O-shovefr.base] 1262/1600  1.5 games/s  ETA 0h03m40s
[pb-ab-O-shovefr.base] 1266/1600  1.5 games/s  ETA 0h03m38s
[pb-ab-O-shovefr.base] 1269/1600  1.5 games/s  ETA 0h03m36s
[pb-ab-O-shovefr.base] 1273/1600  1.5 games/s  ETA 0h03m33s
[pb-ab-O-shovefr.base] 1277/1600  1.5 games/s  ETA 0h03m30s
[pb-ab-O-shovefr.base] 1279/1600  1.5 games/s  ETA 0h03m29s
[pb-ab-O-shovefr.base] 1282/1600  1.5 games/s  ETA 0h03m27s
[pb-ab-O-shovefr.base] 1288/1600  1.5 games/s  ETA 0h03m23s
[pb-ab-O-shovefr.base] 1290/1600  1.5 games/s  ETA 0h03m21s
[pb-ab-O-shovefr.base] 1293/1600  1.5 games/s  ETA 0h03m20s
[pb-ab-O-shovefr.base] 1298/1600  1.5 games/s  ETA 0h03m16s
[pb-ab-O-shovefr.base] 1299/1600  1.5 games/s  ETA 0h03m16s
[pb-ab-O-shovefr.base] 1304/1600  1.5 games/s  ETA 0h03m12s
[pb-ab-O-shovefr.base] 1308/1600  1.5 games/s  ETA 0h03m09s
[pb-ab-O-shovefr.base] 1311/1600  1.5 games/s  ETA 0h03m07s
[pb-ab-O-shovefr.base] 1316/1600  1.5 games/s  ETA 0h03m04s
[pb-ab-O-shovefr.base] 1320/1600  1.5 games/s  ETA 0h03m01s
[pb-ab-O-shovefr.base] 1323/1600  1.5 games/s  ETA 0h02m59s
[pb-ab-O-shovefr.base] 1329/1600  1.5 games/s  ETA 0h02m55s
[pb-ab-O-shovefr.base] 1333/1600  1.5 games/s  ETA 0h02m52s
[pb-ab-O-shovefr.base] 1337/1600  1.5 games/s  ETA 0h02m50s
[pb-ab-O-shovefr.base] 1340/1600  1.5 games/s  ETA 0h02m48s
[pb-ab-O-shovefr.base] 1343/1600  1.5 games/s  ETA 0h02m46s
[pb-ab-O-shovefr.base] 1345/1600  1.5 games/s  ETA 0h02m45s
[pb-ab-O-shovefr.base] 1348/1600  1.5 games/s  ETA 0h02m43s
[pb-ab-O-shovefr.base] 1353/1600  1.5 games/s  ETA 0h02m39s
[pb-ab-O-shovefr.base] 1356/1600  1.5 games/s  ETA 0h02m37s
[pb-ab-O-shovefr.base] 1362/1600  1.6 games/s  ETA 0h02m33s
[pb-ab-O-shovefr.base] 1366/1600  1.6 games/s  ETA 0h02m30s
[pb-ab-O-shovefr.base] 1373/1600  1.6 games/s  ETA 0h02m25s
[pb-ab-O-shovefr.base] 1377/1600  1.6 games/s  ETA 0h02m23s
[pb-ab-O-shovefr.base] 1383/1600  1.6 games/s  ETA 0h02m19s
[pb-ab-O-shovefr.base] 1388/1600  1.6 games/s  ETA 0h02m15s
[pb-ab-O-shovefr.base] 1392/1600  1.6 games/s  ETA 0h02m13s
[pb-ab-O-shovefr.base] 1396/1600  1.6 games/s  ETA 0h02m10s
[pb-ab-O-shovefr.base] 1397/1600  1.6 games/s  ETA 0h02m09s
[pb-ab-O-shovefr.base] 1403/1600  1.6 games/s  ETA 0h02m05s
[pb-ab-O-shovefr.base] 1408/1600  1.6 games/s  ETA 0h02m02s
[pb-ab-O-shovefr.base] 1412/1600  1.6 games/s  ETA 0h01m59s
[pb-ab-O-shovefr.base] 1416/1600  1.6 games/s  ETA 0h01m57s
[pb-ab-O-shovefr.base] 1419/1600  1.6 games/s  ETA 0h01m55s
[pb-ab-O-shovefr.base] 1421/1600  1.6 games/s  ETA 0h01m54s
[pb-ab-O-shovefr.base] 1424/1600  1.6 games/s  ETA 0h01m52s
[pb-ab-O-shovefr.base] 1426/1600  1.6 games/s  ETA 0h01m51s
[pb-ab-O-shovefr.base] 1431/1600  1.6 games/s  ETA 0h01m47s
[pb-ab-O-shovefr.base] 1436/1600  1.6 games/s  ETA 0h01m44s
[pb-ab-O-shovefr.base] 1439/1600  1.6 games/s  ETA 0h01m42s
[pb-ab-O-shovefr.base] 1443/1600  1.6 games/s  ETA 0h01m39s
[pb-ab-O-shovefr.base] 1449/1600  1.6 games/s  ETA 0h01m35s
[pb-ab-O-shovefr.base] 1454/1600  1.6 games/s  ETA 0h01m32s
[pb-ab-O-shovefr.base] 1458/1600  1.6 games/s  ETA 0h01m30s
[pb-ab-O-shovefr.base] 1460/1600  1.6 games/s  ETA 0h01m28s
[pb-ab-O-shovefr.base] 1462/1600  1.6 games/s  ETA 0h01m27s
[pb-ab-O-shovefr.base] 1466/1600  1.6 games/s  ETA 0h01m25s
[pb-ab-O-shovefr.base] 1471/1600  1.6 games/s  ETA 0h01m21s
[pb-ab-O-shovefr.base] 1478/1600  1.6 games/s  ETA 0h01m17s
[pb-ab-O-shovefr.base] 1481/1600  1.6 games/s  ETA 0h01m15s
[pb-ab-O-shovefr.base] 1487/1600  1.6 games/s  ETA 0h01m11s
[pb-ab-O-shovefr.base] 1490/1600  1.6 games/s  ETA 0h01m09s
[pb-ab-O-shovefr.base] 1491/1600  1.6 games/s  ETA 0h01m08s
[pb-ab-O-shovefr.base] 1495/1600  1.6 games/s  ETA 0h01m06s
[pb-ab-O-shovefr.base] 1499/1600  1.6 games/s  ETA 0h01m03s
[pb-ab-O-shovefr.base] 1503/1600  1.6 games/s  ETA 0h01m01s
[pb-ab-O-shovefr.base] 1508/1600  1.6 games/s  ETA 0h00m57s
[pb-ab-O-shovefr.base] 1511/1600  1.6 games/s  ETA 0h00m56s
[pb-ab-O-shovefr.base] 1514/1600  1.6 games/s  ETA 0h00m54s
[pb-ab-O-shovefr.base] 1517/1600  1.6 games/s  ETA 0h00m52s
[pb-ab-O-shovefr.base] 1520/1600  1.6 games/s  ETA 0h00m50s
[pb-ab-O-shovefr.base] 1522/1600  1.6 games/s  ETA 0h00m49s
[pb-ab-O-shovefr.base] 1524/1600  1.6 games/s  ETA 0h00m48s
[pb-ab-O-shovefr.base] 1528/1600  1.6 games/s  ETA 0h00m45s
[pb-ab-O-shovefr.base] 1532/1600  1.6 games/s  ETA 0h00m42s
[pb-ab-O-shovefr.base] 1535/1600  1.6 games/s  ETA 0h00m41s
[pb-ab-O-shovefr.base] 1536/1600  1.6 games/s  ETA 0h00m40s
[pb-ab-O-shovefr.base] 1540/1600  1.6 games/s  ETA 0h00m37s
[pb-ab-O-shovefr.base] 1544/1600  1.6 games/s  ETA 0h00m35s
[pb-ab-O-shovefr.base] 1549/1600  1.6 games/s  ETA 0h00m32s
[pb-ab-O-shovefr.base] 1556/1600  1.6 games/s  ETA 0h00m27s
[pb-ab-O-shovefr.base] 1559/1600  1.6 games/s  ETA 0h00m25s
[pb-ab-O-shovefr.base] 1562/1600  1.6 games/s  ETA 0h00m23s
[pb-ab-O-shovefr.base] 1565/1600  1.6 games/s  ETA 0h00m22s
[pb-ab-O-shovefr.base] 1569/1600  1.6 games/s  ETA 0h00m19s
[pb-ab-O-shovefr.base] 1575/1600  1.6 games/s  ETA 0h00m15s
[pb-ab-O-shovefr.base] 1577/1600  1.6 games/s  ETA 0h00m14s
[pb-ab-O-shovefr.base] 1582/1600  1.6 games/s  ETA 0h00m11s
[pb-ab-O-shovefr.base] 1586/1600  1.6 games/s  ETA 0h00m08s
[pb-ab-O-shovefr.base] 1590/1600  1.6 games/s  ETA 0h00m06s
[pb-ab-O-shovefr.base] 1594/1600  1.6 games/s  ETA 0h00m03s
[pb-ab-O-shovefr.base] 1597/1600  1.6 games/s  ETA 0h00m01s
[pb-ab-O-shovefr.base] 1599/1600  1.6 games/s  ETA 0h00m00s
[pb-ab-O-shovefr.base] 1600 games in 0h16m43s (1.6 games/s)
[pb-ab-O-shovefr.base] summary -> sim/out/pb-ab-O-shovefr.base.summary.json
[pb-ab-O-shovefr.var] 1600 games (0 already done), 1600 to play on 4 workers -> sim/out/pb-ab-O-shovefr.var.jsonl
[pb-ab-O-shovefr.var] depth 3, 4 random opening plies, ply cap 300, pairs off (both sides identical; --pairs forces them on)
[pb-ab-O-shovefr.var] rules {"ogreShoveFriends":"friends"}, values {}
[pb-ab-O-shovefr.var] 2/1600  1.0 games/s  ETA 0h26m41s
[pb-ab-O-shovefr.var] 6/1600  1.5 games/s  ETA 0h17m44s
[pb-ab-O-shovefr.var] 11/1600  1.8 games/s  ETA 0h14m27s
[pb-ab-O-shovefr.var] 13/1600  1.6 games/s  ETA 0h16m17s
[pb-ab-O-shovefr.var] 17/1600  1.7 games/s  ETA 0h15m32s
[pb-ab-O-shovefr.var] 23/1600  1.9 games/s  ETA 0h13m43s
[pb-ab-O-shovefr.var] 28/1600  2.0 games/s  ETA 0h13m06s
[pb-ab-O-shovefr.var] 32/1600  2.0 games/s  ETA 0h13m04s
[pb-ab-O-shovefr.var] 36/1600  2.0 games/s  ETA 0h13m02s
[pb-ab-O-shovefr.var] 40/1600  2.0 games/s  ETA 0h13m00s
[pb-ab-O-shovefr.var] 43/1600  2.0 games/s  ETA 0h13m17s
[pb-ab-O-shovefr.var] 44/1600  1.8 games/s  ETA 0h14m09s
[pb-ab-O-shovefr.var] 48/1600  1.8 games/s  ETA 0h14m01s
[pb-ab-O-shovefr.var] 53/1600  1.9 games/s  ETA 0h13m37s
[pb-ab-O-shovefr.var] 58/1600  1.9 games/s  ETA 0h13m18s
[pb-ab-O-shovefr.var] 62/1600  1.9 games/s  ETA 0h13m14s
[pb-ab-O-shovefr.var] 68/1600  2.0 games/s  ETA 0h12m46s
[pb-ab-O-shovefr.var] 70/1600  1.9 games/s  ETA 0h13m07s
[pb-ab-O-shovefr.var] 78/1600  2.1 games/s  ETA 0h12m21s
[pb-ab-O-shovefr.var] 80/1600  2.0 games/s  ETA 0h12m40s
[pb-ab-O-shovefr.var] 84/1600  2.0 games/s  ETA 0h12m38s
[pb-ab-O-shovefr.var] 89/1600  2.0 games/s  ETA 0h12m27s
[pb-ab-O-shovefr.var] 92/1600  2.0 games/s  ETA 0h12m34s
[pb-ab-O-shovefr.var] 96/1600  2.0 games/s  ETA 0h12m32s
[pb-ab-O-shovefr.var] 101/1600  2.0 games/s  ETA 0h12m22s
[pb-ab-O-shovefr.var] 105/1600  2.0 games/s  ETA 0h12m20s
[pb-ab-O-shovefr.var] 111/1600  2.1 games/s  ETA 0h12m04s
[pb-ab-O-shovefr.var] 116/1600  2.1 games/s  ETA 0h11m56s
[pb-ab-O-shovefr.var] 119/1600  2.1 games/s  ETA 0h12m02s
[pb-ab-O-shovefr.var] 123/1600  2.0 games/s  ETA 0h12m00s
[pb-ab-O-shovefr.var] 129/1600  2.1 games/s  ETA 0h11m47s
[pb-ab-O-shovefr.var] 130/1600  2.0 games/s  ETA 0h12m04s
[pb-ab-O-shovefr.var] 134/1600  2.0 games/s  ETA 0h12m02s
[pb-ab-O-shovefr.var] 139/1600  2.0 games/s  ETA 0h11m55s
[pb-ab-O-shovefr.var] 141/1600  2.0 games/s  ETA 0h12m04s
[pb-ab-O-shovefr.var] 144/1600  2.0 games/s  ETA 0h12m08s
[pb-ab-O-shovefr.var] 146/1600  2.0 games/s  ETA 0h12m17s
[pb-ab-O-shovefr.var] 150/1600  2.0 games/s  ETA 0h12m15s
[pb-ab-O-shovefr.var] 153/1600  2.0 games/s  ETA 0h12m18s
[pb-ab-O-shovefr.var] 156/1600  1.9 games/s  ETA 0h12m20s
[pb-ab-O-shovefr.var] 159/1600  1.9 games/s  ETA 0h12m23s
[pb-ab-O-shovefr.var] 162/1600  1.9 games/s  ETA 0h12m26s
[pb-ab-O-shovefr.var] 164/1600  1.9 games/s  ETA 0h12m33s
[pb-ab-O-shovefr.var] 169/1600  1.9 games/s  ETA 0h12m25s
[pb-ab-O-shovefr.var] 175/1600  1.9 games/s  ETA 0h12m13s
[pb-ab-O-shovefr.var] 176/1600  1.9 games/s  ETA 0h12m24s
[pb-ab-O-shovefr.var] 183/1600  1.9 games/s  ETA 0h12m08s
[pb-ab-O-shovefr.var] 186/1600  1.9 games/s  ETA 0h12m10s
[pb-ab-O-shovefr.var] 189/1600  1.9 games/s  ETA 0h12m12s
[pb-ab-O-shovefr.var] 194/1600  1.9 games/s  ETA 0h12m05s
[pb-ab-O-shovefr.var] 197/1600  1.9 games/s  ETA 0h12m06s
[pb-ab-O-shovefr.var] 199/1600  1.9 games/s  ETA 0h12m12s
[pb-ab-O-shovefr.var] 204/1600  1.9 games/s  ETA 0h12m05s
[pb-ab-O-shovefr.var] 207/1600  1.9 games/s  ETA 0h12m07s
[pb-ab-O-shovefr.var] 211/1600  1.9 games/s  ETA 0h12m04s
[pb-ab-O-shovefr.var] 215/1600  1.9 games/s  ETA 0h12m01s
[pb-ab-O-shovefr.var] 219/1600  1.9 games/s  ETA 0h11m59s
[pb-ab-O-shovefr.var] 223/1600  1.9 games/s  ETA 0h11m56s
[pb-ab-O-shovefr.var] 226/1600  1.9 games/s  ETA 0h11m57s
[pb-ab-O-shovefr.var] 231/1600  1.9 games/s  ETA 0h11m51s
[pb-ab-O-shovefr.var] 234/1600  1.9 games/s  ETA 0h11m52s
[pb-ab-O-shovefr.var] 237/1600  1.9 games/s  ETA 0h11m53s
[pb-ab-O-shovefr.var] 243/1600  1.9 games/s  ETA 0h11m43s
[pb-ab-O-shovefr.var] 246/1600  1.9 games/s  ETA 0h11m44s
[pb-ab-O-shovefr.var] 249/1600  1.9 games/s  ETA 0h11m45s
[pb-ab-O-shovefr.var] 253/1600  1.9 games/s  ETA 0h11m43s
[pb-ab-O-shovefr.var] 256/1600  1.9 games/s  ETA 0h11m43s
[pb-ab-O-shovefr.var] 259/1600  1.9 games/s  ETA 0h11m44s
[pb-ab-O-shovefr.var] 263/1600  1.9 games/s  ETA 0h11m41s
[pb-ab-O-shovefr.var] 265/1600  1.9 games/s  ETA 0h11m45s
[pb-ab-O-shovefr.var] 269/1600  1.9 games/s  ETA 0h11m42s
[pb-ab-O-shovefr.var] 273/1600  1.9 games/s  ETA 0h11m40s
[pb-ab-O-shovefr.var] 278/1600  1.9 games/s  ETA 0h11m34s
[pb-ab-O-shovefr.var] 283/1600  1.9 games/s  ETA 0h11m29s
[pb-ab-O-shovefr.var] 287/1600  1.9 games/s  ETA 0h11m26s
[pb-ab-O-shovefr.var] 291/1600  1.9 games/s  ETA 0h11m24s
[pb-ab-O-shovefr.var] 294/1600  1.9 games/s  ETA 0h11m24s
[pb-ab-O-shovefr.var] 298/1600  1.9 games/s  ETA 0h11m21s
[pb-ab-O-shovefr.var] 301/1600  1.9 games/s  ETA 0h11m22s
[pb-ab-O-shovefr.var] 304/1600  1.9 games/s  ETA 0h11m22s
[pb-ab-O-shovefr.var] 308/1600  1.9 games/s  ETA 0h11m19s
[pb-ab-O-shovefr.var] 312/1600  1.9 games/s  ETA 0h11m17s
[pb-ab-O-shovefr.var] 316/1600  1.9 games/s  ETA 0h11m14s
[pb-ab-O-shovefr.var] 321/1600  1.9 games/s  ETA 0h11m09s
[pb-ab-O-shovefr.var] 323/1600  1.9 games/s  ETA 0h11m12s
[pb-ab-O-shovefr.var] 324/1600  1.9 games/s  ETA 0h11m17s
[pb-ab-O-shovefr.var] 329/1600  1.9 games/s  ETA 0h11m12s
[pb-ab-O-shovefr.var] 334/1600  1.9 games/s  ETA 0h11m07s
[pb-ab-O-shovefr.var] 336/1600  1.9 games/s  ETA 0h11m09s
[pb-ab-O-shovefr.var] 338/1600  1.9 games/s  ETA 0h11m12s
[pb-ab-O-shovefr.var] 343/1600  1.9 games/s  ETA 0h11m07s
[pb-ab-O-shovefr.var] 348/1600  1.9 games/s  ETA 0h11m02s
[pb-ab-O-shovefr.var] 350/1600  1.9 games/s  ETA 0h11m04s
[pb-ab-O-shovefr.var] 354/1600  1.9 games/s  ETA 0h11m02s
[pb-ab-O-shovefr.var] 355/1600  1.9 games/s  ETA 0h11m06s
[pb-ab-O-shovefr.var] 357/1600  1.9 games/s  ETA 0h11m08s
[pb-ab-O-shovefr.var] 359/1600  1.8 games/s  ETA 0h11m10s
[pb-ab-O-shovefr.var] 361/1600  1.8 games/s  ETA 0h11m13s
[pb-ab-O-shovefr.var] 367/1600  1.9 games/s  ETA 0h11m05s
[pb-ab-O-shovefr.var] 369/1600  1.8 games/s  ETA 0h11m07s
[pb-ab-O-shovefr.var] 372/1600  1.8 games/s  ETA 0h11m07s
[pb-ab-O-shovefr.var] 378/1600  1.9 games/s  ETA 0h10m59s
[pb-ab-O-shovefr.var] 381/1600  1.8 games/s  ETA 0h10m59s
[pb-ab-O-shovefr.var] 383/1600  1.8 games/s  ETA 0h11m01s
[pb-ab-O-shovefr.var] 387/1600  1.8 games/s  ETA 0h10m58s
[pb-ab-O-shovefr.var] 388/1600  1.8 games/s  ETA 0h11m02s
[pb-ab-O-shovefr.var] 391/1600  1.8 games/s  ETA 0h11m02s
[pb-ab-O-shovefr.var] 393/1600  1.8 games/s  ETA 0h11m03s
[pb-ab-O-shovefr.var] 398/1600  1.8 games/s  ETA 0h10m58s
[pb-ab-O-shovefr.var] 399/1600  1.8 games/s  ETA 0h11m02s
[pb-ab-O-shovefr.var] 402/1600  1.8 games/s  ETA 0h11m01s
[pb-ab-O-shovefr.var] 406/1600  1.8 games/s  ETA 0h10m59s
[pb-ab-O-shovefr.var] 410/1600  1.8 games/s  ETA 0h10m56s
[pb-ab-O-shovefr.var] 413/1600  1.8 games/s  ETA 0h10m55s
[pb-ab-O-shovefr.var] 415/1600  1.8 games/s  ETA 0h10m57s
[pb-ab-O-shovefr.var] 416/1600  1.8 games/s  ETA 0h11m00s
[pb-ab-O-shovefr.var] 417/1600  1.8 games/s  ETA 0h11m04s
[pb-ab-O-shovefr.var] 420/1600  1.8 games/s  ETA 0h11m03s
[pb-ab-O-shovefr.var] 422/1600  1.8 games/s  ETA 0h11m04s
[pb-ab-O-shovefr.var] 425/1600  1.8 games/s  ETA 0h11m03s
[pb-ab-O-shovefr.var] 426/1600  1.8 games/s  ETA 0h11m07s
[pb-ab-O-shovefr.var] 430/1600  1.8 games/s  ETA 0h11m04s
[pb-ab-O-shovefr.var] 433/1600  1.8 games/s  ETA 0h11m03s
[pb-ab-O-shovefr.var] 437/1600  1.8 games/s  ETA 0h11m00s
[pb-ab-O-shovefr.var] 441/1600  1.8 games/s  ETA 0h10m57s
[pb-ab-O-shovefr.var] 443/1600  1.8 games/s  ETA 0h10m58s
[pb-ab-O-shovefr.var] 448/1600  1.8 games/s  ETA 0h10m53s
[pb-ab-O-shovefr.var] 451/1600  1.8 games/s  ETA 0h10m52s
[pb-ab-O-shovefr.var] 453/1600  1.8 games/s  ETA 0h10m53s
[pb-ab-O-shovefr.var] 457/1600  1.8 games/s  ETA 0h10m50s
[pb-ab-O-shovefr.var] 463/1600  1.8 games/s  ETA 0h10m43s
[pb-ab-O-shovefr.var] 467/1600  1.8 games/s  ETA 0h10m40s
[pb-ab-O-shovefr.var] 473/1600  1.8 games/s  ETA 0h10m34s
[pb-ab-O-shovefr.var] 478/1600  1.8 games/s  ETA 0h10m29s
[pb-ab-O-shovefr.var] 482/1600  1.8 games/s  ETA 0h10m26s
[pb-ab-O-shovefr.var] 485/1600  1.8 games/s  ETA 0h10m25s
[pb-ab-O-shovefr.var] 488/1600  1.8 games/s  ETA 0h10m24s
[pb-ab-O-shovefr.var] 490/1600  1.8 games/s  ETA 0h10m25s
[pb-ab-O-shovefr.var] 491/1600  1.8 games/s  ETA 0h10m28s
[pb-ab-O-shovefr.var] 494/1600  1.8 games/s  ETA 0h10m27s
[pb-ab-O-shovefr.var] 498/1600  1.8 games/s  ETA 0h10m24s
[pb-ab-O-shovefr.var] 500/1600  1.8 games/s  ETA 0h10m25s
[pb-ab-O-shovefr.var] 506/1600  1.8 games/s  ETA 0h10m18s
[pb-ab-O-shovefr.var] 510/1600  1.8 games/s  ETA 0h10m15s
[pb-ab-O-shovefr.var] 514/1600  1.8 games/s  ETA 0h10m13s
[pb-ab-O-shovefr.var] 517/1600  1.8 games/s  ETA 0h10m12s
[pb-ab-O-shovefr.var] 520/1600  1.8 games/s  ETA 0h10m10s
[pb-ab-O-shovefr.var] 523/1600  1.8 games/s  ETA 0h10m09s
[pb-ab-O-shovefr.var] 527/1600  1.8 games/s  ETA 0h10m07s
[pb-ab-O-shovefr.var] 532/1600  1.8 games/s  ETA 0h10m02s
[pb-ab-O-shovefr.var] 536/1600  1.8 games/s  ETA 0h09m59s
[pb-ab-O-shovefr.var] 540/1600  1.8 games/s  ETA 0h09m57s
[pb-ab-O-shovefr.var] 544/1600  1.8 games/s  ETA 0h09m54s
[pb-ab-O-shovefr.var] 548/1600  1.8 games/s  ETA 0h09m51s
[pb-ab-O-shovefr.var] 551/1600  1.8 games/s  ETA 0h09m50s
[pb-ab-O-shovefr.var] 555/1600  1.8 games/s  ETA 0h09m47s
[pb-ab-O-shovefr.var] 557/1600  1.8 games/s  ETA 0h09m48s
[pb-ab-O-shovefr.var] 562/1600  1.8 games/s  ETA 0h09m43s
[pb-ab-O-shovefr.var] 563/1600  1.8 games/s  ETA 0h09m46s
[pb-ab-O-shovefr.var] 567/1600  1.8 games/s  ETA 0h09m43s
[pb-ab-O-shovefr.var] 571/1600  1.8 games/s  ETA 0h09m40s
[pb-ab-O-shovefr.var] 575/1600  1.8 games/s  ETA 0h09m37s
[pb-ab-O-shovefr.var] 581/1600  1.8 games/s  ETA 0h09m32s
[pb-ab-O-shovefr.var] 584/1600  1.8 games/s  ETA 0h09m30s
[pb-ab-O-shovefr.var] 587/1600  1.8 games/s  ETA 0h09m29s
[pb-ab-O-shovefr.var] 590/1600  1.8 games/s  ETA 0h09m28s
[pb-ab-O-shovefr.var] 592/1600  1.8 games/s  ETA 0h09m29s
[pb-ab-O-shovefr.var] 596/1600  1.8 games/s  ETA 0h09m26s
[pb-ab-O-shovefr.var] 601/1600  1.8 games/s  ETA 0h09m22s
[pb-ab-O-shovefr.var] 607/1600  1.8 games/s  ETA 0h09m16s
[pb-ab-O-shovefr.var] 611/1600  1.8 games/s  ETA 0h09m13s
[pb-ab-O-shovefr.var] 615/1600  1.8 games/s  ETA 0h09m11s
[pb-ab-O-shovefr.var] 616/1600  1.8 games/s  ETA 0h09m12s
[pb-ab-O-shovefr.var] 622/1600  1.8 games/s  ETA 0h09m07s
[pb-ab-O-shovefr.var] 623/1600  1.8 games/s  ETA 0h09m09s
[pb-ab-O-shovefr.var] 627/1600  1.8 games/s  ETA 0h09m06s
[pb-ab-O-shovefr.var] 631/1600  1.8 games/s  ETA 0h09m03s
[pb-ab-O-shovefr.var] 636/1600  1.8 games/s  ETA 0h08m59s
[pb-ab-O-shovefr.var] 636/1600  1.8 games/s  ETA 0h09m02s
[pb-ab-O-shovefr.var] 641/1600  1.8 games/s  ETA 0h08m58s
[pb-ab-O-shovefr.var] 646/1600  1.8 games/s  ETA 0h08m54s
[pb-ab-O-shovefr.var] 650/1600  1.8 games/s  ETA 0h08m52s
[pb-ab-O-shovefr.var] 654/1600  1.8 games/s  ETA 0h08m49s
[pb-ab-O-shovefr.var] 657/1600  1.8 games/s  ETA 0h08m48s
[pb-ab-O-shovefr.var] 661/1600  1.8 games/s  ETA 0h08m45s
[pb-ab-O-shovefr.var] 663/1600  1.8 games/s  ETA 0h08m46s
[pb-ab-O-shovefr.var] 665/1600  1.8 games/s  ETA 0h08m46s
[pb-ab-O-shovefr.var] 667/1600  1.8 games/s  ETA 0h08m46s
[pb-ab-O-shovefr.var] 671/1600  1.8 games/s  ETA 0h08m43s
[pb-ab-O-shovefr.var] 674/1600  1.8 games/s  ETA 0h08m42s
[pb-ab-O-shovefr.var] 678/1600  1.8 games/s  ETA 0h08m39s
[pb-ab-O-shovefr.var] 683/1600  1.8 games/s  ETA 0h08m35s
[pb-ab-O-shovefr.var] 688/1600  1.8 games/s  ETA 0h08m31s
[pb-ab-O-shovefr.var] 692/1600  1.8 games/s  ETA 0h08m29s
[pb-ab-O-shovefr.var] 696/1600  1.8 games/s  ETA 0h08m26s
[pb-ab-O-shovefr.var] 699/1600  1.8 games/s  ETA 0h08m25s
[pb-ab-O-shovefr.var] 702/1600  1.8 games/s  ETA 0h08m24s
[pb-ab-O-shovefr.var] 705/1600  1.8 games/s  ETA 0h08m22s
[pb-ab-O-shovefr.var] 709/1600  1.8 games/s  ETA 0h08m20s
[pb-ab-O-shovefr.var] 711/1600  1.8 games/s  ETA 0h08m20s
[pb-ab-O-shovefr.var] 715/1600  1.8 games/s  ETA 0h08m17s
[pb-ab-O-shovefr.var] 718/1600  1.8 games/s  ETA 0h08m16s
[pb-ab-O-shovefr.var] 720/1600  1.8 games/s  ETA 0h08m16s
[pb-ab-O-shovefr.var] 723/1600  1.8 games/s  ETA 0h08m15s
[pb-ab-O-shovefr.var] 725/1600  1.8 games/s  ETA 0h08m15s
[pb-ab-O-shovefr.var] 728/1600  1.8 games/s  ETA 0h08m13s
[pb-ab-O-shovefr.var] 729/1600  1.8 games/s  ETA 0h08m14s
[pb-ab-O-shovefr.var] 732/1600  1.8 games/s  ETA 0h08m13s
[pb-ab-O-shovefr.var] 735/1600  1.8 games/s  ETA 0h08m12s
[pb-ab-O-shovefr.var] 737/1600  1.8 games/s  ETA 0h08m12s
[pb-ab-O-shovefr.var] 739/1600  1.8 games/s  ETA 0h08m11s
[pb-ab-O-shovefr.var] 742/1600  1.7 games/s  ETA 0h08m10s
[pb-ab-O-shovefr.var] 746/1600  1.8 games/s  ETA 0h08m07s
[pb-ab-O-shovefr.var] 750/1600  1.8 games/s  ETA 0h08m05s
[pb-ab-O-shovefr.var] 753/1600  1.8 games/s  ETA 0h08m03s
[pb-ab-O-shovefr.var] 756/1600  1.7 games/s  ETA 0h08m02s
[pb-ab-O-shovefr.var] 757/1600  1.7 games/s  ETA 0h08m03s
[pb-ab-O-shovefr.var] 759/1600  1.7 games/s  ETA 0h08m03s
[pb-ab-O-shovefr.var] 762/1600  1.7 games/s  ETA 0h08m01s
[pb-ab-O-shovefr.var] 764/1600  1.7 games/s  ETA 0h08m01s
[pb-ab-O-shovefr.var] 767/1600  1.7 games/s  ETA 0h08m00s
[pb-ab-O-shovefr.var] 768/1600  1.7 games/s  ETA 0h08m01s
[pb-ab-O-shovefr.var] 769/1600  1.7 games/s  ETA 0h08m02s
[pb-ab-O-shovefr.var] 771/1600  1.7 games/s  ETA 0h08m01s
[pb-ab-O-shovefr.var] 775/1600  1.7 games/s  ETA 0h07m59s
[pb-ab-O-shovefr.var] 777/1600  1.7 games/s  ETA 0h07m59s
[pb-ab-O-shovefr.var] 779/1600  1.7 games/s  ETA 0h07m58s
[pb-ab-O-shovefr.var] 779/1600  1.7 games/s  ETA 0h08m00s
[pb-ab-O-shovefr.var] 784/1600  1.7 games/s  ETA 0h07m56s
[pb-ab-O-shovefr.var] 786/1600  1.7 games/s  ETA 0h07m56s
[pb-ab-O-shovefr.var] 790/1600  1.7 games/s  ETA 0h07m53s
[pb-ab-O-shovefr.var] 794/1600  1.7 games/s  ETA 0h07m51s
[pb-ab-O-shovefr.var] 798/1600  1.7 games/s  ETA 0h07m48s
[pb-ab-O-shovefr.var] 801/1600  1.7 games/s  ETA 0h07m47s
[pb-ab-O-shovefr.var] 804/1600  1.7 games/s  ETA 0h07m45s
[pb-ab-O-shovefr.var] 807/1600  1.7 games/s  ETA 0h07m44s
[pb-ab-O-shovefr.var] 812/1600  1.7 games/s  ETA 0h07m40s
[pb-ab-O-shovefr.var] 816/1600  1.7 games/s  ETA 0h07m37s
[pb-ab-O-shovefr.var] 816/1600  1.7 games/s  ETA 0h07m39s
[pb-ab-O-shovefr.var] 817/1600  1.7 games/s  ETA 0h07m40s
[pb-ab-O-shovefr.var] 823/1600  1.7 games/s  ETA 0h07m35s
[pb-ab-O-shovefr.var] 825/1600  1.7 games/s  ETA 0h07m34s
[pb-ab-O-shovefr.var] 828/1600  1.7 games/s  ETA 0h07m33s
[pb-ab-O-shovefr.var] 833/1600  1.7 games/s  ETA 0h07m29s
[pb-ab-O-shovefr.var] 835/1600  1.7 games/s  ETA 0h07m29s
[pb-ab-O-shovefr.var] 837/1600  1.7 games/s  ETA 0h07m28s
[pb-ab-O-shovefr.var] 838/1600  1.7 games/s  ETA 0h07m29s
[pb-ab-O-shovefr.var] 842/1600  1.7 games/s  ETA 0h07m26s
[pb-ab-O-shovefr.var] 844/1600  1.7 games/s  ETA 0h07m26s
[pb-ab-O-shovefr.var] 845/1600  1.7 games/s  ETA 0h07m26s
[pb-ab-O-shovefr.var] 849/1600  1.7 games/s  ETA 0h07m24s
[pb-ab-O-shovefr.var] 851/1600  1.7 games/s  ETA 0h07m23s
[pb-ab-O-shovefr.var] 853/1600  1.7 games/s  ETA 0h07m23s
[pb-ab-O-shovefr.var] 857/1600  1.7 games/s  ETA 0h07m20s
[pb-ab-O-shovefr.var] 859/1600  1.7 games/s  ETA 0h07m20s
[pb-ab-O-shovefr.var] 863/1600  1.7 games/s  ETA 0h07m17s
[pb-ab-O-shovefr.var] 866/1600  1.7 games/s  ETA 0h07m15s
[pb-ab-O-shovefr.var] 868/1600  1.7 games/s  ETA 0h07m15s
[pb-ab-O-shovefr.var] 870/1600  1.7 games/s  ETA 0h07m14s
[pb-ab-O-shovefr.var] 871/1600  1.7 games/s  ETA 0h07m15s
[pb-ab-O-shovefr.var] 875/1600  1.7 games/s  ETA 0h07m12s
[pb-ab-O-shovefr.var] 876/1600  1.7 games/s  ETA 0h07m13s
[pb-ab-O-shovefr.var] 878/1600  1.7 games/s  ETA 0h07m12s
[pb-ab-O-shovefr.var] 881/1600  1.7 games/s  ETA 0h07m11s
[pb-ab-O-shovefr.var] 883/1600  1.7 games/s  ETA 0h07m10s
[pb-ab-O-shovefr.var] 883/1600  1.7 games/s  ETA 0h07m12s
[pb-ab-O-shovefr.var] 885/1600  1.7 games/s  ETA 0h07m11s
[pb-ab-O-shovefr.var] 887/1600  1.7 games/s  ETA 0h07m11s
[pb-ab-O-shovefr.var] 887/1600  1.6 games/s  ETA 0h07m12s
[pb-ab-O-shovefr.var] 887/1600  1.6 games/s  ETA 0h07m14s
[pb-ab-O-shovefr.var] 887/1600  1.6 games/s  ETA 0h07m15s
[pb-ab-O-shovefr.var] 888/1600  1.6 games/s  ETA 0h07m16s
[pb-ab-O-shovefr.var] 891/1600  1.6 games/s  ETA 0h07m14s
[pb-ab-O-shovefr.var] 894/1600  1.6 games/s  ETA 0h07m12s
[pb-ab-O-shovefr.var] 896/1600  1.6 games/s  ETA 0h07m12s
[pb-ab-O-shovefr.var] 898/1600  1.6 games/s  ETA 0h07m11s
[pb-ab-O-shovefr.var] 901/1600  1.6 games/s  ETA 0h07m10s
[pb-ab-O-shovefr.var] 903/1600  1.6 games/s  ETA 0h07m09s
[pb-ab-O-shovefr.var] 906/1600  1.6 games/s  ETA 0h07m07s
[pb-ab-O-shovefr.var] 909/1600  1.6 games/s  ETA 0h07m05s
[pb-ab-O-shovefr.var] 913/1600  1.6 games/s  ETA 0h07m03s
[pb-ab-O-shovefr.var] 915/1600  1.6 games/s  ETA 0h07m02s
[pb-ab-O-shovefr.var] 917/1600  1.6 games/s  ETA 0h07m01s
[pb-ab-O-shovefr.var] 921/1600  1.6 games/s  ETA 0h06m58s
[pb-ab-O-shovefr.var] 925/1600  1.6 games/s  ETA 0h06m56s
[pb-ab-O-shovefr.var] 927/1600  1.6 games/s  ETA 0h06m55s
[pb-ab-O-shovefr.var] 930/1600  1.6 games/s  ETA 0h06m53s
[pb-ab-O-shovefr.var] 934/1600  1.6 games/s  ETA 0h06m50s
[pb-ab-O-shovefr.var] 937/1600  1.6 games/s  ETA 0h06m49s
[pb-ab-O-shovefr.var] 940/1600  1.6 games/s  ETA 0h06m47s
[pb-ab-O-shovefr.var] 942/1600  1.6 games/s  ETA 0h06m46s
[pb-ab-O-shovefr.var] 948/1600  1.6 games/s  ETA 0h06m41s
[pb-ab-O-shovefr.var] 951/1600  1.6 games/s  ETA 0h06m40s
[pb-ab-O-shovefr.var] 952/1600  1.6 games/s  ETA 0h06m40s
[pb-ab-O-shovefr.var] 956/1600  1.6 games/s  ETA 0h06m37s
[pb-ab-O-shovefr.var] 961/1600  1.6 games/s  ETA 0h06m33s
[pb-ab-O-shovefr.var] 963/1600  1.6 games/s  ETA 0h06m33s
[pb-ab-O-shovefr.var] 966/1600  1.6 games/s  ETA 0h06m31s
[pb-ab-O-shovefr.var] 969/1600  1.6 games/s  ETA 0h06m29s
[pb-ab-O-shovefr.var] 973/1600  1.6 games/s  ETA 0h06m26s
[pb-ab-O-shovefr.var] 975/1600  1.6 games/s  ETA 0h06m26s
[pb-ab-O-shovefr.var] 981/1600  1.6 games/s  ETA 0h06m21s
[pb-ab-O-shovefr.var] 983/1600  1.6 games/s  ETA 0h06m20s
[pb-ab-O-shovefr.var] 986/1600  1.6 games/s  ETA 0h06m18s
[pb-ab-O-shovefr.var] 990/1600  1.6 games/s  ETA 0h06m16s
[pb-ab-O-shovefr.var] 995/1600  1.6 games/s  ETA 0h06m12s
[pb-ab-O-shovefr.var] 998/1600  1.6 games/s  ETA 0h06m10s
[pb-ab-O-shovefr.var] 1001/1600  1.6 games/s  ETA 0h06m08s
[pb-ab-O-shovefr.var] 1004/1600  1.6 games/s  ETA 0h06m07s
[pb-ab-O-shovefr.var] 1007/1600  1.6 games/s  ETA 0h06m05s
[pb-ab-O-shovefr.var] 1011/1600  1.6 games/s  ETA 0h06m02s
[pb-ab-O-shovefr.var] 1015/1600  1.6 games/s  ETA 0h05m59s
[pb-ab-O-shovefr.var] 1017/1600  1.6 games/s  ETA 0h05m59s
[pb-ab-O-shovefr.var] 1018/1600  1.6 games/s  ETA 0h05m59s
[pb-ab-O-shovefr.var] 1021/1600  1.6 games/s  ETA 0h05m57s
[pb-ab-O-shovefr.var] 1024/1600  1.6 games/s  ETA 0h05m55s
[pb-ab-O-shovefr.var] 1029/1600  1.6 games/s  ETA 0h05m51s
[pb-ab-O-shovefr.var] 1033/1600  1.6 games/s  ETA 0h05m49s
[pb-ab-O-shovefr.var] 1038/1600  1.6 games/s  ETA 0h05m45s
[pb-ab-O-shovefr.var] 1040/1600  1.6 games/s  ETA 0h05m44s
[pb-ab-O-shovefr.var] 1042/1600  1.6 games/s  ETA 0h05m43s
[pb-ab-O-shovefr.var] 1045/1600  1.6 games/s  ETA 0h05m42s
[pb-ab-O-shovefr.var] 1048/1600  1.6 games/s  ETA 0h05m40s
[pb-ab-O-shovefr.var] 1052/1600  1.6 games/s  ETA 0h05m37s
[pb-ab-O-shovefr.var] 1054/1600  1.6 games/s  ETA 0h05m36s
[pb-ab-O-shovefr.var] 1055/1600  1.6 games/s  ETA 0h05m36s
[pb-ab-O-shovefr.var] 1059/1600  1.6 games/s  ETA 0h05m34s
[pb-ab-O-shovefr.var] 1061/1600  1.6 games/s  ETA 0h05m33s
[pb-ab-O-shovefr.var] 1061/1600  1.6 games/s  ETA 0h05m34s
[pb-ab-O-shovefr.var] 1064/1600  1.6 games/s  ETA 0h05m32s
[pb-ab-O-shovefr.var] 1069/1600  1.6 games/s  ETA 0h05m29s
[pb-ab-O-shovefr.var] 1071/1600  1.6 games/s  ETA 0h05m28s
[pb-ab-O-shovefr.var] 1075/1600  1.6 games/s  ETA 0h05m25s
[pb-ab-O-shovefr.var] 1077/1600  1.6 games/s  ETA 0h05m24s
[pb-ab-O-shovefr.var] 1081/1600  1.6 games/s  ETA 0h05m21s
[pb-ab-O-shovefr.var] 1083/1600  1.6 games/s  ETA 0h05m20s
[pb-ab-O-shovefr.var] 1085/1600  1.6 games/s  ETA 0h05m20s
[pb-ab-O-shovefr.var] 1089/1600  1.6 games/s  ETA 0h05m17s
[pb-ab-O-shovefr.var] 1093/1600  1.6 games/s  ETA 0h05m14s
[pb-ab-O-shovefr.var] 1097/1600  1.6 games/s  ETA 0h05m11s
[pb-ab-O-shovefr.var] 1099/1600  1.6 games/s  ETA 0h05m11s
[pb-ab-O-shovefr.var] 1102/1600  1.6 games/s  ETA 0h05m09s
[pb-ab-O-shovefr.var] 1104/1600  1.6 games/s  ETA 0h05m08s
[pb-ab-O-shovefr.var] 1107/1600  1.6 games/s  ETA 0h05m06s
[pb-ab-O-shovefr.var] 1112/1600  1.6 games/s  ETA 0h05m02s
[pb-ab-O-shovefr.var] 1115/1600  1.6 games/s  ETA 0h05m01s
[pb-ab-O-shovefr.var] 1119/1600  1.6 games/s  ETA 0h04m58s
[pb-ab-O-shovefr.var] 1121/1600  1.6 games/s  ETA 0h04m57s
[pb-ab-O-shovefr.var] 1125/1600  1.6 games/s  ETA 0h04m54s
[pb-ab-O-shovefr.var] 1128/1600  1.6 games/s  ETA 0h04m53s
[pb-ab-O-shovefr.var] 1132/1600  1.6 games/s  ETA 0h04m50s
[pb-ab-O-shovefr.var] 1136/1600  1.6 games/s  ETA 0h04m47s
[pb-ab-O-shovefr.var] 1138/1600  1.6 games/s  ETA 0h04m46s
[pb-ab-O-shovefr.var] 1140/1600  1.6 games/s  ETA 0h04m45s
[pb-ab-O-shovefr.var] 1142/1600  1.6 games/s  ETA 0h04m44s
[pb-ab-O-shovefr.var] 1145/1600  1.6 games/s  ETA 0h04m43s
[pb-ab-O-shovefr.var] 1148/1600  1.6 games/s  ETA 0h04m41s
[pb-ab-O-shovefr.var] 1151/1600  1.6 games/s  ETA 0h04m39s
[pb-ab-O-shovefr.var] 1154/1600  1.6 games/s  ETA 0h04m37s
[pb-ab-O-shovefr.var] 1156/1600  1.6 games/s  ETA 0h04m36s
[pb-ab-O-shovefr.var] 1160/1600  1.6 games/s  ETA 0h04m34s
[pb-ab-O-shovefr.var] 1162/1600  1.6 games/s  ETA 0h04m33s
[pb-ab-O-shovefr.var] 1166/1600  1.6 games/s  ETA 0h04m30s
[pb-ab-O-shovefr.var] 1170/1600  1.6 games/s  ETA 0h04m27s
[pb-ab-O-shovefr.var] 1174/1600  1.6 games/s  ETA 0h04m25s
[pb-ab-O-shovefr.var] 1176/1600  1.6 games/s  ETA 0h04m24s
[pb-ab-O-shovefr.var] 1179/1600  1.6 games/s  ETA 0h04m22s
[pb-ab-O-shovefr.var] 1183/1600  1.6 games/s  ETA 0h04m19s
[pb-ab-O-shovefr.var] 1186/1600  1.6 games/s  ETA 0h04m17s
[pb-ab-O-shovefr.var] 1188/1600  1.6 games/s  ETA 0h04m16s
[pb-ab-O-shovefr.var] 1192/1600  1.6 games/s  ETA 0h04m14s
[pb-ab-O-shovefr.var] 1196/1600  1.6 games/s  ETA 0h04m11s
[pb-ab-O-shovefr.var] 1199/1600  1.6 games/s  ETA 0h04m09s
[pb-ab-O-shovefr.var] 1202/1600  1.6 games/s  ETA 0h04m07s
[pb-ab-O-shovefr.var] 1204/1600  1.6 games/s  ETA 0h04m06s
[pb-ab-O-shovefr.var] 1208/1600  1.6 games/s  ETA 0h04m04s
[pb-ab-O-shovefr.var] 1210/1600  1.6 games/s  ETA 0h04m03s
[pb-ab-O-shovefr.var] 1213/1600  1.6 games/s  ETA 0h04m01s
[pb-ab-O-shovefr.var] 1217/1600  1.6 games/s  ETA 0h03m58s
[pb-ab-O-shovefr.var] 1222/1600  1.6 games/s  ETA 0h03m55s
[pb-ab-O-shovefr.var] 1226/1600  1.6 games/s  ETA 0h03m52s
[pb-ab-O-shovefr.var] 1230/1600  1.6 games/s  ETA 0h03m49s
[pb-ab-O-shovefr.var] 1234/1600  1.6 games/s  ETA 0h03m47s
[pb-ab-O-shovefr.var] 1238/1600  1.6 games/s  ETA 0h03m44s
[pb-ab-O-shovefr.var] 1243/1600  1.6 games/s  ETA 0h03m41s
[pb-ab-O-shovefr.var] 1246/1600  1.6 games/s  ETA 0h03m39s
[pb-ab-O-shovefr.var] 1249/1600  1.6 games/s  ETA 0h03m37s
[pb-ab-O-shovefr.var] 1253/1600  1.6 games/s  ETA 0h03m35s
[pb-ab-O-shovefr.var] 1256/1600  1.6 games/s  ETA 0h03m33s
[pb-ab-O-shovefr.var] 1260/1600  1.6 games/s  ETA 0h03m30s
[pb-ab-O-shovefr.var] 1264/1600  1.6 games/s  ETA 0h03m27s
[pb-ab-O-shovefr.var] 1268/1600  1.6 games/s  ETA 0h03m25s
[pb-ab-O-shovefr.var] 1271/1600  1.6 games/s  ETA 0h03m23s
[pb-ab-O-shovefr.var] 1275/1600  1.6 games/s  ETA 0h03m20s
[pb-ab-O-shovefr.var] 1277/1600  1.6 games/s  ETA 0h03m19s
[pb-ab-O-shovefr.var] 1280/1600  1.6 games/s  ETA 0h03m18s
[pb-ab-O-shovefr.var] 1283/1600  1.6 games/s  ETA 0h03m16s
[pb-ab-O-shovefr.var] 1289/1600  1.6 games/s  ETA 0h03m12s
[pb-ab-O-shovefr.var] 1291/1600  1.6 games/s  ETA 0h03m11s
[pb-ab-O-shovefr.var] 1295/1600  1.6 games/s  ETA 0h03m08s
[pb-ab-O-shovefr.var] 1298/1600  1.6 games/s  ETA 0h03m06s
[pb-ab-O-shovefr.var] 1301/1600  1.6 games/s  ETA 0h03m04s
[pb-ab-O-shovefr.var] 1305/1600  1.6 games/s  ETA 0h03m02s
[pb-ab-O-shovefr.var] 1310/1600  1.6 games/s  ETA 0h02m58s
[pb-ab-O-shovefr.var] 1317/1600  1.6 games/s  ETA 0h02m54s
[pb-ab-O-shovefr.var] 1323/1600  1.6 games/s  ETA 0h02m50s
[pb-ab-O-shovefr.var] 1329/1600  1.6 games/s  ETA 0h02m46s
[pb-ab-O-shovefr.var] 1337/1600  1.6 games/s  ETA 0h02m40s
[pb-ab-O-shovefr.var] 1342/1600  1.6 games/s  ETA 0h02m37s
[pb-ab-O-shovefr.var] 1346/1600  1.6 games/s  ETA 0h02m34s
[pb-ab-O-shovefr.var] 1354/1600  1.6 games/s  ETA 0h02m29s
[pb-ab-O-shovefr.var] 1360/1600  1.6 games/s  ETA 0h02m25s
[pb-ab-O-shovefr.var] 1368/1600  1.7 games/s  ETA 0h02m20s
[pb-ab-O-shovefr.var] 1375/1600  1.7 games/s  ETA 0h02m15s
[pb-ab-O-shovefr.var] 1383/1600  1.7 games/s  ETA 0h02m10s
[pb-ab-O-shovefr.var] 1391/1600  1.7 games/s  ETA 0h02m05s
[pb-ab-O-shovefr.var] 1395/1600  1.7 games/s  ETA 0h02m02s
[pb-ab-O-shovefr.var] 1400/1600  1.7 games/s  ETA 0h01m59s
[pb-ab-O-shovefr.var] 1404/1600  1.7 games/s  ETA 0h01m57s
[pb-ab-O-shovefr.var] 1410/1600  1.7 games/s  ETA 0h01m53s
[pb-ab-O-shovefr.var] 1414/1600  1.7 games/s  ETA 0h01m50s
[pb-ab-O-shovefr.var] 1419/1600  1.7 games/s  ETA 0h01m47s
[pb-ab-O-shovefr.var] 1424/1600  1.7 games/s  ETA 0h01m44s
[pb-ab-O-shovefr.var] 1428/1600  1.7 games/s  ETA 0h01m42s
[pb-ab-O-shovefr.var] 1436/1600  1.7 games/s  ETA 0h01m37s
[pb-ab-O-shovefr.var] 1440/1600  1.7 games/s  ETA 0h01m34s
[pb-ab-O-shovefr.var] 1447/1600  1.7 games/s  ETA 0h01m30s
[pb-ab-O-shovefr.var] 1455/1600  1.7 games/s  ETA 0h01m25s
[pb-ab-O-shovefr.var] 1460/1600  1.7 games/s  ETA 0h01m22s
[pb-ab-O-shovefr.var] 1464/1600  1.7 games/s  ETA 0h01m19s
[pb-ab-O-shovefr.var] 1470/1600  1.7 games/s  ETA 0h01m16s
[pb-ab-O-shovefr.var] 1475/1600  1.7 games/s  ETA 0h01m13s
[pb-ab-O-shovefr.var] 1483/1600  1.7 games/s  ETA 0h01m08s
[pb-ab-O-shovefr.var] 1489/1600  1.7 games/s  ETA 0h01m04s
[pb-ab-O-shovefr.var] 1491/1600  1.7 games/s  ETA 0h01m03s
[pb-ab-O-shovefr.var] 1496/1600  1.7 games/s  ETA 0h01m00s
[pb-ab-O-shovefr.var] 1502/1600  1.7 games/s  ETA 0h00m57s
[pb-ab-O-shovefr.var] 1508/1600  1.7 games/s  ETA 0h00m53s
[pb-ab-O-shovefr.var] 1512/1600  1.7 games/s  ETA 0h00m51s
[pb-ab-O-shovefr.var] 1516/1600  1.7 games/s  ETA 0h00m48s
[pb-ab-O-shovefr.var] 1522/1600  1.7 games/s  ETA 0h00m45s
[pb-ab-O-shovefr.var] 1524/1600  1.7 games/s  ETA 0h00m44s
[pb-ab-O-shovefr.var] 1528/1600  1.7 games/s  ETA 0h00m41s
[pb-ab-O-shovefr.var] 1533/1600  1.7 games/s  ETA 0h00m38s
[pb-ab-O-shovefr.var] 1538/1600  1.7 games/s  ETA 0h00m35s
[pb-ab-O-shovefr.var] 1544/1600  1.7 games/s  ETA 0h00m32s
[pb-ab-O-shovefr.var] 1550/1600  1.7 games/s  ETA 0h00m28s
[pb-ab-O-shovefr.var] 1558/1600  1.7 games/s  ETA 0h00m24s
[pb-ab-O-shovefr.var] 1562/1600  1.7 games/s  ETA 0h00m21s
[pb-ab-O-shovefr.var] 1569/1600  1.7 games/s  ETA 0h00m17s
[pb-ab-O-shovefr.var] 1575/1600  1.7 games/s  ETA 0h00m14s
[pb-ab-O-shovefr.var] 1580/1600  1.7 games/s  ETA 0h00m11s
[pb-ab-O-shovefr.var] 1586/1600  1.7 games/s  ETA 0h00m08s
[pb-ab-O-shovefr.var] 1591/1600  1.8 games/s  ETA 0h00m05s
[pb-ab-O-shovefr.var] 1596/1600  1.8 games/s  ETA 0h00m02s
[pb-ab-O-shovefr.var] 1599/1600  1.8 games/s  ETA 0h00m00s
[pb-ab-O-shovefr.var] 1600 games in 0h15m13s (1.8 games/s)
[pb-ab-O-shovefr.var] summary -> sim/out/pb-ab-O-shovefr.var.summary.json
# Rule A/B — pb-ab-O-shovefr

`ogreShoveFriends=friends` against today's defaults.
1600 games per population, depth 3, the same 40 arrangements and the same
opening seeds in both (common random numbers). Control arm: `pb-ab-O-shovefr.base`.

A symmetric rule changes both sides at once, so there is no match to run and no SPRT: this is a
paired two-population comparison. The interval is a 95% normal approximation on the
mean paired difference over arrangements; with few arrangements,
and with one interval per metric, read "significant" as "worth a second run", not as a test.

| metric | base (pooled) | with the rule (pooled) | mean paired difference ±95% | significant |
|---|---|---|---|---|
| white score | 0.532 | 0.535 | +0.002 ± 0.011 | no |
| decisive | 0.795 | 0.818 | +0.023 ± 0.012 | yes |
| draw rate | 0.198 | 0.175 | -0.023 ± 0.011 | yes |
| capped | 0.007 | 0.007 | +0.000 ± 0.003 | no |
| mean plies | 105.0 | 106.4 | +1.3 ± 1.0 | yes |
| branching factor | 32.2 | 32.0 | -0.1 ± 0.1 | yes |
| killer move | 0.363 | 0.369 | +0.007 ± 0.006 | yes |
| lead change | 0.066 | 0.066 | -0.000 ± 0.001 | no |
| uncertainty late | 0.636 | 0.636 | -0.000 ± 0.001 | no |
| drama | 0.161 | 0.168 | +0.007 ± 0.004 | yes |
| permanence | 0.955 | 0.955 | +0.000 ± 0.000 | no |
| min utilisation | 0.41 | 0.40 | +0.00 ± 0.01 | no |
| interest | 0.492 | 0.494 | +0.002 ± 0.002 | yes |
| interest (min-use) | 0.449 | 0.464 | +0.006 ± 0.004 | yes |
| killerMove (resid.) | 0.001 | -0.001 | -0.002 ± 0.006 | no |
| leadChange (resid.) | -0.000 | 0.000 | +0.001 ± 0.001 | no |
| uncertaintyLate (resid.) | -0.001 | 0.001 | +0.002 ± 0.001 | yes |
| drama (resid.) | -0.001 | 0.001 | +0.002 ± 0.004 | no |
| permanence (resid.) | -0.000 | 0.000 | +0.001 ± 0.000 | yes |
| fairyUse (resid.) | 0.000 | 0.000 | +0.000 ± 0.000 | no |
| excessDecisiveness (resid.) | 0.036 | 0.000 | -0.022 ± 0.007 | yes |
| interest (resid.) | 0.002 | 0.000 | -0.001 ± 0.002 | no |
| interestMinFairy (resid.) | -0.016 | -0.009 | -0.001 ± 0.005 | no |

## Degeneracy counters
| counter | base | with the rule |
|---|---|---|
| guard captures per game | 0.000 | 0.000 |
| games with a guard rampage (≥ 3 captures) | 0 (0.0%) | 0 (0.0%) |
| dead-material endings (draw50 + drawMaterial) | 8 (0.5%) | 14 (0.9%) |
| games where a king never moved | 430 (26.9%) | 417 (26.1%) |

## Per piece (both sides, whole population; moves and captures per game)
| piece | moves A | moves B | captures A | captures B | survival A | survival B |
|---|---|---|---|---|---|---|
| P | 21.39 | 21.48 | 3.54 | 3.54 | 42.4% | 42.2% |
| A | 14.22 | 14.38 | 3.37 | 3.37 | 55.2% | 54.2% |
| O | 11.57 | 11.75 | 0.81 | 0.84 | 66.8% | 64.7% |
| K | 10.18 | 10.57 | 0.80 | 0.85 | 100.0% | 100.0% |
| M | 9.94 | 9.83 | 0.92 | 0.90 | 34.8% | 34.0% |
| N | 8.34 | 8.40 | 1.40 | 1.40 | 15.3% | 14.9% |
| S | 7.21 | 7.26 | 1.45 | 1.48 | 43.1% | 42.5% |
| R | 6.33 | 6.53 | 1.27 | 1.28 | 33.1% | 32.6% |
| B | 5.87 | 5.97 | 1.23 | 1.23 | 30.5% | 29.8% |
| Q | 4.72 | 4.69 | 0.90 | 0.90 | 70.2% | 71.3% |
| L | 2.83 | 2.83 | 0.87 | 0.87 | 6.9% | 6.8% |
| G | 2.45 | 2.69 | 0.00 | 0.00 | 97.5% | 97.2% |

## Fairy events per game
| event | base | with the rule |
|---|---|---|
| archerShots | 3.37 | 3.37 |
| beastChainMoves | 0.91 | 0.93 |
| beastChainCaptures | 1.45 | 1.48 |
| maesterSwaps | 4.58 | 4.54 |
| maesterLongSwaps | 0.51 | 0.48 |
| paladinSacrifices | 0.48 | 0.48 |
| promotions | 0.22 | 0.24 |
| checks | 3.65 | 3.75 |
| ogreShoves | 2.84 | 2.68 |
| ogreShovesFriend | 2.67 | 2.68 |
| ogreShovesGuard | 0.02 | 0.02 |
| catapultChecks | 0.00 | 0.00 |

The pooled columns describe each whole population; the difference column is the mean over the
40 shared arrangements of (rule − base) on the same openings. The two can disagree in sign when the
pooled value is not a mean of the per-arrangement values (minimum utilisation is one). Trust the
paired column.

Elo of the variant population is not reported: both populations play themselves, so their scores
are not comparable as a match. Read the white score as a fairness check, not as a strength delta.

