[pb-A-fwd2-vsR.A] 500 games (0 already done), 500 to play on 10 workers -> sim/out/pb-A-fwd2-vsR.A.jsonl
[pb-A-fwd2-vsR.A] depth 3, 4 random opening plies, ply cap 300, pairs on
[pb-A-fwd2-vsR.A] rules {}, values {}
[pb-A-fwd2-vsR.A] 5/500  2.5 games/s  ETA 0h03m18s
[pb-A-fwd2-vsR.A] 15/500  3.7 games/s  ETA 0h02m09s
[pb-A-fwd2-vsR.A] 32/500  5.3 games/s  ETA 0h01m27s
[pb-A-fwd2-vsR.A] 42/500  5.2 games/s  ETA 0h01m27s
[pb-A-fwd2-vsR.A] 52/500  5.2 games/s  ETA 0h01m26s
[pb-A-fwd2-vsR.A] 65/500  5.4 games/s  ETA 0h01m20s
[pb-A-fwd2-vsR.A] 77/500  5.5 games/s  ETA 0h01m16s
[pb-A-fwd2-vsR.A] 89/500  5.6 games/s  ETA 0h01m13s
[pb-A-fwd2-vsR.A] 95/500  5.3 games/s  ETA 0h01m16s
[pb-A-fwd2-vsR.A] 109/500  5.4 games/s  ETA 0h01m11s
[pb-A-fwd2-vsR.A] 122/500  5.5 games/s  ETA 0h01m08s
[pb-A-fwd2-vsR.A] 133/500  5.5 games/s  ETA 0h01m06s
[pb-A-fwd2-vsR.A] 147/500  5.6 games/s  ETA 0h01m02s
[pb-A-fwd2-vsR.A] 160/500  5.7 games/s  ETA 0h00m59s
[pb-A-fwd2-vsR.A] 173/500  5.8 games/s  ETA 0h00m56s
[pb-A-fwd2-vsR.A] 183/500  5.7 games/s  ETA 0h00m55s
[pb-A-fwd2-vsR.A] 192/500  5.6 games/s  ETA 0h00m54s
[pb-A-fwd2-vsR.A] 205/500  5.7 games/s  ETA 0h00m51s
[pb-A-fwd2-vsR.A] 215/500  5.7 games/s  ETA 0h00m50s
[pb-A-fwd2-vsR.A] 227/500  5.7 games/s  ETA 0h00m48s
[pb-A-fwd2-vsR.A] 239/500  5.7 games/s  ETA 0h00m45s
[pb-A-fwd2-vsR.A] 251/500  5.7 games/s  ETA 0h00m43s
[pb-A-fwd2-vsR.A] 264/500  5.7 games/s  ETA 0h00m41s
[pb-A-fwd2-vsR.A] 270/500  5.6 games/s  ETA 0h00m40s
[pb-A-fwd2-vsR.A] 273/500  5.5 games/s  ETA 0h00m41s
[pb-A-fwd2-vsR.A] 275/500  5.3 games/s  ETA 0h00m42s
[pb-A-fwd2-vsR.A] 279/500  5.2 games/s  ETA 0h00m42s
[pb-A-fwd2-vsR.A] 284/500  5.1 games/s  ETA 0h00m42s
[pb-A-fwd2-vsR.A] 292/500  5.0 games/s  ETA 0h00m41s
[pb-A-fwd2-vsR.A] 304/500  5.1 games/s  ETA 0h00m38s
[pb-A-fwd2-vsR.A] 315/500  5.1 games/s  ETA 0h00m36s
[pb-A-fwd2-vsR.A] 328/500  5.1 games/s  ETA 0h00m33s
[pb-A-fwd2-vsR.A] 341/500  5.2 games/s  ETA 0h00m30s
[pb-A-fwd2-vsR.A] 352/500  5.2 games/s  ETA 0h00m28s
[pb-A-fwd2-vsR.A] 364/500  5.2 games/s  ETA 0h00m26s
[pb-A-fwd2-vsR.A] 375/500  5.2 games/s  ETA 0h00m24s
[pb-A-fwd2-vsR.A] 388/500  5.2 games/s  ETA 0h00m21s
[pb-A-fwd2-vsR.A] 400/500  5.3 games/s  ETA 0h00m19s
[pb-A-fwd2-vsR.A] 412/500  5.3 games/s  ETA 0h00m16s
[pb-A-fwd2-vsR.A] 421/500  5.3 games/s  ETA 0h00m15s
[pb-A-fwd2-vsR.A] 428/500  5.2 games/s  ETA 0h00m13s
[pb-A-fwd2-vsR.A] 439/500  5.2 games/s  ETA 0h00m11s
[pb-A-fwd2-vsR.A] 447/500  5.2 games/s  ETA 0h00m10s
[pb-A-fwd2-vsR.A] 459/500  5.2 games/s  ETA 0h00m07s
[pb-A-fwd2-vsR.A] 469/500  5.2 games/s  ETA 0h00m05s
[pb-A-fwd2-vsR.A] 478/500  5.2 games/s  ETA 0h00m04s
[pb-A-fwd2-vsR.A] 489/500  5.2 games/s  ETA 0h00m02s
[pb-A-fwd2-vsR.A] 500 games in 0h01m35s (5.2 games/s)
[pb-A-fwd2-vsR.A] summary -> sim/out/pb-A-fwd2-vsR.A.summary.json
# Piece values — pb-A-fwd2-vsR

Muller's asymmetric-material method (docs/SIM-PLAN.md §7). Each arm replaces one **rook** of the
classic arrangement `RNBQKBNR` with one fairy piece, on one side only, and plays
colour-reversed pairs. The last arm gives White pawn odds; it converts Elo into pawns.

Depth 3, 500 games per arm, 4 random opening plies.
Rules: defaults.
Engine values: the shipped constants.

## Arms (scores are the fairy army's, folded over the colour swap)
| arm | games | pairs | pentanomial | score | Elo ±95% | nElo | LOS | LLR | SPRT | draws | capped | plies |
|---|---|---|---|---|---|---|---|---|---|---|---|---|
| A | 500 | 250 | [39, 19, 102, 32, 58] | 0.551 | +36 ± 28 | +38 | 99.3% | 0.59 | continue | 11.8% | 0.0% | 88 |

**One pawn = 64 Elo** at this depth
(carried over with `--eloPerPawn`; no calibration arm was played here). Every
implied value below carries that calibration error on top of its own.


## Implied values
| piece | Elo vs knight | Δ pawns | implied value (pawns) | engine seed | research prior | next seed (cp) |
|---|---|---|---|---|---|---|
| A (archer) | +36 ± 28 | +0.56 ± 0.44 | 3.72 ± 0.44 | 3.37 | 3.50 | 372 |

Implied value = knight (3.16) + Elo / 64.


## Muller fixed-point update
Write the "next seed" column into `src/ai/eval.ts`, then run this experiment again. The values are
converged when a pass moves no piece by more than its error bar. A seed that inverts a plausible
exchange makes self-play blind, so never stop after one pass.

```ts
export const ARCHER_V = 372;
```

