[pb-ab-O-shoveen.base] 1600 games (0 already done), 1600 to play on 4 workers -> sim/out/pb-ab-O-shoveen.base.jsonl
[pb-ab-O-shoveen.base] depth 3, 4 random opening plies, ply cap 300, pairs off (both sides identical; --pairs forces them on)
[pb-ab-O-shoveen.base] rules {}, values {}
[pb-ab-O-shoveen.base] 1/1600  0.5 games/s  ETA 0h53m19s
[pb-ab-O-shoveen.base] 5/1600  1.2 games/s  ETA 0h21m16s
[pb-ab-O-shoveen.base] 8/1600  1.3 games/s  ETA 0h19m54s
[pb-ab-O-shoveen.base] 11/1600  1.4 games/s  ETA 0h19m16s
[pb-ab-O-shoveen.base] 14/1600  1.4 games/s  ETA 0h18m53s
[pb-ab-O-shoveen.base] 16/1600  1.3 games/s  ETA 0h19m48s
[pb-ab-O-shoveen.base] 19/1600  1.4 games/s  ETA 0h19m25s
[pb-ab-O-shoveen.base] 23/1600  1.4 games/s  ETA 0h18m17s
[pb-ab-O-shoveen.base] 29/1600  1.6 games/s  ETA 0h16m15s
[pb-ab-O-shoveen.base] 31/1600  1.5 games/s  ETA 0h16m52s
[pb-ab-O-shoveen.base] 33/1600  1.5 games/s  ETA 0h17m25s
[pb-ab-O-shoveen.base] 37/1600  1.5 games/s  ETA 0h16m54s
[pb-ab-O-shoveen.base] 40/1600  1.5 games/s  ETA 0h16m54s
[pb-ab-O-shoveen.base] 43/1600  1.5 games/s  ETA 0h16m54s
[pb-ab-O-shoveen.base] 44/1600  1.5 games/s  ETA 0h17m41s
[pb-ab-O-shoveen.base] 46/1600  1.4 games/s  ETA 0h18m01s
[pb-ab-O-shoveen.base] 49/1600  1.4 games/s  ETA 0h17m56s
[pb-ab-O-shoveen.base] 54/1600  1.5 games/s  ETA 0h17m11s
[pb-ab-O-shoveen.base] 58/1600  1.5 games/s  ETA 0h16m50s
[pb-ab-O-shoveen.base] 62/1600  1.5 games/s  ETA 0h16m32s
[pb-ab-O-shoveen.base] 66/1600  1.6 games/s  ETA 0h16m16s
[pb-ab-O-shoveen.base] 70/1600  1.6 games/s  ETA 0h16m02s
[pb-ab-O-shoveen.base] 72/1600  1.6 games/s  ETA 0h16m16s
[pb-ab-O-shoveen.base] 78/1600  1.6 games/s  ETA 0h15m37s
[pb-ab-O-shoveen.base] 80/1600  1.6 games/s  ETA 0h15m50s
[pb-ab-O-shoveen.base] 84/1600  1.6 games/s  ETA 0h15m39s
[pb-ab-O-shoveen.base] 87/1600  1.6 games/s  ETA 0h15m39s
[pb-ab-O-shoveen.base] 90/1600  1.6 games/s  ETA 0h15m40s
[pb-ab-O-shoveen.base] 94/1600  1.6 games/s  ETA 0h15m29s
[pb-ab-O-shoveen.base] 97/1600  1.6 games/s  ETA 0h15m30s
[pb-ab-O-shoveen.base] 101/1600  1.6 games/s  ETA 0h15m20s
[pb-ab-O-shoveen.base] 104/1600  1.6 games/s  ETA 0h15m21s
[pb-ab-O-shoveen.base] 109/1600  1.7 games/s  ETA 0h15m03s
[pb-ab-O-shoveen.base] 112/1600  1.6 games/s  ETA 0h15m03s
[pb-ab-O-shoveen.base] 117/1600  1.7 games/s  ETA 0h14m47s
[pb-ab-O-shoveen.base] 122/1600  1.7 games/s  ETA 0h14m32s
[pb-ab-O-shoveen.base] 127/1600  1.7 games/s  ETA 0h14m18s
[pb-ab-O-shoveen.base] 130/1600  1.7 games/s  ETA 0h14m19s
[pb-ab-O-shoveen.base] 134/1600  1.7 games/s  ETA 0h14m13s
[pb-ab-O-shoveen.base] 140/1600  1.7 games/s  ETA 0h13m54s
[pb-ab-O-shoveen.base] 141/1600  1.7 games/s  ETA 0h14m09s
[pb-ab-O-shoveen.base] 144/1600  1.7 games/s  ETA 0h14m09s
[pb-ab-O-shoveen.base] 148/1600  1.7 games/s  ETA 0h14m04s
[pb-ab-O-shoveen.base] 152/1600  1.7 games/s  ETA 0h13m58s
[pb-ab-O-shoveen.base] 156/1600  1.7 games/s  ETA 0h13m53s
[pb-ab-O-shoveen.base] 159/1600  1.7 games/s  ETA 0h13m54s
[pb-ab-O-shoveen.base] 162/1600  1.7 games/s  ETA 0h13m54s
[pb-ab-O-shoveen.base] 164/1600  1.7 games/s  ETA 0h14m01s
[pb-ab-O-shoveen.base] 169/1600  1.7 games/s  ETA 0h13m50s
[pb-ab-O-shoveen.base] 176/1600  1.8 games/s  ETA 0h13m29s
[pb-ab-O-shoveen.base] 176/1600  1.7 games/s  ETA 0h13m45s
[pb-ab-O-shoveen.base] 182/1600  1.7 games/s  ETA 0h13m30s
[pb-ab-O-shoveen.base] 185/1600  1.7 games/s  ETA 0h13m31s
[pb-ab-O-shoveen.base] 189/1600  1.7 games/s  ETA 0h13m26s
[pb-ab-O-shoveen.base] 194/1600  1.8 games/s  ETA 0h13m17s
[pb-ab-O-shoveen.base] 197/1600  1.8 games/s  ETA 0h13m18s
[pb-ab-O-shoveen.base] 201/1600  1.8 games/s  ETA 0h13m13s
[pb-ab-O-shoveen.base] 204/1600  1.8 games/s  ETA 0h13m14s
[pb-ab-O-shoveen.base] 208/1600  1.8 games/s  ETA 0h13m10s
[pb-ab-O-shoveen.base] 211/1600  1.8 games/s  ETA 0h13m10s
[pb-ab-O-shoveen.base] 215/1600  1.8 games/s  ETA 0h13m06s
[pb-ab-O-shoveen.base] 219/1600  1.8 games/s  ETA 0h13m02s
[pb-ab-O-shoveen.base] 223/1600  1.8 games/s  ETA 0h12m58s
[pb-ab-O-shoveen.base] 224/1600  1.7 games/s  ETA 0h13m06s
[pb-ab-O-shoveen.base] 229/1600  1.8 games/s  ETA 0h12m58s
[pb-ab-O-shoveen.base] 233/1600  1.8 games/s  ETA 0h12m54s
[pb-ab-O-shoveen.base] 237/1600  1.8 games/s  ETA 0h12m51s
[pb-ab-O-shoveen.base] 239/1600  1.8 games/s  ETA 0h12m54s
[pb-ab-O-shoveen.base] 244/1600  1.8 games/s  ETA 0h12m47s
[pb-ab-O-shoveen.base] 247/1600  1.8 games/s  ETA 0h12m47s
[pb-ab-O-shoveen.base] 251/1600  1.8 games/s  ETA 0h12m43s
[pb-ab-O-shoveen.base] 253/1600  1.8 games/s  ETA 0h12m47s
[pb-ab-O-shoveen.base] 257/1600  1.8 games/s  ETA 0h12m43s
[pb-ab-O-shoveen.base] 261/1600  1.8 games/s  ETA 0h12m39s
[pb-ab-O-shoveen.base] 265/1600  1.8 games/s  ETA 0h12m36s
[pb-ab-O-shoveen.base] 267/1600  1.8 games/s  ETA 0h12m39s
[pb-ab-O-shoveen.base] 270/1600  1.8 games/s  ETA 0h12m39s
[pb-ab-O-shoveen.base] 274/1600  1.8 games/s  ETA 0h12m35s
[pb-ab-O-shoveen.base] 278/1600  1.8 games/s  ETA 0h12m31s
[pb-ab-O-shoveen.base] 282/1600  1.8 games/s  ETA 0h12m28s
[pb-ab-O-shoveen.base] 287/1600  1.8 games/s  ETA 0h12m21s
[pb-ab-O-shoveen.base] 290/1600  1.8 games/s  ETA 0h12m21s
[pb-ab-O-shoveen.base] 294/1600  1.8 games/s  ETA 0h12m17s
[pb-ab-O-shoveen.base] 297/1600  1.8 games/s  ETA 0h12m17s
[pb-ab-O-shoveen.base] 299/1600  1.8 games/s  ETA 0h12m20s
[pb-ab-O-shoveen.base] 304/1600  1.8 games/s  ETA 0h12m13s
[pb-ab-O-shoveen.base] 305/1600  1.8 games/s  ETA 0h12m19s
[pb-ab-O-shoveen.base] 308/1600  1.7 games/s  ETA 0h12m18s
[pb-ab-O-shoveen.base] 315/1600  1.8 games/s  ETA 0h12m06s
[pb-ab-O-shoveen.base] 318/1600  1.8 games/s  ETA 0h12m06s
[pb-ab-O-shoveen.base] 321/1600  1.8 games/s  ETA 0h12m05s
[pb-ab-O-shoveen.base] 324/1600  1.8 games/s  ETA 0h12m05s
[pb-ab-O-shoveen.base] 326/1600  1.8 games/s  ETA 0h12m07s
[pb-ab-O-shoveen.base] 329/1600  1.7 games/s  ETA 0h12m06s
[pb-ab-O-shoveen.base] 334/1600  1.8 games/s  ETA 0h12m00s
[pb-ab-O-shoveen.base] 335/1600  1.7 games/s  ETA 0h12m05s
[pb-ab-O-shoveen.base] 338/1600  1.7 games/s  ETA 0h12m04s
[pb-ab-O-shoveen.base] 343/1600  1.7 games/s  ETA 0h11m58s
[pb-ab-O-shoveen.base] 348/1600  1.8 games/s  ETA 0h11m52s
[pb-ab-O-shoveen.base] 350/1600  1.7 games/s  ETA 0h11m54s
[pb-ab-O-shoveen.base] 354/1600  1.8 games/s  ETA 0h11m51s
[pb-ab-O-shoveen.base] 355/1600  1.7 games/s  ETA 0h11m55s
[pb-ab-O-shoveen.base] 356/1600  1.7 games/s  ETA 0h12m00s
[pb-ab-O-shoveen.base] 358/1600  1.7 games/s  ETA 0h12m02s
[pb-ab-O-shoveen.base] 360/1600  1.7 games/s  ETA 0h12m03s
[pb-ab-O-shoveen.base] 365/1600  1.7 games/s  ETA 0h11m57s
[pb-ab-O-shoveen.base] 368/1600  1.7 games/s  ETA 0h11m56s
[pb-ab-O-shoveen.base] 370/1600  1.7 games/s  ETA 0h11m58s
[pb-ab-O-shoveen.base] 375/1600  1.7 games/s  ETA 0h11m52s
[pb-ab-O-shoveen.base] 379/1600  1.7 games/s  ETA 0h11m49s
[pb-ab-O-shoveen.base] 382/1600  1.7 games/s  ETA 0h11m48s
[pb-ab-O-shoveen.base] 384/1600  1.7 games/s  ETA 0h11m49s
[pb-ab-O-shoveen.base] 387/1600  1.7 games/s  ETA 0h11m48s
[pb-ab-O-shoveen.base] 390/1600  1.7 games/s  ETA 0h11m47s
[pb-ab-O-shoveen.base] 391/1600  1.7 games/s  ETA 0h11m51s
[pb-ab-O-shoveen.base] 395/1600  1.7 games/s  ETA 0h11m48s
[pb-ab-O-shoveen.base] 398/1600  1.7 games/s  ETA 0h11m47s
[pb-ab-O-shoveen.base] 399/1600  1.7 games/s  ETA 0h11m50s
[pb-ab-O-shoveen.base] 402/1600  1.7 games/s  ETA 0h11m49s
[pb-ab-O-shoveen.base] 407/1600  1.7 games/s  ETA 0h11m43s
[pb-ab-O-shoveen.base] 411/1600  1.7 games/s  ETA 0h11m40s
[pb-ab-O-shoveen.base] 413/1600  1.7 games/s  ETA 0h11m41s
[pb-ab-O-shoveen.base] 415/1600  1.7 games/s  ETA 0h11m42s
[pb-ab-O-shoveen.base] 416/1600  1.7 games/s  ETA 0h11m46s
[pb-ab-O-shoveen.base] 418/1600  1.7 games/s  ETA 0h11m47s
[pb-ab-O-shoveen.base] 420/1600  1.7 games/s  ETA 0h11m48s
[pb-ab-O-shoveen.base] 423/1600  1.7 games/s  ETA 0h11m47s
[pb-ab-O-shoveen.base] 426/1600  1.7 games/s  ETA 0h11m45s
[pb-ab-O-shoveen.base] 427/1600  1.7 games/s  ETA 0h11m49s
[pb-ab-O-shoveen.base] 430/1600  1.7 games/s  ETA 0h11m47s
[pb-ab-O-shoveen.base] 434/1600  1.7 games/s  ETA 0h11m44s
[pb-ab-O-shoveen.base] 437/1600  1.7 games/s  ETA 0h11m42s
[pb-ab-O-shoveen.base] 442/1600  1.7 games/s  ETA 0h11m37s
[pb-ab-O-shoveen.base] 443/1600  1.7 games/s  ETA 0h11m40s
[pb-ab-O-shoveen.base] 447/1600  1.7 games/s  ETA 0h11m36s
[pb-ab-O-shoveen.base] 450/1600  1.7 games/s  ETA 0h11m35s
[pb-ab-O-shoveen.base] 454/1600  1.7 games/s  ETA 0h11m32s
[pb-ab-O-shoveen.base] 457/1600  1.7 games/s  ETA 0h11m30s
[pb-ab-O-shoveen.base] 461/1600  1.7 games/s  ETA 0h11m27s
[pb-ab-O-shoveen.base] 467/1600  1.7 games/s  ETA 0h11m19s
[pb-ab-O-shoveen.base] 469/1600  1.7 games/s  ETA 0h11m20s
[pb-ab-O-shoveen.base] 476/1600  1.7 games/s  ETA 0h11m10s
[pb-ab-O-shoveen.base] 479/1600  1.7 games/s  ETA 0h11m09s
[pb-ab-O-shoveen.base] 481/1600  1.7 games/s  ETA 0h11m10s
[pb-ab-O-shoveen.base] 485/1600  1.7 games/s  ETA 0h11m07s
[pb-ab-O-shoveen.base] 488/1600  1.7 games/s  ETA 0h11m05s
[pb-ab-O-shoveen.base] 490/1600  1.7 games/s  ETA 0h11m06s
[pb-ab-O-shoveen.base] 491/1600  1.7 games/s  ETA 0h11m08s
[pb-ab-O-shoveen.base] 494/1600  1.7 games/s  ETA 0h11m07s
[pb-ab-O-shoveen.base] 497/1600  1.7 games/s  ETA 0h11m06s
[pb-ab-O-shoveen.base] 499/1600  1.7 games/s  ETA 0h11m06s
[pb-ab-O-shoveen.base] 504/1600  1.7 games/s  ETA 0h11m01s
[pb-ab-O-shoveen.base] 507/1600  1.7 games/s  ETA 0h11m00s
[pb-ab-O-shoveen.base] 512/1600  1.7 games/s  ETA 0h10m54s
[pb-ab-O-shoveen.base] 515/1600  1.7 games/s  ETA 0h10m53s
[pb-ab-O-shoveen.base] 518/1600  1.7 games/s  ETA 0h10m52s
[pb-ab-O-shoveen.base] 520/1600  1.7 games/s  ETA 0h10m52s
[pb-ab-O-shoveen.base] 526/1600  1.7 games/s  ETA 0h10m45s
[pb-ab-O-shoveen.base] 530/1600  1.7 games/s  ETA 0h10m42s
[pb-ab-O-shoveen.base] 534/1600  1.7 games/s  ETA 0h10m39s
[pb-ab-O-shoveen.base] 537/1600  1.7 games/s  ETA 0h10m37s
[pb-ab-O-shoveen.base] 541/1600  1.7 games/s  ETA 0h10m34s
[pb-ab-O-shoveen.base] 545/1600  1.7 games/s  ETA 0h10m31s
[pb-ab-O-shoveen.base] 549/1600  1.7 games/s  ETA 0h10m28s
[pb-ab-O-shoveen.base] 551/1600  1.7 games/s  ETA 0h10m28s
[pb-ab-O-shoveen.base] 554/1600  1.7 games/s  ETA 0h10m27s
[pb-ab-O-shoveen.base] 556/1600  1.7 games/s  ETA 0h10m27s
[pb-ab-O-shoveen.base] 561/1600  1.7 games/s  ETA 0h10m22s
[pb-ab-O-shoveen.base] 563/1600  1.7 games/s  ETA 0h10m22s
[pb-ab-O-shoveen.base] 565/1600  1.7 games/s  ETA 0h10m23s
[pb-ab-O-shoveen.base] 569/1600  1.7 games/s  ETA 0h10m20s
[pb-ab-O-shoveen.base] 572/1600  1.7 games/s  ETA 0h10m18s
[pb-ab-O-shoveen.base] 579/1600  1.7 games/s  ETA 0h10m10s
[pb-ab-O-shoveen.base] 583/1600  1.7 games/s  ETA 0h10m07s
[pb-ab-O-shoveen.base] 584/1600  1.7 games/s  ETA 0h10m09s
[pb-ab-O-shoveen.base] 588/1600  1.7 games/s  ETA 0h10m06s
[pb-ab-O-shoveen.base] 590/1600  1.7 games/s  ETA 0h10m06s
[pb-ab-O-shoveen.base] 592/1600  1.7 games/s  ETA 0h10m06s
[pb-ab-O-shoveen.base] 596/1600  1.7 games/s  ETA 0h10m03s
[pb-ab-O-shoveen.base] 601/1600  1.7 games/s  ETA 0h09m58s
[pb-ab-O-shoveen.base] 605/1600  1.7 games/s  ETA 0h09m55s
[pb-ab-O-shoveen.base] 609/1600  1.7 games/s  ETA 0h09m52s
[pb-ab-O-shoveen.base] 612/1600  1.7 games/s  ETA 0h09m51s
[pb-ab-O-shoveen.base] 615/1600  1.7 games/s  ETA 0h09m49s
[pb-ab-O-shoveen.base] 616/1600  1.7 games/s  ETA 0h09m51s
[pb-ab-O-shoveen.base] 620/1600  1.7 games/s  ETA 0h09m48s
[pb-ab-O-shoveen.base] 624/1600  1.7 games/s  ETA 0h09m45s
[pb-ab-O-shoveen.base] 627/1600  1.7 games/s  ETA 0h09m43s
[pb-ab-O-shoveen.base] 629/1600  1.7 games/s  ETA 0h09m43s
[pb-ab-O-shoveen.base] 631/1600  1.7 games/s  ETA 0h09m43s
[pb-ab-O-shoveen.base] 635/1600  1.7 games/s  ETA 0h09m40s
[pb-ab-O-shoveen.base] 636/1600  1.7 games/s  ETA 0h09m42s
[pb-ab-O-shoveen.base] 639/1600  1.7 games/s  ETA 0h09m40s
[pb-ab-O-shoveen.base] 642/1600  1.7 games/s  ETA 0h09m39s
[pb-ab-O-shoveen.base] 645/1600  1.7 games/s  ETA 0h09m37s
[pb-ab-O-shoveen.base] 650/1600  1.7 games/s  ETA 0h09m33s
[pb-ab-O-shoveen.base] 651/1600  1.7 games/s  ETA 0h09m34s
[pb-ab-O-shoveen.base] 656/1600  1.7 games/s  ETA 0h09m30s
[pb-ab-O-shoveen.base] 658/1600  1.7 games/s  ETA 0h09m30s
[pb-ab-O-shoveen.base] 662/1600  1.7 games/s  ETA 0h09m27s
[pb-ab-O-shoveen.base] 663/1600  1.6 games/s  ETA 0h09m28s
[pb-ab-O-shoveen.base] 666/1600  1.6 games/s  ETA 0h09m26s
[pb-ab-O-shoveen.base] 668/1600  1.6 games/s  ETA 0h09m26s
[pb-ab-O-shoveen.base] 670/1600  1.6 games/s  ETA 0h09m26s
[pb-ab-O-shoveen.base] 674/1600  1.6 games/s  ETA 0h09m23s
[pb-ab-O-shoveen.base] 677/1600  1.6 games/s  ETA 0h09m22s
[pb-ab-O-shoveen.base] 682/1600  1.6 games/s  ETA 0h09m17s
[pb-ab-O-shoveen.base] 687/1600  1.7 games/s  ETA 0h09m13s
[pb-ab-O-shoveen.base] 691/1600  1.7 games/s  ETA 0h09m10s
[pb-ab-O-shoveen.base] 695/1600  1.7 games/s  ETA 0h09m07s
[pb-ab-O-shoveen.base] 699/1600  1.7 games/s  ETA 0h09m04s
[pb-ab-O-shoveen.base] 703/1600  1.7 games/s  ETA 0h09m01s
[pb-ab-O-shoveen.base] 708/1600  1.7 games/s  ETA 0h08m57s
[pb-ab-O-shoveen.base] 711/1600  1.7 games/s  ETA 0h08m55s
[pb-ab-O-shoveen.base] 713/1600  1.7 games/s  ETA 0h08m55s
[pb-ab-O-shoveen.base] 718/1600  1.7 games/s  ETA 0h08m50s
[pb-ab-O-shoveen.base] 720/1600  1.7 games/s  ETA 0h08m50s
[pb-ab-O-shoveen.base] 723/1600  1.7 games/s  ETA 0h08m49s
[pb-ab-O-shoveen.base] 725/1600  1.7 games/s  ETA 0h08m48s
[pb-ab-O-shoveen.base] 728/1600  1.7 games/s  ETA 0h08m47s
[pb-ab-O-shoveen.base] 730/1600  1.7 games/s  ETA 0h08m47s
[pb-ab-O-shoveen.base] 733/1600  1.6 games/s  ETA 0h08m45s
[pb-ab-O-shoveen.base] 735/1600  1.6 games/s  ETA 0h08m45s
[pb-ab-O-shoveen.base] 737/1600  1.6 games/s  ETA 0h08m44s
[pb-ab-O-shoveen.base] 739/1600  1.6 games/s  ETA 0h08m44s
[pb-ab-O-shoveen.base] 743/1600  1.6 games/s  ETA 0h08m41s
[pb-ab-O-shoveen.base] 747/1600  1.6 games/s  ETA 0h08m38s
[pb-ab-O-shoveen.base] 750/1600  1.6 games/s  ETA 0h08m37s
[pb-ab-O-shoveen.base] 753/1600  1.6 games/s  ETA 0h08m35s
[pb-ab-O-shoveen.base] 756/1600  1.6 games/s  ETA 0h08m33s
[pb-ab-O-shoveen.base] 757/1600  1.6 games/s  ETA 0h08m34s
[pb-ab-O-shoveen.base] 760/1600  1.6 games/s  ETA 0h08m33s
[pb-ab-O-shoveen.base] 764/1600  1.6 games/s  ETA 0h08m30s
[pb-ab-O-shoveen.base] 766/1600  1.6 games/s  ETA 0h08m29s
[pb-ab-O-shoveen.base] 767/1600  1.6 games/s  ETA 0h08m30s
[pb-ab-O-shoveen.base] 769/1600  1.6 games/s  ETA 0h08m30s
[pb-ab-O-shoveen.base] 771/1600  1.6 games/s  ETA 0h08m29s
[pb-ab-O-shoveen.base] 773/1600  1.6 games/s  ETA 0h08m29s
[pb-ab-O-shoveen.base] 775/1600  1.6 games/s  ETA 0h08m29s
[pb-ab-O-shoveen.base] 777/1600  1.6 games/s  ETA 0h08m28s
[pb-ab-O-shoveen.base] 779/1600  1.6 games/s  ETA 0h08m28s
[pb-ab-O-shoveen.base] 780/1600  1.6 games/s  ETA 0h08m29s
[pb-ab-O-shoveen.base] 784/1600  1.6 games/s  ETA 0h08m26s
[pb-ab-O-shoveen.base] 788/1600  1.6 games/s  ETA 0h08m23s
[pb-ab-O-shoveen.base] 791/1600  1.6 games/s  ETA 0h08m21s
[pb-ab-O-shoveen.base] 794/1600  1.6 games/s  ETA 0h08m19s
[pb-ab-O-shoveen.base] 798/1600  1.6 games/s  ETA 0h08m16s
[pb-ab-O-shoveen.base] 802/1600  1.6 games/s  ETA 0h08m13s
[pb-ab-O-shoveen.base] 806/1600  1.6 games/s  ETA 0h08m10s
[pb-ab-O-shoveen.base] 808/1600  1.6 games/s  ETA 0h08m10s
[pb-ab-O-shoveen.base] 811/1600  1.6 games/s  ETA 0h08m08s
[pb-ab-O-shoveen.base] 814/1600  1.6 games/s  ETA 0h08m06s
[pb-ab-O-shoveen.base] 816/1600  1.6 games/s  ETA 0h08m06s
[pb-ab-O-shoveen.base] 818/1600  1.6 games/s  ETA 0h08m05s
[pb-ab-O-shoveen.base] 824/1600  1.6 games/s  ETA 0h08m00s
[pb-ab-O-shoveen.base] 826/1600  1.6 games/s  ETA 0h08m00s
[pb-ab-O-shoveen.base] 828/1600  1.6 games/s  ETA 0h07m59s
[pb-ab-O-shoveen.base] 832/1600  1.6 games/s  ETA 0h07m56s
[pb-ab-O-shoveen.base] 835/1600  1.6 games/s  ETA 0h07m54s
[pb-ab-O-shoveen.base] 836/1600  1.6 games/s  ETA 0h07m55s
[pb-ab-O-shoveen.base] 838/1600  1.6 games/s  ETA 0h07m54s
[pb-ab-O-shoveen.base] 841/1600  1.6 games/s  ETA 0h07m53s
[pb-ab-O-shoveen.base] 843/1600  1.6 games/s  ETA 0h07m52s
[pb-ab-O-shoveen.base] 845/1600  1.6 games/s  ETA 0h07m52s
[pb-ab-O-shoveen.base] 849/1600  1.6 games/s  ETA 0h07m49s
[pb-ab-O-shoveen.base] 851/1600  1.6 games/s  ETA 0h07m48s
[pb-ab-O-shoveen.base] 853/1600  1.6 games/s  ETA 0h07m47s
[pb-ab-O-shoveen.base] 857/1600  1.6 games/s  ETA 0h07m44s
[pb-ab-O-shoveen.base] 861/1600  1.6 games/s  ETA 0h07m42s
[pb-ab-O-shoveen.base] 864/1600  1.6 games/s  ETA 0h07m40s
[pb-ab-O-shoveen.base] 868/1600  1.6 games/s  ETA 0h07m37s
[pb-ab-O-shoveen.base] 870/1600  1.6 games/s  ETA 0h07m36s
[pb-ab-O-shoveen.base] 872/1600  1.6 games/s  ETA 0h07m36s
[pb-ab-O-shoveen.base] 875/1600  1.6 games/s  ETA 0h07m34s
[pb-ab-O-shoveen.base] 877/1600  1.6 games/s  ETA 0h07m33s
[pb-ab-O-shoveen.base] 880/1600  1.6 games/s  ETA 0h07m31s
[pb-ab-O-shoveen.base] 883/1600  1.6 games/s  ETA 0h07m30s
[pb-ab-O-shoveen.base] 884/1600  1.6 games/s  ETA 0h07m30s
[pb-ab-O-shoveen.base] 887/1600  1.6 games/s  ETA 0h07m28s
[pb-ab-O-shoveen.base] 887/1600  1.6 games/s  ETA 0h07m30s
[pb-ab-O-shoveen.base] 887/1600  1.6 games/s  ETA 0h07m32s
[pb-ab-O-shoveen.base] 889/1600  1.6 games/s  ETA 0h07m31s
[pb-ab-O-shoveen.base] 891/1600  1.6 games/s  ETA 0h07m30s
[pb-ab-O-shoveen.base] 892/1600  1.6 games/s  ETA 0h07m31s
[pb-ab-O-shoveen.base] 896/1600  1.6 games/s  ETA 0h07m28s
[pb-ab-O-shoveen.base] 897/1600  1.6 games/s  ETA 0h07m28s
[pb-ab-O-shoveen.base] 899/1600  1.6 games/s  ETA 0h07m27s
[pb-ab-O-shoveen.base] 902/1600  1.6 games/s  ETA 0h07m25s
[pb-ab-O-shoveen.base] 904/1600  1.6 games/s  ETA 0h07m25s
[pb-ab-O-shoveen.base] 908/1600  1.6 games/s  ETA 0h07m22s
[pb-ab-O-shoveen.base] 912/1600  1.6 games/s  ETA 0h07m19s
[pb-ab-O-shoveen.base] 914/1600  1.6 games/s  ETA 0h07m18s
[pb-ab-O-shoveen.base] 916/1600  1.6 games/s  ETA 0h07m17s
[pb-ab-O-shoveen.base] 921/1600  1.6 games/s  ETA 0h07m13s
[pb-ab-O-shoveen.base] 925/1600  1.6 games/s  ETA 0h07m10s
[pb-ab-O-shoveen.base] 928/1600  1.6 games/s  ETA 0h07m08s
[pb-ab-O-shoveen.base] 935/1600  1.6 games/s  ETA 0h07m02s
[pb-ab-O-shoveen.base] 937/1600  1.6 games/s  ETA 0h07m01s
[pb-ab-O-shoveen.base] 941/1600  1.6 games/s  ETA 0h06m59s
[pb-ab-O-shoveen.base] 945/1600  1.6 games/s  ETA 0h06m56s
[pb-ab-O-shoveen.base] 950/1600  1.6 games/s  ETA 0h06m52s
[pb-ab-O-shoveen.base] 953/1600  1.6 games/s  ETA 0h06m50s
[pb-ab-O-shoveen.base] 958/1600  1.6 games/s  ETA 0h06m46s
[pb-ab-O-shoveen.base] 963/1600  1.6 games/s  ETA 0h06m42s
[pb-ab-O-shoveen.base] 968/1600  1.6 games/s  ETA 0h06m38s
[pb-ab-O-shoveen.base] 973/1600  1.6 games/s  ETA 0h06m34s
[pb-ab-O-shoveen.base] 979/1600  1.6 games/s  ETA 0h06m29s
[pb-ab-O-shoveen.base] 982/1600  1.6 games/s  ETA 0h06m27s
[pb-ab-O-shoveen.base] 986/1600  1.6 games/s  ETA 0h06m25s
[pb-ab-O-shoveen.base] 988/1600  1.6 games/s  ETA 0h06m24s
[pb-ab-O-shoveen.base] 995/1600  1.6 games/s  ETA 0h06m18s
[pb-ab-O-shoveen.base] 997/1600  1.6 games/s  ETA 0h06m17s
[pb-ab-O-shoveen.base] 1000/1600  1.6 games/s  ETA 0h06m15s
[pb-ab-O-shoveen.base] 1003/1600  1.6 games/s  ETA 0h06m14s
[pb-ab-O-shoveen.base] 1006/1600  1.6 games/s  ETA 0h06m12s
[pb-ab-O-shoveen.base] 1008/1600  1.6 games/s  ETA 0h06m11s
[pb-ab-O-shoveen.base] 1011/1600  1.6 games/s  ETA 0h06m09s
[pb-ab-O-shoveen.base] 1015/1600  1.6 games/s  ETA 0h06m06s
[pb-ab-O-shoveen.base] 1017/1600  1.6 games/s  ETA 0h06m05s
[pb-ab-O-shoveen.base] 1018/1600  1.6 games/s  ETA 0h06m06s
[pb-ab-O-shoveen.base] 1020/1600  1.6 games/s  ETA 0h06m05s
[pb-ab-O-shoveen.base] 1024/1600  1.6 games/s  ETA 0h06m02s
[pb-ab-O-shoveen.base] 1027/1600  1.6 games/s  ETA 0h06m00s
[pb-ab-O-shoveen.base] 1031/1600  1.6 games/s  ETA 0h05m57s
[pb-ab-O-shoveen.base] 1037/1600  1.6 games/s  ETA 0h05m53s
[pb-ab-O-shoveen.base] 1040/1600  1.6 games/s  ETA 0h05m51s
[pb-ab-O-shoveen.base] 1042/1600  1.6 games/s  ETA 0h05m50s
[pb-ab-O-shoveen.base] 1045/1600  1.6 games/s  ETA 0h05m48s
[pb-ab-O-shoveen.base] 1049/1600  1.6 games/s  ETA 0h05m45s
[pb-ab-O-shoveen.base] 1052/1600  1.6 games/s  ETA 0h05m43s
[pb-ab-O-shoveen.base] 1055/1600  1.6 games/s  ETA 0h05m42s
[pb-ab-O-shoveen.base] 1056/1600  1.6 games/s  ETA 0h05m42s
[pb-ab-O-shoveen.base] 1060/1600  1.6 games/s  ETA 0h05m39s
[pb-ab-O-shoveen.base] 1061/1600  1.6 games/s  ETA 0h05m39s
[pb-ab-O-shoveen.base] 1064/1600  1.6 games/s  ETA 0h05m37s
[pb-ab-O-shoveen.base] 1068/1600  1.6 games/s  ETA 0h05m34s
[pb-ab-O-shoveen.base] 1070/1600  1.6 games/s  ETA 0h05m34s
[pb-ab-O-shoveen.base] 1074/1600  1.6 games/s  ETA 0h05m31s
[pb-ab-O-shoveen.base] 1077/1600  1.6 games/s  ETA 0h05m29s
[pb-ab-O-shoveen.base] 1080/1600  1.6 games/s  ETA 0h05m27s
[pb-ab-O-shoveen.base] 1085/1600  1.6 games/s  ETA 0h05m23s
[pb-ab-O-shoveen.base] 1087/1600  1.6 games/s  ETA 0h05m22s
[pb-ab-O-shoveen.base] 1092/1600  1.6 games/s  ETA 0h05m19s
[pb-ab-O-shoveen.base] 1093/1600  1.6 games/s  ETA 0h05m19s
[pb-ab-O-shoveen.base] 1098/1600  1.6 games/s  ETA 0h05m15s
[pb-ab-O-shoveen.base] 1102/1600  1.6 games/s  ETA 0h05m12s
[pb-ab-O-shoveen.base] 1106/1600  1.6 games/s  ETA 0h05m10s
[pb-ab-O-shoveen.base] 1109/1600  1.6 games/s  ETA 0h05m08s
[pb-ab-O-shoveen.base] 1113/1600  1.6 games/s  ETA 0h05m05s
[pb-ab-O-shoveen.base] 1117/1600  1.6 games/s  ETA 0h05m02s
[pb-ab-O-shoveen.base] 1120/1600  1.6 games/s  ETA 0h05m01s
[pb-ab-O-shoveen.base] 1126/1600  1.6 games/s  ETA 0h04m56s
[pb-ab-O-shoveen.base] 1129/1600  1.6 games/s  ETA 0h04m54s
[pb-ab-O-shoveen.base] 1134/1600  1.6 games/s  ETA 0h04m51s
[pb-ab-O-shoveen.base] 1137/1600  1.6 games/s  ETA 0h04m49s
[pb-ab-O-shoveen.base] 1140/1600  1.6 games/s  ETA 0h04m47s
[pb-ab-O-shoveen.base] 1142/1600  1.6 games/s  ETA 0h04m46s
[pb-ab-O-shoveen.base] 1145/1600  1.6 games/s  ETA 0h04m44s
[pb-ab-O-shoveen.base] 1148/1600  1.6 games/s  ETA 0h04m42s
[pb-ab-O-shoveen.base] 1151/1600  1.6 games/s  ETA 0h04m41s
[pb-ab-O-shoveen.base] 1156/1600  1.6 games/s  ETA 0h04m37s
[pb-ab-O-shoveen.base] 1156/1600  1.6 games/s  ETA 0h04m38s
[pb-ab-O-shoveen.base] 1160/1600  1.6 games/s  ETA 0h04m35s
[pb-ab-O-shoveen.base] 1163/1600  1.6 games/s  ETA 0h04m33s
[pb-ab-O-shoveen.base] 1168/1600  1.6 games/s  ETA 0h04m30s
[pb-ab-O-shoveen.base] 1170/1600  1.6 games/s  ETA 0h04m29s
[pb-ab-O-shoveen.base] 1173/1600  1.6 games/s  ETA 0h04m27s
[pb-ab-O-shoveen.base] 1176/1600  1.6 games/s  ETA 0h04m25s
[pb-ab-O-shoveen.base] 1181/1600  1.6 games/s  ETA 0h04m21s
[pb-ab-O-shoveen.base] 1183/1600  1.6 games/s  ETA 0h04m20s
[pb-ab-O-shoveen.base] 1186/1600  1.6 games/s  ETA 0h04m19s
[pb-ab-O-shoveen.base] 1189/1600  1.6 games/s  ETA 0h04m17s
[pb-ab-O-shoveen.base] 1193/1600  1.6 games/s  ETA 0h04m14s
[pb-ab-O-shoveen.base] 1196/1600  1.6 games/s  ETA 0h04m12s
[pb-ab-O-shoveen.base] 1199/1600  1.6 games/s  ETA 0h04m10s
[pb-ab-O-shoveen.base] 1203/1600  1.6 games/s  ETA 0h04m08s
[pb-ab-O-shoveen.base] 1205/1600  1.6 games/s  ETA 0h04m07s
[pb-ab-O-shoveen.base] 1208/1600  1.6 games/s  ETA 0h04m05s
[pb-ab-O-shoveen.base] 1212/1600  1.6 games/s  ETA 0h04m02s
[pb-ab-O-shoveen.base] 1214/1600  1.6 games/s  ETA 0h04m01s
[pb-ab-O-shoveen.base] 1220/1600  1.6 games/s  ETA 0h03m57s
[pb-ab-O-shoveen.base] 1222/1600  1.6 games/s  ETA 0h03m56s
[pb-ab-O-shoveen.base] 1228/1600  1.6 games/s  ETA 0h03m52s
[pb-ab-O-shoveen.base] 1234/1600  1.6 games/s  ETA 0h03m47s
[pb-ab-O-shoveen.base] 1238/1600  1.6 games/s  ETA 0h03m45s
[pb-ab-O-shoveen.base] 1241/1600  1.6 games/s  ETA 0h03m43s
[pb-ab-O-shoveen.base] 1244/1600  1.6 games/s  ETA 0h03m41s
[pb-ab-O-shoveen.base] 1250/1600  1.6 games/s  ETA 0h03m37s
[pb-ab-O-shoveen.base] 1253/1600  1.6 games/s  ETA 0h03m35s
[pb-ab-O-shoveen.base] 1256/1600  1.6 games/s  ETA 0h03m33s
[pb-ab-O-shoveen.base] 1261/1600  1.6 games/s  ETA 0h03m30s
[pb-ab-O-shoveen.base] 1266/1600  1.6 games/s  ETA 0h03m26s
[pb-ab-O-shoveen.base] 1269/1600  1.6 games/s  ETA 0h03m25s
[pb-ab-O-shoveen.base] 1273/1600  1.6 games/s  ETA 0h03m22s
[pb-ab-O-shoveen.base] 1276/1600  1.6 games/s  ETA 0h03m20s
[pb-ab-O-shoveen.base] 1278/1600  1.6 games/s  ETA 0h03m19s
[pb-ab-O-shoveen.base] 1281/1600  1.6 games/s  ETA 0h03m17s
[pb-ab-O-shoveen.base] 1287/1600  1.6 games/s  ETA 0h03m13s
[pb-ab-O-shoveen.base] 1289/1600  1.6 games/s  ETA 0h03m12s
[pb-ab-O-shoveen.base] 1292/1600  1.6 games/s  ETA 0h03m10s
[pb-ab-O-shoveen.base] 1296/1600  1.6 games/s  ETA 0h03m08s
[pb-ab-O-shoveen.base] 1299/1600  1.6 games/s  ETA 0h03m06s
[pb-ab-O-shoveen.base] 1301/1600  1.6 games/s  ETA 0h03m05s
[pb-ab-O-shoveen.base] 1305/1600  1.6 games/s  ETA 0h03m02s
[pb-ab-O-shoveen.base] 1309/1600  1.6 games/s  ETA 0h03m00s
[pb-ab-O-shoveen.base] 1312/1600  1.6 games/s  ETA 0h02m58s
[pb-ab-O-shoveen.base] 1316/1600  1.6 games/s  ETA 0h02m55s
[pb-ab-O-shoveen.base] 1321/1600  1.6 games/s  ETA 0h02m52s
[pb-ab-O-shoveen.base] 1325/1600  1.6 games/s  ETA 0h02m49s
[pb-ab-O-shoveen.base] 1329/1600  1.6 games/s  ETA 0h02m47s
[pb-ab-O-shoveen.base] 1335/1600  1.6 games/s  ETA 0h02m43s
[pb-ab-O-shoveen.base] 1337/1600  1.6 games/s  ETA 0h02m42s
[pb-ab-O-shoveen.base] 1341/1600  1.6 games/s  ETA 0h02m39s
[pb-ab-O-shoveen.base] 1343/1600  1.6 games/s  ETA 0h02m38s
[pb-ab-O-shoveen.base] 1346/1600  1.6 games/s  ETA 0h02m36s
[pb-ab-O-shoveen.base] 1347/1600  1.6 games/s  ETA 0h02m36s
[pb-ab-O-shoveen.base] 1352/1600  1.6 games/s  ETA 0h02m33s
[pb-ab-O-shoveen.base] 1354/1600  1.6 games/s  ETA 0h02m31s
[pb-ab-O-shoveen.base] 1359/1600  1.6 games/s  ETA 0h02m28s
[pb-ab-O-shoveen.base] 1361/1600  1.6 games/s  ETA 0h02m27s
[pb-ab-O-shoveen.base] 1365/1600  1.6 games/s  ETA 0h02m25s
[pb-ab-O-shoveen.base] 1372/1600  1.6 games/s  ETA 0h02m20s
[pb-ab-O-shoveen.base] 1375/1600  1.6 games/s  ETA 0h02m18s
[pb-ab-O-shoveen.base] 1379/1600  1.6 games/s  ETA 0h02m15s
[pb-ab-O-shoveen.base] 1385/1600  1.6 games/s  ETA 0h02m12s
[pb-ab-O-shoveen.base] 1390/1600  1.6 games/s  ETA 0h02m08s
[pb-ab-O-shoveen.base] 1392/1600  1.6 games/s  ETA 0h02m07s
[pb-ab-O-shoveen.base] 1396/1600  1.6 games/s  ETA 0h02m05s
[pb-ab-O-shoveen.base] 1397/1600  1.6 games/s  ETA 0h02m04s
[pb-ab-O-shoveen.base] 1402/1600  1.6 games/s  ETA 0h02m01s
[pb-ab-O-shoveen.base] 1406/1600  1.6 games/s  ETA 0h01m59s
[pb-ab-O-shoveen.base] 1410/1600  1.6 games/s  ETA 0h01m56s
[pb-ab-O-shoveen.base] 1414/1600  1.6 games/s  ETA 0h01m53s
[pb-ab-O-shoveen.base] 1418/1600  1.6 games/s  ETA 0h01m51s
[pb-ab-O-shoveen.base] 1421/1600  1.6 games/s  ETA 0h01m49s
[pb-ab-O-shoveen.base] 1424/1600  1.6 games/s  ETA 0h01m47s
[pb-ab-O-shoveen.base] 1426/1600  1.6 games/s  ETA 0h01m46s
[pb-ab-O-shoveen.base] 1430/1600  1.6 games/s  ETA 0h01m44s
[pb-ab-O-shoveen.base] 1436/1600  1.6 games/s  ETA 0h01m40s
[pb-ab-O-shoveen.base] 1439/1600  1.6 games/s  ETA 0h01m38s
[pb-ab-O-shoveen.base] 1442/1600  1.6 games/s  ETA 0h01m36s
[pb-ab-O-shoveen.base] 1447/1600  1.6 games/s  ETA 0h01m33s
[pb-ab-O-shoveen.base] 1451/1600  1.6 games/s  ETA 0h01m31s
[pb-ab-O-shoveen.base] 1455/1600  1.6 games/s  ETA 0h01m28s
[pb-ab-O-shoveen.base] 1458/1600  1.6 games/s  ETA 0h01m26s
[pb-ab-O-shoveen.base] 1461/1600  1.6 games/s  ETA 0h01m24s
[pb-ab-O-shoveen.base] 1462/1600  1.6 games/s  ETA 0h01m24s
[pb-ab-O-shoveen.base] 1466/1600  1.6 games/s  ETA 0h01m21s
[pb-ab-O-shoveen.base] 1469/1600  1.6 games/s  ETA 0h01m20s
[pb-ab-O-shoveen.base] 1475/1600  1.6 games/s  ETA 0h01m16s
[pb-ab-O-shoveen.base] 1480/1600  1.6 games/s  ETA 0h01m13s
[pb-ab-O-shoveen.base] 1484/1600  1.6 games/s  ETA 0h01m10s
[pb-ab-O-shoveen.base] 1488/1600  1.6 games/s  ETA 0h01m08s
[pb-ab-O-shoveen.base] 1490/1600  1.6 games/s  ETA 0h01m07s
[pb-ab-O-shoveen.base] 1491/1600  1.6 games/s  ETA 0h01m06s
[pb-ab-O-shoveen.base] 1494/1600  1.6 games/s  ETA 0h01m04s
[pb-ab-O-shoveen.base] 1499/1600  1.6 games/s  ETA 0h01m01s
[pb-ab-O-shoveen.base] 1503/1600  1.6 games/s  ETA 0h00m59s
[pb-ab-O-shoveen.base] 1506/1600  1.6 games/s  ETA 0h00m57s
[pb-ab-O-shoveen.base] 1511/1600  1.6 games/s  ETA 0h00m54s
[pb-ab-O-shoveen.base] 1512/1600  1.6 games/s  ETA 0h00m53s
[pb-ab-O-shoveen.base] 1515/1600  1.6 games/s  ETA 0h00m51s
[pb-ab-O-shoveen.base] 1518/1600  1.6 games/s  ETA 0h00m50s
[pb-ab-O-shoveen.base] 1521/1600  1.6 games/s  ETA 0h00m48s
[pb-ab-O-shoveen.base] 1523/1600  1.6 games/s  ETA 0h00m47s
[pb-ab-O-shoveen.base] 1525/1600  1.6 games/s  ETA 0h00m45s
[pb-ab-O-shoveen.base] 1528/1600  1.6 games/s  ETA 0h00m44s
[pb-ab-O-shoveen.base] 1532/1600  1.6 games/s  ETA 0h00m41s
[pb-ab-O-shoveen.base] 1535/1600  1.6 games/s  ETA 0h00m39s
[pb-ab-O-shoveen.base] 1536/1600  1.6 games/s  ETA 0h00m39s
[pb-ab-O-shoveen.base] 1539/1600  1.6 games/s  ETA 0h00m37s
[pb-ab-O-shoveen.base] 1544/1600  1.6 games/s  ETA 0h00m34s
[pb-ab-O-shoveen.base] 1548/1600  1.6 games/s  ETA 0h00m31s
[pb-ab-O-shoveen.base] 1556/1600  1.6 games/s  ETA 0h00m26s
[pb-ab-O-shoveen.base] 1558/1600  1.6 games/s  ETA 0h00m25s
[pb-ab-O-shoveen.base] 1561/1600  1.6 games/s  ETA 0h00m23s
[pb-ab-O-shoveen.base] 1564/1600  1.6 games/s  ETA 0h00m21s
[pb-ab-O-shoveen.base] 1567/1600  1.6 games/s  ETA 0h00m20s
[pb-ab-O-shoveen.base] 1570/1600  1.6 games/s  ETA 0h00m18s
[pb-ab-O-shoveen.base] 1575/1600  1.6 games/s  ETA 0h00m15s
[pb-ab-O-shoveen.base] 1577/1600  1.6 games/s  ETA 0h00m14s
[pb-ab-O-shoveen.base] 1582/1600  1.6 games/s  ETA 0h00m10s
[pb-ab-O-shoveen.base] 1586/1600  1.6 games/s  ETA 0h00m08s
[pb-ab-O-shoveen.base] 1590/1600  1.6 games/s  ETA 0h00m06s
[pb-ab-O-shoveen.base] 1592/1600  1.6 games/s  ETA 0h00m04s
[pb-ab-O-shoveen.base] 1597/1600  1.6 games/s  ETA 0h00m01s
[pb-ab-O-shoveen.base] 1599/1600  1.6 games/s  ETA 0h00m00s
[pb-ab-O-shoveen.base] 1600 games in 0h16m16s (1.6 games/s)
[pb-ab-O-shoveen.base] summary -> sim/out/pb-ab-O-shoveen.base.summary.json
[pb-ab-O-shoveen.var] 1600 games (0 already done), 1600 to play on 4 workers -> sim/out/pb-ab-O-shoveen.var.jsonl
[pb-ab-O-shoveen.var] depth 3, 4 random opening plies, ply cap 300, pairs off (both sides identical; --pairs forces them on)
[pb-ab-O-shoveen.var] rules {"ogreShoveFriends":"enemies"}, values {}
[pb-ab-O-shoveen.var] 2/1600  1.0 games/s  ETA 0h26m38s
[pb-ab-O-shoveen.var] 5/1600  1.2 games/s  ETA 0h21m16s
[pb-ab-O-shoveen.var] 8/1600  1.3 games/s  ETA 0h19m54s
[pb-ab-O-shoveen.var] 12/1600  1.5 games/s  ETA 0h17m39s
[pb-ab-O-shoveen.var] 15/1600  1.5 games/s  ETA 0h17m37s
[pb-ab-O-shoveen.var] 17/1600  1.4 games/s  ETA 0h18m38s
[pb-ab-O-shoveen.var] 20/1600  1.4 games/s  ETA 0h18m26s
[pb-ab-O-shoveen.var] 24/1600  1.5 games/s  ETA 0h17m31s
[pb-ab-O-shoveen.var] 28/1600  1.6 games/s  ETA 0h16m51s
[pb-ab-O-shoveen.var] 32/1600  1.6 games/s  ETA 0h16m20s
[pb-ab-O-shoveen.var] 36/1600  1.6 games/s  ETA 0h15m56s
[pb-ab-O-shoveen.var] 39/1600  1.6 games/s  ETA 0h16m01s
[pb-ab-O-shoveen.var] 42/1600  1.6 games/s  ETA 0h16m05s
[pb-ab-O-shoveen.var] 43/1600  1.5 games/s  ETA 0h16m54s
[pb-ab-O-shoveen.var] 48/1600  1.6 games/s  ETA 0h16m10s
[pb-ab-O-shoveen.var] 52/1600  1.6 games/s  ETA 0h15m53s
[pb-ab-O-shoveen.var] 54/1600  1.6 games/s  ETA 0h16m13s
[pb-ab-O-shoveen.var] 58/1600  1.6 games/s  ETA 0h15m57s
[pb-ab-O-shoveen.var] 62/1600  1.6 games/s  ETA 0h15m43s
[pb-ab-O-shoveen.var] 65/1600  1.6 games/s  ETA 0h15m45s
[pb-ab-O-shoveen.var] 70/1600  1.7 games/s  ETA 0h15m18s
[pb-ab-O-shoveen.var] 76/1600  1.7 games/s  ETA 0h14m42s
[pb-ab-O-shoveen.var] 81/1600  1.8 games/s  ETA 0h14m23s
[pb-ab-O-shoveen.var] 86/1600  1.8 games/s  ETA 0h14m05s
[pb-ab-O-shoveen.var] 90/1600  1.8 games/s  ETA 0h13m59s
[pb-ab-O-shoveen.var] 93/1600  1.8 games/s  ETA 0h14m03s
[pb-ab-O-shoveen.var] 98/1600  1.8 games/s  ETA 0h13m48s
[pb-ab-O-shoveen.var] 100/1600  1.8 games/s  ETA 0h14m00s
[pb-ab-O-shoveen.var] 104/1600  1.8 games/s  ETA 0h13m54s
[pb-ab-O-shoveen.var] 106/1600  1.8 games/s  ETA 0h14m06s
[pb-ab-O-shoveen.var] 112/1600  1.8 games/s  ETA 0h13m44s
[pb-ab-O-shoveen.var] 115/1600  1.8 games/s  ETA 0h13m46s
[pb-ab-O-shoveen.var] 120/1600  1.8 games/s  ETA 0h13m34s
[pb-ab-O-shoveen.var] 125/1600  1.8 games/s  ETA 0h13m22s
[pb-ab-O-shoveen.var] 129/1600  1.8 games/s  ETA 0h13m18s
[pb-ab-O-shoveen.var] 132/1600  1.8 games/s  ETA 0h13m21s
[pb-ab-O-shoveen.var] 135/1600  1.8 games/s  ETA 0h13m23s
[pb-ab-O-shoveen.var] 138/1600  1.8 games/s  ETA 0h13m25s
[pb-ab-O-shoveen.var] 140/1600  1.8 games/s  ETA 0h13m33s
[pb-ab-O-shoveen.var] 145/1600  1.8 games/s  ETA 0h13m23s
[pb-ab-O-shoveen.var] 147/1600  1.8 games/s  ETA 0h13m30s
[pb-ab-O-shoveen.var] 151/1600  1.8 games/s  ETA 0h13m26s
[pb-ab-O-shoveen.var] 156/1600  1.8 games/s  ETA 0h13m16s
[pb-ab-O-shoveen.var] 161/1600  1.8 games/s  ETA 0h13m06s
[pb-ab-O-shoveen.var] 167/1600  1.9 games/s  ETA 0h12m52s
[pb-ab-O-shoveen.var] 169/1600  1.8 games/s  ETA 0h12m59s
[pb-ab-O-shoveen.var] 174/1600  1.9 games/s  ETA 0h12m50s
[pb-ab-O-shoveen.var] 177/1600  1.8 games/s  ETA 0h12m52s
[pb-ab-O-shoveen.var] 183/1600  1.9 games/s  ETA 0h12m39s
[pb-ab-O-shoveen.var] 186/1600  1.9 games/s  ETA 0h12m40s
[pb-ab-O-shoveen.var] 191/1600  1.9 games/s  ETA 0h12m32s
[pb-ab-O-shoveen.var] 194/1600  1.9 games/s  ETA 0h12m34s
[pb-ab-O-shoveen.var] 196/1600  1.8 games/s  ETA 0h12m39s
[pb-ab-O-shoveen.var] 199/1600  1.8 games/s  ETA 0h12m40s
[pb-ab-O-shoveen.var] 203/1600  1.8 games/s  ETA 0h12m37s
[pb-ab-O-shoveen.var] 207/1600  1.8 games/s  ETA 0h12m34s
[pb-ab-O-shoveen.var] 210/1600  1.8 games/s  ETA 0h12m34s
[pb-ab-O-shoveen.var] 213/1600  1.8 games/s  ETA 0h12m35s
[pb-ab-O-shoveen.var] 219/1600  1.9 games/s  ETA 0h12m24s
[pb-ab-O-shoveen.var] 222/1600  1.8 games/s  ETA 0h12m25s
[pb-ab-O-shoveen.var] 223/1600  1.8 games/s  ETA 0h12m33s
[pb-ab-O-shoveen.var] 227/1600  1.8 games/s  ETA 0h12m30s
[pb-ab-O-shoveen.var] 230/1600  1.8 games/s  ETA 0h12m30s
[pb-ab-O-shoveen.var] 235/1600  1.8 games/s  ETA 0h12m23s
[pb-ab-O-shoveen.var] 237/1600  1.8 games/s  ETA 0h12m28s
[pb-ab-O-shoveen.var] 240/1600  1.8 games/s  ETA 0h12m28s
[pb-ab-O-shoveen.var] 244/1600  1.8 games/s  ETA 0h12m25s
[pb-ab-O-shoveen.var] 246/1600  1.8 games/s  ETA 0h12m28s
[pb-ab-O-shoveen.var] 251/1600  1.8 games/s  ETA 0h12m22s
[pb-ab-O-shoveen.var] 255/1600  1.8 games/s  ETA 0h12m18s
[pb-ab-O-shoveen.var] 257/1600  1.8 games/s  ETA 0h12m22s
[pb-ab-O-shoveen.var] 259/1600  1.8 games/s  ETA 0h12m25s
[pb-ab-O-shoveen.var] 264/1600  1.8 games/s  ETA 0h12m19s
[pb-ab-O-shoveen.var] 266/1600  1.8 games/s  ETA 0h12m22s
[pb-ab-O-shoveen.var] 269/1600  1.8 games/s  ETA 0h12m22s
[pb-ab-O-shoveen.var] 271/1600  1.8 games/s  ETA 0h12m25s
[pb-ab-O-shoveen.var] 273/1600  1.8 games/s  ETA 0h12m28s
[pb-ab-O-shoveen.var] 276/1600  1.8 games/s  ETA 0h12m28s
[pb-ab-O-shoveen.var] 279/1600  1.8 games/s  ETA 0h12m28s
[pb-ab-O-shoveen.var] 282/1600  1.8 games/s  ETA 0h12m28s
[pb-ab-O-shoveen.var] 287/1600  1.8 games/s  ETA 0h12m21s
[pb-ab-O-shoveen.var] 292/1600  1.8 games/s  ETA 0h12m15s
[pb-ab-O-shoveen.var] 294/1600  1.8 games/s  ETA 0h12m17s
[pb-ab-O-shoveen.var] 297/1600  1.8 games/s  ETA 0h12m17s
[pb-ab-O-shoveen.var] 299/1600  1.8 games/s  ETA 0h12m20s
[pb-ab-O-shoveen.var] 304/1600  1.8 games/s  ETA 0h12m13s
[pb-ab-O-shoveen.var] 307/1600  1.8 games/s  ETA 0h12m13s
[pb-ab-O-shoveen.var] 308/1600  1.7 games/s  ETA 0h12m18s
[pb-ab-O-shoveen.var] 310/1600  1.7 games/s  ETA 0h12m21s
[pb-ab-O-shoveen.var] 313/1600  1.7 games/s  ETA 0h12m20s
[pb-ab-O-shoveen.var] 316/1600  1.7 games/s  ETA 0h12m19s
[pb-ab-O-shoveen.var] 319/1600  1.7 games/s  ETA 0h12m19s
[pb-ab-O-shoveen.var] 322/1600  1.7 games/s  ETA 0h12m18s
[pb-ab-O-shoveen.var] 326/1600  1.7 games/s  ETA 0h12m15s
[pb-ab-O-shoveen.var] 328/1600  1.7 games/s  ETA 0h12m17s
[pb-ab-O-shoveen.var] 330/1600  1.7 games/s  ETA 0h12m19s
[pb-ab-O-shoveen.var] 332/1600  1.7 games/s  ETA 0h12m21s
[pb-ab-O-shoveen.var] 337/1600  1.7 games/s  ETA 0h12m15s
[pb-ab-O-shoveen.var] 340/1600  1.7 games/s  ETA 0h12m14s
[pb-ab-O-shoveen.var] 341/1600  1.7 games/s  ETA 0h12m18s
[pb-ab-O-shoveen.var] 346/1600  1.7 games/s  ETA 0h12m12s
[pb-ab-O-shoveen.var] 349/1600  1.7 games/s  ETA 0h12m11s
[pb-ab-O-shoveen.var] 352/1600  1.7 games/s  ETA 0h12m10s
[pb-ab-O-shoveen.var] 356/1600  1.7 games/s  ETA 0h12m07s
[pb-ab-O-shoveen.var] 360/1600  1.7 games/s  ETA 0h12m03s
[pb-ab-O-shoveen.var] 365/1600  1.7 games/s  ETA 0h11m57s
[pb-ab-O-shoveen.var] 367/1600  1.7 games/s  ETA 0h11m59s
[pb-ab-O-shoveen.var] 372/1600  1.7 games/s  ETA 0h11m53s
[pb-ab-O-shoveen.var] 374/1600  1.7 games/s  ETA 0h11m55s
[pb-ab-O-shoveen.var] 375/1600  1.7 games/s  ETA 0h11m59s
[pb-ab-O-shoveen.var] 378/1600  1.7 games/s  ETA 0h11m58s
[pb-ab-O-shoveen.var] 380/1600  1.7 games/s  ETA 0h11m59s
[pb-ab-O-shoveen.var] 382/1600  1.7 games/s  ETA 0h12m01s
[pb-ab-O-shoveen.var] 385/1600  1.7 games/s  ETA 0h11m59s
[pb-ab-O-shoveen.var] 388/1600  1.7 games/s  ETA 0h11m58s
[pb-ab-O-shoveen.var] 391/1600  1.7 games/s  ETA 0h11m57s
[pb-ab-O-shoveen.var] 395/1600  1.7 games/s  ETA 0h11m54s
[pb-ab-O-shoveen.var] 397/1600  1.7 games/s  ETA 0h11m55s
[pb-ab-O-shoveen.var] 402/1600  1.7 games/s  ETA 0h11m49s
[pb-ab-O-shoveen.var] 407/1600  1.7 games/s  ETA 0h11m43s
[pb-ab-O-shoveen.var] 411/1600  1.7 games/s  ETA 0h11m40s
[pb-ab-O-shoveen.var] 414/1600  1.7 games/s  ETA 0h11m39s
[pb-ab-O-shoveen.var] 417/1600  1.7 games/s  ETA 0h11m38s
[pb-ab-O-shoveen.var] 419/1600  1.7 games/s  ETA 0h11m39s
[pb-ab-O-shoveen.var] 421/1600  1.7 games/s  ETA 0h11m40s
[pb-ab-O-shoveen.var] 424/1600  1.7 games/s  ETA 0h11m39s
[pb-ab-O-shoveen.var] 429/1600  1.7 games/s  ETA 0h11m33s
[pb-ab-O-shoveen.var] 432/1600  1.7 games/s  ETA 0h11m32s
[pb-ab-O-shoveen.var] 436/1600  1.7 games/s  ETA 0h11m29s
[pb-ab-O-shoveen.var] 439/1600  1.7 games/s  ETA 0h11m28s
[pb-ab-O-shoveen.var] 445/1600  1.7 games/s  ETA 0h11m20s
[pb-ab-O-shoveen.var] 448/1600  1.7 games/s  ETA 0h11m19s
[pb-ab-O-shoveen.var] 452/1600  1.7 games/s  ETA 0h11m16s
[pb-ab-O-shoveen.var] 456/1600  1.7 games/s  ETA 0h11m12s
[pb-ab-O-shoveen.var] 461/1600  1.7 games/s  ETA 0h11m07s
[pb-ab-O-shoveen.var] 466/1600  1.7 games/s  ETA 0h11m02s
[pb-ab-O-shoveen.var] 472/1600  1.7 games/s  ETA 0h10m55s
[pb-ab-O-shoveen.var] 474/1600  1.7 games/s  ETA 0h10m56s
[pb-ab-O-shoveen.var] 478/1600  1.7 games/s  ETA 0h10m52s
[pb-ab-O-shoveen.var] 480/1600  1.7 games/s  ETA 0h10m53s
[pb-ab-O-shoveen.var] 485/1600  1.7 games/s  ETA 0h10m48s
[pb-ab-O-shoveen.var] 491/1600  1.7 games/s  ETA 0h10m41s
[pb-ab-O-shoveen.var] 493/1600  1.7 games/s  ETA 0h10m42s
[pb-ab-O-shoveen.var] 496/1600  1.7 games/s  ETA 0h10m41s
[pb-ab-O-shoveen.var] 500/1600  1.7 games/s  ETA 0h10m38s
[pb-ab-O-shoveen.var] 503/1600  1.7 games/s  ETA 0h10m37s
[pb-ab-O-shoveen.var] 509/1600  1.7 games/s  ETA 0h10m30s
[pb-ab-O-shoveen.var] 511/1600  1.7 games/s  ETA 0h10m31s
[pb-ab-O-shoveen.var] 516/1600  1.7 games/s  ETA 0h10m26s
[pb-ab-O-shoveen.var] 520/1600  1.7 games/s  ETA 0h10m23s
[pb-ab-O-shoveen.var] 525/1600  1.7 games/s  ETA 0h10m18s
[pb-ab-O-shoveen.var] 528/1600  1.7 games/s  ETA 0h10m17s
[pb-ab-O-shoveen.var] 532/1600  1.7 games/s  ETA 0h10m14s
[pb-ab-O-shoveen.var] 535/1600  1.7 games/s  ETA 0h10m13s
[pb-ab-O-shoveen.var] 537/1600  1.7 games/s  ETA 0h10m14s
[pb-ab-O-shoveen.var] 539/1600  1.7 games/s  ETA 0h10m14s
[pb-ab-O-shoveen.var] 542/1600  1.7 games/s  ETA 0h10m13s
[pb-ab-O-shoveen.var] 546/1600  1.7 games/s  ETA 0h10m10s
[pb-ab-O-shoveen.var] 550/1600  1.7 games/s  ETA 0h10m07s
[pb-ab-O-shoveen.var] 556/1600  1.7 games/s  ETA 0h10m01s
[pb-ab-O-shoveen.var] 559/1600  1.7 games/s  ETA 0h10m00s
[pb-ab-O-shoveen.var] 562/1600  1.7 games/s  ETA 0h09m58s
[pb-ab-O-shoveen.var] 566/1600  1.7 games/s  ETA 0h09m55s
[pb-ab-O-shoveen.var] 570/1600  1.7 games/s  ETA 0h09m53s
[pb-ab-O-shoveen.var] 572/1600  1.7 games/s  ETA 0h09m53s
[pb-ab-O-shoveen.var] 578/1600  1.7 games/s  ETA 0h09m47s
[pb-ab-O-shoveen.var] 582/1600  1.7 games/s  ETA 0h09m44s
[pb-ab-O-shoveen.var] 586/1600  1.7 games/s  ETA 0h09m41s
[pb-ab-O-shoveen.var] 590/1600  1.7 games/s  ETA 0h09m38s
[pb-ab-O-shoveen.var] 594/1600  1.7 games/s  ETA 0h09m36s
[pb-ab-O-shoveen.var] 597/1600  1.7 games/s  ETA 0h09m34s
[pb-ab-O-shoveen.var] 600/1600  1.7 games/s  ETA 0h09m33s
[pb-ab-O-shoveen.var] 604/1600  1.7 games/s  ETA 0h09m30s
[pb-ab-O-shoveen.var] 608/1600  1.7 games/s  ETA 0h09m28s
[pb-ab-O-shoveen.var] 612/1600  1.7 games/s  ETA 0h09m25s
[pb-ab-O-shoveen.var] 615/1600  1.7 games/s  ETA 0h09m24s
[pb-ab-O-shoveen.var] 617/1600  1.7 games/s  ETA 0h09m24s
[pb-ab-O-shoveen.var] 619/1600  1.7 games/s  ETA 0h09m24s
[pb-ab-O-shoveen.var] 624/1600  1.7 games/s  ETA 0h09m20s
[pb-ab-O-shoveen.var] 627/1600  1.7 games/s  ETA 0h09m19s
[pb-ab-O-shoveen.var] 631/1600  1.7 games/s  ETA 0h09m16s
[pb-ab-O-shoveen.var] 635/1600  1.7 games/s  ETA 0h09m13s
[pb-ab-O-shoveen.var] 639/1600  1.7 games/s  ETA 0h09m10s
[pb-ab-O-shoveen.var] 643/1600  1.7 games/s  ETA 0h09m08s
[pb-ab-O-shoveen.var] 646/1600  1.7 games/s  ETA 0h09m06s
[pb-ab-O-shoveen.var] 648/1600  1.7 games/s  ETA 0h09m06s
[pb-ab-O-shoveen.var] 650/1600  1.7 games/s  ETA 0h09m06s
[pb-ab-O-shoveen.var] 654/1600  1.7 games/s  ETA 0h09m04s
[pb-ab-O-shoveen.var] 659/1600  1.7 games/s  ETA 0h09m00s
[pb-ab-O-shoveen.var] 662/1600  1.7 games/s  ETA 0h08m58s
[pb-ab-O-shoveen.var] 666/1600  1.7 games/s  ETA 0h08m56s
[pb-ab-O-shoveen.var] 671/1600  1.7 games/s  ETA 0h08m51s
[pb-ab-O-shoveen.var] 676/1600  1.8 games/s  ETA 0h08m47s
[pb-ab-O-shoveen.var] 678/1600  1.7 games/s  ETA 0h08m47s
[pb-ab-O-shoveen.var] 684/1600  1.8 games/s  ETA 0h08m42s
[pb-ab-O-shoveen.var] 688/1600  1.8 games/s  ETA 0h08m39s
[pb-ab-O-shoveen.var] 692/1600  1.8 games/s  ETA 0h08m37s
[pb-ab-O-shoveen.var] 695/1600  1.8 games/s  ETA 0h08m35s
[pb-ab-O-shoveen.var] 699/1600  1.8 games/s  ETA 0h08m33s
[pb-ab-O-shoveen.var] 699/1600  1.7 games/s  ETA 0h08m35s
[pb-ab-O-shoveen.var] 706/1600  1.8 games/s  ETA 0h08m29s
[pb-ab-O-shoveen.var] 710/1600  1.8 games/s  ETA 0h08m26s
[pb-ab-O-shoveen.var] 715/1600  1.8 games/s  ETA 0h08m22s
[pb-ab-O-shoveen.var] 720/1600  1.8 games/s  ETA 0h08m18s
[pb-ab-O-shoveen.var] 724/1600  1.8 games/s  ETA 0h08m16s
[pb-ab-O-shoveen.var] 729/1600  1.8 games/s  ETA 0h08m12s
[pb-ab-O-shoveen.var] 730/1600  1.8 games/s  ETA 0h08m13s
[pb-ab-O-shoveen.var] 733/1600  1.8 games/s  ETA 0h08m12s
[pb-ab-O-shoveen.var] 736/1600  1.8 games/s  ETA 0h08m11s
[pb-ab-O-shoveen.var] 738/1600  1.8 games/s  ETA 0h08m10s
[pb-ab-O-shoveen.var] 742/1600  1.8 games/s  ETA 0h08m08s
[pb-ab-O-shoveen.var] 747/1600  1.8 games/s  ETA 0h08m04s
[pb-ab-O-shoveen.var] 753/1600  1.8 games/s  ETA 0h07m59s
[pb-ab-O-shoveen.var] 756/1600  1.8 games/s  ETA 0h07m58s
[pb-ab-O-shoveen.var] 759/1600  1.8 games/s  ETA 0h07m56s
[pb-ab-O-shoveen.var] 762/1600  1.8 games/s  ETA 0h07m55s
[pb-ab-O-shoveen.var] 766/1600  1.8 games/s  ETA 0h07m52s
[pb-ab-O-shoveen.var] 769/1600  1.8 games/s  ETA 0h07m51s
[pb-ab-O-shoveen.var] 774/1600  1.8 games/s  ETA 0h07m47s
[pb-ab-O-shoveen.var] 777/1600  1.8 games/s  ETA 0h07m46s
[pb-ab-O-shoveen.var] 780/1600  1.8 games/s  ETA 0h07m44s
[pb-ab-O-shoveen.var] 785/1600  1.8 games/s  ETA 0h07m41s
[pb-ab-O-shoveen.var] 787/1600  1.8 games/s  ETA 0h07m41s
[pb-ab-O-shoveen.var] 793/1600  1.8 games/s  ETA 0h07m36s
[pb-ab-O-shoveen.var] 796/1600  1.8 games/s  ETA 0h07m34s
[pb-ab-O-shoveen.var] 800/1600  1.8 games/s  ETA 0h07m32s
[pb-ab-O-shoveen.var] 805/1600  1.8 games/s  ETA 0h07m28s
[pb-ab-O-shoveen.var] 808/1600  1.8 games/s  ETA 0h07m27s
[pb-ab-O-shoveen.var] 813/1600  1.8 games/s  ETA 0h07m23s
[pb-ab-O-shoveen.var] 814/1600  1.8 games/s  ETA 0h07m24s
[pb-ab-O-shoveen.var] 817/1600  1.8 games/s  ETA 0h07m23s
[pb-ab-O-shoveen.var] 822/1600  1.8 games/s  ETA 0h07m19s
[pb-ab-O-shoveen.var] 825/1600  1.8 games/s  ETA 0h07m18s
[pb-ab-O-shoveen.var] 833/1600  1.8 games/s  ETA 0h07m11s
[pb-ab-O-shoveen.var] 835/1600  1.8 games/s  ETA 0h07m10s
[pb-ab-O-shoveen.var] 839/1600  1.8 games/s  ETA 0h07m08s
[pb-ab-O-shoveen.var] 844/1600  1.8 games/s  ETA 0h07m04s
[pb-ab-O-shoveen.var] 845/1600  1.8 games/s  ETA 0h07m05s
[pb-ab-O-shoveen.var] 849/1600  1.8 games/s  ETA 0h07m03s
[pb-ab-O-shoveen.var] 856/1600  1.8 games/s  ETA 0h06m57s
[pb-ab-O-shoveen.var] 859/1600  1.8 games/s  ETA 0h06m56s
[pb-ab-O-shoveen.var] 862/1600  1.8 games/s  ETA 0h06m54s
[pb-ab-O-shoveen.var] 867/1600  1.8 games/s  ETA 0h06m51s
[pb-ab-O-shoveen.var] 872/1600  1.8 games/s  ETA 0h06m47s
[pb-ab-O-shoveen.var] 874/1600  1.8 games/s  ETA 0h06m47s
[pb-ab-O-shoveen.var] 876/1600  1.8 games/s  ETA 0h06m46s
[pb-ab-O-shoveen.var] 881/1600  1.8 games/s  ETA 0h06m43s
[pb-ab-O-shoveen.var] 883/1600  1.8 games/s  ETA 0h06m43s
[pb-ab-O-shoveen.var] 888/1600  1.8 games/s  ETA 0h06m39s
[pb-ab-O-shoveen.var] 892/1600  1.8 games/s  ETA 0h06m37s
[pb-ab-O-shoveen.var] 895/1600  1.8 games/s  ETA 0h06m35s
[pb-ab-O-shoveen.var] 898/1600  1.8 games/s  ETA 0h06m34s
[pb-ab-O-shoveen.var] 903/1600  1.8 games/s  ETA 0h06m30s
[pb-ab-O-shoveen.var] 906/1600  1.8 games/s  ETA 0h06m29s
[pb-ab-O-shoveen.var] 910/1600  1.8 games/s  ETA 0h06m26s
[pb-ab-O-shoveen.var] 914/1600  1.8 games/s  ETA 0h06m24s
[pb-ab-O-shoveen.var] 916/1600  1.8 games/s  ETA 0h06m24s
[pb-ab-O-shoveen.var] 919/1600  1.8 games/s  ETA 0h06m22s
[pb-ab-O-shoveen.var] 922/1600  1.8 games/s  ETA 0h06m21s
[pb-ab-O-shoveen.var] 926/1600  1.8 games/s  ETA 0h06m18s
[pb-ab-O-shoveen.var] 929/1600  1.8 games/s  ETA 0h06m17s
[pb-ab-O-shoveen.var] 933/1600  1.8 games/s  ETA 0h06m14s
[pb-ab-O-shoveen.var] 936/1600  1.8 games/s  ETA 0h06m13s
[pb-ab-O-shoveen.var] 940/1600  1.8 games/s  ETA 0h06m10s
[pb-ab-O-shoveen.var] 944/1600  1.8 games/s  ETA 0h06m08s
[pb-ab-O-shoveen.var] 947/1600  1.8 games/s  ETA 0h06m07s
[pb-ab-O-shoveen.var] 950/1600  1.8 games/s  ETA 0h06m05s
[pb-ab-O-shoveen.var] 954/1600  1.8 games/s  ETA 0h06m03s
[pb-ab-O-shoveen.var] 955/1600  1.8 games/s  ETA 0h06m03s
[pb-ab-O-shoveen.var] 957/1600  1.8 games/s  ETA 0h06m03s
[pb-ab-O-shoveen.var] 960/1600  1.8 games/s  ETA 0h06m01s
[pb-ab-O-shoveen.var] 963/1600  1.8 games/s  ETA 0h06m00s
[pb-ab-O-shoveen.var] 966/1600  1.8 games/s  ETA 0h05m58s
[pb-ab-O-shoveen.var] 968/1600  1.8 games/s  ETA 0h05m58s
[pb-ab-O-shoveen.var] 972/1600  1.8 games/s  ETA 0h05m55s
[pb-ab-O-shoveen.var] 974/1600  1.8 games/s  ETA 0h05m54s
[pb-ab-O-shoveen.var] 976/1600  1.8 games/s  ETA 0h05m54s
[pb-ab-O-shoveen.var] 978/1600  1.8 games/s  ETA 0h05m53s
[pb-ab-O-shoveen.var] 982/1600  1.8 games/s  ETA 0h05m51s
[pb-ab-O-shoveen.var] 985/1600  1.8 games/s  ETA 0h05m49s
[pb-ab-O-shoveen.var] 987/1600  1.8 games/s  ETA 0h05m49s
[pb-ab-O-shoveen.var] 990/1600  1.8 games/s  ETA 0h05m47s
[pb-ab-O-shoveen.var] 993/1600  1.8 games/s  ETA 0h05m46s
[pb-ab-O-shoveen.var] 997/1600  1.8 games/s  ETA 0h05m43s
[pb-ab-O-shoveen.var] 999/1600  1.8 games/s  ETA 0h05m43s
[pb-ab-O-shoveen.var] 1003/1600  1.8 games/s  ETA 0h05m40s
[pb-ab-O-shoveen.var] 1007/1600  1.8 games/s  ETA 0h05m38s
[pb-ab-O-shoveen.var] 1007/1600  1.7 games/s  ETA 0h05m39s
[pb-ab-O-shoveen.var] 1009/1600  1.7 games/s  ETA 0h05m38s
[pb-ab-O-shoveen.var] 1011/1600  1.7 games/s  ETA 0h05m38s
[pb-ab-O-shoveen.var] 1013/1600  1.7 games/s  ETA 0h05m37s
[pb-ab-O-shoveen.var] 1017/1600  1.7 games/s  ETA 0h05m34s
[pb-ab-O-shoveen.var] 1020/1600  1.7 games/s  ETA 0h05m33s
[pb-ab-O-shoveen.var] 1021/1600  1.7 games/s  ETA 0h05m33s
[pb-ab-O-shoveen.var] 1026/1600  1.7 games/s  ETA 0h05m30s
[pb-ab-O-shoveen.var] 1030/1600  1.7 games/s  ETA 0h05m27s
[pb-ab-O-shoveen.var] 1033/1600  1.7 games/s  ETA 0h05m26s
[pb-ab-O-shoveen.var] 1037/1600  1.7 games/s  ETA 0h05m23s
[pb-ab-O-shoveen.var] 1040/1600  1.7 games/s  ETA 0h05m22s
[pb-ab-O-shoveen.var] 1044/1600  1.7 games/s  ETA 0h05m19s
[pb-ab-O-shoveen.var] 1046/1600  1.7 games/s  ETA 0h05m19s
[pb-ab-O-shoveen.var] 1047/1600  1.7 games/s  ETA 0h05m19s
[pb-ab-O-shoveen.var] 1049/1600  1.7 games/s  ETA 0h05m18s
[pb-ab-O-shoveen.var] 1054/1600  1.7 games/s  ETA 0h05m15s
[pb-ab-O-shoveen.var] 1057/1600  1.7 games/s  ETA 0h05m13s
[pb-ab-O-shoveen.var] 1060/1600  1.7 games/s  ETA 0h05m11s
[pb-ab-O-shoveen.var] 1064/1600  1.7 games/s  ETA 0h05m09s
[pb-ab-O-shoveen.var] 1067/1600  1.7 games/s  ETA 0h05m07s
[pb-ab-O-shoveen.var] 1069/1600  1.7 games/s  ETA 0h05m07s
[pb-ab-O-shoveen.var] 1072/1600  1.7 games/s  ETA 0h05m05s
[pb-ab-O-shoveen.var] 1075/1600  1.7 games/s  ETA 0h05m03s
[pb-ab-O-shoveen.var] 1079/1600  1.7 games/s  ETA 0h05m01s
[pb-ab-O-shoveen.var] 1081/1600  1.7 games/s  ETA 0h05m00s
[pb-ab-O-shoveen.var] 1083/1600  1.7 games/s  ETA 0h04m59s
[pb-ab-O-shoveen.var] 1084/1600  1.7 games/s  ETA 0h05m00s
[pb-ab-O-shoveen.var] 1087/1600  1.7 games/s  ETA 0h04m58s
[pb-ab-O-shoveen.var] 1089/1600  1.7 games/s  ETA 0h04m57s
[pb-ab-O-shoveen.var] 1091/1600  1.7 games/s  ETA 0h04m56s
[pb-ab-O-shoveen.var] 1092/1600  1.7 games/s  ETA 0h04m56s
[pb-ab-O-shoveen.var] 1093/1600  1.7 games/s  ETA 0h04m57s
[pb-ab-O-shoveen.var] 1093/1600  1.7 games/s  ETA 0h04m57s
[pb-ab-O-shoveen.var] 1095/1600  1.7 games/s  ETA 0h04m57s
[pb-ab-O-shoveen.var] 1099/1600  1.7 games/s  ETA 0h04m54s
[pb-ab-O-shoveen.var] 1102/1600  1.7 games/s  ETA 0h04m53s
[pb-ab-O-shoveen.var] 1104/1600  1.7 games/s  ETA 0h04m52s
[pb-ab-O-shoveen.var] 1106/1600  1.7 games/s  ETA 0h04m51s
[pb-ab-O-shoveen.var] 1110/1600  1.7 games/s  ETA 0h04m48s
[pb-ab-O-shoveen.var] 1110/1600  1.7 games/s  ETA 0h04m49s
[pb-ab-O-shoveen.var] 1113/1600  1.7 games/s  ETA 0h04m48s
[pb-ab-O-shoveen.var] 1117/1600  1.7 games/s  ETA 0h04m45s
[pb-ab-O-shoveen.var] 1118/1600  1.7 games/s  ETA 0h04m45s
[pb-ab-O-shoveen.var] 1121/1600  1.7 games/s  ETA 0h04m43s
[pb-ab-O-shoveen.var] 1122/1600  1.7 games/s  ETA 0h04m43s
[pb-ab-O-shoveen.var] 1124/1600  1.7 games/s  ETA 0h04m43s
[pb-ab-O-shoveen.var] 1126/1600  1.7 games/s  ETA 0h04m42s
[pb-ab-O-shoveen.var] 1126/1600  1.7 games/s  ETA 0h04m43s
[pb-ab-O-shoveen.var] 1129/1600  1.7 games/s  ETA 0h04m41s
[pb-ab-O-shoveen.var] 1133/1600  1.7 games/s  ETA 0h04m38s
[pb-ab-O-shoveen.var] 1136/1600  1.7 games/s  ETA 0h04m37s
[pb-ab-O-shoveen.var] 1140/1600  1.7 games/s  ETA 0h04m34s
[pb-ab-O-shoveen.var] 1142/1600  1.7 games/s  ETA 0h04m33s
[pb-ab-O-shoveen.var] 1145/1600  1.7 games/s  ETA 0h04m31s
[pb-ab-O-shoveen.var] 1148/1600  1.7 games/s  ETA 0h04m30s
[pb-ab-O-shoveen.var] 1151/1600  1.7 games/s  ETA 0h04m28s
[pb-ab-O-shoveen.var] 1156/1600  1.7 games/s  ETA 0h04m25s
[pb-ab-O-shoveen.var] 1158/1600  1.7 games/s  ETA 0h04m24s
[pb-ab-O-shoveen.var] 1162/1600  1.7 games/s  ETA 0h04m21s
[pb-ab-O-shoveen.var] 1163/1600  1.7 games/s  ETA 0h04m21s
[pb-ab-O-shoveen.var] 1166/1600  1.7 games/s  ETA 0h04m19s
[pb-ab-O-shoveen.var] 1169/1600  1.7 games/s  ETA 0h04m18s
[pb-ab-O-shoveen.var] 1172/1600  1.7 games/s  ETA 0h04m16s
[pb-ab-O-shoveen.var] 1172/1600  1.7 games/s  ETA 0h04m17s
[pb-ab-O-shoveen.var] 1177/1600  1.7 games/s  ETA 0h04m13s
[pb-ab-O-shoveen.var] 1180/1600  1.7 games/s  ETA 0h04m12s
[pb-ab-O-shoveen.var] 1183/1600  1.7 games/s  ETA 0h04m10s
[pb-ab-O-shoveen.var] 1188/1600  1.7 games/s  ETA 0h04m07s
[pb-ab-O-shoveen.var] 1192/1600  1.7 games/s  ETA 0h04m04s
[pb-ab-O-shoveen.var] 1197/1600  1.7 games/s  ETA 0h04m01s
[pb-ab-O-shoveen.var] 1199/1600  1.7 games/s  ETA 0h04m00s
[pb-ab-O-shoveen.var] 1201/1600  1.7 games/s  ETA 0h03m59s
[pb-ab-O-shoveen.var] 1206/1600  1.7 games/s  ETA 0h03m56s
[pb-ab-O-shoveen.var] 1211/1600  1.7 games/s  ETA 0h03m52s
[pb-ab-O-shoveen.var] 1217/1600  1.7 games/s  ETA 0h03m48s
[pb-ab-O-shoveen.var] 1220/1600  1.7 games/s  ETA 0h03m46s
[pb-ab-O-shoveen.var] 1224/1600  1.7 games/s  ETA 0h03m44s
[pb-ab-O-shoveen.var] 1229/1600  1.7 games/s  ETA 0h03m41s
[pb-ab-O-shoveen.var] 1234/1600  1.7 games/s  ETA 0h03m37s
[pb-ab-O-shoveen.var] 1235/1600  1.7 games/s  ETA 0h03m37s
[pb-ab-O-shoveen.var] 1242/1600  1.7 games/s  ETA 0h03m32s
[pb-ab-O-shoveen.var] 1249/1600  1.7 games/s  ETA 0h03m28s
[pb-ab-O-shoveen.var] 1251/1600  1.7 games/s  ETA 0h03m27s
[pb-ab-O-shoveen.var] 1255/1600  1.7 games/s  ETA 0h03m24s
[pb-ab-O-shoveen.var] 1259/1600  1.7 games/s  ETA 0h03m22s
[pb-ab-O-shoveen.var] 1264/1600  1.7 games/s  ETA 0h03m18s
[pb-ab-O-shoveen.var] 1266/1600  1.7 games/s  ETA 0h03m17s
[pb-ab-O-shoveen.var] 1272/1600  1.7 games/s  ETA 0h03m14s
[pb-ab-O-shoveen.var] 1276/1600  1.7 games/s  ETA 0h03m11s
[pb-ab-O-shoveen.var] 1279/1600  1.7 games/s  ETA 0h03m09s
[pb-ab-O-shoveen.var] 1284/1600  1.7 games/s  ETA 0h03m06s
[pb-ab-O-shoveen.var] 1290/1600  1.7 games/s  ETA 0h03m02s
[pb-ab-O-shoveen.var] 1293/1600  1.7 games/s  ETA 0h03m01s
[pb-ab-O-shoveen.var] 1297/1600  1.7 games/s  ETA 0h02m58s
[pb-ab-O-shoveen.var] 1301/1600  1.7 games/s  ETA 0h02m56s
[pb-ab-O-shoveen.var] 1304/1600  1.7 games/s  ETA 0h02m54s
[pb-ab-O-shoveen.var] 1307/1600  1.7 games/s  ETA 0h02m52s
[pb-ab-O-shoveen.var] 1310/1600  1.7 games/s  ETA 0h02m51s
[pb-ab-O-shoveen.var] 1314/1600  1.7 games/s  ETA 0h02m48s
[pb-ab-O-shoveen.var] 1317/1600  1.7 games/s  ETA 0h02m46s
[pb-ab-O-shoveen.var] 1322/1600  1.7 games/s  ETA 0h02m43s
[pb-ab-O-shoveen.var] 1327/1600  1.7 games/s  ETA 0h02m40s
[pb-ab-O-shoveen.var] 1331/1600  1.7 games/s  ETA 0h02m38s
[pb-ab-O-shoveen.var] 1336/1600  1.7 games/s  ETA 0h02m35s
[pb-ab-O-shoveen.var] 1340/1600  1.7 games/s  ETA 0h02m32s
[pb-ab-O-shoveen.var] 1346/1600  1.7 games/s  ETA 0h02m28s
[pb-ab-O-shoveen.var] 1352/1600  1.7 games/s  ETA 0h02m25s
[pb-ab-O-shoveen.var] 1357/1600  1.7 games/s  ETA 0h02m21s
[pb-ab-O-shoveen.var] 1361/1600  1.7 games/s  ETA 0h02m19s
[pb-ab-O-shoveen.var] 1365/1600  1.7 games/s  ETA 0h02m17s
[pb-ab-O-shoveen.var] 1369/1600  1.7 games/s  ETA 0h02m14s
[pb-ab-O-shoveen.var] 1373/1600  1.7 games/s  ETA 0h02m12s
[pb-ab-O-shoveen.var] 1377/1600  1.7 games/s  ETA 0h02m09s
[pb-ab-O-shoveen.var] 1379/1600  1.7 games/s  ETA 0h02m08s
[pb-ab-O-shoveen.var] 1383/1600  1.7 games/s  ETA 0h02m06s
[pb-ab-O-shoveen.var] 1387/1600  1.7 games/s  ETA 0h02m04s
[pb-ab-O-shoveen.var] 1392/1600  1.7 games/s  ETA 0h02m01s
[pb-ab-O-shoveen.var] 1399/1600  1.7 games/s  ETA 0h01m56s
[pb-ab-O-shoveen.var] 1403/1600  1.7 games/s  ETA 0h01m54s
[pb-ab-O-shoveen.var] 1406/1600  1.7 games/s  ETA 0h01m52s
[pb-ab-O-shoveen.var] 1410/1600  1.7 games/s  ETA 0h01m50s
[pb-ab-O-shoveen.var] 1412/1600  1.7 games/s  ETA 0h01m49s
[pb-ab-O-shoveen.var] 1415/1600  1.7 games/s  ETA 0h01m47s
[pb-ab-O-shoveen.var] 1419/1600  1.7 games/s  ETA 0h01m45s
[pb-ab-O-shoveen.var] 1423/1600  1.7 games/s  ETA 0h01m42s
[pb-ab-O-shoveen.var] 1429/1600  1.7 games/s  ETA 0h01m39s
[pb-ab-O-shoveen.var] 1431/1600  1.7 games/s  ETA 0h01m38s
[pb-ab-O-shoveen.var] 1436/1600  1.7 games/s  ETA 0h01m35s
[pb-ab-O-shoveen.var] 1440/1600  1.7 games/s  ETA 0h01m32s
[pb-ab-O-shoveen.var] 1444/1600  1.7 games/s  ETA 0h01m30s
[pb-ab-O-shoveen.var] 1448/1600  1.7 games/s  ETA 0h01m28s
[pb-ab-O-shoveen.var] 1454/1600  1.7 games/s  ETA 0h01m24s
[pb-ab-O-shoveen.var] 1457/1600  1.7 games/s  ETA 0h01m22s
[pb-ab-O-shoveen.var] 1462/1600  1.7 games/s  ETA 0h01m19s
[pb-ab-O-shoveen.var] 1467/1600  1.7 games/s  ETA 0h01m16s
[pb-ab-O-shoveen.var] 1471/1600  1.7 games/s  ETA 0h01m14s
[pb-ab-O-shoveen.var] 1474/1600  1.7 games/s  ETA 0h01m12s
[pb-ab-O-shoveen.var] 1477/1600  1.7 games/s  ETA 0h01m10s
[pb-ab-O-shoveen.var] 1481/1600  1.7 games/s  ETA 0h01m08s
[pb-ab-O-shoveen.var] 1487/1600  1.7 games/s  ETA 0h01m05s
[pb-ab-O-shoveen.var] 1493/1600  1.7 games/s  ETA 0h01m01s
[pb-ab-O-shoveen.var] 1496/1600  1.7 games/s  ETA 0h00m59s
[pb-ab-O-shoveen.var] 1499/1600  1.7 games/s  ETA 0h00m58s
[pb-ab-O-shoveen.var] 1503/1600  1.7 games/s  ETA 0h00m55s
[pb-ab-O-shoveen.var] 1507/1600  1.7 games/s  ETA 0h00m53s
[pb-ab-O-shoveen.var] 1512/1600  1.7 games/s  ETA 0h00m50s
[pb-ab-O-shoveen.var] 1518/1600  1.7 games/s  ETA 0h00m47s
[pb-ab-O-shoveen.var] 1519/1600  1.7 games/s  ETA 0h00m46s
[pb-ab-O-shoveen.var] 1522/1600  1.7 games/s  ETA 0h00m44s
[pb-ab-O-shoveen.var] 1526/1600  1.7 games/s  ETA 0h00m42s
[pb-ab-O-shoveen.var] 1530/1600  1.7 games/s  ETA 0h00m40s
[pb-ab-O-shoveen.var] 1533/1600  1.7 games/s  ETA 0h00m38s
[pb-ab-O-shoveen.var] 1536/1600  1.7 games/s  ETA 0h00m36s
[pb-ab-O-shoveen.var] 1538/1600  1.7 games/s  ETA 0h00m35s
[pb-ab-O-shoveen.var] 1542/1600  1.7 games/s  ETA 0h00m33s
[pb-ab-O-shoveen.var] 1543/1600  1.7 games/s  ETA 0h00m32s
[pb-ab-O-shoveen.var] 1547/1600  1.7 games/s  ETA 0h00m30s
[pb-ab-O-shoveen.var] 1549/1600  1.7 games/s  ETA 0h00m29s
[pb-ab-O-shoveen.var] 1554/1600  1.7 games/s  ETA 0h00m26s
[pb-ab-O-shoveen.var] 1557/1600  1.7 games/s  ETA 0h00m24s
[pb-ab-O-shoveen.var] 1562/1600  1.7 games/s  ETA 0h00m21s
[pb-ab-O-shoveen.var] 1566/1600  1.7 games/s  ETA 0h00m19s
[pb-ab-O-shoveen.var] 1571/1600  1.7 games/s  ETA 0h00m16s
[pb-ab-O-shoveen.var] 1575/1600  1.7 games/s  ETA 0h00m14s
[pb-ab-O-shoveen.var] 1582/1600  1.7 games/s  ETA 0h00m10s
[pb-ab-O-shoveen.var] 1584/1600  1.7 games/s  ETA 0h00m09s
[pb-ab-O-shoveen.var] 1589/1600  1.7 games/s  ETA 0h00m06s
[pb-ab-O-shoveen.var] 1595/1600  1.7 games/s  ETA 0h00m02s
[pb-ab-O-shoveen.var] 1598/1600  1.7 games/s  ETA 0h00m01s
[pb-ab-O-shoveen.var] 1600 games in 0h15m15s (1.7 games/s)
[pb-ab-O-shoveen.var] summary -> sim/out/pb-ab-O-shoveen.var.summary.json
# Rule A/B — pb-ab-O-shoveen

`ogreShoveFriends=enemies` against today's defaults.
1600 games per population, depth 3, the same 40 arrangements and the same
opening seeds in both (common random numbers). Control arm: `pb-ab-O-shoveen.base`.

A symmetric rule changes both sides at once, so there is no match to run and no SPRT: this is a
paired two-population comparison. The interval is a 95% normal approximation on the
mean paired difference over arrangements; with few arrangements,
and with one interval per metric, read "significant" as "worth a second run", not as a test.

| metric | base (pooled) | with the rule (pooled) | mean paired difference ±95% | significant |
|---|---|---|---|---|
| white score | 0.532 | 0.552 | +0.019 ± 0.028 | no |
| decisive | 0.795 | 0.764 | -0.031 ± 0.029 | yes |
| draw rate | 0.198 | 0.221 | +0.023 ± 0.027 | no |
| capped | 0.007 | 0.016 | +0.009 ± 0.008 | yes |
| mean plies | 105.0 | 108.5 | +3.5 ± 4.1 | no |
| branching factor | 32.2 | 31.3 | -0.8 ± 0.4 | yes |
| killer move | 0.363 | 0.355 | -0.008 ± 0.018 | no |
| lead change | 0.066 | 0.066 | -0.001 ± 0.004 | no |
| uncertainty late | 0.636 | 0.636 | -0.000 ± 0.003 | no |
| drama | 0.161 | 0.151 | -0.010 ± 0.010 | no |
| permanence | 0.955 | 0.955 | +0.000 ± 0.002 | no |
| min utilisation | 0.41 | 0.42 | +0.02 ± 0.01 | yes |
| interest | 0.492 | 0.488 | -0.003 ± 0.005 | no |
| interest (min-use) | 0.449 | 0.473 | +0.005 ± 0.011 | no |
| killerMove (resid.) | -0.000 | 0.000 | +0.001 ± 0.015 | no |
| leadChange (resid.) | 0.001 | -0.001 | -0.002 ± 0.004 | no |
| uncertaintyLate (resid.) | 0.001 | -0.001 | -0.003 ± 0.004 | no |
| drama (resid.) | 0.002 | -0.002 | -0.004 ± 0.009 | no |
| permanence (resid.) | 0.000 | -0.000 | -0.001 ± 0.002 | no |
| fairyUse (resid.) | 0.000 | 0.000 | +0.000 ± 0.000 | no |
| excessDecisiveness (resid.) | 0.015 | 0.012 | +0.022 ± 0.010 | yes |
| interest (resid.) | 0.001 | 0.000 | +0.001 ± 0.004 | no |
| interestMinFairy (resid.) | -0.022 | 0.007 | +0.010 ± 0.011 | no |

## Degeneracy counters
| counter | base | with the rule |
|---|---|---|
| guard captures per game | 0.000 | 0.000 |
| games with a guard rampage (≥ 3 captures) | 0 (0.0%) | 0 (0.0%) |
| dead-material endings (draw50 + drawMaterial) | 8 (0.5%) | 17 (1.1%) |
| games where a king never moved | 430 (26.9%) | 427 (26.7%) |

## Per piece (both sides, whole population; moves and captures per game)
| piece | moves A | moves B | captures A | captures B | survival A | survival B |
|---|---|---|---|---|---|---|
| P | 21.39 | 22.96 | 3.54 | 3.60 | 42.4% | 42.2% |
| A | 14.22 | 14.39 | 3.37 | 3.40 | 55.2% | 53.3% |
| O | 11.57 | 10.76 | 0.81 | 0.72 | 66.8% | 70.7% |
| K | 10.18 | 11.10 | 0.80 | 0.77 | 100.0% | 100.0% |
| M | 9.94 | 9.64 | 0.92 | 0.86 | 34.8% | 35.9% |
| N | 8.34 | 8.14 | 1.40 | 1.35 | 15.3% | 16.0% |
| S | 7.21 | 7.23 | 1.45 | 1.48 | 43.1% | 43.3% |
| R | 6.33 | 6.86 | 1.27 | 1.30 | 33.1% | 34.9% |
| B | 5.87 | 6.04 | 1.23 | 1.21 | 30.5% | 30.4% |
| Q | 4.72 | 5.54 | 0.90 | 0.90 | 70.2% | 74.0% |
| L | 2.83 | 2.88 | 0.87 | 0.84 | 6.9% | 8.9% |
| G | 2.45 | 2.98 | 0.00 | 0.00 | 97.5% | 96.9% |

## Fairy events per game
| event | base | with the rule |
|---|---|---|
| archerShots | 3.37 | 3.40 |
| beastChainMoves | 0.91 | 0.91 |
| beastChainCaptures | 1.45 | 1.48 |
| maesterSwaps | 4.58 | 4.47 |
| maesterLongSwaps | 0.51 | 0.49 |
| paladinSacrifices | 0.48 | 0.47 |
| promotions | 0.22 | 0.23 |
| checks | 3.65 | 3.72 |
| ogreShoves | 2.84 | 0.17 |
| ogreShovesFriend | 2.67 | 0.00 |
| ogreShovesGuard | 0.02 | 0.01 |
| catapultChecks | 0.00 | 0.00 |

The pooled columns describe each whole population; the difference column is the mean over the
40 shared arrangements of (rule − base) on the same openings. The two can disagree in sign when the
pooled value is not a mean of the per-arrangement values (minimum utilisation is one). Trust the
paired column.

Elo of the variant population is not reported: both populations play themselves, so their scores
are not comparable as a match. Read the white score as a fairness check, not as a strength delta.

