[pb-ab-O-hop.base] 1600 games (0 already done), 1600 to play on 4 workers -> sim/out/pb-ab-O-hop.base.jsonl
[pb-ab-O-hop.base] depth 3, 4 random opening plies, ply cap 300, pairs off (both sides identical; --pairs forces them on)
[pb-ab-O-hop.base] rules {}, values {}
[pb-ab-O-hop.base] 1/1600  0.5 games/s  ETA 0h53m19s
[pb-ab-O-hop.base] 5/1600  1.2 games/s  ETA 0h21m16s
[pb-ab-O-hop.base] 8/1600  1.3 games/s  ETA 0h19m54s
[pb-ab-O-hop.base] 11/1600  1.4 games/s  ETA 0h19m16s
[pb-ab-O-hop.base] 15/1600  1.5 games/s  ETA 0h17m37s
[pb-ab-O-hop.base] 18/1600  1.5 games/s  ETA 0h17m35s
[pb-ab-O-hop.base] 21/1600  1.5 games/s  ETA 0h17m33s
[pb-ab-O-hop.base] 26/1600  1.6 games/s  ETA 0h16m09s
[pb-ab-O-hop.base] 29/1600  1.6 games/s  ETA 0h16m15s
[pb-ab-O-hop.base] 32/1600  1.6 games/s  ETA 0h16m20s
[pb-ab-O-hop.base] 35/1600  1.6 games/s  ETA 0h16m24s
[pb-ab-O-hop.base] 38/1600  1.6 games/s  ETA 0h16m27s
[pb-ab-O-hop.base] 41/1600  1.6 games/s  ETA 0h16m29s
[pb-ab-O-hop.base] 43/1600  1.5 games/s  ETA 0h16m54s
[pb-ab-O-hop.base] 44/1600  1.5 games/s  ETA 0h17m41s
[pb-ab-O-hop.base] 47/1600  1.5 games/s  ETA 0h17m38s
[pb-ab-O-hop.base] 49/1600  1.4 games/s  ETA 0h17m56s
[pb-ab-O-hop.base] 54/1600  1.5 games/s  ETA 0h17m11s
[pb-ab-O-hop.base] 59/1600  1.6 games/s  ETA 0h16m33s
[pb-ab-O-hop.base] 62/1600  1.5 games/s  ETA 0h16m32s
[pb-ab-O-hop.base] 66/1600  1.6 games/s  ETA 0h16m16s
[pb-ab-O-hop.base] 69/1600  1.6 games/s  ETA 0h16m16s
[pb-ab-O-hop.base] 71/1600  1.5 games/s  ETA 0h16m31s
[pb-ab-O-hop.base] 78/1600  1.6 games/s  ETA 0h15m37s
[pb-ab-O-hop.base] 79/1600  1.6 games/s  ETA 0h16m03s
[pb-ab-O-hop.base] 84/1600  1.6 games/s  ETA 0h15m39s
[pb-ab-O-hop.base] 86/1600  1.6 games/s  ETA 0h15m51s
[pb-ab-O-hop.base] 90/1600  1.6 games/s  ETA 0h15m40s
[pb-ab-O-hop.base] 93/1600  1.6 games/s  ETA 0h15m40s
[pb-ab-O-hop.base] 96/1600  1.6 games/s  ETA 0h15m40s
[pb-ab-O-hop.base] 100/1600  1.6 games/s  ETA 0h15m30s
[pb-ab-O-hop.base] 104/1600  1.6 games/s  ETA 0h15m21s
[pb-ab-O-hop.base] 109/1600  1.7 games/s  ETA 0h15m03s
[pb-ab-O-hop.base] 111/1600  1.6 games/s  ETA 0h15m12s
[pb-ab-O-hop.base] 116/1600  1.7 games/s  ETA 0h14m56s
[pb-ab-O-hop.base] 119/1600  1.7 games/s  ETA 0h14m56s
[pb-ab-O-hop.base] 123/1600  1.7 games/s  ETA 0h14m49s
[pb-ab-O-hop.base] 128/1600  1.7 games/s  ETA 0h14m34s
[pb-ab-O-hop.base] 130/1600  1.7 games/s  ETA 0h14m42s
[pb-ab-O-hop.base] 135/1600  1.7 games/s  ETA 0h14m28s
[pb-ab-O-hop.base] 139/1600  1.7 games/s  ETA 0h14m22s
[pb-ab-O-hop.base] 141/1600  1.7 games/s  ETA 0h14m29s
[pb-ab-O-hop.base] 144/1600  1.7 games/s  ETA 0h14m30s
[pb-ab-O-hop.base] 147/1600  1.7 games/s  ETA 0h14m30s
[pb-ab-O-hop.base] 150/1600  1.7 games/s  ETA 0h14m30s
[pb-ab-O-hop.base] 155/1600  1.7 games/s  ETA 0h14m18s
[pb-ab-O-hop.base] 156/1600  1.7 games/s  ETA 0h14m30s
[pb-ab-O-hop.base] 159/1600  1.7 games/s  ETA 0h14m30s
[pb-ab-O-hop.base] 162/1600  1.7 games/s  ETA 0h14m30s
[pb-ab-O-hop.base] 164/1600  1.6 games/s  ETA 0h14m36s
[pb-ab-O-hop.base] 168/1600  1.6 games/s  ETA 0h14m30s
[pb-ab-O-hop.base] 172/1600  1.7 games/s  ETA 0h14m24s
[pb-ab-O-hop.base] 176/1600  1.7 games/s  ETA 0h14m18s
[pb-ab-O-hop.base] 178/1600  1.6 games/s  ETA 0h14m23s
[pb-ab-O-hop.base] 182/1600  1.7 games/s  ETA 0h14m17s
[pb-ab-O-hop.base] 185/1600  1.7 games/s  ETA 0h14m17s
[pb-ab-O-hop.base] 189/1600  1.7 games/s  ETA 0h14m11s
[pb-ab-O-hop.base] 193/1600  1.7 games/s  ETA 0h14m06s
[pb-ab-O-hop.base] 197/1600  1.7 games/s  ETA 0h14m01s
[pb-ab-O-hop.base] 199/1600  1.7 games/s  ETA 0h14m05s
[pb-ab-O-hop.base] 204/1600  1.7 games/s  ETA 0h13m55s
[pb-ab-O-hop.base] 208/1600  1.7 games/s  ETA 0h13m50s
[pb-ab-O-hop.base] 211/1600  1.7 games/s  ETA 0h13m50s
[pb-ab-O-hop.base] 216/1600  1.7 games/s  ETA 0h13m40s
[pb-ab-O-hop.base] 219/1600  1.7 games/s  ETA 0h13m40s
[pb-ab-O-hop.base] 223/1600  1.7 games/s  ETA 0h13m35s
[pb-ab-O-hop.base] 226/1600  1.7 games/s  ETA 0h13m35s
[pb-ab-O-hop.base] 231/1600  1.7 games/s  ETA 0h13m26s
[pb-ab-O-hop.base] 235/1600  1.7 games/s  ETA 0h13m22s
[pb-ab-O-hop.base] 238/1600  1.7 games/s  ETA 0h13m21s
[pb-ab-O-hop.base] 241/1600  1.7 games/s  ETA 0h13m21s
[pb-ab-O-hop.base] 245/1600  1.7 games/s  ETA 0h13m17s
[pb-ab-O-hop.base] 248/1600  1.7 games/s  ETA 0h13m16s
[pb-ab-O-hop.base] 251/1600  1.7 games/s  ETA 0h13m16s
[pb-ab-O-hop.base] 253/1600  1.7 games/s  ETA 0h13m19s
[pb-ab-O-hop.base] 256/1600  1.7 games/s  ETA 0h13m18s
[pb-ab-O-hop.base] 260/1600  1.7 games/s  ETA 0h13m14s
[pb-ab-O-hop.base] 264/1600  1.7 games/s  ETA 0h13m10s
[pb-ab-O-hop.base] 265/1600  1.7 games/s  ETA 0h13m16s
[pb-ab-O-hop.base] 267/1600  1.7 games/s  ETA 0h13m19s
[pb-ab-O-hop.base] 270/1600  1.7 games/s  ETA 0h13m18s
[pb-ab-O-hop.base] 274/1600  1.7 games/s  ETA 0h13m14s
[pb-ab-O-hop.base] 277/1600  1.7 games/s  ETA 0h13m13s
[pb-ab-O-hop.base] 279/1600  1.7 games/s  ETA 0h13m16s
[pb-ab-O-hop.base] 283/1600  1.7 games/s  ETA 0h13m11s
[pb-ab-O-hop.base] 287/1600  1.7 games/s  ETA 0h13m07s
[pb-ab-O-hop.base] 290/1600  1.7 games/s  ETA 0h13m06s
[pb-ab-O-hop.base] 293/1600  1.7 games/s  ETA 0h13m05s
[pb-ab-O-hop.base] 295/1600  1.7 games/s  ETA 0h13m08s
[pb-ab-O-hop.base] 298/1600  1.7 games/s  ETA 0h13m07s
[pb-ab-O-hop.base] 299/1600  1.6 games/s  ETA 0h13m12s
[pb-ab-O-hop.base] 302/1600  1.6 games/s  ETA 0h13m11s
[pb-ab-O-hop.base] 305/1600  1.6 games/s  ETA 0h13m10s
[pb-ab-O-hop.base] 308/1600  1.6 games/s  ETA 0h13m09s
[pb-ab-O-hop.base] 311/1600  1.6 games/s  ETA 0h13m08s
[pb-ab-O-hop.base] 315/1600  1.6 games/s  ETA 0h13m03s
[pb-ab-O-hop.base] 318/1600  1.6 games/s  ETA 0h13m02s
[pb-ab-O-hop.base] 321/1600  1.6 games/s  ETA 0h13m01s
[pb-ab-O-hop.base] 323/1600  1.6 games/s  ETA 0h13m03s
[pb-ab-O-hop.base] 324/1600  1.6 games/s  ETA 0h13m08s
[pb-ab-O-hop.base] 328/1600  1.6 games/s  ETA 0h13m03s
[pb-ab-O-hop.base] 332/1600  1.6 games/s  ETA 0h12m59s
[pb-ab-O-hop.base] 334/1600  1.6 games/s  ETA 0h13m01s
[pb-ab-O-hop.base] 335/1600  1.6 games/s  ETA 0h13m05s
[pb-ab-O-hop.base] 336/1600  1.6 games/s  ETA 0h13m10s
[pb-ab-O-hop.base] 339/1600  1.6 games/s  ETA 0h13m09s
[pb-ab-O-hop.base] 342/1600  1.6 games/s  ETA 0h13m07s
[pb-ab-O-hop.base] 346/1600  1.6 games/s  ETA 0h13m03s
[pb-ab-O-hop.base] 348/1600  1.6 games/s  ETA 0h13m04s
[pb-ab-O-hop.base] 351/1600  1.6 games/s  ETA 0h13m03s
[pb-ab-O-hop.base] 354/1600  1.6 games/s  ETA 0h13m01s
[pb-ab-O-hop.base] 355/1600  1.6 games/s  ETA 0h13m06s
[pb-ab-O-hop.base] 356/1600  1.6 games/s  ETA 0h13m10s
[pb-ab-O-hop.base] 358/1600  1.6 games/s  ETA 0h13m11s
[pb-ab-O-hop.base] 360/1600  1.6 games/s  ETA 0h13m12s
[pb-ab-O-hop.base] 362/1600  1.6 games/s  ETA 0h13m13s
[pb-ab-O-hop.base] 365/1600  1.6 games/s  ETA 0h13m12s
[pb-ab-O-hop.base] 368/1600  1.6 games/s  ETA 0h13m10s
[pb-ab-O-hop.base] 370/1600  1.6 games/s  ETA 0h13m11s
[pb-ab-O-hop.base] 373/1600  1.6 games/s  ETA 0h13m10s
[pb-ab-O-hop.base] 376/1600  1.6 games/s  ETA 0h13m08s
[pb-ab-O-hop.base] 379/1600  1.6 games/s  ETA 0h13m06s
[pb-ab-O-hop.base] 382/1600  1.6 games/s  ETA 0h13m04s
[pb-ab-O-hop.base] 383/1600  1.5 games/s  ETA 0h13m08s
[pb-ab-O-hop.base] 386/1600  1.5 games/s  ETA 0h13m06s
[pb-ab-O-hop.base] 388/1600  1.5 games/s  ETA 0h13m07s
[pb-ab-O-hop.base] 389/1600  1.5 games/s  ETA 0h13m11s
[pb-ab-O-hop.base] 391/1600  1.5 games/s  ETA 0h13m12s
[pb-ab-O-hop.base] 394/1600  1.5 games/s  ETA 0h13m10s
[pb-ab-O-hop.base] 397/1600  1.5 games/s  ETA 0h13m08s
[pb-ab-O-hop.base] 398/1600  1.5 games/s  ETA 0h13m11s
[pb-ab-O-hop.base] 400/1600  1.5 games/s  ETA 0h13m12s
[pb-ab-O-hop.base] 404/1600  1.5 games/s  ETA 0h13m07s
[pb-ab-O-hop.base] 407/1600  1.5 games/s  ETA 0h13m06s
[pb-ab-O-hop.base] 410/1600  1.5 games/s  ETA 0h13m04s
[pb-ab-O-hop.base] 412/1600  1.5 games/s  ETA 0h13m04s
[pb-ab-O-hop.base] 414/1600  1.5 games/s  ETA 0h13m05s
[pb-ab-O-hop.base] 416/1600  1.5 games/s  ETA 0h13m06s
[pb-ab-O-hop.base] 417/1600  1.5 games/s  ETA 0h13m09s
[pb-ab-O-hop.base] 417/1600  1.5 games/s  ETA 0h13m14s
[pb-ab-O-hop.base] 420/1600  1.5 games/s  ETA 0h13m12s
[pb-ab-O-hop.base] 422/1600  1.5 games/s  ETA 0h13m13s
[pb-ab-O-hop.base] 423/1600  1.5 games/s  ETA 0h13m16s
[pb-ab-O-hop.base] 426/1600  1.5 games/s  ETA 0h13m14s
[pb-ab-O-hop.base] 427/1600  1.5 games/s  ETA 0h13m17s
[pb-ab-O-hop.base] 429/1600  1.5 games/s  ETA 0h13m17s
[pb-ab-O-hop.base] 434/1600  1.5 games/s  ETA 0h13m10s
[pb-ab-O-hop.base] 436/1600  1.5 games/s  ETA 0h13m10s
[pb-ab-O-hop.base] 439/1600  1.5 games/s  ETA 0h13m08s
[pb-ab-O-hop.base] 443/1600  1.5 games/s  ETA 0h13m04s
[pb-ab-O-hop.base] 446/1600  1.5 games/s  ETA 0h13m01s
[pb-ab-O-hop.base] 449/1600  1.5 games/s  ETA 0h12m59s
[pb-ab-O-hop.base] 451/1600  1.5 games/s  ETA 0h13m00s
[pb-ab-O-hop.base] 454/1600  1.5 games/s  ETA 0h12m57s
[pb-ab-O-hop.base] 457/1600  1.5 games/s  ETA 0h12m55s
[pb-ab-O-hop.base] 461/1600  1.5 games/s  ETA 0h12m51s
[pb-ab-O-hop.base] 463/1600  1.5 games/s  ETA 0h12m51s
[pb-ab-O-hop.base] 468/1600  1.5 games/s  ETA 0h12m44s
[pb-ab-O-hop.base] 471/1600  1.5 games/s  ETA 0h12m42s
[pb-ab-O-hop.base] 476/1600  1.5 games/s  ETA 0h12m36s
[pb-ab-O-hop.base] 479/1600  1.5 games/s  ETA 0h12m34s
[pb-ab-O-hop.base] 481/1600  1.5 games/s  ETA 0h12m34s
[pb-ab-O-hop.base] 484/1600  1.5 games/s  ETA 0h12m32s
[pb-ab-O-hop.base] 486/1600  1.5 games/s  ETA 0h12m32s
[pb-ab-O-hop.base] 488/1600  1.5 games/s  ETA 0h12m32s
[pb-ab-O-hop.base] 490/1600  1.5 games/s  ETA 0h12m32s
[pb-ab-O-hop.base] 491/1600  1.5 games/s  ETA 0h12m34s
[pb-ab-O-hop.base] 493/1600  1.5 games/s  ETA 0h12m34s
[pb-ab-O-hop.base] 494/1600  1.5 games/s  ETA 0h12m37s
[pb-ab-O-hop.base] 497/1600  1.5 games/s  ETA 0h12m35s
[pb-ab-O-hop.base] 499/1600  1.5 games/s  ETA 0h12m35s
[pb-ab-O-hop.base] 500/1600  1.5 games/s  ETA 0h12m37s
[pb-ab-O-hop.base] 505/1600  1.5 games/s  ETA 0h12m30s
[pb-ab-O-hop.base] 508/1600  1.5 games/s  ETA 0h12m28s
[pb-ab-O-hop.base] 512/1600  1.5 games/s  ETA 0h12m24s
[pb-ab-O-hop.base] 514/1600  1.5 games/s  ETA 0h12m24s
[pb-ab-O-hop.base] 517/1600  1.5 games/s  ETA 0h12m21s
[pb-ab-O-hop.base] 518/1600  1.5 games/s  ETA 0h12m24s
[pb-ab-O-hop.base] 520/1600  1.5 games/s  ETA 0h12m23s
[pb-ab-O-hop.base] 526/1600  1.5 games/s  ETA 0h12m15s
[pb-ab-O-hop.base] 529/1600  1.5 games/s  ETA 0h12m13s
[pb-ab-O-hop.base] 532/1600  1.5 games/s  ETA 0h12m11s
[pb-ab-O-hop.base] 535/1600  1.5 games/s  ETA 0h12m09s
[pb-ab-O-hop.base] 537/1600  1.5 games/s  ETA 0h12m08s
[pb-ab-O-hop.base] 540/1600  1.5 games/s  ETA 0h12m06s
[pb-ab-O-hop.base] 544/1600  1.5 games/s  ETA 0h12m02s
[pb-ab-O-hop.base] 547/1600  1.5 games/s  ETA 0h12m00s
[pb-ab-O-hop.base] 549/1600  1.5 games/s  ETA 0h12m00s
[pb-ab-O-hop.base] 551/1600  1.5 games/s  ETA 0h12m00s
[pb-ab-O-hop.base] 554/1600  1.5 games/s  ETA 0h11m57s
[pb-ab-O-hop.base] 555/1600  1.5 games/s  ETA 0h11m59s
[pb-ab-O-hop.base] 559/1600  1.5 games/s  ETA 0h11m55s
[pb-ab-O-hop.base] 563/1600  1.5 games/s  ETA 0h11m51s
[pb-ab-O-hop.base] 563/1600  1.5 games/s  ETA 0h11m55s
[pb-ab-O-hop.base] 565/1600  1.4 games/s  ETA 0h11m54s
[pb-ab-O-hop.base] 569/1600  1.5 games/s  ETA 0h11m50s
[pb-ab-O-hop.base] 571/1600  1.4 games/s  ETA 0h11m50s
[pb-ab-O-hop.base] 575/1600  1.5 games/s  ETA 0h11m46s
[pb-ab-O-hop.base] 579/1600  1.5 games/s  ETA 0h11m42s
[pb-ab-O-hop.base] 583/1600  1.5 games/s  ETA 0h11m38s
[pb-ab-O-hop.base] 584/1600  1.5 games/s  ETA 0h11m39s
[pb-ab-O-hop.base] 586/1600  1.4 games/s  ETA 0h11m39s
[pb-ab-O-hop.base] 589/1600  1.4 games/s  ETA 0h11m37s
[pb-ab-O-hop.base] 591/1600  1.4 games/s  ETA 0h11m36s
[pb-ab-O-hop.base] 593/1600  1.4 games/s  ETA 0h11m36s
[pb-ab-O-hop.base] 596/1600  1.4 games/s  ETA 0h11m34s
[pb-ab-O-hop.base] 600/1600  1.4 games/s  ETA 0h11m30s
[pb-ab-O-hop.base] 605/1600  1.5 games/s  ETA 0h11m24s
[pb-ab-O-hop.base] 607/1600  1.5 games/s  ETA 0h11m24s
[pb-ab-O-hop.base] 611/1600  1.5 games/s  ETA 0h11m20s
[pb-ab-O-hop.base] 614/1600  1.5 games/s  ETA 0h11m18s
[pb-ab-O-hop.base] 616/1600  1.5 games/s  ETA 0h11m17s
[pb-ab-O-hop.base] 619/1600  1.5 games/s  ETA 0h11m15s
[pb-ab-O-hop.base] 622/1600  1.5 games/s  ETA 0h11m13s
[pb-ab-O-hop.base] 624/1600  1.5 games/s  ETA 0h11m12s
[pb-ab-O-hop.base] 627/1600  1.5 games/s  ETA 0h11m10s
[pb-ab-O-hop.base] 630/1600  1.5 games/s  ETA 0h11m08s
[pb-ab-O-hop.base] 632/1600  1.4 games/s  ETA 0h11m08s
[pb-ab-O-hop.base] 635/1600  1.4 games/s  ETA 0h11m05s
[pb-ab-O-hop.base] 636/1600  1.4 games/s  ETA 0h11m07s
[pb-ab-O-hop.base] 639/1600  1.4 games/s  ETA 0h11m05s
[pb-ab-O-hop.base] 642/1600  1.4 games/s  ETA 0h11m02s
[pb-ab-O-hop.base] 646/1600  1.4 games/s  ETA 0h10m59s
[pb-ab-O-hop.base] 650/1600  1.5 games/s  ETA 0h10m55s
[pb-ab-O-hop.base] 652/1600  1.4 games/s  ETA 0h10m54s
[pb-ab-O-hop.base] 657/1600  1.5 games/s  ETA 0h10m49s
[pb-ab-O-hop.base] 659/1600  1.5 games/s  ETA 0h10m48s
[pb-ab-O-hop.base] 662/1600  1.5 games/s  ETA 0h10m46s
[pb-ab-O-hop.base] 663/1600  1.4 games/s  ETA 0h10m47s
[pb-ab-O-hop.base] 666/1600  1.4 games/s  ETA 0h10m45s
[pb-ab-O-hop.base] 667/1600  1.4 games/s  ETA 0h10m46s
[pb-ab-O-hop.base] 670/1600  1.4 games/s  ETA 0h10m44s
[pb-ab-O-hop.base] 673/1600  1.4 games/s  ETA 0h10m42s
[pb-ab-O-hop.base] 674/1600  1.4 games/s  ETA 0h10m43s
[pb-ab-O-hop.base] 677/1600  1.4 games/s  ETA 0h10m41s
[pb-ab-O-hop.base] 683/1600  1.4 games/s  ETA 0h10m34s
[pb-ab-O-hop.base] 687/1600  1.4 games/s  ETA 0h10m30s
[pb-ab-O-hop.base] 691/1600  1.5 games/s  ETA 0h10m26s
[pb-ab-O-hop.base] 694/1600  1.5 games/s  ETA 0h10m24s
[pb-ab-O-hop.base] 696/1600  1.4 games/s  ETA 0h10m23s
[pb-ab-O-hop.base] 700/1600  1.5 games/s  ETA 0h10m20s
[pb-ab-O-hop.base] 703/1600  1.5 games/s  ETA 0h10m17s
[pb-ab-O-hop.base] 707/1600  1.5 games/s  ETA 0h10m14s
[pb-ab-O-hop.base] 711/1600  1.5 games/s  ETA 0h10m10s
[pb-ab-O-hop.base] 713/1600  1.5 games/s  ETA 0h10m09s
[pb-ab-O-hop.base] 716/1600  1.5 games/s  ETA 0h10m07s
[pb-ab-O-hop.base] 720/1600  1.5 games/s  ETA 0h10m04s
[pb-ab-O-hop.base] 722/1600  1.5 games/s  ETA 0h10m03s
[pb-ab-O-hop.base] 725/1600  1.5 games/s  ETA 0h10m01s
[pb-ab-O-hop.base] 726/1600  1.5 games/s  ETA 0h10m02s
[pb-ab-O-hop.base] 729/1600  1.5 games/s  ETA 0h10m00s
[pb-ab-O-hop.base] 731/1600  1.4 games/s  ETA 0h09m59s
[pb-ab-O-hop.base] 734/1600  1.4 games/s  ETA 0h09m57s
[pb-ab-O-hop.base] 735/1600  1.4 games/s  ETA 0h09m58s
[pb-ab-O-hop.base] 737/1600  1.4 games/s  ETA 0h09m57s
[pb-ab-O-hop.base] 740/1600  1.4 games/s  ETA 0h09m55s
[pb-ab-O-hop.base] 744/1600  1.4 games/s  ETA 0h09m51s
[pb-ab-O-hop.base] 747/1600  1.4 games/s  ETA 0h09m49s
[pb-ab-O-hop.base] 750/1600  1.4 games/s  ETA 0h09m47s
[pb-ab-O-hop.base] 752/1600  1.4 games/s  ETA 0h09m46s
[pb-ab-O-hop.base] 756/1600  1.4 games/s  ETA 0h09m43s
[pb-ab-O-hop.base] 757/1600  1.4 games/s  ETA 0h09m43s
[pb-ab-O-hop.base] 758/1600  1.4 games/s  ETA 0h09m44s
[pb-ab-O-hop.base] 761/1600  1.4 games/s  ETA 0h09m42s
[pb-ab-O-hop.base] 764/1600  1.4 games/s  ETA 0h09m40s
[pb-ab-O-hop.base] 765/1600  1.4 games/s  ETA 0h09m40s
[pb-ab-O-hop.base] 767/1600  1.4 games/s  ETA 0h09m40s
[pb-ab-O-hop.base] 769/1600  1.4 games/s  ETA 0h09m39s
[pb-ab-O-hop.base] 770/1600  1.4 games/s  ETA 0h09m40s
[pb-ab-O-hop.base] 771/1600  1.4 games/s  ETA 0h09m40s
[pb-ab-O-hop.base] 774/1600  1.4 games/s  ETA 0h09m38s
[pb-ab-O-hop.base] 775/1600  1.4 games/s  ETA 0h09m39s
[pb-ab-O-hop.base] 777/1600  1.4 games/s  ETA 0h09m38s
[pb-ab-O-hop.base] 778/1600  1.4 games/s  ETA 0h09m39s
[pb-ab-O-hop.base] 781/1600  1.4 games/s  ETA 0h09m37s
[pb-ab-O-hop.base] 784/1600  1.4 games/s  ETA 0h09m34s
[pb-ab-O-hop.base] 787/1600  1.4 games/s  ETA 0h09m32s
[pb-ab-O-hop.base] 789/1600  1.4 games/s  ETA 0h09m31s
[pb-ab-O-hop.base] 793/1600  1.4 games/s  ETA 0h09m28s
[pb-ab-O-hop.base] 796/1600  1.4 games/s  ETA 0h09m25s
[pb-ab-O-hop.base] 799/1600  1.4 games/s  ETA 0h09m23s
[pb-ab-O-hop.base] 802/1600  1.4 games/s  ETA 0h09m21s
[pb-ab-O-hop.base] 804/1600  1.4 games/s  ETA 0h09m20s
[pb-ab-O-hop.base] 808/1600  1.4 games/s  ETA 0h09m17s
[pb-ab-O-hop.base] 810/1600  1.4 games/s  ETA 0h09m16s
[pb-ab-O-hop.base] 812/1600  1.4 games/s  ETA 0h09m15s
[pb-ab-O-hop.base] 816/1600  1.4 games/s  ETA 0h09m11s
[pb-ab-O-hop.base] 817/1600  1.4 games/s  ETA 0h09m12s
[pb-ab-O-hop.base] 819/1600  1.4 games/s  ETA 0h09m11s
[pb-ab-O-hop.base] 824/1600  1.4 games/s  ETA 0h09m06s
[pb-ab-O-hop.base] 824/1600  1.4 games/s  ETA 0h09m08s
[pb-ab-O-hop.base] 827/1600  1.4 games/s  ETA 0h09m06s
[pb-ab-O-hop.base] 831/1600  1.4 games/s  ETA 0h09m02s
[pb-ab-O-hop.base] 833/1600  1.4 games/s  ETA 0h09m01s
[pb-ab-O-hop.base] 836/1600  1.4 games/s  ETA 0h08m59s
[pb-ab-O-hop.base] 837/1600  1.4 games/s  ETA 0h08m59s
[pb-ab-O-hop.base] 839/1600  1.4 games/s  ETA 0h08m59s
[pb-ab-O-hop.base] 841/1600  1.4 games/s  ETA 0h08m58s
[pb-ab-O-hop.base] 843/1600  1.4 games/s  ETA 0h08m57s
[pb-ab-O-hop.base] 844/1600  1.4 games/s  ETA 0h08m57s
[pb-ab-O-hop.base] 846/1600  1.4 games/s  ETA 0h08m56s
[pb-ab-O-hop.base] 849/1600  1.4 games/s  ETA 0h08m54s
[pb-ab-O-hop.base] 851/1600  1.4 games/s  ETA 0h08m53s
[pb-ab-O-hop.base] 854/1600  1.4 games/s  ETA 0h08m51s
[pb-ab-O-hop.base] 856/1600  1.4 games/s  ETA 0h08m50s
[pb-ab-O-hop.base] 858/1600  1.4 games/s  ETA 0h08m49s
[pb-ab-O-hop.base] 863/1600  1.4 games/s  ETA 0h08m44s
[pb-ab-O-hop.base] 866/1600  1.4 games/s  ETA 0h08m42s
[pb-ab-O-hop.base] 868/1600  1.4 games/s  ETA 0h08m41s
[pb-ab-O-hop.base] 870/1600  1.4 games/s  ETA 0h08m40s
[pb-ab-O-hop.base] 871/1600  1.4 games/s  ETA 0h08m40s
[pb-ab-O-hop.base] 873/1600  1.4 games/s  ETA 0h08m39s
[pb-ab-O-hop.base] 875/1600  1.4 games/s  ETA 0h08m38s
[pb-ab-O-hop.base] 878/1600  1.4 games/s  ETA 0h08m36s
[pb-ab-O-hop.base] 880/1600  1.4 games/s  ETA 0h08m35s
[pb-ab-O-hop.base] 883/1600  1.4 games/s  ETA 0h08m33s
[pb-ab-O-hop.base] 883/1600  1.4 games/s  ETA 0h08m35s
[pb-ab-O-hop.base] 885/1600  1.4 games/s  ETA 0h08m34s
[pb-ab-O-hop.base] 887/1600  1.4 games/s  ETA 0h08m33s
[pb-ab-O-hop.base] 887/1600  1.4 games/s  ETA 0h08m34s
[pb-ab-O-hop.base] 887/1600  1.4 games/s  ETA 0h08m36s
[pb-ab-O-hop.base] 887/1600  1.4 games/s  ETA 0h08m37s
[pb-ab-O-hop.base] 889/1600  1.4 games/s  ETA 0h08m36s
[pb-ab-O-hop.base] 891/1600  1.4 games/s  ETA 0h08m35s
[pb-ab-O-hop.base] 892/1600  1.4 games/s  ETA 0h08m36s
[pb-ab-O-hop.base] 896/1600  1.4 games/s  ETA 0h08m32s
[pb-ab-O-hop.base] 897/1600  1.4 games/s  ETA 0h08m32s
[pb-ab-O-hop.base] 898/1600  1.4 games/s  ETA 0h08m33s
[pb-ab-O-hop.base] 901/1600  1.4 games/s  ETA 0h08m30s
[pb-ab-O-hop.base] 903/1600  1.4 games/s  ETA 0h08m29s
[pb-ab-O-hop.base] 906/1600  1.4 games/s  ETA 0h08m27s
[pb-ab-O-hop.base] 908/1600  1.4 games/s  ETA 0h08m26s
[pb-ab-O-hop.base] 911/1600  1.4 games/s  ETA 0h08m23s
[pb-ab-O-hop.base] 914/1600  1.4 games/s  ETA 0h08m21s
[pb-ab-O-hop.base] 916/1600  1.4 games/s  ETA 0h08m20s
[pb-ab-O-hop.base] 919/1600  1.4 games/s  ETA 0h08m18s
[pb-ab-O-hop.base] 922/1600  1.4 games/s  ETA 0h08m15s
[pb-ab-O-hop.base] 925/1600  1.4 games/s  ETA 0h08m13s
[pb-ab-O-hop.base] 927/1600  1.4 games/s  ETA 0h08m12s
[pb-ab-O-hop.base] 930/1600  1.4 games/s  ETA 0h08m10s
[pb-ab-O-hop.base] 934/1600  1.4 games/s  ETA 0h08m06s
[pb-ab-O-hop.base] 936/1600  1.4 games/s  ETA 0h08m05s
[pb-ab-O-hop.base] 939/1600  1.4 games/s  ETA 0h08m03s
[pb-ab-O-hop.base] 942/1600  1.4 games/s  ETA 0h08m00s
[pb-ab-O-hop.base] 945/1600  1.4 games/s  ETA 0h07m58s
[pb-ab-O-hop.base] 948/1600  1.4 games/s  ETA 0h07m56s
[pb-ab-O-hop.base] 952/1600  1.4 games/s  ETA 0h07m52s
[pb-ab-O-hop.base] 954/1600  1.4 games/s  ETA 0h07m51s
[pb-ab-O-hop.base] 957/1600  1.4 games/s  ETA 0h07m49s
[pb-ab-O-hop.base] 961/1600  1.4 games/s  ETA 0h07m45s
[pb-ab-O-hop.base] 964/1600  1.4 games/s  ETA 0h07m43s
[pb-ab-O-hop.base] 967/1600  1.4 games/s  ETA 0h07m41s
[pb-ab-O-hop.base] 969/1600  1.4 games/s  ETA 0h07m39s
[pb-ab-O-hop.base] 972/1600  1.4 games/s  ETA 0h07m37s
[pb-ab-O-hop.base] 976/1600  1.4 games/s  ETA 0h07m34s
[pb-ab-O-hop.base] 979/1600  1.4 games/s  ETA 0h07m31s
[pb-ab-O-hop.base] 982/1600  1.4 games/s  ETA 0h07m29s
[pb-ab-O-hop.base] 986/1600  1.4 games/s  ETA 0h07m26s
[pb-ab-O-hop.base] 988/1600  1.4 games/s  ETA 0h07m24s
[pb-ab-O-hop.base] 994/1600  1.4 games/s  ETA 0h07m19s
[pb-ab-O-hop.base] 996/1600  1.4 games/s  ETA 0h07m18s
[pb-ab-O-hop.base] 999/1600  1.4 games/s  ETA 0h07m15s
[pb-ab-O-hop.base] 1002/1600  1.4 games/s  ETA 0h07m13s
[pb-ab-O-hop.base] 1005/1600  1.4 games/s  ETA 0h07m11s
[pb-ab-O-hop.base] 1007/1600  1.4 games/s  ETA 0h07m10s
[pb-ab-O-hop.base] 1011/1600  1.4 games/s  ETA 0h07m06s
[pb-ab-O-hop.base] 1014/1600  1.4 games/s  ETA 0h07m04s
[pb-ab-O-hop.base] 1016/1600  1.4 games/s  ETA 0h07m03s
[pb-ab-O-hop.base] 1018/1600  1.4 games/s  ETA 0h07m02s
[pb-ab-O-hop.base] 1020/1600  1.4 games/s  ETA 0h07m01s
[pb-ab-O-hop.base] 1023/1600  1.4 games/s  ETA 0h06m58s
[pb-ab-O-hop.base] 1026/1600  1.4 games/s  ETA 0h06m56s
[pb-ab-O-hop.base] 1031/1600  1.4 games/s  ETA 0h06m51s
[pb-ab-O-hop.base] 1035/1600  1.4 games/s  ETA 0h06m48s
[pb-ab-O-hop.base] 1038/1600  1.4 games/s  ETA 0h06m46s
[pb-ab-O-hop.base] 1040/1600  1.4 games/s  ETA 0h06m45s
[pb-ab-O-hop.base] 1043/1600  1.4 games/s  ETA 0h06m42s
[pb-ab-O-hop.base] 1044/1600  1.4 games/s  ETA 0h06m42s
[pb-ab-O-hop.base] 1048/1600  1.4 games/s  ETA 0h06m39s
[pb-ab-O-hop.base] 1049/1600  1.4 games/s  ETA 0h06m39s
[pb-ab-O-hop.base] 1053/1600  1.4 games/s  ETA 0h06m36s
[pb-ab-O-hop.base] 1055/1600  1.4 games/s  ETA 0h06m34s
[pb-ab-O-hop.base] 1056/1600  1.4 games/s  ETA 0h06m34s
[pb-ab-O-hop.base] 1059/1600  1.4 games/s  ETA 0h06m32s
[pb-ab-O-hop.base] 1061/1600  1.4 games/s  ETA 0h06m31s
[pb-ab-O-hop.base] 1062/1600  1.4 games/s  ETA 0h06m31s
[pb-ab-O-hop.base] 1064/1600  1.4 games/s  ETA 0h06m30s
[pb-ab-O-hop.base] 1068/1600  1.4 games/s  ETA 0h06m26s
[pb-ab-O-hop.base] 1070/1600  1.4 games/s  ETA 0h06m25s
[pb-ab-O-hop.base] 1072/1600  1.4 games/s  ETA 0h06m24s
[pb-ab-O-hop.base] 1075/1600  1.4 games/s  ETA 0h06m22s
[pb-ab-O-hop.base] 1076/1600  1.4 games/s  ETA 0h06m22s
[pb-ab-O-hop.base] 1079/1600  1.4 games/s  ETA 0h06m19s
[pb-ab-O-hop.base] 1081/1600  1.4 games/s  ETA 0h06m18s
[pb-ab-O-hop.base] 1085/1600  1.4 games/s  ETA 0h06m15s
[pb-ab-O-hop.base] 1088/1600  1.4 games/s  ETA 0h06m12s
[pb-ab-O-hop.base] 1093/1600  1.4 games/s  ETA 0h06m08s
[pb-ab-O-hop.base] 1095/1600  1.4 games/s  ETA 0h06m07s
[pb-ab-O-hop.base] 1098/1600  1.4 games/s  ETA 0h06m05s
[pb-ab-O-hop.base] 1100/1600  1.4 games/s  ETA 0h06m03s
[pb-ab-O-hop.base] 1103/1600  1.4 games/s  ETA 0h06m01s
[pb-ab-O-hop.base] 1106/1600  1.4 games/s  ETA 0h05m59s
[pb-ab-O-hop.base] 1109/1600  1.4 games/s  ETA 0h05m57s
[pb-ab-O-hop.base] 1113/1600  1.4 games/s  ETA 0h05m53s
[pb-ab-O-hop.base] 1116/1600  1.4 games/s  ETA 0h05m51s
[pb-ab-O-hop.base] 1118/1600  1.4 games/s  ETA 0h05m50s
[pb-ab-O-hop.base] 1122/1600  1.4 games/s  ETA 0h05m46s
[pb-ab-O-hop.base] 1125/1600  1.4 games/s  ETA 0h05m44s
[pb-ab-O-hop.base] 1127/1600  1.4 games/s  ETA 0h05m43s
[pb-ab-O-hop.base] 1131/1600  1.4 games/s  ETA 0h05m40s
[pb-ab-O-hop.base] 1135/1600  1.4 games/s  ETA 0h05m36s
[pb-ab-O-hop.base] 1137/1600  1.4 games/s  ETA 0h05m35s
[pb-ab-O-hop.base] 1139/1600  1.4 games/s  ETA 0h05m34s
[pb-ab-O-hop.base] 1142/1600  1.4 games/s  ETA 0h05m32s
[pb-ab-O-hop.base] 1144/1600  1.4 games/s  ETA 0h05m31s
[pb-ab-O-hop.base] 1145/1600  1.4 games/s  ETA 0h05m30s
[pb-ab-O-hop.base] 1148/1600  1.4 games/s  ETA 0h05m28s
[pb-ab-O-hop.base] 1150/1600  1.4 games/s  ETA 0h05m27s
[pb-ab-O-hop.base] 1154/1600  1.4 games/s  ETA 0h05m24s
[pb-ab-O-hop.base] 1156/1600  1.4 games/s  ETA 0h05m22s
[pb-ab-O-hop.base] 1157/1600  1.4 games/s  ETA 0h05m22s
[pb-ab-O-hop.base] 1160/1600  1.4 games/s  ETA 0h05m20s
[pb-ab-O-hop.base] 1162/1600  1.4 games/s  ETA 0h05m19s
[pb-ab-O-hop.base] 1165/1600  1.4 games/s  ETA 0h05m16s
[pb-ab-O-hop.base] 1168/1600  1.4 games/s  ETA 0h05m14s
[pb-ab-O-hop.base] 1170/1600  1.4 games/s  ETA 0h05m13s
[pb-ab-O-hop.base] 1173/1600  1.4 games/s  ETA 0h05m11s
[pb-ab-O-hop.base] 1175/1600  1.4 games/s  ETA 0h05m09s
[pb-ab-O-hop.base] 1178/1600  1.4 games/s  ETA 0h05m07s
[pb-ab-O-hop.base] 1181/1600  1.4 games/s  ETA 0h05m05s
[pb-ab-O-hop.base] 1183/1600  1.4 games/s  ETA 0h05m04s
[pb-ab-O-hop.base] 1186/1600  1.4 games/s  ETA 0h05m01s
[pb-ab-O-hop.base] 1188/1600  1.4 games/s  ETA 0h05m00s
[pb-ab-O-hop.base] 1190/1600  1.4 games/s  ETA 0h04m59s
[pb-ab-O-hop.base] 1193/1600  1.4 games/s  ETA 0h04m56s
[pb-ab-O-hop.base] 1196/1600  1.4 games/s  ETA 0h04m54s
[pb-ab-O-hop.base] 1198/1600  1.4 games/s  ETA 0h04m53s
[pb-ab-O-hop.base] 1201/1600  1.4 games/s  ETA 0h04m51s
[pb-ab-O-hop.base] 1203/1600  1.4 games/s  ETA 0h04m49s
[pb-ab-O-hop.base] 1204/1600  1.4 games/s  ETA 0h04m49s
[pb-ab-O-hop.base] 1207/1600  1.4 games/s  ETA 0h04m47s
[pb-ab-O-hop.base] 1209/1600  1.4 games/s  ETA 0h04m46s
[pb-ab-O-hop.base] 1212/1600  1.4 games/s  ETA 0h04m43s
[pb-ab-O-hop.base] 1216/1600  1.4 games/s  ETA 0h04m40s
[pb-ab-O-hop.base] 1220/1600  1.4 games/s  ETA 0h04m37s
[pb-ab-O-hop.base] 1222/1600  1.4 games/s  ETA 0h04m36s
[pb-ab-O-hop.base] 1226/1600  1.4 games/s  ETA 0h04m32s
[pb-ab-O-hop.base] 1229/1600  1.4 games/s  ETA 0h04m30s
[pb-ab-O-hop.base] 1234/1600  1.4 games/s  ETA 0h04m26s
[pb-ab-O-hop.base] 1238/1600  1.4 games/s  ETA 0h04m23s
[pb-ab-O-hop.base] 1239/1600  1.4 games/s  ETA 0h04m22s
[pb-ab-O-hop.base] 1242/1600  1.4 games/s  ETA 0h04m20s
[pb-ab-O-hop.base] 1245/1600  1.4 games/s  ETA 0h04m18s
[pb-ab-O-hop.base] 1247/1600  1.4 games/s  ETA 0h04m17s
[pb-ab-O-hop.base] 1250/1600  1.4 games/s  ETA 0h04m14s
[pb-ab-O-hop.base] 1253/1600  1.4 games/s  ETA 0h04m12s
[pb-ab-O-hop.base] 1256/1600  1.4 games/s  ETA 0h04m10s
[pb-ab-O-hop.base] 1259/1600  1.4 games/s  ETA 0h04m08s
[pb-ab-O-hop.base] 1262/1600  1.4 games/s  ETA 0h04m05s
[pb-ab-O-hop.base] 1266/1600  1.4 games/s  ETA 0h04m02s
[pb-ab-O-hop.base] 1268/1600  1.4 games/s  ETA 0h04m01s
[pb-ab-O-hop.base] 1271/1600  1.4 games/s  ETA 0h03m59s
[pb-ab-O-hop.base] 1273/1600  1.4 games/s  ETA 0h03m57s
[pb-ab-O-hop.base] 1276/1600  1.4 games/s  ETA 0h03m55s
[pb-ab-O-hop.base] 1278/1600  1.4 games/s  ETA 0h03m54s
[pb-ab-O-hop.base] 1280/1600  1.4 games/s  ETA 0h03m53s
[pb-ab-O-hop.base] 1282/1600  1.4 games/s  ETA 0h03m51s
[pb-ab-O-hop.base] 1287/1600  1.4 games/s  ETA 0h03m47s
[pb-ab-O-hop.base] 1288/1600  1.4 games/s  ETA 0h03m47s
[pb-ab-O-hop.base] 1291/1600  1.4 games/s  ETA 0h03m45s
[pb-ab-O-hop.base] 1293/1600  1.4 games/s  ETA 0h03m43s
[pb-ab-O-hop.base] 1297/1600  1.4 games/s  ETA 0h03m40s
[pb-ab-O-hop.base] 1299/1600  1.4 games/s  ETA 0h03m39s
[pb-ab-O-hop.base] 1301/1600  1.4 games/s  ETA 0h03m37s
[pb-ab-O-hop.base] 1304/1600  1.4 games/s  ETA 0h03m35s
[pb-ab-O-hop.base] 1308/1600  1.4 games/s  ETA 0h03m32s
[pb-ab-O-hop.base] 1310/1600  1.4 games/s  ETA 0h03m31s
[pb-ab-O-hop.base] 1314/1600  1.4 games/s  ETA 0h03m28s
[pb-ab-O-hop.base] 1317/1600  1.4 games/s  ETA 0h03m25s
[pb-ab-O-hop.base] 1321/1600  1.4 games/s  ETA 0h03m22s
[pb-ab-O-hop.base] 1324/1600  1.4 games/s  ETA 0h03m20s
[pb-ab-O-hop.base] 1328/1600  1.4 games/s  ETA 0h03m17s
[pb-ab-O-hop.base] 1331/1600  1.4 games/s  ETA 0h03m15s
[pb-ab-O-hop.base] 1335/1600  1.4 games/s  ETA 0h03m12s
[pb-ab-O-hop.base] 1337/1600  1.4 games/s  ETA 0h03m10s
[pb-ab-O-hop.base] 1340/1600  1.4 games/s  ETA 0h03m08s
[pb-ab-O-hop.base] 1343/1600  1.4 games/s  ETA 0h03m06s
[pb-ab-O-hop.base] 1345/1600  1.4 games/s  ETA 0h03m05s
[pb-ab-O-hop.base] 1347/1600  1.4 games/s  ETA 0h03m03s
[pb-ab-O-hop.base] 1351/1600  1.4 games/s  ETA 0h03m00s
[pb-ab-O-hop.base] 1354/1600  1.4 games/s  ETA 0h02m58s
[pb-ab-O-hop.base] 1356/1600  1.4 games/s  ETA 0h02m57s
[pb-ab-O-hop.base] 1360/1600  1.4 games/s  ETA 0h02m54s
[pb-ab-O-hop.base] 1364/1600  1.4 games/s  ETA 0h02m51s
[pb-ab-O-hop.base] 1368/1600  1.4 games/s  ETA 0h02m47s
[pb-ab-O-hop.base] 1372/1600  1.4 games/s  ETA 0h02m44s
[pb-ab-O-hop.base] 1375/1600  1.4 games/s  ETA 0h02m42s
[pb-ab-O-hop.base] 1377/1600  1.4 games/s  ETA 0h02m41s
[pb-ab-O-hop.base] 1382/1600  1.4 games/s  ETA 0h02m37s
[pb-ab-O-hop.base] 1386/1600  1.4 games/s  ETA 0h02m34s
[pb-ab-O-hop.base] 1390/1600  1.4 games/s  ETA 0h02m31s
[pb-ab-O-hop.base] 1392/1600  1.4 games/s  ETA 0h02m30s
[pb-ab-O-hop.base] 1393/1600  1.4 games/s  ETA 0h02m29s
[pb-ab-O-hop.base] 1397/1600  1.4 games/s  ETA 0h02m26s
[pb-ab-O-hop.base] 1398/1600  1.4 games/s  ETA 0h02m26s
[pb-ab-O-hop.base] 1403/1600  1.4 games/s  ETA 0h02m22s
[pb-ab-O-hop.base] 1405/1600  1.4 games/s  ETA 0h02m20s
[pb-ab-O-hop.base] 1410/1600  1.4 games/s  ETA 0h02m16s
[pb-ab-O-hop.base] 1412/1600  1.4 games/s  ETA 0h02m15s
[pb-ab-O-hop.base] 1415/1600  1.4 games/s  ETA 0h02m13s
[pb-ab-O-hop.base] 1417/1600  1.4 games/s  ETA 0h02m12s
[pb-ab-O-hop.base] 1419/1600  1.4 games/s  ETA 0h02m10s
[pb-ab-O-hop.base] 1421/1600  1.4 games/s  ETA 0h02m09s
[pb-ab-O-hop.base] 1424/1600  1.4 games/s  ETA 0h02m07s
[pb-ab-O-hop.base] 1425/1600  1.4 games/s  ETA 0h02m06s
[pb-ab-O-hop.base] 1426/1600  1.4 games/s  ETA 0h02m05s
[pb-ab-O-hop.base] 1431/1600  1.4 games/s  ETA 0h02m02s
[pb-ab-O-hop.base] 1436/1600  1.4 games/s  ETA 0h01m58s
[pb-ab-O-hop.base] 1438/1600  1.4 games/s  ETA 0h01m56s
[pb-ab-O-hop.base] 1440/1600  1.4 games/s  ETA 0h01m55s
[pb-ab-O-hop.base] 1443/1600  1.4 games/s  ETA 0h01m53s
[pb-ab-O-hop.base] 1447/1600  1.4 games/s  ETA 0h01m50s
[pb-ab-O-hop.base] 1451/1600  1.4 games/s  ETA 0h01m47s
[pb-ab-O-hop.base] 1455/1600  1.4 games/s  ETA 0h01m44s
[pb-ab-O-hop.base] 1458/1600  1.4 games/s  ETA 0h01m42s
[pb-ab-O-hop.base] 1458/1600  1.4 games/s  ETA 0h01m42s
[pb-ab-O-hop.base] 1461/1600  1.4 games/s  ETA 0h01m40s
[pb-ab-O-hop.base] 1463/1600  1.4 games/s  ETA 0h01m38s
[pb-ab-O-hop.base] 1465/1600  1.4 games/s  ETA 0h01m37s
[pb-ab-O-hop.base] 1468/1600  1.4 games/s  ETA 0h01m35s
[pb-ab-O-hop.base] 1472/1600  1.4 games/s  ETA 0h01m32s
[pb-ab-O-hop.base] 1475/1600  1.4 games/s  ETA 0h01m30s
[pb-ab-O-hop.base] 1480/1600  1.4 games/s  ETA 0h01m26s
[pb-ab-O-hop.base] 1484/1600  1.4 games/s  ETA 0h01m23s
[pb-ab-O-hop.base] 1488/1600  1.4 games/s  ETA 0h01m20s
[pb-ab-O-hop.base] 1489/1600  1.4 games/s  ETA 0h01m19s
[pb-ab-O-hop.base] 1491/1600  1.4 games/s  ETA 0h01m18s
[pb-ab-O-hop.base] 1493/1600  1.4 games/s  ETA 0h01m17s
[pb-ab-O-hop.base] 1495/1600  1.4 games/s  ETA 0h01m15s
[pb-ab-O-hop.base] 1498/1600  1.4 games/s  ETA 0h01m13s
[pb-ab-O-hop.base] 1501/1600  1.4 games/s  ETA 0h01m11s
[pb-ab-O-hop.base] 1504/1600  1.4 games/s  ETA 0h01m09s
[pb-ab-O-hop.base] 1508/1600  1.4 games/s  ETA 0h01m06s
[pb-ab-O-hop.base] 1511/1600  1.4 games/s  ETA 0h01m04s
[pb-ab-O-hop.base] 1512/1600  1.4 games/s  ETA 0h01m03s
[pb-ab-O-hop.base] 1515/1600  1.4 games/s  ETA 0h01m01s
[pb-ab-O-hop.base] 1517/1600  1.4 games/s  ETA 0h00m59s
[pb-ab-O-hop.base] 1519/1600  1.4 games/s  ETA 0h00m58s
[pb-ab-O-hop.base] 1522/1600  1.4 games/s  ETA 0h00m56s
[pb-ab-O-hop.base] 1523/1600  1.4 games/s  ETA 0h00m55s
[pb-ab-O-hop.base] 1524/1600  1.4 games/s  ETA 0h00m54s
[pb-ab-O-hop.base] 1527/1600  1.4 games/s  ETA 0h00m52s
[pb-ab-O-hop.base] 1529/1600  1.4 games/s  ETA 0h00m51s
[pb-ab-O-hop.base] 1532/1600  1.4 games/s  ETA 0h00m49s
[pb-ab-O-hop.base] 1534/1600  1.4 games/s  ETA 0h00m47s
[pb-ab-O-hop.base] 1536/1600  1.4 games/s  ETA 0h00m46s
[pb-ab-O-hop.base] 1539/1600  1.4 games/s  ETA 0h00m44s
[pb-ab-O-hop.base] 1543/1600  1.4 games/s  ETA 0h00m41s
[pb-ab-O-hop.base] 1546/1600  1.4 games/s  ETA 0h00m39s
[pb-ab-O-hop.base] 1550/1600  1.4 games/s  ETA 0h00m36s
[pb-ab-O-hop.base] 1556/1600  1.4 games/s  ETA 0h00m31s
[pb-ab-O-hop.base] 1558/1600  1.4 games/s  ETA 0h00m30s
[pb-ab-O-hop.base] 1560/1600  1.4 games/s  ETA 0h00m28s
[pb-ab-O-hop.base] 1563/1600  1.4 games/s  ETA 0h00m26s
[pb-ab-O-hop.base] 1565/1600  1.4 games/s  ETA 0h00m25s
[pb-ab-O-hop.base] 1569/1600  1.4 games/s  ETA 0h00m22s
[pb-ab-O-hop.base] 1574/1600  1.4 games/s  ETA 0h00m18s
[pb-ab-O-hop.base] 1576/1600  1.4 games/s  ETA 0h00m17s
[pb-ab-O-hop.base] 1579/1600  1.4 games/s  ETA 0h00m15s
[pb-ab-O-hop.base] 1582/1600  1.4 games/s  ETA 0h00m12s
[pb-ab-O-hop.base] 1586/1600  1.4 games/s  ETA 0h00m10s
[pb-ab-O-hop.base] 1588/1600  1.4 games/s  ETA 0h00m08s
[pb-ab-O-hop.base] 1591/1600  1.4 games/s  ETA 0h00m06s
[pb-ab-O-hop.base] 1593/1600  1.4 games/s  ETA 0h00m05s
[pb-ab-O-hop.base] 1597/1600  1.4 games/s  ETA 0h00m02s
[pb-ab-O-hop.base] 1598/1600  1.4 games/s  ETA 0h00m01s
[pb-ab-O-hop.base] 1599/1600  1.4 games/s  ETA 0h00m00s
[pb-ab-O-hop.base] 1600 games in 0h19m15s (1.4 games/s)
[pb-ab-O-hop.base] summary -> sim/out/pb-ab-O-hop.base.summary.json
[pb-ab-O-hop.var] 1600 games (0 already done), 1600 to play on 4 workers -> sim/out/pb-ab-O-hop.var.jsonl
[pb-ab-O-hop.var] depth 3, 4 random opening plies, ply cap 300, pairs off (both sides identical; --pairs forces them on)
[pb-ab-O-hop.var] rules {"ogreHop":true}, values {}
[pb-ab-O-hop.var] 0/1600  0.0 games/s  ETA ?
[pb-ab-O-hop.var] 3/1600  0.7 games/s  ETA 0h35m30s
[pb-ab-O-hop.var] 5/1600  0.8 games/s  ETA 0h31m54s
[pb-ab-O-hop.var] 8/1600  1.0 games/s  ETA 0h26m32s
[pb-ab-O-hop.var] 10/1600  1.0 games/s  ETA 0h26m30s
[pb-ab-O-hop.var] 13/1600  1.1 games/s  ETA 0h24m25s
[pb-ab-O-hop.var] 16/1600  1.1 games/s  ETA 0h23m06s
[pb-ab-O-hop.var] 18/1600  1.1 games/s  ETA 0h23m26s
[pb-ab-O-hop.var] 21/1600  1.2 games/s  ETA 0h22m34s
[pb-ab-O-hop.var] 24/1600  1.2 games/s  ETA 0h21m53s
[pb-ab-O-hop.var] 26/1600  1.2 games/s  ETA 0h22m12s
[pb-ab-O-hop.var] 30/1600  1.2 games/s  ETA 0h20m56s
[pb-ab-O-hop.var] 33/1600  1.3 games/s  ETA 0h20m35s
[pb-ab-O-hop.var] 36/1600  1.3 games/s  ETA 0h20m16s
[pb-ab-O-hop.var] 39/1600  1.3 games/s  ETA 0h20m01s
[pb-ab-O-hop.var] 40/1600  1.2 games/s  ETA 0h20m48s
[pb-ab-O-hop.var] 44/1600  1.3 games/s  ETA 0h20m02s
[pb-ab-O-hop.var] 47/1600  1.3 games/s  ETA 0h19m50s
[pb-ab-O-hop.var] 52/1600  1.4 games/s  ETA 0h18m51s
[pb-ab-O-hop.var] 54/1600  1.3 games/s  ETA 0h19m05s
[pb-ab-O-hop.var] 57/1600  1.4 games/s  ETA 0h18m57s
[pb-ab-O-hop.var] 59/1600  1.3 games/s  ETA 0h19m09s
[pb-ab-O-hop.var] 63/1600  1.4 games/s  ETA 0h18m42s
[pb-ab-O-hop.var] 67/1600  1.4 games/s  ETA 0h18m18s
[pb-ab-O-hop.var] 69/1600  1.4 games/s  ETA 0h18m29s
[pb-ab-O-hop.var] 72/1600  1.4 games/s  ETA 0h18m24s
[pb-ab-O-hop.var] 74/1600  1.4 games/s  ETA 0h18m34s
[pb-ab-O-hop.var] 78/1600  1.4 games/s  ETA 0h18m13s
[pb-ab-O-hop.var] 82/1600  1.4 games/s  ETA 0h17m54s
[pb-ab-O-hop.var] 83/1600  1.4 games/s  ETA 0h18m17s
[pb-ab-O-hop.var] 86/1600  1.4 games/s  ETA 0h18m11s
[pb-ab-O-hop.var] 88/1600  1.4 games/s  ETA 0h18m20s
[pb-ab-O-hop.var] 91/1600  1.4 games/s  ETA 0h18m14s
[pb-ab-O-hop.var] 94/1600  1.4 games/s  ETA 0h18m09s
[pb-ab-O-hop.var] 97/1600  1.4 games/s  ETA 0h18m05s
[pb-ab-O-hop.var] 99/1600  1.4 games/s  ETA 0h18m12s
[pb-ab-O-hop.var] 99/1600  1.3 games/s  ETA 0h18m42s
[pb-ab-O-hop.var] 103/1600  1.4 games/s  ETA 0h18m25s
[pb-ab-O-hop.var] 106/1600  1.4 games/s  ETA 0h18m19s
[pb-ab-O-hop.var] 108/1600  1.3 games/s  ETA 0h18m25s
[pb-ab-O-hop.var] 111/1600  1.4 games/s  ETA 0h18m20s
[pb-ab-O-hop.var] 113/1600  1.3 games/s  ETA 0h18m25s
[pb-ab-O-hop.var] 116/1600  1.3 games/s  ETA 0h18m20s
[pb-ab-O-hop.var] 118/1600  1.3 games/s  ETA 0h18m25s
[pb-ab-O-hop.var] 122/1600  1.4 games/s  ETA 0h18m10s
[pb-ab-O-hop.var] 126/1600  1.4 games/s  ETA 0h17m56s
[pb-ab-O-hop.var] 128/1600  1.4 games/s  ETA 0h18m01s
[pb-ab-O-hop.var] 130/1600  1.4 games/s  ETA 0h18m06s
[pb-ab-O-hop.var] 134/1600  1.4 games/s  ETA 0h17m52s
[pb-ab-O-hop.var] 137/1600  1.4 games/s  ETA 0h17m48s
[pb-ab-O-hop.var] 139/1600  1.4 games/s  ETA 0h17m52s
[pb-ab-O-hop.var] 141/1600  1.4 games/s  ETA 0h17m56s
[pb-ab-O-hop.var] 144/1600  1.4 games/s  ETA 0h17m52s
[pb-ab-O-hop.var] 147/1600  1.4 games/s  ETA 0h17m47s
[pb-ab-O-hop.var] 148/1600  1.3 games/s  ETA 0h17m59s
[pb-ab-O-hop.var] 150/1600  1.3 games/s  ETA 0h18m03s
[pb-ab-O-hop.var] 153/1600  1.3 games/s  ETA 0h17m58s
[pb-ab-O-hop.var] 156/1600  1.3 games/s  ETA 0h17m54s
[pb-ab-O-hop.var] 159/1600  1.3 games/s  ETA 0h17m49s
[pb-ab-O-hop.var] 162/1600  1.3 games/s  ETA 0h17m45s
[pb-ab-O-hop.var] 164/1600  1.3 games/s  ETA 0h17m48s
[pb-ab-O-hop.var] 168/1600  1.4 games/s  ETA 0h17m37s
[pb-ab-O-hop.var] 170/1600  1.3 games/s  ETA 0h17m40s
[pb-ab-O-hop.var] 172/1600  1.3 games/s  ETA 0h17m43s
[pb-ab-O-hop.var] 175/1600  1.3 games/s  ETA 0h17m39s
[pb-ab-O-hop.var] 178/1600  1.3 games/s  ETA 0h17m34s
[pb-ab-O-hop.var] 180/1600  1.3 games/s  ETA 0h17m37s
[pb-ab-O-hop.var] 185/1600  1.4 games/s  ETA 0h17m20s
[pb-ab-O-hop.var] 186/1600  1.3 games/s  ETA 0h17m29s
[pb-ab-O-hop.var] 189/1600  1.3 games/s  ETA 0h17m25s
[pb-ab-O-hop.var] 192/1600  1.4 games/s  ETA 0h17m21s
[pb-ab-O-hop.var] 196/1600  1.4 games/s  ETA 0h17m11s
[pb-ab-O-hop.var] 197/1600  1.3 games/s  ETA 0h17m20s
[pb-ab-O-hop.var] 201/1600  1.4 games/s  ETA 0h17m10s
[pb-ab-O-hop.var] 203/1600  1.4 games/s  ETA 0h17m12s
[pb-ab-O-hop.var] 207/1600  1.4 games/s  ETA 0h17m03s
[pb-ab-O-hop.var] 209/1600  1.4 games/s  ETA 0h17m05s
[pb-ab-O-hop.var] 212/1600  1.4 games/s  ETA 0h17m01s
[pb-ab-O-hop.var] 214/1600  1.4 games/s  ETA 0h17m03s
[pb-ab-O-hop.var] 214/1600  1.3 games/s  ETA 0h17m16s
[pb-ab-O-hop.var] 217/1600  1.3 games/s  ETA 0h17m12s
[pb-ab-O-hop.var] 220/1600  1.3 games/s  ETA 0h17m09s
[pb-ab-O-hop.var] 223/1600  1.3 games/s  ETA 0h17m05s
[pb-ab-O-hop.var] 225/1600  1.3 games/s  ETA 0h17m07s
[pb-ab-O-hop.var] 229/1600  1.3 games/s  ETA 0h16m58s
[pb-ab-O-hop.var] 231/1600  1.3 games/s  ETA 0h16m59s
[pb-ab-O-hop.var] 233/1600  1.3 games/s  ETA 0h17m01s
[pb-ab-O-hop.var] 237/1600  1.3 games/s  ETA 0h16m52s
[pb-ab-O-hop.var] 237/1600  1.3 games/s  ETA 0h17m04s
[pb-ab-O-hop.var] 238/1600  1.3 games/s  ETA 0h17m10s
[pb-ab-O-hop.var] 243/1600  1.3 games/s  ETA 0h16m56s
[pb-ab-O-hop.var] 247/1600  1.3 games/s  ETA 0h16m48s
[pb-ab-O-hop.var] 250/1600  1.3 games/s  ETA 0h16m44s
[pb-ab-O-hop.var] 252/1600  1.3 games/s  ETA 0h16m46s
[pb-ab-O-hop.var] 255/1600  1.3 games/s  ETA 0h16m42s
[pb-ab-O-hop.var] 259/1600  1.3 games/s  ETA 0h16m34s
[pb-ab-O-hop.var] 260/1600  1.3 games/s  ETA 0h16m40s
[pb-ab-O-hop.var] 263/1600  1.3 games/s  ETA 0h16m36s
[pb-ab-O-hop.var] 268/1600  1.4 games/s  ETA 0h16m24s
[pb-ab-O-hop.var] 270/1600  1.3 games/s  ETA 0h16m25s
[pb-ab-O-hop.var] 274/1600  1.4 games/s  ETA 0h16m17s
[pb-ab-O-hop.var] 278/1600  1.4 games/s  ETA 0h16m10s
[pb-ab-O-hop.var] 281/1600  1.4 games/s  ETA 0h16m07s
[pb-ab-O-hop.var] 283/1600  1.4 games/s  ETA 0h16m08s
[pb-ab-O-hop.var] 285/1600  1.4 games/s  ETA 0h16m09s
[pb-ab-O-hop.var] 289/1600  1.4 games/s  ETA 0h16m02s
[pb-ab-O-hop.var] 291/1600  1.4 games/s  ETA 0h16m03s
[pb-ab-O-hop.var] 292/1600  1.4 games/s  ETA 0h16m07s
[pb-ab-O-hop.var] 296/1600  1.4 games/s  ETA 0h16m00s
[pb-ab-O-hop.var] 299/1600  1.4 games/s  ETA 0h15m57s
[pb-ab-O-hop.var] 301/1600  1.4 games/s  ETA 0h15m58s
[pb-ab-O-hop.var] 304/1600  1.4 games/s  ETA 0h15m55s
[pb-ab-O-hop.var] 307/1600  1.4 games/s  ETA 0h15m52s
[pb-ab-O-hop.var] 309/1600  1.4 games/s  ETA 0h15m53s
[pb-ab-O-hop.var] 313/1600  1.4 games/s  ETA 0h15m46s
[pb-ab-O-hop.var] 314/1600  1.4 games/s  ETA 0h15m50s
[pb-ab-O-hop.var] 317/1600  1.4 games/s  ETA 0h15m47s
[pb-ab-O-hop.var] 319/1600  1.4 games/s  ETA 0h15m48s
[pb-ab-O-hop.var] 322/1600  1.4 games/s  ETA 0h15m45s
[pb-ab-O-hop.var] 325/1600  1.4 games/s  ETA 0h15m41s
[pb-ab-O-hop.var] 328/1600  1.4 games/s  ETA 0h15m38s
[pb-ab-O-hop.var] 331/1600  1.4 games/s  ETA 0h15m35s
[pb-ab-O-hop.var] 333/1600  1.4 games/s  ETA 0h15m36s
[pb-ab-O-hop.var] 338/1600  1.4 games/s  ETA 0h15m26s
[pb-ab-O-hop.var] 338/1600  1.4 games/s  ETA 0h15m33s
[pb-ab-O-hop.var] 339/1600  1.3 games/s  ETA 0h15m37s
[pb-ab-O-hop.var] 342/1600  1.3 games/s  ETA 0h15m34s
[pb-ab-O-hop.var] 344/1600  1.3 games/s  ETA 0h15m35s
[pb-ab-O-hop.var] 347/1600  1.3 games/s  ETA 0h15m32s
[pb-ab-O-hop.var] 348/1600  1.3 games/s  ETA 0h15m35s
[pb-ab-O-hop.var] 350/1600  1.3 games/s  ETA 0h15m36s
[pb-ab-O-hop.var] 350/1600  1.3 games/s  ETA 0h15m43s
[pb-ab-O-hop.var] 352/1600  1.3 games/s  ETA 0h15m43s
[pb-ab-O-hop.var] 353/1600  1.3 games/s  ETA 0h15m47s
[pb-ab-O-hop.var] 353/1600  1.3 games/s  ETA 0h15m54s
[pb-ab-O-hop.var] 355/1600  1.3 games/s  ETA 0h15m54s
[pb-ab-O-hop.var] 359/1600  1.3 games/s  ETA 0h15m47s
[pb-ab-O-hop.var] 362/1600  1.3 games/s  ETA 0h15m44s
[pb-ab-O-hop.var] 366/1600  1.3 games/s  ETA 0h15m37s
[pb-ab-O-hop.var] 370/1600  1.3 games/s  ETA 0h15m31s
[pb-ab-O-hop.var] 373/1600  1.3 games/s  ETA 0h15m28s
[pb-ab-O-hop.var] 376/1600  1.3 games/s  ETA 0h15m24s
[pb-ab-O-hop.var] 378/1600  1.3 games/s  ETA 0h15m24s
[pb-ab-O-hop.var] 382/1600  1.3 games/s  ETA 0h15m18s
[pb-ab-O-hop.var] 383/1600  1.3 games/s  ETA 0h15m21s
[pb-ab-O-hop.var] 387/1600  1.3 games/s  ETA 0h15m15s
[pb-ab-O-hop.var] 388/1600  1.3 games/s  ETA 0h15m18s
[pb-ab-O-hop.var] 390/1600  1.3 games/s  ETA 0h15m18s
[pb-ab-O-hop.var] 393/1600  1.3 games/s  ETA 0h15m15s
[pb-ab-O-hop.var] 394/1600  1.3 games/s  ETA 0h15m18s
[pb-ab-O-hop.var] 397/1600  1.3 games/s  ETA 0h15m15s
[pb-ab-O-hop.var] 399/1600  1.3 games/s  ETA 0h15m15s
[pb-ab-O-hop.var] 401/1600  1.3 games/s  ETA 0h15m15s
[pb-ab-O-hop.var] 404/1600  1.3 games/s  ETA 0h15m12s
[pb-ab-O-hop.var] 406/1600  1.3 games/s  ETA 0h15m12s
[pb-ab-O-hop.var] 406/1600  1.3 games/s  ETA 0h15m17s
[pb-ab-O-hop.var] 408/1600  1.3 games/s  ETA 0h15m17s
[pb-ab-O-hop.var] 409/1600  1.3 games/s  ETA 0h15m20s
[pb-ab-O-hop.var] 412/1600  1.3 games/s  ETA 0h15m17s
[pb-ab-O-hop.var] 414/1600  1.3 games/s  ETA 0h15m17s
[pb-ab-O-hop.var] 417/1600  1.3 games/s  ETA 0h15m13s
[pb-ab-O-hop.var] 418/1600  1.3 games/s  ETA 0h15m16s
[pb-ab-O-hop.var] 421/1600  1.3 games/s  ETA 0h15m13s
[pb-ab-O-hop.var] 424/1600  1.3 games/s  ETA 0h15m10s
[pb-ab-O-hop.var] 426/1600  1.3 games/s  ETA 0h15m09s
[pb-ab-O-hop.var] 429/1600  1.3 games/s  ETA 0h15m06s
[pb-ab-O-hop.var] 433/1600  1.3 games/s  ETA 0h15m00s
[pb-ab-O-hop.var] 435/1600  1.3 games/s  ETA 0h15m00s
[pb-ab-O-hop.var] 437/1600  1.3 games/s  ETA 0h14m59s
[pb-ab-O-hop.var] 440/1600  1.3 games/s  ETA 0h14m56s
[pb-ab-O-hop.var] 442/1600  1.3 games/s  ETA 0h14m56s
[pb-ab-O-hop.var] 444/1600  1.3 games/s  ETA 0h14m56s
[pb-ab-O-hop.var] 446/1600  1.3 games/s  ETA 0h14m55s
[pb-ab-O-hop.var] 449/1600  1.3 games/s  ETA 0h14m52s
[pb-ab-O-hop.var] 452/1600  1.3 games/s  ETA 0h14m49s
[pb-ab-O-hop.var] 455/1600  1.3 games/s  ETA 0h14m46s
[pb-ab-O-hop.var] 457/1600  1.3 games/s  ETA 0h14m45s
[pb-ab-O-hop.var] 460/1600  1.3 games/s  ETA 0h14m42s
[pb-ab-O-hop.var] 463/1600  1.3 games/s  ETA 0h14m39s
[pb-ab-O-hop.var] 466/1600  1.3 games/s  ETA 0h14m36s
[pb-ab-O-hop.var] 469/1600  1.3 games/s  ETA 0h14m33s
[pb-ab-O-hop.var] 472/1600  1.3 games/s  ETA 0h14m30s
[pb-ab-O-hop.var] 473/1600  1.3 games/s  ETA 0h14m32s
[pb-ab-O-hop.var] 475/1600  1.3 games/s  ETA 0h14m31s
[pb-ab-O-hop.var] 478/1600  1.3 games/s  ETA 0h14m28s
[pb-ab-O-hop.var] 480/1600  1.3 games/s  ETA 0h14m28s
[pb-ab-O-hop.var] 484/1600  1.3 games/s  ETA 0h14m22s
[pb-ab-O-hop.var] 486/1600  1.3 games/s  ETA 0h14m22s
[pb-ab-O-hop.var] 491/1600  1.3 games/s  ETA 0h14m14s
[pb-ab-O-hop.var] 494/1600  1.3 games/s  ETA 0h14m11s
[pb-ab-O-hop.var] 497/1600  1.3 games/s  ETA 0h14m08s
[pb-ab-O-hop.var] 498/1600  1.3 games/s  ETA 0h14m10s
[pb-ab-O-hop.var] 503/1600  1.3 games/s  ETA 0h14m02s
[pb-ab-O-hop.var] 505/1600  1.3 games/s  ETA 0h14m01s
[pb-ab-O-hop.var] 507/1600  1.3 games/s  ETA 0h14m01s
[pb-ab-O-hop.var] 511/1600  1.3 games/s  ETA 0h13m55s
[pb-ab-O-hop.var] 511/1600  1.3 games/s  ETA 0h14m00s
[pb-ab-O-hop.var] 513/1600  1.3 games/s  ETA 0h13m59s
[pb-ab-O-hop.var] 514/1600  1.3 games/s  ETA 0h14m01s
[pb-ab-O-hop.var] 517/1600  1.3 games/s  ETA 0h13m58s
[pb-ab-O-hop.var] 519/1600  1.3 games/s  ETA 0h13m57s
[pb-ab-O-hop.var] 523/1600  1.3 games/s  ETA 0h13m52s
[pb-ab-O-hop.var] 527/1600  1.3 games/s  ETA 0h13m47s
[pb-ab-O-hop.var] 528/1600  1.3 games/s  ETA 0h13m48s
[pb-ab-O-hop.var] 532/1600  1.3 games/s  ETA 0h13m43s
[pb-ab-O-hop.var] 534/1600  1.3 games/s  ETA 0h13m42s
[pb-ab-O-hop.var] 537/1600  1.3 games/s  ETA 0h13m39s
[pb-ab-O-hop.var] 538/1600  1.3 games/s  ETA 0h13m41s
[pb-ab-O-hop.var] 541/1600  1.3 games/s  ETA 0h13m38s
[pb-ab-O-hop.var] 543/1600  1.3 games/s  ETA 0h13m37s
[pb-ab-O-hop.var] 547/1600  1.3 games/s  ETA 0h13m32s
[pb-ab-O-hop.var] 550/1600  1.3 games/s  ETA 0h13m29s
[pb-ab-O-hop.var] 554/1600  1.3 games/s  ETA 0h13m24s
[pb-ab-O-hop.var] 556/1600  1.3 games/s  ETA 0h13m24s
[pb-ab-O-hop.var] 557/1600  1.3 games/s  ETA 0h13m25s
[pb-ab-O-hop.var] 559/1600  1.3 games/s  ETA 0h13m24s
[pb-ab-O-hop.var] 562/1600  1.3 games/s  ETA 0h13m21s
[pb-ab-O-hop.var] 565/1600  1.3 games/s  ETA 0h13m19s
[pb-ab-O-hop.var] 569/1600  1.3 games/s  ETA 0h13m13s
[pb-ab-O-hop.var] 571/1600  1.3 games/s  ETA 0h13m13s
[pb-ab-O-hop.var] 574/1600  1.3 games/s  ETA 0h13m10s
[pb-ab-O-hop.var] 578/1600  1.3 games/s  ETA 0h13m05s
[pb-ab-O-hop.var] 579/1600  1.3 games/s  ETA 0h13m06s
[pb-ab-O-hop.var] 583/1600  1.3 games/s  ETA 0h13m01s
[pb-ab-O-hop.var] 586/1600  1.3 games/s  ETA 0h12m59s
[pb-ab-O-hop.var] 588/1600  1.3 games/s  ETA 0h12m58s
[pb-ab-O-hop.var] 592/1600  1.3 games/s  ETA 0h12m53s
[pb-ab-O-hop.var] 595/1600  1.3 games/s  ETA 0h12m50s
[pb-ab-O-hop.var] 597/1600  1.3 games/s  ETA 0h12m49s
[pb-ab-O-hop.var] 602/1600  1.3 games/s  ETA 0h12m42s
[pb-ab-O-hop.var] 604/1600  1.3 games/s  ETA 0h12m42s
[pb-ab-O-hop.var] 608/1600  1.3 games/s  ETA 0h12m37s
[pb-ab-O-hop.var] 611/1600  1.3 games/s  ETA 0h12m34s
[pb-ab-O-hop.var] 612/1600  1.3 games/s  ETA 0h12m35s
[pb-ab-O-hop.var] 613/1600  1.3 games/s  ETA 0h12m37s
[pb-ab-O-hop.var] 616/1600  1.3 games/s  ETA 0h12m34s
[pb-ab-O-hop.var] 618/1600  1.3 games/s  ETA 0h12m33s
[pb-ab-O-hop.var] 620/1600  1.3 games/s  ETA 0h12m32s
[pb-ab-O-hop.var] 624/1600  1.3 games/s  ETA 0h12m27s
[pb-ab-O-hop.var] 627/1600  1.3 games/s  ETA 0h12m25s
[pb-ab-O-hop.var] 630/1600  1.3 games/s  ETA 0h12m22s
[pb-ab-O-hop.var] 631/1600  1.3 games/s  ETA 0h12m23s
[pb-ab-O-hop.var] 635/1600  1.3 games/s  ETA 0h12m18s
[pb-ab-O-hop.var] 637/1600  1.3 games/s  ETA 0h12m18s
[pb-ab-O-hop.var] 638/1600  1.3 games/s  ETA 0h12m19s
[pb-ab-O-hop.var] 642/1600  1.3 games/s  ETA 0h12m14s
[pb-ab-O-hop.var] 645/1600  1.3 games/s  ETA 0h12m11s
[pb-ab-O-hop.var] 648/1600  1.3 games/s  ETA 0h12m09s
[pb-ab-O-hop.var] 651/1600  1.3 games/s  ETA 0h12m06s
[pb-ab-O-hop.var] 657/1600  1.3 games/s  ETA 0h11m57s
[pb-ab-O-hop.var] 660/1600  1.3 games/s  ETA 0h11m55s
[pb-ab-O-hop.var] 663/1600  1.3 games/s  ETA 0h11m52s
[pb-ab-O-hop.var] 665/1600  1.3 games/s  ETA 0h11m51s
[pb-ab-O-hop.var] 666/1600  1.3 games/s  ETA 0h11m52s
[pb-ab-O-hop.var] 669/1600  1.3 games/s  ETA 0h11m50s
[pb-ab-O-hop.var] 673/1600  1.3 games/s  ETA 0h11m45s
[pb-ab-O-hop.var] 675/1600  1.3 games/s  ETA 0h11m44s
[pb-ab-O-hop.var] 677/1600  1.3 games/s  ETA 0h11m43s
[pb-ab-O-hop.var] 679/1600  1.3 games/s  ETA 0h11m42s
[pb-ab-O-hop.var] 680/1600  1.3 games/s  ETA 0h11m43s
[pb-ab-O-hop.var] 683/1600  1.3 games/s  ETA 0h11m41s
[pb-ab-O-hop.var] 684/1600  1.3 games/s  ETA 0h11m42s
[pb-ab-O-hop.var] 687/1600  1.3 games/s  ETA 0h11m39s
[pb-ab-O-hop.var] 690/1600  1.3 games/s  ETA 0h11m36s
[pb-ab-O-hop.var] 691/1600  1.3 games/s  ETA 0h11m37s
[pb-ab-O-hop.var] 694/1600  1.3 games/s  ETA 0h11m34s
[pb-ab-O-hop.var] 695/1600  1.3 games/s  ETA 0h11m35s
[pb-ab-O-hop.var] 697/1600  1.3 games/s  ETA 0h11m34s
[pb-ab-O-hop.var] 698/1600  1.3 games/s  ETA 0h11m35s
[pb-ab-O-hop.var] 700/1600  1.3 games/s  ETA 0h11m34s
[pb-ab-O-hop.var] 702/1600  1.3 games/s  ETA 0h11m33s
[pb-ab-O-hop.var] 706/1600  1.3 games/s  ETA 0h11m29s
[pb-ab-O-hop.var] 708/1600  1.3 games/s  ETA 0h11m28s
[pb-ab-O-hop.var] 710/1600  1.3 games/s  ETA 0h11m27s
[pb-ab-O-hop.var] 713/1600  1.3 games/s  ETA 0h11m24s
[pb-ab-O-hop.var] 715/1600  1.3 games/s  ETA 0h11m23s
[pb-ab-O-hop.var] 719/1600  1.3 games/s  ETA 0h11m19s
[pb-ab-O-hop.var] 722/1600  1.3 games/s  ETA 0h11m16s
[pb-ab-O-hop.var] 724/1600  1.3 games/s  ETA 0h11m15s
[pb-ab-O-hop.var] 727/1600  1.3 games/s  ETA 0h11m12s
[pb-ab-O-hop.var] 728/1600  1.3 games/s  ETA 0h11m13s
[pb-ab-O-hop.var] 733/1600  1.3 games/s  ETA 0h11m07s
[pb-ab-O-hop.var] 737/1600  1.3 games/s  ETA 0h11m03s
[pb-ab-O-hop.var] 740/1600  1.3 games/s  ETA 0h11m00s
[pb-ab-O-hop.var] 743/1600  1.3 games/s  ETA 0h10m57s
[pb-ab-O-hop.var] 745/1600  1.3 games/s  ETA 0h10m56s
[pb-ab-O-hop.var] 749/1600  1.3 games/s  ETA 0h10m52s
[pb-ab-O-hop.var] 752/1600  1.3 games/s  ETA 0h10m49s
[pb-ab-O-hop.var] 753/1600  1.3 games/s  ETA 0h10m50s
[pb-ab-O-hop.var] 757/1600  1.3 games/s  ETA 0h10m46s
[pb-ab-O-hop.var] 760/1600  1.3 games/s  ETA 0h10m43s
[pb-ab-O-hop.var] 763/1600  1.3 games/s  ETA 0h10m40s
[pb-ab-O-hop.var] 765/1600  1.3 games/s  ETA 0h10m39s
[pb-ab-O-hop.var] 767/1600  1.3 games/s  ETA 0h10m38s
[pb-ab-O-hop.var] 770/1600  1.3 games/s  ETA 0h10m36s
[pb-ab-O-hop.var] 774/1600  1.3 games/s  ETA 0h10m32s
[pb-ab-O-hop.var] 776/1600  1.3 games/s  ETA 0h10m31s
[pb-ab-O-hop.var] 780/1600  1.3 games/s  ETA 0h10m26s
[pb-ab-O-hop.var] 781/1600  1.3 games/s  ETA 0h10m27s
[pb-ab-O-hop.var] 784/1600  1.3 games/s  ETA 0h10m24s
[pb-ab-O-hop.var] 788/1600  1.3 games/s  ETA 0h10m20s
[pb-ab-O-hop.var] 792/1600  1.3 games/s  ETA 0h10m16s
[pb-ab-O-hop.var] 795/1600  1.3 games/s  ETA 0h10m13s
[pb-ab-O-hop.var] 799/1600  1.3 games/s  ETA 0h10m09s
[pb-ab-O-hop.var] 803/1600  1.3 games/s  ETA 0h10m05s
[pb-ab-O-hop.var] 805/1600  1.3 games/s  ETA 0h10m04s
[pb-ab-O-hop.var] 807/1600  1.3 games/s  ETA 0h10m03s
[pb-ab-O-hop.var] 810/1600  1.3 games/s  ETA 0h10m01s
[pb-ab-O-hop.var] 814/1600  1.3 games/s  ETA 0h09m57s
[pb-ab-O-hop.var] 815/1600  1.3 games/s  ETA 0h09m57s
[pb-ab-O-hop.var] 817/1600  1.3 games/s  ETA 0h09m56s
[pb-ab-O-hop.var] 819/1600  1.3 games/s  ETA 0h09m55s
[pb-ab-O-hop.var] 821/1600  1.3 games/s  ETA 0h09m54s
[pb-ab-O-hop.var] 823/1600  1.3 games/s  ETA 0h09m53s
[pb-ab-O-hop.var] 826/1600  1.3 games/s  ETA 0h09m50s
[pb-ab-O-hop.var] 829/1600  1.3 games/s  ETA 0h09m48s
[pb-ab-O-hop.var] 831/1600  1.3 games/s  ETA 0h09m46s
[pb-ab-O-hop.var] 833/1600  1.3 games/s  ETA 0h09m45s
[pb-ab-O-hop.var] 837/1600  1.3 games/s  ETA 0h09m41s
[pb-ab-O-hop.var] 838/1600  1.3 games/s  ETA 0h09m42s
[pb-ab-O-hop.var] 841/1600  1.3 games/s  ETA 0h09m39s
[pb-ab-O-hop.var] 844/1600  1.3 games/s  ETA 0h09m37s
[pb-ab-O-hop.var] 847/1600  1.3 games/s  ETA 0h09m34s
[pb-ab-O-hop.var] 849/1600  1.3 games/s  ETA 0h09m33s
[pb-ab-O-hop.var] 853/1600  1.3 games/s  ETA 0h09m29s
[pb-ab-O-hop.var] 855/1600  1.3 games/s  ETA 0h09m28s
[pb-ab-O-hop.var] 859/1600  1.3 games/s  ETA 0h09m24s
[pb-ab-O-hop.var] 863/1600  1.3 games/s  ETA 0h09m20s
[pb-ab-O-hop.var] 866/1600  1.3 games/s  ETA 0h09m17s
[pb-ab-O-hop.var] 868/1600  1.3 games/s  ETA 0h09m16s
[pb-ab-O-hop.var] 871/1600  1.3 games/s  ETA 0h09m14s
[pb-ab-O-hop.var] 874/1600  1.3 games/s  ETA 0h09m11s
[pb-ab-O-hop.var] 877/1600  1.3 games/s  ETA 0h09m09s
[pb-ab-O-hop.var] 879/1600  1.3 games/s  ETA 0h09m08s
[pb-ab-O-hop.var] 882/1600  1.3 games/s  ETA 0h09m05s
[pb-ab-O-hop.var] 883/1600  1.3 games/s  ETA 0h09m05s
[pb-ab-O-hop.var] 887/1600  1.3 games/s  ETA 0h09m02s
[pb-ab-O-hop.var] 890/1600  1.3 games/s  ETA 0h08m59s
[pb-ab-O-hop.var] 893/1600  1.3 games/s  ETA 0h08m57s
[pb-ab-O-hop.var] 896/1600  1.3 games/s  ETA 0h08m54s
[pb-ab-O-hop.var] 898/1600  1.3 games/s  ETA 0h08m53s
[pb-ab-O-hop.var] 898/1600  1.3 games/s  ETA 0h08m54s
[pb-ab-O-hop.var] 903/1600  1.3 games/s  ETA 0h08m49s
[pb-ab-O-hop.var] 904/1600  1.3 games/s  ETA 0h08m49s
[pb-ab-O-hop.var] 907/1600  1.3 games/s  ETA 0h08m47s
[pb-ab-O-hop.var] 909/1600  1.3 games/s  ETA 0h08m46s
[pb-ab-O-hop.var] 912/1600  1.3 games/s  ETA 0h08m43s
[pb-ab-O-hop.var] 915/1600  1.3 games/s  ETA 0h08m41s
[pb-ab-O-hop.var] 916/1600  1.3 games/s  ETA 0h08m41s
[pb-ab-O-hop.var] 922/1600  1.3 games/s  ETA 0h08m34s
[pb-ab-O-hop.var] 924/1600  1.3 games/s  ETA 0h08m33s
[pb-ab-O-hop.var] 928/1600  1.3 games/s  ETA 0h08m30s
[pb-ab-O-hop.var] 930/1600  1.3 games/s  ETA 0h08m28s
[pb-ab-O-hop.var] 934/1600  1.3 games/s  ETA 0h08m25s
[pb-ab-O-hop.var] 937/1600  1.3 games/s  ETA 0h08m22s
[pb-ab-O-hop.var] 938/1600  1.3 games/s  ETA 0h08m22s
[pb-ab-O-hop.var] 939/1600  1.3 games/s  ETA 0h08m22s
[pb-ab-O-hop.var] 942/1600  1.3 games/s  ETA 0h08m20s
[pb-ab-O-hop.var] 945/1600  1.3 games/s  ETA 0h08m17s
[pb-ab-O-hop.var] 948/1600  1.3 games/s  ETA 0h08m15s
[pb-ab-O-hop.var] 951/1600  1.3 games/s  ETA 0h08m12s
[pb-ab-O-hop.var] 953/1600  1.3 games/s  ETA 0h08m11s
[pb-ab-O-hop.var] 955/1600  1.3 games/s  ETA 0h08m10s
[pb-ab-O-hop.var] 957/1600  1.3 games/s  ETA 0h08m09s
[pb-ab-O-hop.var] 959/1600  1.3 games/s  ETA 0h08m08s
[pb-ab-O-hop.var] 960/1600  1.3 games/s  ETA 0h08m08s
[pb-ab-O-hop.var] 963/1600  1.3 games/s  ETA 0h08m05s
[pb-ab-O-hop.var] 964/1600  1.3 games/s  ETA 0h08m05s
[pb-ab-O-hop.var] 967/1600  1.3 games/s  ETA 0h08m03s
[pb-ab-O-hop.var] 970/1600  1.3 games/s  ETA 0h08m00s
[pb-ab-O-hop.var] 976/1600  1.3 games/s  ETA 0h07m54s
[pb-ab-O-hop.var] 979/1600  1.3 games/s  ETA 0h07m52s
[pb-ab-O-hop.var] 979/1600  1.3 games/s  ETA 0h07m53s
[pb-ab-O-hop.var] 980/1600  1.3 games/s  ETA 0h07m53s
[pb-ab-O-hop.var] 982/1600  1.3 games/s  ETA 0h07m52s
[pb-ab-O-hop.var] 983/1600  1.3 games/s  ETA 0h07m52s
[pb-ab-O-hop.var] 985/1600  1.3 games/s  ETA 0h07m50s
[pb-ab-O-hop.var] 988/1600  1.3 games/s  ETA 0h07m48s
[pb-ab-O-hop.var] 988/1600  1.3 games/s  ETA 0h07m49s
[pb-ab-O-hop.var] 991/1600  1.3 games/s  ETA 0h07m47s
[pb-ab-O-hop.var] 993/1600  1.3 games/s  ETA 0h07m46s
[pb-ab-O-hop.var] 996/1600  1.3 games/s  ETA 0h07m43s
[pb-ab-O-hop.var] 999/1600  1.3 games/s  ETA 0h07m41s
[pb-ab-O-hop.var] 1001/1600  1.3 games/s  ETA 0h07m39s
[pb-ab-O-hop.var] 1004/1600  1.3 games/s  ETA 0h07m37s
[pb-ab-O-hop.var] 1007/1600  1.3 games/s  ETA 0h07m34s
[pb-ab-O-hop.var] 1010/1600  1.3 games/s  ETA 0h07m32s
[pb-ab-O-hop.var] 1012/1600  1.3 games/s  ETA 0h07m31s
[pb-ab-O-hop.var] 1016/1600  1.3 games/s  ETA 0h07m27s
[pb-ab-O-hop.var] 1017/1600  1.3 games/s  ETA 0h07m27s
[pb-ab-O-hop.var] 1018/1600  1.3 games/s  ETA 0h07m27s
[pb-ab-O-hop.var] 1020/1600  1.3 games/s  ETA 0h07m26s
[pb-ab-O-hop.var] 1022/1600  1.3 games/s  ETA 0h07m24s
[pb-ab-O-hop.var] 1026/1600  1.3 games/s  ETA 0h07m21s
[pb-ab-O-hop.var] 1031/1600  1.3 games/s  ETA 0h07m16s
[pb-ab-O-hop.var] 1037/1600  1.3 games/s  ETA 0h07m10s
[pb-ab-O-hop.var] 1039/1600  1.3 games/s  ETA 0h07m08s
[pb-ab-O-hop.var] 1042/1600  1.3 games/s  ETA 0h07m06s
[pb-ab-O-hop.var] 1044/1600  1.3 games/s  ETA 0h07m05s
[pb-ab-O-hop.var] 1047/1600  1.3 games/s  ETA 0h07m02s
[pb-ab-O-hop.var] 1052/1600  1.3 games/s  ETA 0h06m57s
[pb-ab-O-hop.var] 1056/1600  1.3 games/s  ETA 0h06m54s
[pb-ab-O-hop.var] 1059/1600  1.3 games/s  ETA 0h06m51s
[pb-ab-O-hop.var] 1061/1600  1.3 games/s  ETA 0h06m50s
[pb-ab-O-hop.var] 1065/1600  1.3 games/s  ETA 0h06m47s
[pb-ab-O-hop.var] 1067/1600  1.3 games/s  ETA 0h06m45s
[pb-ab-O-hop.var] 1071/1600  1.3 games/s  ETA 0h06m42s
[pb-ab-O-hop.var] 1073/1600  1.3 games/s  ETA 0h06m40s
[pb-ab-O-hop.var] 1077/1600  1.3 games/s  ETA 0h06m37s
[pb-ab-O-hop.var] 1079/1600  1.3 games/s  ETA 0h06m36s
[pb-ab-O-hop.var] 1082/1600  1.3 games/s  ETA 0h06m33s
[pb-ab-O-hop.var] 1084/1600  1.3 games/s  ETA 0h06m32s
[pb-ab-O-hop.var] 1087/1600  1.3 games/s  ETA 0h06m30s
[pb-ab-O-hop.var] 1089/1600  1.3 games/s  ETA 0h06m28s
[pb-ab-O-hop.var] 1090/1600  1.3 games/s  ETA 0h06m28s
[pb-ab-O-hop.var] 1092/1600  1.3 games/s  ETA 0h06m27s
[pb-ab-O-hop.var] 1096/1600  1.3 games/s  ETA 0h06m23s
[pb-ab-O-hop.var] 1099/1600  1.3 games/s  ETA 0h06m21s
[pb-ab-O-hop.var] 1101/1600  1.3 games/s  ETA 0h06m19s
[pb-ab-O-hop.var] 1101/1600  1.3 games/s  ETA 0h06m20s
[pb-ab-O-hop.var] 1105/1600  1.3 games/s  ETA 0h06m17s
[pb-ab-O-hop.var] 1106/1600  1.3 games/s  ETA 0h06m17s
[pb-ab-O-hop.var] 1109/1600  1.3 games/s  ETA 0h06m14s
[pb-ab-O-hop.var] 1110/1600  1.3 games/s  ETA 0h06m14s
[pb-ab-O-hop.var] 1113/1600  1.3 games/s  ETA 0h06m12s
[pb-ab-O-hop.var] 1116/1600  1.3 games/s  ETA 0h06m09s
[pb-ab-O-hop.var] 1117/1600  1.3 games/s  ETA 0h06m09s
[pb-ab-O-hop.var] 1120/1600  1.3 games/s  ETA 0h06m07s
[pb-ab-O-hop.var] 1122/1600  1.3 games/s  ETA 0h06m05s
[pb-ab-O-hop.var] 1125/1600  1.3 games/s  ETA 0h06m03s
[pb-ab-O-hop.var] 1128/1600  1.3 games/s  ETA 0h06m00s
[pb-ab-O-hop.var] 1130/1600  1.3 games/s  ETA 0h05m59s
[pb-ab-O-hop.var] 1135/1600  1.3 games/s  ETA 0h05m54s
[pb-ab-O-hop.var] 1138/1600  1.3 games/s  ETA 0h05m52s
[pb-ab-O-hop.var] 1139/1600  1.3 games/s  ETA 0h05m52s
[pb-ab-O-hop.var] 1142/1600  1.3 games/s  ETA 0h05m49s
[pb-ab-O-hop.var] 1143/1600  1.3 games/s  ETA 0h05m49s
[pb-ab-O-hop.var] 1145/1600  1.3 games/s  ETA 0h05m48s
[pb-ab-O-hop.var] 1147/1600  1.3 games/s  ETA 0h05m46s
[pb-ab-O-hop.var] 1150/1600  1.3 games/s  ETA 0h05m44s
[pb-ab-O-hop.var] 1150/1600  1.3 games/s  ETA 0h05m45s
[pb-ab-O-hop.var] 1152/1600  1.3 games/s  ETA 0h05m43s
[pb-ab-O-hop.var] 1153/1600  1.3 games/s  ETA 0h05m43s
[pb-ab-O-hop.var] 1155/1600  1.3 games/s  ETA 0h05m42s
[pb-ab-O-hop.var] 1156/1600  1.3 games/s  ETA 0h05m41s
[pb-ab-O-hop.var] 1158/1600  1.3 games/s  ETA 0h05m40s
[pb-ab-O-hop.var] 1160/1600  1.3 games/s  ETA 0h05m39s
[pb-ab-O-hop.var] 1162/1600  1.3 games/s  ETA 0h05m37s
[pb-ab-O-hop.var] 1165/1600  1.3 games/s  ETA 0h05m35s
[pb-ab-O-hop.var] 1168/1600  1.3 games/s  ETA 0h05m33s
[pb-ab-O-hop.var] 1168/1600  1.3 games/s  ETA 0h05m33s
[pb-ab-O-hop.var] 1172/1600  1.3 games/s  ETA 0h05m30s
[pb-ab-O-hop.var] 1173/1600  1.3 games/s  ETA 0h05m29s
[pb-ab-O-hop.var] 1176/1600  1.3 games/s  ETA 0h05m27s
[pb-ab-O-hop.var] 1179/1600  1.3 games/s  ETA 0h05m25s
[pb-ab-O-hop.var] 1182/1600  1.3 games/s  ETA 0h05m22s
[pb-ab-O-hop.var] 1184/1600  1.3 games/s  ETA 0h05m21s
[pb-ab-O-hop.var] 1185/1600  1.3 games/s  ETA 0h05m20s
[pb-ab-O-hop.var] 1187/1600  1.3 games/s  ETA 0h05m19s
[pb-ab-O-hop.var] 1191/1600  1.3 games/s  ETA 0h05m16s
[pb-ab-O-hop.var] 1195/1600  1.3 games/s  ETA 0h05m12s
[pb-ab-O-hop.var] 1197/1600  1.3 games/s  ETA 0h05m11s
[pb-ab-O-hop.var] 1199/1600  1.3 games/s  ETA 0h05m09s
[pb-ab-O-hop.var] 1201/1600  1.3 games/s  ETA 0h05m08s
[pb-ab-O-hop.var] 1203/1600  1.3 games/s  ETA 0h05m07s
[pb-ab-O-hop.var] 1205/1600  1.3 games/s  ETA 0h05m05s
[pb-ab-O-hop.var] 1207/1600  1.3 games/s  ETA 0h05m04s
[pb-ab-O-hop.var] 1209/1600  1.3 games/s  ETA 0h05m02s
[pb-ab-O-hop.var] 1212/1600  1.3 games/s  ETA 0h05m00s
[pb-ab-O-hop.var] 1213/1600  1.3 games/s  ETA 0h05m00s
[pb-ab-O-hop.var] 1216/1600  1.3 games/s  ETA 0h04m57s
[pb-ab-O-hop.var] 1216/1600  1.3 games/s  ETA 0h04m58s
[pb-ab-O-hop.var] 1220/1600  1.3 games/s  ETA 0h04m54s
[pb-ab-O-hop.var] 1221/1600  1.3 games/s  ETA 0h04m54s
[pb-ab-O-hop.var] 1223/1600  1.3 games/s  ETA 0h04m52s
[pb-ab-O-hop.var] 1224/1600  1.3 games/s  ETA 0h04m52s
[pb-ab-O-hop.var] 1228/1600  1.3 games/s  ETA 0h04m49s
[pb-ab-O-hop.var] 1228/1600  1.3 games/s  ETA 0h04m49s
[pb-ab-O-hop.var] 1230/1600  1.3 games/s  ETA 0h04m48s
[pb-ab-O-hop.var] 1232/1600  1.3 games/s  ETA 0h04m46s
[pb-ab-O-hop.var] 1236/1600  1.3 games/s  ETA 0h04m43s
[pb-ab-O-hop.var] 1237/1600  1.3 games/s  ETA 0h04m43s
[pb-ab-O-hop.var] 1241/1600  1.3 games/s  ETA 0h04m39s
[pb-ab-O-hop.var] 1241/1600  1.3 games/s  ETA 0h04m40s
[pb-ab-O-hop.var] 1242/1600  1.3 games/s  ETA 0h04m39s
[pb-ab-O-hop.var] 1244/1600  1.3 games/s  ETA 0h04m38s
[pb-ab-O-hop.var] 1247/1600  1.3 games/s  ETA 0h04m35s
[pb-ab-O-hop.var] 1249/1600  1.3 games/s  ETA 0h04m34s
[pb-ab-O-hop.var] 1251/1600  1.3 games/s  ETA 0h04m32s
[pb-ab-O-hop.var] 1252/1600  1.3 games/s  ETA 0h04m32s
[pb-ab-O-hop.var] 1254/1600  1.3 games/s  ETA 0h04m31s
[pb-ab-O-hop.var] 1258/1600  1.3 games/s  ETA 0h04m27s
[pb-ab-O-hop.var] 1259/1600  1.3 games/s  ETA 0h04m27s
[pb-ab-O-hop.var] 1261/1600  1.3 games/s  ETA 0h04m25s
[pb-ab-O-hop.var] 1263/1600  1.3 games/s  ETA 0h04m24s
[pb-ab-O-hop.var] 1264/1600  1.3 games/s  ETA 0h04m23s
[pb-ab-O-hop.var] 1265/1600  1.3 games/s  ETA 0h04m23s
[pb-ab-O-hop.var] 1268/1600  1.3 games/s  ETA 0h04m20s
[pb-ab-O-hop.var] 1271/1600  1.3 games/s  ETA 0h04m18s
[pb-ab-O-hop.var] 1272/1600  1.3 games/s  ETA 0h04m17s
[pb-ab-O-hop.var] 1276/1600  1.3 games/s  ETA 0h04m14s
[pb-ab-O-hop.var] 1277/1600  1.3 games/s  ETA 0h04m14s
[pb-ab-O-hop.var] 1281/1600  1.3 games/s  ETA 0h04m10s
[pb-ab-O-hop.var] 1282/1600  1.3 games/s  ETA 0h04m10s
[pb-ab-O-hop.var] 1286/1600  1.3 games/s  ETA 0h04m06s
[pb-ab-O-hop.var] 1288/1600  1.3 games/s  ETA 0h04m05s
[pb-ab-O-hop.var] 1292/1600  1.3 games/s  ETA 0h04m01s
[pb-ab-O-hop.var] 1295/1600  1.3 games/s  ETA 0h03m59s
[pb-ab-O-hop.var] 1296/1600  1.3 games/s  ETA 0h03m58s
[pb-ab-O-hop.var] 1298/1600  1.3 games/s  ETA 0h03m57s
[pb-ab-O-hop.var] 1298/1600  1.3 games/s  ETA 0h03m57s
[pb-ab-O-hop.var] 1299/1600  1.3 games/s  ETA 0h03m57s
[pb-ab-O-hop.var] 1302/1600  1.3 games/s  ETA 0h03m54s
[pb-ab-O-hop.var] 1306/1600  1.3 games/s  ETA 0h03m51s
[pb-ab-O-hop.var] 1307/1600  1.3 games/s  ETA 0h03m51s
[pb-ab-O-hop.var] 1307/1600  1.3 games/s  ETA 0h03m51s
[pb-ab-O-hop.var] 1311/1600  1.3 games/s  ETA 0h03m48s
[pb-ab-O-hop.var] 1313/1600  1.3 games/s  ETA 0h03m46s
[pb-ab-O-hop.var] 1316/1600  1.3 games/s  ETA 0h03m44s
[pb-ab-O-hop.var] 1317/1600  1.3 games/s  ETA 0h03m43s
[pb-ab-O-hop.var] 1318/1600  1.3 games/s  ETA 0h03m43s
[pb-ab-O-hop.var] 1321/1600  1.3 games/s  ETA 0h03m40s
[pb-ab-O-hop.var] 1322/1600  1.3 games/s  ETA 0h03m40s
[pb-ab-O-hop.var] 1323/1600  1.3 games/s  ETA 0h03m39s
[pb-ab-O-hop.var] 1325/1600  1.3 games/s  ETA 0h03m38s
[pb-ab-O-hop.var] 1327/1600  1.3 games/s  ETA 0h03m36s
[pb-ab-O-hop.var] 1331/1600  1.3 games/s  ETA 0h03m33s
[pb-ab-O-hop.var] 1333/1600  1.3 games/s  ETA 0h03m31s
[pb-ab-O-hop.var] 1336/1600  1.3 games/s  ETA 0h03m29s
[pb-ab-O-hop.var] 1338/1600  1.3 games/s  ETA 0h03m27s
[pb-ab-O-hop.var] 1341/1600  1.3 games/s  ETA 0h03m25s
[pb-ab-O-hop.var] 1344/1600  1.3 games/s  ETA 0h03m22s
[pb-ab-O-hop.var] 1346/1600  1.3 games/s  ETA 0h03m21s
[pb-ab-O-hop.var] 1348/1600  1.3 games/s  ETA 0h03m19s
[pb-ab-O-hop.var] 1350/1600  1.3 games/s  ETA 0h03m18s
[pb-ab-O-hop.var] 1352/1600  1.3 games/s  ETA 0h03m16s
[pb-ab-O-hop.var] 1355/1600  1.3 games/s  ETA 0h03m14s
[pb-ab-O-hop.var] 1357/1600  1.3 games/s  ETA 0h03m12s
[pb-ab-O-hop.var] 1360/1600  1.3 games/s  ETA 0h03m10s
[pb-ab-O-hop.var] 1362/1600  1.3 games/s  ETA 0h03m08s
[pb-ab-O-hop.var] 1364/1600  1.3 games/s  ETA 0h03m07s
[pb-ab-O-hop.var] 1365/1600  1.3 games/s  ETA 0h03m06s
[pb-ab-O-hop.var] 1368/1600  1.3 games/s  ETA 0h03m04s
[pb-ab-O-hop.var] 1370/1600  1.3 games/s  ETA 0h03m02s
[pb-ab-O-hop.var] 1370/1600  1.3 games/s  ETA 0h03m03s
[pb-ab-O-hop.var] 1373/1600  1.3 games/s  ETA 0h03m00s
[pb-ab-O-hop.var] 1374/1600  1.3 games/s  ETA 0h03m00s
[pb-ab-O-hop.var] 1376/1600  1.3 games/s  ETA 0h02m58s
[pb-ab-O-hop.var] 1377/1600  1.3 games/s  ETA 0h02m57s
[pb-ab-O-hop.var] 1380/1600  1.3 games/s  ETA 0h02m55s
[pb-ab-O-hop.var] 1380/1600  1.3 games/s  ETA 0h02m55s
[pb-ab-O-hop.var] 1383/1600  1.3 games/s  ETA 0h02m53s
[pb-ab-O-hop.var] 1385/1600  1.3 games/s  ETA 0h02m51s
[pb-ab-O-hop.var] 1386/1600  1.3 games/s  ETA 0h02m51s
[pb-ab-O-hop.var] 1389/1600  1.3 games/s  ETA 0h02m48s
[pb-ab-O-hop.var] 1389/1600  1.2 games/s  ETA 0h02m48s
[pb-ab-O-hop.var] 1390/1600  1.2 games/s  ETA 0h02m48s
[pb-ab-O-hop.var] 1394/1600  1.2 games/s  ETA 0h02m44s
[pb-ab-O-hop.var] 1394/1600  1.2 games/s  ETA 0h02m45s
[pb-ab-O-hop.var] 1397/1600  1.2 games/s  ETA 0h02m42s
[pb-ab-O-hop.var] 1397/1600  1.2 games/s  ETA 0h02m43s
[pb-ab-O-hop.var] 1398/1600  1.2 games/s  ETA 0h02m42s
[pb-ab-O-hop.var] 1401/1600  1.2 games/s  ETA 0h02m40s
[pb-ab-O-hop.var] 1402/1600  1.2 games/s  ETA 0h02m39s
[pb-ab-O-hop.var] 1402/1600  1.2 games/s  ETA 0h02m39s
[pb-ab-O-hop.var] 1405/1600  1.2 games/s  ETA 0h02m37s
[pb-ab-O-hop.var] 1407/1600  1.2 games/s  ETA 0h02m35s
[pb-ab-O-hop.var] 1408/1600  1.2 games/s  ETA 0h02m34s
[pb-ab-O-hop.var] 1409/1600  1.2 games/s  ETA 0h02m34s
[pb-ab-O-hop.var] 1411/1600  1.2 games/s  ETA 0h02m32s
[pb-ab-O-hop.var] 1412/1600  1.2 games/s  ETA 0h02m32s
[pb-ab-O-hop.var] 1412/1600  1.2 games/s  ETA 0h02m32s
[pb-ab-O-hop.var] 1415/1600  1.2 games/s  ETA 0h02m29s
[pb-ab-O-hop.var] 1416/1600  1.2 games/s  ETA 0h02m29s
[pb-ab-O-hop.var] 1417/1600  1.2 games/s  ETA 0h02m28s
[pb-ab-O-hop.var] 1419/1600  1.2 games/s  ETA 0h02m27s
[pb-ab-O-hop.var] 1420/1600  1.2 games/s  ETA 0h02m26s
[pb-ab-O-hop.var] 1422/1600  1.2 games/s  ETA 0h02m24s
[pb-ab-O-hop.var] 1423/1600  1.2 games/s  ETA 0h02m24s
[pb-ab-O-hop.var] 1425/1600  1.2 games/s  ETA 0h02m22s
[pb-ab-O-hop.var] 1426/1600  1.2 games/s  ETA 0h02m21s
[pb-ab-O-hop.var] 1428/1600  1.2 games/s  ETA 0h02m20s
[pb-ab-O-hop.var] 1429/1600  1.2 games/s  ETA 0h02m19s
[pb-ab-O-hop.var] 1431/1600  1.2 games/s  ETA 0h02m18s
[pb-ab-O-hop.var] 1433/1600  1.2 games/s  ETA 0h02m16s
[pb-ab-O-hop.var] 1435/1600  1.2 games/s  ETA 0h02m14s
[pb-ab-O-hop.var] 1437/1600  1.2 games/s  ETA 0h02m13s
[pb-ab-O-hop.var] 1438/1600  1.2 games/s  ETA 0h02m12s
[pb-ab-O-hop.var] 1438/1600  1.2 games/s  ETA 0h02m12s
[pb-ab-O-hop.var] 1442/1600  1.2 games/s  ETA 0h02m09s
[pb-ab-O-hop.var] 1444/1600  1.2 games/s  ETA 0h02m07s
[pb-ab-O-hop.var] 1445/1600  1.2 games/s  ETA 0h02m07s
[pb-ab-O-hop.var] 1448/1600  1.2 games/s  ETA 0h02m04s
[pb-ab-O-hop.var] 1448/1600  1.2 games/s  ETA 0h02m04s
[pb-ab-O-hop.var] 1449/1600  1.2 games/s  ETA 0h02m04s
[pb-ab-O-hop.var] 1453/1600  1.2 games/s  ETA 0h02m00s
[pb-ab-O-hop.var] 1454/1600  1.2 games/s  ETA 0h01m59s
[pb-ab-O-hop.var] 1458/1600  1.2 games/s  ETA 0h01m56s
[pb-ab-O-hop.var] 1460/1600  1.2 games/s  ETA 0h01m54s
[pb-ab-O-hop.var] 1462/1600  1.2 games/s  ETA 0h01m53s
[pb-ab-O-hop.var] 1464/1600  1.2 games/s  ETA 0h01m51s
[pb-ab-O-hop.var] 1466/1600  1.2 games/s  ETA 0h01m50s
[pb-ab-O-hop.var] 1467/1600  1.2 games/s  ETA 0h01m49s
[pb-ab-O-hop.var] 1467/1600  1.2 games/s  ETA 0h01m49s
[pb-ab-O-hop.var] 1469/1600  1.2 games/s  ETA 0h01m47s
[pb-ab-O-hop.var] 1470/1600  1.2 games/s  ETA 0h01m47s
[pb-ab-O-hop.var] 1470/1600  1.2 games/s  ETA 0h01m47s
[pb-ab-O-hop.var] 1474/1600  1.2 games/s  ETA 0h01m43s
[pb-ab-O-hop.var] 1477/1600  1.2 games/s  ETA 0h01m41s
[pb-ab-O-hop.var] 1479/1600  1.2 games/s  ETA 0h01m39s
[pb-ab-O-hop.var] 1482/1600  1.2 games/s  ETA 0h01m37s
[pb-ab-O-hop.var] 1485/1600  1.2 games/s  ETA 0h01m34s
[pb-ab-O-hop.var] 1488/1600  1.2 games/s  ETA 0h01m32s
[pb-ab-O-hop.var] 1489/1600  1.2 games/s  ETA 0h01m31s
[pb-ab-O-hop.var] 1492/1600  1.2 games/s  ETA 0h01m29s
[pb-ab-O-hop.var] 1495/1600  1.2 games/s  ETA 0h01m26s
[pb-ab-O-hop.var] 1497/1600  1.2 games/s  ETA 0h01m24s
[pb-ab-O-hop.var] 1499/1600  1.2 games/s  ETA 0h01m23s
[pb-ab-O-hop.var] 1501/1600  1.2 games/s  ETA 0h01m21s
[pb-ab-O-hop.var] 1504/1600  1.2 games/s  ETA 0h01m19s
[pb-ab-O-hop.var] 1507/1600  1.2 games/s  ETA 0h01m16s
[pb-ab-O-hop.var] 1508/1600  1.2 games/s  ETA 0h01m15s
[pb-ab-O-hop.var] 1513/1600  1.2 games/s  ETA 0h01m11s
[pb-ab-O-hop.var] 1515/1600  1.2 games/s  ETA 0h01m10s
[pb-ab-O-hop.var] 1518/1600  1.2 games/s  ETA 0h01m07s
[pb-ab-O-hop.var] 1521/1600  1.2 games/s  ETA 0h01m05s
[pb-ab-O-hop.var] 1522/1600  1.2 games/s  ETA 0h01m04s
[pb-ab-O-hop.var] 1525/1600  1.2 games/s  ETA 0h01m01s
[pb-ab-O-hop.var] 1527/1600  1.2 games/s  ETA 0h01m00s
[pb-ab-O-hop.var] 1529/1600  1.2 games/s  ETA 0h00m58s
[pb-ab-O-hop.var] 1532/1600  1.2 games/s  ETA 0h00m56s
[pb-ab-O-hop.var] 1533/1600  1.2 games/s  ETA 0h00m55s
[pb-ab-O-hop.var] 1537/1600  1.2 games/s  ETA 0h00m51s
[pb-ab-O-hop.var] 1538/1600  1.2 games/s  ETA 0h00m51s
[pb-ab-O-hop.var] 1538/1600  1.2 games/s  ETA 0h00m51s
[pb-ab-O-hop.var] 1541/1600  1.2 games/s  ETA 0h00m48s
[pb-ab-O-hop.var] 1542/1600  1.2 games/s  ETA 0h00m47s
[pb-ab-O-hop.var] 1544/1600  1.2 games/s  ETA 0h00m46s
[pb-ab-O-hop.var] 1547/1600  1.2 games/s  ETA 0h00m43s
[pb-ab-O-hop.var] 1548/1600  1.2 games/s  ETA 0h00m43s
[pb-ab-O-hop.var] 1551/1600  1.2 games/s  ETA 0h00m40s
[pb-ab-O-hop.var] 1553/1600  1.2 games/s  ETA 0h00m38s
[pb-ab-O-hop.var] 1556/1600  1.2 games/s  ETA 0h00m36s
[pb-ab-O-hop.var] 1559/1600  1.2 games/s  ETA 0h00m33s
[pb-ab-O-hop.var] 1561/1600  1.2 games/s  ETA 0h00m32s
[pb-ab-O-hop.var] 1563/1600  1.2 games/s  ETA 0h00m30s
[pb-ab-O-hop.var] 1567/1600  1.2 games/s  ETA 0h00m27s
[pb-ab-O-hop.var] 1568/1600  1.2 games/s  ETA 0h00m26s
[pb-ab-O-hop.var] 1569/1600  1.2 games/s  ETA 0h00m25s
[pb-ab-O-hop.var] 1572/1600  1.2 games/s  ETA 0h00m23s
[pb-ab-O-hop.var] 1573/1600  1.2 games/s  ETA 0h00m22s
[pb-ab-O-hop.var] 1575/1600  1.2 games/s  ETA 0h00m20s
[pb-ab-O-hop.var] 1575/1600  1.2 games/s  ETA 0h00m20s
[pb-ab-O-hop.var] 1576/1600  1.2 games/s  ETA 0h00m19s
[pb-ab-O-hop.var] 1577/1600  1.2 games/s  ETA 0h00m19s
[pb-ab-O-hop.var] 1577/1600  1.2 games/s  ETA 0h00m19s
[pb-ab-O-hop.var] 1578/1600  1.2 games/s  ETA 0h00m18s
[pb-ab-O-hop.var] 1578/1600  1.2 games/s  ETA 0h00m18s
[pb-ab-O-hop.var] 1580/1600  1.2 games/s  ETA 0h00m16s
[pb-ab-O-hop.var] 1581/1600  1.2 games/s  ETA 0h00m15s
[pb-ab-O-hop.var] 1582/1600  1.2 games/s  ETA 0h00m15s
[pb-ab-O-hop.var] 1584/1600  1.2 games/s  ETA 0h00m13s
[pb-ab-O-hop.var] 1584/1600  1.2 games/s  ETA 0h00m13s
[pb-ab-O-hop.var] 1586/1600  1.2 games/s  ETA 0h00m11s
[pb-ab-O-hop.var] 1587/1600  1.2 games/s  ETA 0h00m10s
[pb-ab-O-hop.var] 1589/1600  1.2 games/s  ETA 0h00m09s
[pb-ab-O-hop.var] 1590/1600  1.2 games/s  ETA 0h00m08s
[pb-ab-O-hop.var] 1591/1600  1.2 games/s  ETA 0h00m07s
[pb-ab-O-hop.var] 1592/1600  1.2 games/s  ETA 0h00m06s
[pb-ab-O-hop.var] 1594/1600  1.2 games/s  ETA 0h00m05s
[pb-ab-O-hop.var] 1595/1600  1.2 games/s  ETA 0h00m04s
[pb-ab-O-hop.var] 1596/1600  1.2 games/s  ETA 0h00m03s
[pb-ab-O-hop.var] 1599/1600  1.2 games/s  ETA 0h00m00s
[pb-ab-O-hop.var] 1600 games in 0h22m28s (1.2 games/s)
[pb-ab-O-hop.var] summary -> sim/out/pb-ab-O-hop.var.summary.json
# Rule A/B — pb-ab-O-hop

`ogreHop=true` against today's defaults.
1600 games per population, depth 3, the same 40 arrangements and the same
opening seeds in both (common random numbers). Control arm: `pb-ab-O-hop.base`.

A symmetric rule changes both sides at once, so there is no match to run and no SPRT: this is a
paired two-population comparison. The interval is a 95% normal approximation on the
mean paired difference over arrangements; with few arrangements,
and with one interval per metric, read "significant" as "worth a second run", not as a test.

| metric | base (pooled) | with the rule (pooled) | mean paired difference ±95% | significant |
|---|---|---|---|---|
| white score | 0.532 | 0.541 | +0.008 ± 0.041 | no |
| decisive | 0.795 | 0.808 | +0.013 ± 0.030 | no |
| draw rate | 0.198 | 0.189 | -0.009 ± 0.029 | no |
| capped | 0.007 | 0.003 | -0.004 ± 0.005 | no |
| mean plies | 105.0 | 101.8 | -3.3 ± 3.1 | yes |
| branching factor | 32.2 | 33.9 | +1.7 ± 0.6 | yes |
| killer move | 0.363 | 0.371 | +0.008 ± 0.017 | no |
| lead change | 0.066 | 0.069 | +0.003 ± 0.004 | no |
| uncertainty late | 0.636 | 0.635 | -0.001 ± 0.004 | no |
| drama | 0.161 | 0.160 | -0.001 ± 0.012 | no |
| permanence | 0.955 | 0.953 | -0.001 ± 0.002 | no |
| min utilisation | 0.41 | 0.41 | +0.01 ± 0.01 | yes |
| interest | 0.492 | 0.492 | +0.001 ± 0.006 | no |
| interest (min-use) | 0.449 | 0.445 | -0.001 ± 0.010 | no |
| killerMove (resid.) | -0.003 | 0.003 | +0.005 ± 0.015 | no |
| leadChange (resid.) | -0.002 | 0.002 | +0.003 ± 0.004 | no |
| uncertaintyLate (resid.) | -0.000 | 0.000 | +0.000 ± 0.005 | no |
| drama (resid.) | 0.002 | -0.002 | -0.003 ± 0.011 | no |
| permanence (resid.) | 0.000 | -0.000 | -0.001 ± 0.002 | no |
| fairyUse (resid.) | 0.001 | 0.001 | -0.001 ± 0.003 | no |
| excessDecisiveness (resid.) | 0.030 | 0.002 | -0.008 ± 0.009 | no |
| interest (resid.) | 0.002 | 0.000 | -0.001 ± 0.004 | no |
| interestMinFairy (resid.) | -0.015 | -0.021 | -0.003 ± 0.009 | no |

## Degeneracy counters
| counter | base | with the rule |
|---|---|---|
| guard captures per game | 0.000 | 0.000 |
| games with a guard rampage (≥ 3 captures) | 0 (0.0%) | 0 (0.0%) |
| dead-material endings (draw50 + drawMaterial) | 8 (0.5%) | 20 (1.3%) |
| games where a king never moved | 430 (26.9%) | 463 (28.9%) |

## Per piece (both sides, whole population; moves and captures per game)
| piece | moves A | moves B | captures A | captures B | survival A | survival B |
|---|---|---|---|---|---|---|
| P | 21.39 | 21.00 | 3.54 | 3.50 | 42.4% | 43.5% |
| A | 14.22 | 14.07 | 3.37 | 3.34 | 55.2% | 53.0% |
| O | 11.57 | 11.18 | 0.81 | 1.03 | 66.8% | 54.3% |
| K | 10.18 | 9.44 | 0.80 | 0.74 | 100.0% | 100.0% |
| M | 9.94 | 9.40 | 0.92 | 0.88 | 34.8% | 36.7% |
| N | 8.34 | 7.81 | 1.40 | 1.35 | 15.3% | 14.5% |
| S | 7.21 | 7.12 | 1.45 | 1.48 | 43.1% | 47.1% |
| R | 6.33 | 6.04 | 1.27 | 1.29 | 33.1% | 35.9% |
| B | 5.87 | 5.87 | 1.23 | 1.22 | 30.5% | 31.8% |
| Q | 4.72 | 4.83 | 0.90 | 0.88 | 70.2% | 72.4% |
| L | 2.83 | 2.69 | 0.87 | 0.81 | 6.9% | 7.7% |
| G | 2.45 | 2.31 | 0.00 | 0.00 | 97.5% | 96.7% |

## Fairy events per game
| event | base | with the rule |
|---|---|---|
| archerShots | 3.37 | 3.34 |
| beastChainMoves | 0.91 | 0.90 |
| beastChainCaptures | 1.45 | 1.48 |
| maesterSwaps | 4.58 | 4.40 |
| maesterLongSwaps | 0.51 | 0.47 |
| paladinSacrifices | 0.48 | 0.47 |
| promotions | 0.22 | 0.22 |
| checks | 3.65 | 3.64 |
| ogreShoves | 2.84 | 2.58 |
| ogreShovesFriend | 2.67 | 2.38 |
| ogreShovesGuard | 0.02 | 0.01 |
| catapultChecks | 0.00 | 0.00 |

The pooled columns describe each whole population; the difference column is the mean over the
40 shared arrangements of (rule − base) on the same openings. The two can disagree in sign when the
pooled value is not a mean of the per-arrangement values (minimum utilisation is one). Trust the
paired column.

Elo of the variant population is not reported: both populations play themselves, so their scores
are not comparable as a match. Read the white score as a fairness check, not as a strength delta.

