[pb-ab-O-push-d4b.base] 1600 games (1600 already done), 0 to play on 4 workers -> sim/out/pb-ab-O-push-d4b.base.jsonl
[pb-ab-O-push-d4b.base] depth 4, 4 random opening plies, ply cap 300, pairs off (both sides identical; --pairs forces them on)
[pb-ab-O-push-d4b.base] rules {}, values {}
[pb-ab-O-push-d4b.base] summary -> sim/out/pb-ab-O-push-d4b.base.summary.json
[pb-ab-O-shovefr-d4.var] 1600 games (0 already done), 1600 to play on 4 workers -> sim/out/pb-ab-O-shovefr-d4.var.jsonl
[pb-ab-O-shovefr-d4.var] depth 4, 4 random opening plies, ply cap 300, pairs off (both sides identical; --pairs forces them on)
[pb-ab-O-shovefr-d4.var] rules {"ogreShoveFriends":"friends"}, values {}
[pb-ab-O-shovefr-d4.var] 0/1600  0.0 games/s  ETA ?
[pb-ab-O-shovefr-d4.var] 1/1600  0.2 games/s  ETA 1h46m39s
[pb-ab-O-shovefr-d4.var] 2/1600  0.3 games/s  ETA 1h19m56s
[pb-ab-O-shovefr-d4.var] 3/1600  0.4 games/s  ETA 1h11m00s
[pb-ab-O-shovefr-d4.var] 4/1600  0.4 games/s  ETA 1h06m31s
[pb-ab-O-shovefr-d4.var] 6/1600  0.5 games/s  ETA 0h53m09s
[pb-ab-O-shovefr-d4.var] 7/1600  0.5 games/s  ETA 0h53m07s
[pb-ab-O-shovefr-d4.var] 8/1600  0.5 games/s  ETA 0h53m05s
[pb-ab-O-shovefr-d4.var] 9/1600  0.5 games/s  ETA 0h53m03s
[pb-ab-O-shovefr-d4.var] 10/1600  0.5 games/s  ETA 0h53m01s
[pb-ab-O-shovefr-d4.var] 12/1600  0.5 games/s  ETA 0h48m32s
[pb-ab-O-shovefr-d4.var] 14/1600  0.6 games/s  ETA 0h45m20s
[pb-ab-O-shovefr-d4.var] 15/1600  0.6 games/s  ETA 0h45m48s
[pb-ab-O-shovefr-d4.var] 15/1600  0.5 games/s  ETA 0h49m20s
[pb-ab-O-shovefr-d4.var] 16/1600  0.5 games/s  ETA 0h49m31s
[pb-ab-O-shovefr-d4.var] 18/1600  0.6 games/s  ETA 0h46m53s
[pb-ab-O-shovefr-d4.var] 20/1600  0.6 games/s  ETA 0h44m47s
[pb-ab-O-shovefr-d4.var] 20/1600  0.6 games/s  ETA 0h47m25s
[pb-ab-O-shovefr-d4.var] 22/1600  0.6 games/s  ETA 0h45m26s
[pb-ab-O-shovefr-d4.var] 24/1600  0.6 games/s  ETA 0h43m48s
[pb-ab-O-shovefr-d4.var] 25/1600  0.6 games/s  ETA 0h44m07s
[pb-ab-O-shovefr-d4.var] 27/1600  0.6 games/s  ETA 0h42m44s
[pb-ab-O-shovefr-d4.var] 29/1600  0.6 games/s  ETA 0h41m33s
[pb-ab-O-shovefr-d4.var] 31/1600  0.6 games/s  ETA 0h40m30s
[pb-ab-O-shovefr-d4.var] 32/1600  0.6 games/s  ETA 0h40m51s
[pb-ab-O-shovefr-d4.var] 34/1600  0.7 games/s  ETA 0h39m56s
[pb-ab-O-shovefr-d4.var] 34/1600  0.6 games/s  ETA 0h41m28s
[pb-ab-O-shovefr-d4.var] 35/1600  0.6 games/s  ETA 0h41m45s
[pb-ab-O-shovefr-d4.var] 36/1600  0.6 games/s  ETA 0h42m00s
[pb-ab-O-shovefr-d4.var] 37/1600  0.6 games/s  ETA 0h42m15s
[pb-ab-O-shovefr-d4.var] 37/1600  0.6 games/s  ETA 0h43m40s
[pb-ab-O-shovefr-d4.var] 39/1600  0.6 games/s  ETA 0h42m42s
[pb-ab-O-shovefr-d4.var] 39/1600  0.6 games/s  ETA 0h44m02s
[pb-ab-O-shovefr-d4.var] 40/1600  0.6 games/s  ETA 0h44m13s
[pb-ab-O-shovefr-d4.var] 42/1600  0.6 games/s  ETA 0h43m17s
[pb-ab-O-shovefr-d4.var] 44/1600  0.6 games/s  ETA 0h42m27s
[pb-ab-O-shovefr-d4.var] 44/1600  0.6 games/s  ETA 0h43m38s
[pb-ab-O-shovefr-d4.var] 46/1600  0.6 games/s  ETA 0h42m48s
[pb-ab-O-shovefr-d4.var] 47/1600  0.6 games/s  ETA 0h42m58s
[pb-ab-O-shovefr-d4.var] 49/1600  0.6 games/s  ETA 0h42m13s
[pb-ab-O-shovefr-d4.var] 49/1600  0.6 games/s  ETA 0h43m16s
[pb-ab-O-shovefr-d4.var] 51/1600  0.6 games/s  ETA 0h42m32s
[pb-ab-O-shovefr-d4.var] 53/1600  0.6 games/s  ETA 0h41m51s
[pb-ab-O-shovefr-d4.var] 53/1600  0.6 games/s  ETA 0h42m49s
[pb-ab-O-shovefr-d4.var] 53/1600  0.6 games/s  ETA 0h43m48s
[pb-ab-O-shovefr-d4.var] 54/1600  0.6 games/s  ETA 0h43m55s
[pb-ab-O-shovefr-d4.var] 55/1600  0.6 games/s  ETA 0h44m01s
[pb-ab-O-shovefr-d4.var] 56/1600  0.6 games/s  ETA 0h44m08s
[pb-ab-O-shovefr-d4.var] 58/1600  0.6 games/s  ETA 0h43m26s
[pb-ab-O-shovefr-d4.var] 59/1600  0.6 games/s  ETA 0h43m33s
[pb-ab-O-shovefr-d4.var] 59/1600  0.6 games/s  ETA 0h44m25s
[pb-ab-O-shovefr-d4.var] 60/1600  0.6 games/s  ETA 0h44m30s
[pb-ab-O-shovefr-d4.var] 61/1600  0.6 games/s  ETA 0h44m35s
[pb-ab-O-shovefr-d4.var] 62/1600  0.6 games/s  ETA 0h44m40s
[pb-ab-O-shovefr-d4.var] 62/1600  0.6 games/s  ETA 0h45m30s
[pb-ab-O-shovefr-d4.var] 65/1600  0.6 games/s  ETA 0h44m06s
[pb-ab-O-shovefr-d4.var] 66/1600  0.6 games/s  ETA 0h44m10s
[pb-ab-O-shovefr-d4.var] 67/1600  0.6 games/s  ETA 0h44m15s
[pb-ab-O-shovefr-d4.var] 68/1600  0.6 games/s  ETA 0h44m19s
[pb-ab-O-shovefr-d4.var] 70/1600  0.6 games/s  ETA 0h43m44s
[pb-ab-O-shovefr-d4.var] 70/1600  0.6 games/s  ETA 0h44m27s
[pb-ab-O-shovefr-d4.var] 73/1600  0.6 games/s  ETA 0h43m15s
[pb-ab-O-shovefr-d4.var] 73/1600  0.6 games/s  ETA 0h43m56s
[pb-ab-O-shovefr-d4.var] 73/1600  0.6 games/s  ETA 0h44m38s
[pb-ab-O-shovefr-d4.var] 75/1600  0.6 games/s  ETA 0h44m04s
[pb-ab-O-shovefr-d4.var] 76/1600  0.6 games/s  ETA 0h44m08s
[pb-ab-O-shovefr-d4.var] 78/1600  0.6 games/s  ETA 0h43m35s
[pb-ab-O-shovefr-d4.var] 79/1600  0.6 games/s  ETA 0h43m39s
[pb-ab-O-shovefr-d4.var] 81/1600  0.6 games/s  ETA 0h43m09s
[pb-ab-O-shovefr-d4.var] 81/1600  0.6 games/s  ETA 0h43m46s
[pb-ab-O-shovefr-d4.var] 84/1600  0.6 games/s  ETA 0h42m44s
[pb-ab-O-shovefr-d4.var] 84/1600  0.6 games/s  ETA 0h43m20s
[pb-ab-O-shovefr-d4.var] 85/1600  0.6 games/s  ETA 0h43m23s
[pb-ab-O-shovefr-d4.var] 87/1600  0.6 games/s  ETA 0h42m55s
[pb-ab-O-shovefr-d4.var] 88/1600  0.6 games/s  ETA 0h42m58s
[pb-ab-O-shovefr-d4.var] 90/1600  0.6 games/s  ETA 0h42m31s
[pb-ab-O-shovefr-d4.var] 91/1600  0.6 games/s  ETA 0h42m34s
[pb-ab-O-shovefr-d4.var] 91/1600  0.6 games/s  ETA 0h43m08s
[pb-ab-O-shovefr-d4.var] 93/1600  0.6 games/s  ETA 0h42m41s
[pb-ab-O-shovefr-d4.var] 93/1600  0.6 games/s  ETA 0h43m13s
[pb-ab-O-shovefr-d4.var] 94/1600  0.6 games/s  ETA 0h43m16s
[pb-ab-O-shovefr-d4.var] 95/1600  0.6 games/s  ETA 0h43m19s
[pb-ab-O-shovefr-d4.var] 96/1600  0.6 games/s  ETA 0h43m21s
[pb-ab-O-shovefr-d4.var] 96/1600  0.6 games/s  ETA 0h43m53s
[pb-ab-O-shovefr-d4.var] 98/1600  0.6 games/s  ETA 0h43m26s
[pb-ab-O-shovefr-d4.var] 98/1600  0.6 games/s  ETA 0h43m57s
[pb-ab-O-shovefr-d4.var] 100/1600  0.6 games/s  ETA 0h43m31s
[pb-ab-O-shovefr-d4.var] 101/1600  0.6 games/s  ETA 0h43m33s
[pb-ab-O-shovefr-d4.var] 101/1600  0.6 games/s  ETA 0h44m03s
[pb-ab-O-shovefr-d4.var] 102/1600  0.6 games/s  ETA 0h44m04s
[pb-ab-O-shovefr-d4.var] 103/1600  0.6 games/s  ETA 0h44m06s
[pb-ab-O-shovefr-d4.var] 105/1600  0.6 games/s  ETA 0h43m41s
[pb-ab-O-shovefr-d4.var] 107/1600  0.6 games/s  ETA 0h43m16s
[pb-ab-O-shovefr-d4.var] 107/1600  0.6 games/s  ETA 0h43m44s
[pb-ab-O-shovefr-d4.var] 108/1600  0.6 games/s  ETA 0h43m46s
[pb-ab-O-shovefr-d4.var] 111/1600  0.6 games/s  ETA 0h42m56s
[pb-ab-O-shovefr-d4.var] 111/1600  0.6 games/s  ETA 0h43m23s
[pb-ab-O-shovefr-d4.var] 112/1600  0.6 games/s  ETA 0h43m25s
[pb-ab-O-shovefr-d4.var] 115/1600  0.6 games/s  ETA 0h42m38s
[pb-ab-O-shovefr-d4.var] 116/1600  0.6 games/s  ETA 0h42m39s
[pb-ab-O-shovefr-d4.var] 117/1600  0.6 games/s  ETA 0h42m41s
[pb-ab-O-shovefr-d4.var] 118/1600  0.6 games/s  ETA 0h42m43s
[pb-ab-O-shovefr-d4.var] 119/1600  0.6 games/s  ETA 0h42m45s
[pb-ab-O-shovefr-d4.var] 119/1600  0.6 games/s  ETA 0h43m09s
[pb-ab-O-shovefr-d4.var] 121/1600  0.6 games/s  ETA 0h42m48s
[pb-ab-O-shovefr-d4.var] 122/1600  0.6 games/s  ETA 0h42m49s
[pb-ab-O-shovefr-d4.var] 123/1600  0.6 games/s  ETA 0h42m51s
[pb-ab-O-shovefr-d4.var] 124/1600  0.6 games/s  ETA 0h42m52s
[pb-ab-O-shovefr-d4.var] 126/1600  0.6 games/s  ETA 0h42m31s
[pb-ab-O-shovefr-d4.var] 129/1600  0.6 games/s  ETA 0h41m49s
[pb-ab-O-shovefr-d4.var] 130/1600  0.6 games/s  ETA 0h41m51s
[pb-ab-O-shovefr-d4.var] 132/1600  0.6 games/s  ETA 0h41m32s
[pb-ab-O-shovefr-d4.var] 132/1600  0.6 games/s  ETA 0h41m54s
[pb-ab-O-shovefr-d4.var] 134/1600  0.6 games/s  ETA 0h41m35s
[pb-ab-O-shovefr-d4.var] 136/1600  0.6 games/s  ETA 0h41m17s
[pb-ab-O-shovefr-d4.var] 139/1600  0.6 games/s  ETA 0h40m39s
[pb-ab-O-shovefr-d4.var] 140/1600  0.6 games/s  ETA 0h40m41s
[pb-ab-O-shovefr-d4.var] 141/1600  0.6 games/s  ETA 0h40m43s
[pb-ab-O-shovefr-d4.var] 143/1600  0.6 games/s  ETA 0h40m26s
[pb-ab-O-shovefr-d4.var] 143/1600  0.6 games/s  ETA 0h40m46s
[pb-ab-O-shovefr-d4.var] 144/1600  0.6 games/s  ETA 0h40m48s
[pb-ab-O-shovefr-d4.var] 147/1600  0.6 games/s  ETA 0h40m12s
[pb-ab-O-shovefr-d4.var] 148/1600  0.6 games/s  ETA 0h40m14s
[pb-ab-O-shovefr-d4.var] 148/1600  0.6 games/s  ETA 0h40m34s
[pb-ab-O-shovefr-d4.var] 151/1600  0.6 games/s  ETA 0h40m00s
[pb-ab-O-shovefr-d4.var] 153/1600  0.6 games/s  ETA 0h39m44s
[pb-ab-O-shovefr-d4.var] 154/1600  0.6 games/s  ETA 0h39m46s
[pb-ab-O-shovefr-d4.var] 157/1600  0.6 games/s  ETA 0h39m14s
[pb-ab-O-shovefr-d4.var] 158/1600  0.6 games/s  ETA 0h39m15s
[pb-ab-O-shovefr-d4.var] 159/1600  0.6 games/s  ETA 0h39m17s
[pb-ab-O-shovefr-d4.var] 160/1600  0.6 games/s  ETA 0h39m19s
[pb-ab-O-shovefr-d4.var] 161/1600  0.6 games/s  ETA 0h39m20s
[pb-ab-O-shovefr-d4.var] 163/1600  0.6 games/s  ETA 0h39m06s
[pb-ab-O-shovefr-d4.var] 165/1600  0.6 games/s  ETA 0h38m51s
[pb-ab-O-shovefr-d4.var] 165/1600  0.6 games/s  ETA 0h39m09s
[pb-ab-O-shovefr-d4.var] 168/1600  0.6 games/s  ETA 0h38m39s
[pb-ab-O-shovefr-d4.var] 168/1600  0.6 games/s  ETA 0h38m56s
[pb-ab-O-shovefr-d4.var] 168/1600  0.6 games/s  ETA 0h39m13s
[pb-ab-O-shovefr-d4.var] 170/1600  0.6 games/s  ETA 0h38m59s
[pb-ab-O-shovefr-d4.var] 173/1600  0.6 games/s  ETA 0h38m30s
[pb-ab-O-shovefr-d4.var] 173/1600  0.6 games/s  ETA 0h38m47s
[pb-ab-O-shovefr-d4.var] 174/1600  0.6 games/s  ETA 0h38m48s
[pb-ab-O-shovefr-d4.var] 176/1600  0.6 games/s  ETA 0h38m35s
[pb-ab-O-shovefr-d4.var] 177/1600  0.6 games/s  ETA 0h38m36s
[pb-ab-O-shovefr-d4.var] 178/1600  0.6 games/s  ETA 0h38m37s
[pb-ab-O-shovefr-d4.var] 179/1600  0.6 games/s  ETA 0h38m39s
[pb-ab-O-shovefr-d4.var] 181/1600  0.6 games/s  ETA 0h38m26s
[pb-ab-O-shovefr-d4.var] 182/1600  0.6 games/s  ETA 0h38m27s
[pb-ab-O-shovefr-d4.var] 185/1600  0.6 games/s  ETA 0h38m00s
[pb-ab-O-shovefr-d4.var] 186/1600  0.6 games/s  ETA 0h38m01s
[pb-ab-O-shovefr-d4.var] 187/1600  0.6 games/s  ETA 0h38m03s
[pb-ab-O-shovefr-d4.var] 188/1600  0.6 games/s  ETA 0h38m04s
[pb-ab-O-shovefr-d4.var] 191/1600  0.6 games/s  ETA 0h37m38s
[pb-ab-O-shovefr-d4.var] 192/1600  0.6 games/s  ETA 0h37m39s
[pb-ab-O-shovefr-d4.var] 193/1600  0.6 games/s  ETA 0h37m41s
[pb-ab-O-shovefr-d4.var] 195/1600  0.6 games/s  ETA 0h37m29s
[pb-ab-O-shovefr-d4.var] 196/1600  0.6 games/s  ETA 0h37m30s
[pb-ab-O-shovefr-d4.var] 197/1600  0.6 games/s  ETA 0h37m31s
[pb-ab-O-shovefr-d4.var] 198/1600  0.6 games/s  ETA 0h37m32s
[pb-ab-O-shovefr-d4.var] 199/1600  0.6 games/s  ETA 0h37m33s
[pb-ab-O-shovefr-d4.var] 200/1600  0.6 games/s  ETA 0h37m35s
[pb-ab-O-shovefr-d4.var] 201/1600  0.6 games/s  ETA 0h37m36s
[pb-ab-O-shovefr-d4.var] 204/1600  0.6 games/s  ETA 0h37m11s
[pb-ab-O-shovefr-d4.var] 205/1600  0.6 games/s  ETA 0h37m13s
[pb-ab-O-shovefr-d4.var] 208/1600  0.6 games/s  ETA 0h36m49s
[pb-ab-O-shovefr-d4.var] 208/1600  0.6 games/s  ETA 0h37m02s
[pb-ab-O-shovefr-d4.var] 209/1600  0.6 games/s  ETA 0h37m04s
[pb-ab-O-shovefr-d4.var] 211/1600  0.6 games/s  ETA 0h36m52s
[pb-ab-O-shovefr-d4.var] 211/1600  0.6 games/s  ETA 0h37m06s
[pb-ab-O-shovefr-d4.var] 213/1600  0.6 games/s  ETA 0h36m55s
[pb-ab-O-shovefr-d4.var] 214/1600  0.6 games/s  ETA 0h36m56s
[pb-ab-O-shovefr-d4.var] 214/1600  0.6 games/s  ETA 0h37m09s
[pb-ab-O-shovefr-d4.var] 216/1600  0.6 games/s  ETA 0h36m58s
[pb-ab-O-shovefr-d4.var] 218/1600  0.6 games/s  ETA 0h36m47s
[pb-ab-O-shovefr-d4.var] 219/1600  0.6 games/s  ETA 0h36m48s
[pb-ab-O-shovefr-d4.var] 221/1600  0.6 games/s  ETA 0h36m37s
[pb-ab-O-shovefr-d4.var] 221/1600  0.6 games/s  ETA 0h36m50s
[pb-ab-O-shovefr-d4.var] 222/1600  0.6 games/s  ETA 0h36m50s
[pb-ab-O-shovefr-d4.var] 224/1600  0.6 games/s  ETA 0h36m40s
[pb-ab-O-shovefr-d4.var] 224/1600  0.6 games/s  ETA 0h36m52s
[pb-ab-O-shovefr-d4.var] 226/1600  0.6 games/s  ETA 0h36m41s
[pb-ab-O-shovefr-d4.var] 228/1600  0.6 games/s  ETA 0h36m31s
[pb-ab-O-shovefr-d4.var] 228/1600  0.6 games/s  ETA 0h36m43s
[pb-ab-O-shovefr-d4.var] 229/1600  0.6 games/s  ETA 0h36m44s
[pb-ab-O-shovefr-d4.var] 229/1600  0.6 games/s  ETA 0h36m56s
[pb-ab-O-shovefr-d4.var] 232/1600  0.6 games/s  ETA 0h36m34s
[pb-ab-O-shovefr-d4.var] 232/1600  0.6 games/s  ETA 0h36m46s
[pb-ab-O-shovefr-d4.var] 233/1600  0.6 games/s  ETA 0h36m47s
[pb-ab-O-shovefr-d4.var] 234/1600  0.6 games/s  ETA 0h36m47s
[pb-ab-O-shovefr-d4.var] 235/1600  0.6 games/s  ETA 0h36m48s
[pb-ab-O-shovefr-d4.var] 235/1600  0.6 games/s  ETA 0h36m59s
[pb-ab-O-shovefr-d4.var] 238/1600  0.6 games/s  ETA 0h36m38s
[pb-ab-O-shovefr-d4.var] 238/1600  0.6 games/s  ETA 0h36m50s
[pb-ab-O-shovefr-d4.var] 239/1600  0.6 games/s  ETA 0h36m50s
[pb-ab-O-shovefr-d4.var] 240/1600  0.6 games/s  ETA 0h36m51s
[pb-ab-O-shovefr-d4.var] 242/1600  0.6 games/s  ETA 0h36m40s
[pb-ab-O-shovefr-d4.var] 243/1600  0.6 games/s  ETA 0h36m41s
[pb-ab-O-shovefr-d4.var] 243/1600  0.6 games/s  ETA 0h36m52s
[pb-ab-O-shovefr-d4.var] 244/1600  0.6 games/s  ETA 0h36m52s
[pb-ab-O-shovefr-d4.var] 245/1600  0.6 games/s  ETA 0h36m53s
[pb-ab-O-shovefr-d4.var] 248/1600  0.6 games/s  ETA 0h36m32s
[pb-ab-O-shovefr-d4.var] 249/1600  0.6 games/s  ETA 0h36m33s
[pb-ab-O-shovefr-d4.var] 249/1600  0.6 games/s  ETA 0h36m43s
[pb-ab-O-shovefr-d4.var] 250/1600  0.6 games/s  ETA 0h36m44s
[pb-ab-O-shovefr-d4.var] 250/1600  0.6 games/s  ETA 0h36m55s
[pb-ab-O-shovefr-d4.var] 252/1600  0.6 games/s  ETA 0h36m44s
[pb-ab-O-shovefr-d4.var] 253/1600  0.6 games/s  ETA 0h36m45s
[pb-ab-O-shovefr-d4.var] 253/1600  0.6 games/s  ETA 0h36m55s
[pb-ab-O-shovefr-d4.var] 254/1600  0.6 games/s  ETA 0h36m56s
[pb-ab-O-shovefr-d4.var] 256/1600  0.6 games/s  ETA 0h36m46s
[pb-ab-O-shovefr-d4.var] 257/1600  0.6 games/s  ETA 0h36m46s
[pb-ab-O-shovefr-d4.var] 258/1600  0.6 games/s  ETA 0h36m46s
[pb-ab-O-shovefr-d4.var] 259/1600  0.6 games/s  ETA 0h36m46s
[pb-ab-O-shovefr-d4.var] 260/1600  0.6 games/s  ETA 0h36m46s
[pb-ab-O-shovefr-d4.var] 260/1600  0.6 games/s  ETA 0h36m57s
[pb-ab-O-shovefr-d4.var] 262/1600  0.6 games/s  ETA 0h36m47s
[pb-ab-O-shovefr-d4.var] 262/1600  0.6 games/s  ETA 0h36m57s
[pb-ab-O-shovefr-d4.var] 263/1600  0.6 games/s  ETA 0h36m57s
[pb-ab-O-shovefr-d4.var] 265/1600  0.6 games/s  ETA 0h36m47s
[pb-ab-O-shovefr-d4.var] 265/1600  0.6 games/s  ETA 0h36m57s
[pb-ab-O-shovefr-d4.var] 267/1600  0.6 games/s  ETA 0h36m47s
[pb-ab-O-shovefr-d4.var] 267/1600  0.6 games/s  ETA 0h36m57s
[pb-ab-O-shovefr-d4.var] 267/1600  0.6 games/s  ETA 0h37m07s
[pb-ab-O-shovefr-d4.var] 271/1600  0.6 games/s  ETA 0h36m38s
[pb-ab-O-shovefr-d4.var] 272/1600  0.6 games/s  ETA 0h36m38s
[pb-ab-O-shovefr-d4.var] 273/1600  0.6 games/s  ETA 0h36m38s
[pb-ab-O-shovefr-d4.var] 274/1600  0.6 games/s  ETA 0h36m38s
[pb-ab-O-shovefr-d4.var] 276/1600  0.6 games/s  ETA 0h36m28s
[pb-ab-O-shovefr-d4.var] 277/1600  0.6 games/s  ETA 0h36m28s
[pb-ab-O-shovefr-d4.var] 277/1600  0.6 games/s  ETA 0h36m38s
[pb-ab-O-shovefr-d4.var] 278/1600  0.6 games/s  ETA 0h36m38s
[pb-ab-O-shovefr-d4.var] 280/1600  0.6 games/s  ETA 0h36m28s
[pb-ab-O-shovefr-d4.var] 282/1600  0.6 games/s  ETA 0h36m19s
[pb-ab-O-shovefr-d4.var] 284/1600  0.6 games/s  ETA 0h36m09s
[pb-ab-O-shovefr-d4.var] 286/1600  0.6 games/s  ETA 0h36m00s
[pb-ab-O-shovefr-d4.var] 287/1600  0.6 games/s  ETA 0h36m00s
[pb-ab-O-shovefr-d4.var] 289/1600  0.6 games/s  ETA 0h35m51s
[pb-ab-O-shovefr-d4.var] 291/1600  0.6 games/s  ETA 0h35m42s
[pb-ab-O-shovefr-d4.var] 292/1600  0.6 games/s  ETA 0h35m42s
[pb-ab-O-shovefr-d4.var] 292/1600  0.6 games/s  ETA 0h35m51s
[pb-ab-O-shovefr-d4.var] 294/1600  0.6 games/s  ETA 0h35m42s
[pb-ab-O-shovefr-d4.var] 295/1600  0.6 games/s  ETA 0h35m42s
[pb-ab-O-shovefr-d4.var] 295/1600  0.6 games/s  ETA 0h35m50s
[pb-ab-O-shovefr-d4.var] 298/1600  0.6 games/s  ETA 0h35m33s
[pb-ab-O-shovefr-d4.var] 298/1600  0.6 games/s  ETA 0h35m41s
[pb-ab-O-shovefr-d4.var] 299/1600  0.6 games/s  ETA 0h35m41s
[pb-ab-O-shovefr-d4.var] 299/1600  0.6 games/s  ETA 0h35m50s
[pb-ab-O-shovefr-d4.var] 300/1600  0.6 games/s  ETA 0h35m50s
[pb-ab-O-shovefr-d4.var] 300/1600  0.6 games/s  ETA 0h35m59s
[pb-ab-O-shovefr-d4.var] 303/1600  0.6 games/s  ETA 0h35m41s
[pb-ab-O-shovefr-d4.var] 304/1600  0.6 games/s  ETA 0h35m41s
[pb-ab-O-shovefr-d4.var] 306/1600  0.6 games/s  ETA 0h35m32s
[pb-ab-O-shovefr-d4.var] 306/1600  0.6 games/s  ETA 0h35m40s
[pb-ab-O-shovefr-d4.var] 308/1600  0.6 games/s  ETA 0h35m32s
[pb-ab-O-shovefr-d4.var] 310/1600  0.6 games/s  ETA 0h35m23s
[pb-ab-O-shovefr-d4.var] 311/1600  0.6 games/s  ETA 0h35m23s
[pb-ab-O-shovefr-d4.var] 312/1600  0.6 games/s  ETA 0h35m22s
[pb-ab-O-shovefr-d4.var] 315/1600  0.6 games/s  ETA 0h35m06s
[pb-ab-O-shovefr-d4.var] 315/1600  0.6 games/s  ETA 0h35m14s
[pb-ab-O-shovefr-d4.var] 317/1600  0.6 games/s  ETA 0h35m05s
[pb-ab-O-shovefr-d4.var] 317/1600  0.6 games/s  ETA 0h35m13s
[pb-ab-O-shovefr-d4.var] 317/1600  0.6 games/s  ETA 0h35m21s
[pb-ab-O-shovefr-d4.var] 320/1600  0.6 games/s  ETA 0h35m05s
[pb-ab-O-shovefr-d4.var] 322/1600  0.6 games/s  ETA 0h34m56s
[pb-ab-O-shovefr-d4.var] 322/1600  0.6 games/s  ETA 0h35m04s
[pb-ab-O-shovefr-d4.var] 323/1600  0.6 games/s  ETA 0h35m04s
[pb-ab-O-shovefr-d4.var] 324/1600  0.6 games/s  ETA 0h35m04s
[pb-ab-O-shovefr-d4.var] 326/1600  0.6 games/s  ETA 0h34m55s
[pb-ab-O-shovefr-d4.var] 327/1600  0.6 games/s  ETA 0h34m55s
[pb-ab-O-shovefr-d4.var] 329/1600  0.6 games/s  ETA 0h34m47s
[pb-ab-O-shovefr-d4.var] 329/1600  0.6 games/s  ETA 0h34m54s
[pb-ab-O-shovefr-d4.var] 330/1600  0.6 games/s  ETA 0h34m54s
[pb-ab-O-shovefr-d4.var] 332/1600  0.6 games/s  ETA 0h34m46s
[pb-ab-O-shovefr-d4.var] 333/1600  0.6 games/s  ETA 0h34m46s
[pb-ab-O-shovefr-d4.var] 334/1600  0.6 games/s  ETA 0h34m45s
[pb-ab-O-shovefr-d4.var] 336/1600  0.6 games/s  ETA 0h34m37s
[pb-ab-O-shovefr-d4.var] 337/1600  0.6 games/s  ETA 0h34m37s
[pb-ab-O-shovefr-d4.var] 337/1600  0.6 games/s  ETA 0h34m44s
[pb-ab-O-shovefr-d4.var] 338/1600  0.6 games/s  ETA 0h34m44s
[pb-ab-O-shovefr-d4.var] 339/1600  0.6 games/s  ETA 0h34m44s
[pb-ab-O-shovefr-d4.var] 341/1600  0.6 games/s  ETA 0h34m35s
[pb-ab-O-shovefr-d4.var] 342/1600  0.6 games/s  ETA 0h34m35s
[pb-ab-O-shovefr-d4.var] 342/1600  0.6 games/s  ETA 0h34m42s
[pb-ab-O-shovefr-d4.var] 343/1600  0.6 games/s  ETA 0h34m42s
[pb-ab-O-shovefr-d4.var] 344/1600  0.6 games/s  ETA 0h34m42s
[pb-ab-O-shovefr-d4.var] 345/1600  0.6 games/s  ETA 0h34m41s
[pb-ab-O-shovefr-d4.var] 345/1600  0.6 games/s  ETA 0h34m49s
[pb-ab-O-shovefr-d4.var] 348/1600  0.6 games/s  ETA 0h34m33s
[pb-ab-O-shovefr-d4.var] 349/1600  0.6 games/s  ETA 0h34m32s
[pb-ab-O-shovefr-d4.var] 350/1600  0.6 games/s  ETA 0h34m32s
[pb-ab-O-shovefr-d4.var] 351/1600  0.6 games/s  ETA 0h34m32s
[pb-ab-O-shovefr-d4.var] 351/1600  0.6 games/s  ETA 0h34m39s
[pb-ab-O-shovefr-d4.var] 352/1600  0.6 games/s  ETA 0h34m38s
[pb-ab-O-shovefr-d4.var] 353/1600  0.6 games/s  ETA 0h34m38s
[pb-ab-O-shovefr-d4.var] 354/1600  0.6 games/s  ETA 0h34m37s
[pb-ab-O-shovefr-d4.var] 354/1600  0.6 games/s  ETA 0h34m44s
[pb-ab-O-shovefr-d4.var] 355/1600  0.6 games/s  ETA 0h34m44s
[pb-ab-O-shovefr-d4.var] 356/1600  0.6 games/s  ETA 0h34m43s
[pb-ab-O-shovefr-d4.var] 356/1600  0.6 games/s  ETA 0h34m50s
[pb-ab-O-shovefr-d4.var] 357/1600  0.6 games/s  ETA 0h34m50s
[pb-ab-O-shovefr-d4.var] 358/1600  0.6 games/s  ETA 0h34m49s
[pb-ab-O-shovefr-d4.var] 360/1600  0.6 games/s  ETA 0h34m41s
[pb-ab-O-shovefr-d4.var] 360/1600  0.6 games/s  ETA 0h34m48s
[pb-ab-O-shovefr-d4.var] 362/1600  0.6 games/s  ETA 0h34m40s
[pb-ab-O-shovefr-d4.var] 364/1600  0.6 games/s  ETA 0h34m32s
[pb-ab-O-shovefr-d4.var] 365/1600  0.6 games/s  ETA 0h34m31s
[pb-ab-O-shovefr-d4.var] 366/1600  0.6 games/s  ETA 0h34m31s
[pb-ab-O-shovefr-d4.var] 368/1600  0.6 games/s  ETA 0h34m23s
[pb-ab-O-shovefr-d4.var] 370/1600  0.6 games/s  ETA 0h34m15s
[pb-ab-O-shovefr-d4.var] 371/1600  0.6 games/s  ETA 0h34m14s
[pb-ab-O-shovefr-d4.var] 371/1600  0.6 games/s  ETA 0h34m21s
[pb-ab-O-shovefr-d4.var] 372/1600  0.6 games/s  ETA 0h34m20s
[pb-ab-O-shovefr-d4.var] 374/1600  0.6 games/s  ETA 0h34m13s
[pb-ab-O-shovefr-d4.var] 377/1600  0.6 games/s  ETA 0h33m58s
[pb-ab-O-shovefr-d4.var] 378/1600  0.6 games/s  ETA 0h33m57s
[pb-ab-O-shovefr-d4.var] 379/1600  0.6 games/s  ETA 0h33m57s
[pb-ab-O-shovefr-d4.var] 379/1600  0.6 games/s  ETA 0h34m03s
[pb-ab-O-shovefr-d4.var] 379/1600  0.6 games/s  ETA 0h34m09s
[pb-ab-O-shovefr-d4.var] 382/1600  0.6 games/s  ETA 0h33m55s
[pb-ab-O-shovefr-d4.var] 383/1600  0.6 games/s  ETA 0h33m54s
[pb-ab-O-shovefr-d4.var] 383/1600  0.6 games/s  ETA 0h34m00s
[pb-ab-O-shovefr-d4.var] 383/1600  0.6 games/s  ETA 0h34m07s
[pb-ab-O-shovefr-d4.var] 386/1600  0.6 games/s  ETA 0h33m52s
[pb-ab-O-shovefr-d4.var] 386/1600  0.6 games/s  ETA 0h33m59s
[pb-ab-O-shovefr-d4.var] 388/1600  0.6 games/s  ETA 0h33m51s
[pb-ab-O-shovefr-d4.var] 390/1600  0.6 games/s  ETA 0h33m43s
[pb-ab-O-shovefr-d4.var] 390/1600  0.6 games/s  ETA 0h33m50s
[pb-ab-O-shovefr-d4.var] 391/1600  0.6 games/s  ETA 0h33m49s
[pb-ab-O-shovefr-d4.var] 392/1600  0.6 games/s  ETA 0h33m48s
[pb-ab-O-shovefr-d4.var] 393/1600  0.6 games/s  ETA 0h33m48s
[pb-ab-O-shovefr-d4.var] 394/1600  0.6 games/s  ETA 0h33m47s
[pb-ab-O-shovefr-d4.var] 396/1600  0.6 games/s  ETA 0h33m39s
[pb-ab-O-shovefr-d4.var] 397/1600  0.6 games/s  ETA 0h33m39s
[pb-ab-O-shovefr-d4.var] 398/1600  0.6 games/s  ETA 0h33m38s
[pb-ab-O-shovefr-d4.var] 400/1600  0.6 games/s  ETA 0h33m30s
[pb-ab-O-shovefr-d4.var] 400/1600  0.6 games/s  ETA 0h33m36s
[pb-ab-O-shovefr-d4.var] 400/1600  0.6 games/s  ETA 0h33m42s
[pb-ab-O-shovefr-d4.var] 402/1600  0.6 games/s  ETA 0h33m35s
[pb-ab-O-shovefr-d4.var] 402/1600  0.6 games/s  ETA 0h33m41s
[pb-ab-O-shovefr-d4.var] 403/1600  0.6 games/s  ETA 0h33m40s
[pb-ab-O-shovefr-d4.var] 403/1600  0.6 games/s  ETA 0h33m46s
[pb-ab-O-shovefr-d4.var] 404/1600  0.6 games/s  ETA 0h33m45s
[pb-ab-O-shovefr-d4.var] 407/1600  0.6 games/s  ETA 0h33m31s
[pb-ab-O-shovefr-d4.var] 408/1600  0.6 games/s  ETA 0h33m31s
[pb-ab-O-shovefr-d4.var] 409/1600  0.6 games/s  ETA 0h33m30s
[pb-ab-O-shovefr-d4.var] 410/1600  0.6 games/s  ETA 0h33m29s
[pb-ab-O-shovefr-d4.var] 410/1600  0.6 games/s  ETA 0h33m35s
[pb-ab-O-shovefr-d4.var] 414/1600  0.6 games/s  ETA 0h33m14s
[pb-ab-O-shovefr-d4.var] 414/1600  0.6 games/s  ETA 0h33m20s
[pb-ab-O-shovefr-d4.var] 415/1600  0.6 games/s  ETA 0h33m19s
[pb-ab-O-shovefr-d4.var] 416/1600  0.6 games/s  ETA 0h33m18s
[pb-ab-O-shovefr-d4.var] 417/1600  0.6 games/s  ETA 0h33m18s
[pb-ab-O-shovefr-d4.var] 417/1600  0.6 games/s  ETA 0h33m23s
[pb-ab-O-shovefr-d4.var] 420/1600  0.6 games/s  ETA 0h33m10s
[pb-ab-O-shovefr-d4.var] 420/1600  0.6 games/s  ETA 0h33m15s
[pb-ab-O-shovefr-d4.var] 421/1600  0.6 games/s  ETA 0h33m14s
[pb-ab-O-shovefr-d4.var] 423/1600  0.6 games/s  ETA 0h33m07s
[pb-ab-O-shovefr-d4.var] 425/1600  0.6 games/s  ETA 0h33m00s
[pb-ab-O-shovefr-d4.var] 425/1600  0.6 games/s  ETA 0h33m06s
[pb-ab-O-shovefr-d4.var] 426/1600  0.6 games/s  ETA 0h33m05s
[pb-ab-O-shovefr-d4.var] 426/1600  0.6 games/s  ETA 0h33m10s
[pb-ab-O-shovefr-d4.var] 428/1600  0.6 games/s  ETA 0h33m03s
[pb-ab-O-shovefr-d4.var] 430/1600  0.6 games/s  ETA 0h32m56s
[pb-ab-O-shovefr-d4.var] 431/1600  0.6 games/s  ETA 0h32m55s
[pb-ab-O-shovefr-d4.var] 431/1600  0.6 games/s  ETA 0h33m00s
[pb-ab-O-shovefr-d4.var] 433/1600  0.6 games/s  ETA 0h32m53s
[pb-ab-O-shovefr-d4.var] 435/1600  0.6 games/s  ETA 0h32m46s
[pb-ab-O-shovefr-d4.var] 436/1600  0.6 games/s  ETA 0h32m45s
[pb-ab-O-shovefr-d4.var] 437/1600  0.6 games/s  ETA 0h32m45s
[pb-ab-O-shovefr-d4.var] 437/1600  0.6 games/s  ETA 0h32m50s
[pb-ab-O-shovefr-d4.var] 437/1600  0.6 games/s  ETA 0h32m55s
[pb-ab-O-shovefr-d4.var] 438/1600  0.6 games/s  ETA 0h32m54s
[pb-ab-O-shovefr-d4.var] 439/1600  0.6 games/s  ETA 0h32m53s
[pb-ab-O-shovefr-d4.var] 439/1600  0.6 games/s  ETA 0h32m59s
[pb-ab-O-shovefr-d4.var] 441/1600  0.6 games/s  ETA 0h32m52s
[pb-ab-O-shovefr-d4.var] 441/1600  0.6 games/s  ETA 0h32m57s
[pb-ab-O-shovefr-d4.var] 443/1600  0.6 games/s  ETA 0h32m50s
[pb-ab-O-shovefr-d4.var] 444/1600  0.6 games/s  ETA 0h32m49s
[pb-ab-O-shovefr-d4.var] 445/1600  0.6 games/s  ETA 0h32m48s
[pb-ab-O-shovefr-d4.var] 446/1600  0.6 games/s  ETA 0h32m47s
[pb-ab-O-shovefr-d4.var] 448/1600  0.6 games/s  ETA 0h32m40s
[pb-ab-O-shovefr-d4.var] 449/1600  0.6 games/s  ETA 0h32m39s
[pb-ab-O-shovefr-d4.var] 449/1600  0.6 games/s  ETA 0h32m44s
[pb-ab-O-shovefr-d4.var] 450/1600  0.6 games/s  ETA 0h32m43s
[pb-ab-O-shovefr-d4.var] 452/1600  0.6 games/s  ETA 0h32m36s
[pb-ab-O-shovefr-d4.var] 452/1600  0.6 games/s  ETA 0h32m41s
[pb-ab-O-shovefr-d4.var] 452/1600  0.6 games/s  ETA 0h32m46s
[pb-ab-O-shovefr-d4.var] 455/1600  0.6 games/s  ETA 0h32m33s
[pb-ab-O-shovefr-d4.var] 455/1600  0.6 games/s  ETA 0h32m38s
[pb-ab-O-shovefr-d4.var] 456/1600  0.6 games/s  ETA 0h32m37s
[pb-ab-O-shovefr-d4.var] 456/1600  0.6 games/s  ETA 0h32m42s
[pb-ab-O-shovefr-d4.var] 456/1600  0.6 games/s  ETA 0h32m47s
[pb-ab-O-shovefr-d4.var] 458/1600  0.6 games/s  ETA 0h32m40s
[pb-ab-O-shovefr-d4.var] 460/1600  0.6 games/s  ETA 0h32m33s
[pb-ab-O-shovefr-d4.var] 460/1600  0.6 games/s  ETA 0h32m38s
[pb-ab-O-shovefr-d4.var] 460/1600  0.6 games/s  ETA 0h32m43s
[pb-ab-O-shovefr-d4.var] 463/1600  0.6 games/s  ETA 0h32m30s
[pb-ab-O-shovefr-d4.var] 464/1600  0.6 games/s  ETA 0h32m29s
[pb-ab-O-shovefr-d4.var] 464/1600  0.6 games/s  ETA 0h32m34s
[pb-ab-O-shovefr-d4.var] 464/1600  0.6 games/s  ETA 0h32m39s
[pb-ab-O-shovefr-d4.var] 467/1600  0.6 games/s  ETA 0h32m26s
[pb-ab-O-shovefr-d4.var] 468/1600  0.6 games/s  ETA 0h32m25s
[pb-ab-O-shovefr-d4.var] 469/1600  0.6 games/s  ETA 0h32m24s
[pb-ab-O-shovefr-d4.var] 470/1600  0.6 games/s  ETA 0h32m23s
[pb-ab-O-shovefr-d4.var] 471/1600  0.6 games/s  ETA 0h32m22s
[pb-ab-O-shovefr-d4.var] 471/1600  0.6 games/s  ETA 0h32m27s
[pb-ab-O-shovefr-d4.var] 471/1600  0.6 games/s  ETA 0h32m32s
[pb-ab-O-shovefr-d4.var] 471/1600  0.6 games/s  ETA 0h32m36s
[pb-ab-O-shovefr-d4.var] 473/1600  0.6 games/s  ETA 0h32m29s
[pb-ab-O-shovefr-d4.var] 474/1600  0.6 games/s  ETA 0h32m28s
[pb-ab-O-shovefr-d4.var] 475/1600  0.6 games/s  ETA 0h32m27s
[pb-ab-O-shovefr-d4.var] 475/1600  0.6 games/s  ETA 0h32m32s
[pb-ab-O-shovefr-d4.var] 477/1600  0.6 games/s  ETA 0h32m25s
[pb-ab-O-shovefr-d4.var] 478/1600  0.6 games/s  ETA 0h32m24s
[pb-ab-O-shovefr-d4.var] 478/1600  0.6 games/s  ETA 0h32m29s
[pb-ab-O-shovefr-d4.var] 480/1600  0.6 games/s  ETA 0h32m22s
[pb-ab-O-shovefr-d4.var] 482/1600  0.6 games/s  ETA 0h32m15s
[pb-ab-O-shovefr-d4.var] 483/1600  0.6 games/s  ETA 0h32m14s
[pb-ab-O-shovefr-d4.var] 483/1600  0.6 games/s  ETA 0h32m18s
[pb-ab-O-shovefr-d4.var] 485/1600  0.6 games/s  ETA 0h32m12s
[pb-ab-O-shovefr-d4.var] 485/1600  0.6 games/s  ETA 0h32m16s
[pb-ab-O-shovefr-d4.var] 487/1600  0.6 games/s  ETA 0h32m09s
[pb-ab-O-shovefr-d4.var] 487/1600  0.6 games/s  ETA 0h32m14s
[pb-ab-O-shovefr-d4.var] 488/1600  0.6 games/s  ETA 0h32m13s
[pb-ab-O-shovefr-d4.var] 489/1600  0.6 games/s  ETA 0h32m12s
[pb-ab-O-shovefr-d4.var] 489/1600  0.6 games/s  ETA 0h32m16s
[pb-ab-O-shovefr-d4.var] 492/1600  0.6 games/s  ETA 0h32m04s
[pb-ab-O-shovefr-d4.var] 493/1600  0.6 games/s  ETA 0h32m03s
[pb-ab-O-shovefr-d4.var] 494/1600  0.6 games/s  ETA 0h32m01s
[pb-ab-O-shovefr-d4.var] 496/1600  0.6 games/s  ETA 0h31m55s
[pb-ab-O-shovefr-d4.var] 497/1600  0.6 games/s  ETA 0h31m53s
[pb-ab-O-shovefr-d4.var] 497/1600  0.6 games/s  ETA 0h31m58s
[pb-ab-O-shovefr-d4.var] 499/1600  0.6 games/s  ETA 0h31m51s
[pb-ab-O-shovefr-d4.var] 501/1600  0.6 games/s  ETA 0h31m44s
[pb-ab-O-shovefr-d4.var] 501/1600  0.6 games/s  ETA 0h31m49s
[pb-ab-O-shovefr-d4.var] 502/1600  0.6 games/s  ETA 0h31m48s
[pb-ab-O-shovefr-d4.var] 505/1600  0.6 games/s  ETA 0h31m36s
[pb-ab-O-shovefr-d4.var] 507/1600  0.6 games/s  ETA 0h31m29s
[pb-ab-O-shovefr-d4.var] 508/1600  0.6 games/s  ETA 0h31m28s
[pb-ab-O-shovefr-d4.var] 509/1600  0.6 games/s  ETA 0h31m27s
[pb-ab-O-shovefr-d4.var] 509/1600  0.6 games/s  ETA 0h31m31s
[pb-ab-O-shovefr-d4.var] 510/1600  0.6 games/s  ETA 0h31m30s
[pb-ab-O-shovefr-d4.var] 511/1600  0.6 games/s  ETA 0h31m29s
[pb-ab-O-shovefr-d4.var] 512/1600  0.6 games/s  ETA 0h31m27s
[pb-ab-O-shovefr-d4.var] 512/1600  0.6 games/s  ETA 0h31m32s
[pb-ab-O-shovefr-d4.var] 514/1600  0.6 games/s  ETA 0h31m25s
[pb-ab-O-shovefr-d4.var] 515/1600  0.6 games/s  ETA 0h31m24s
[pb-ab-O-shovefr-d4.var] 515/1600  0.6 games/s  ETA 0h31m28s
[pb-ab-O-shovefr-d4.var] 517/1600  0.6 games/s  ETA 0h31m22s
[pb-ab-O-shovefr-d4.var] 518/1600  0.6 games/s  ETA 0h31m20s
[pb-ab-O-shovefr-d4.var] 521/1600  0.6 games/s  ETA 0h31m09s
[pb-ab-O-shovefr-d4.var] 521/1600  0.6 games/s  ETA 0h31m13s
[pb-ab-O-shovefr-d4.var] 521/1600  0.6 games/s  ETA 0h31m17s
[pb-ab-O-shovefr-d4.var] 522/1600  0.6 games/s  ETA 0h31m16s
[pb-ab-O-shovefr-d4.var] 524/1600  0.6 games/s  ETA 0h31m09s
[pb-ab-O-shovefr-d4.var] 525/1600  0.6 games/s  ETA 0h31m08s
[pb-ab-O-shovefr-d4.var] 525/1600  0.6 games/s  ETA 0h31m12s
[pb-ab-O-shovefr-d4.var] 527/1600  0.6 games/s  ETA 0h31m05s
[pb-ab-O-shovefr-d4.var] 528/1600  0.6 games/s  ETA 0h31m04s
[pb-ab-O-shovefr-d4.var] 529/1600  0.6 games/s  ETA 0h31m03s
[pb-ab-O-shovefr-d4.var] 529/1600  0.6 games/s  ETA 0h31m07s
[pb-ab-O-shovefr-d4.var] 531/1600  0.6 games/s  ETA 0h31m01s
[pb-ab-O-shovefr-d4.var] 533/1600  0.6 games/s  ETA 0h30m54s
[pb-ab-O-shovefr-d4.var] 534/1600  0.6 games/s  ETA 0h30m53s
[pb-ab-O-shovefr-d4.var] 536/1600  0.6 games/s  ETA 0h30m47s
[pb-ab-O-shovefr-d4.var] 538/1600  0.6 games/s  ETA 0h30m40s
[pb-ab-O-shovefr-d4.var] 538/1600  0.6 games/s  ETA 0h30m44s
[pb-ab-O-shovefr-d4.var] 541/1600  0.6 games/s  ETA 0h30m33s
[pb-ab-O-shovefr-d4.var] 541/1600  0.6 games/s  ETA 0h30m37s
[pb-ab-O-shovefr-d4.var] 541/1600  0.6 games/s  ETA 0h30m40s
[pb-ab-O-shovefr-d4.var] 543/1600  0.6 games/s  ETA 0h30m34s
[pb-ab-O-shovefr-d4.var] 543/1600  0.6 games/s  ETA 0h30m38s
[pb-ab-O-shovefr-d4.var] 544/1600  0.6 games/s  ETA 0h30m37s
[pb-ab-O-shovefr-d4.var] 546/1600  0.6 games/s  ETA 0h30m30s
[pb-ab-O-shovefr-d4.var] 546/1600  0.6 games/s  ETA 0h30m34s
[pb-ab-O-shovefr-d4.var] 546/1600  0.6 games/s  ETA 0h30m38s
[pb-ab-O-shovefr-d4.var] 548/1600  0.6 games/s  ETA 0h30m32s
[pb-ab-O-shovefr-d4.var] 549/1600  0.6 games/s  ETA 0h30m31s
[pb-ab-O-shovefr-d4.var] 549/1600  0.6 games/s  ETA 0h30m34s
[pb-ab-O-shovefr-d4.var] 550/1600  0.6 games/s  ETA 0h30m33s
[pb-ab-O-shovefr-d4.var] 551/1600  0.6 games/s  ETA 0h30m32s
[pb-ab-O-shovefr-d4.var] 552/1600  0.6 games/s  ETA 0h30m31s
[pb-ab-O-shovefr-d4.var] 553/1600  0.6 games/s  ETA 0h30m29s
[pb-ab-O-shovefr-d4.var] 554/1600  0.6 games/s  ETA 0h30m28s
[pb-ab-O-shovefr-d4.var] 554/1600  0.6 games/s  ETA 0h30m32s
[pb-ab-O-shovefr-d4.var] 556/1600  0.6 games/s  ETA 0h30m26s
[pb-ab-O-shovefr-d4.var] 556/1600  0.6 games/s  ETA 0h30m29s
[pb-ab-O-shovefr-d4.var] 556/1600  0.6 games/s  ETA 0h30m33s
[pb-ab-O-shovefr-d4.var] 557/1600  0.6 games/s  ETA 0h30m32s
[pb-ab-O-shovefr-d4.var] 559/1600  0.6 games/s  ETA 0h30m25s
[pb-ab-O-shovefr-d4.var] 560/1600  0.6 games/s  ETA 0h30m24s
[pb-ab-O-shovefr-d4.var] 560/1600  0.6 games/s  ETA 0h30m28s
[pb-ab-O-shovefr-d4.var] 561/1600  0.6 games/s  ETA 0h30m27s
[pb-ab-O-shovefr-d4.var] 562/1600  0.6 games/s  ETA 0h30m25s
[pb-ab-O-shovefr-d4.var] 562/1600  0.6 games/s  ETA 0h30m29s
[pb-ab-O-shovefr-d4.var] 563/1600  0.6 games/s  ETA 0h30m28s
[pb-ab-O-shovefr-d4.var] 563/1600  0.6 games/s  ETA 0h30m31s
[pb-ab-O-shovefr-d4.var] 565/1600  0.6 games/s  ETA 0h30m25s
[pb-ab-O-shovefr-d4.var] 567/1600  0.6 games/s  ETA 0h30m19s
[pb-ab-O-shovefr-d4.var] 568/1600  0.6 games/s  ETA 0h30m17s
[pb-ab-O-shovefr-d4.var] 569/1600  0.6 games/s  ETA 0h30m16s
[pb-ab-O-shovefr-d4.var] 571/1600  0.6 games/s  ETA 0h30m10s
[pb-ab-O-shovefr-d4.var] 571/1600  0.6 games/s  ETA 0h30m13s
[pb-ab-O-shovefr-d4.var] 572/1600  0.6 games/s  ETA 0h30m12s
[pb-ab-O-shovefr-d4.var] 573/1600  0.6 games/s  ETA 0h30m11s
[pb-ab-O-shovefr-d4.var] 574/1600  0.6 games/s  ETA 0h30m09s
[pb-ab-O-shovefr-d4.var] 574/1600  0.6 games/s  ETA 0h30m13s
[pb-ab-O-shovefr-d4.var] 574/1600  0.6 games/s  ETA 0h30m16s
[pb-ab-O-shovefr-d4.var] 576/1600  0.6 games/s  ETA 0h30m10s
[pb-ab-O-shovefr-d4.var] 577/1600  0.6 games/s  ETA 0h30m09s
[pb-ab-O-shovefr-d4.var] 579/1600  0.6 games/s  ETA 0h30m03s
[pb-ab-O-shovefr-d4.var] 579/1600  0.6 games/s  ETA 0h30m06s
[pb-ab-O-shovefr-d4.var] 579/1600  0.6 games/s  ETA 0h30m10s
[pb-ab-O-shovefr-d4.var] 579/1600  0.6 games/s  ETA 0h30m13s
[pb-ab-O-shovefr-d4.var] 581/1600  0.6 games/s  ETA 0h30m07s
[pb-ab-O-shovefr-d4.var] 581/1600  0.6 games/s  ETA 0h30m10s
[pb-ab-O-shovefr-d4.var] 582/1600  0.6 games/s  ETA 0h30m09s
[pb-ab-O-shovefr-d4.var] 583/1600  0.6 games/s  ETA 0h30m08s
[pb-ab-O-shovefr-d4.var] 583/1600  0.6 games/s  ETA 0h30m11s
[pb-ab-O-shovefr-d4.var] 585/1600  0.6 games/s  ETA 0h30m05s
[pb-ab-O-shovefr-d4.var] 587/1600  0.6 games/s  ETA 0h29m59s
[pb-ab-O-shovefr-d4.var] 587/1600  0.6 games/s  ETA 0h30m02s
[pb-ab-O-shovefr-d4.var] 588/1600  0.6 games/s  ETA 0h30m01s
[pb-ab-O-shovefr-d4.var] 589/1600  0.6 games/s  ETA 0h29m59s
[pb-ab-O-shovefr-d4.var] 591/1600  0.6 games/s  ETA 0h29m53s
[pb-ab-O-shovefr-d4.var] 592/1600  0.6 games/s  ETA 0h29m52s
[pb-ab-O-shovefr-d4.var] 593/1600  0.6 games/s  ETA 0h29m50s
[pb-ab-O-shovefr-d4.var] 594/1600  0.6 games/s  ETA 0h29m49s
[pb-ab-O-shovefr-d4.var] 596/1600  0.6 games/s  ETA 0h29m43s
[pb-ab-O-shovefr-d4.var] 596/1600  0.6 games/s  ETA 0h29m46s
[pb-ab-O-shovefr-d4.var] 598/1600  0.6 games/s  ETA 0h29m40s
[pb-ab-O-shovefr-d4.var] 598/1600  0.6 games/s  ETA 0h29m43s
[pb-ab-O-shovefr-d4.var] 599/1600  0.6 games/s  ETA 0h29m42s
[pb-ab-O-shovefr-d4.var] 600/1600  0.6 games/s  ETA 0h29m40s
[pb-ab-O-shovefr-d4.var] 601/1600  0.6 games/s  ETA 0h29m39s
[pb-ab-O-shovefr-d4.var] 603/1600  0.6 games/s  ETA 0h29m33s
[pb-ab-O-shovefr-d4.var] 603/1600  0.6 games/s  ETA 0h29m36s
[pb-ab-O-shovefr-d4.var] 603/1600  0.6 games/s  ETA 0h29m39s
[pb-ab-O-shovefr-d4.var] 605/1600  0.6 games/s  ETA 0h29m33s
[pb-ab-O-shovefr-d4.var] 606/1600  0.6 games/s  ETA 0h29m32s
[pb-ab-O-shovefr-d4.var] 606/1600  0.6 games/s  ETA 0h29m35s
[pb-ab-O-shovefr-d4.var] 608/1600  0.6 games/s  ETA 0h29m29s
[pb-ab-O-shovefr-d4.var] 610/1600  0.6 games/s  ETA 0h29m23s
[pb-ab-O-shovefr-d4.var] 610/1600  0.6 games/s  ETA 0h29m26s
[pb-ab-O-shovefr-d4.var] 613/1600  0.6 games/s  ETA 0h29m15s
[pb-ab-O-shovefr-d4.var] 613/1600  0.6 games/s  ETA 0h29m19s
[pb-ab-O-shovefr-d4.var] 613/1600  0.6 games/s  ETA 0h29m22s
[pb-ab-O-shovefr-d4.var] 613/1600  0.6 games/s  ETA 0h29m25s
[pb-ab-O-shovefr-d4.var] 615/1600  0.6 games/s  ETA 0h29m19s
[pb-ab-O-shovefr-d4.var] 616/1600  0.6 games/s  ETA 0h29m18s
[pb-ab-O-shovefr-d4.var] 616/1600  0.6 games/s  ETA 0h29m21s
[pb-ab-O-shovefr-d4.var] 616/1600  0.6 games/s  ETA 0h29m24s
[pb-ab-O-shovefr-d4.var] 617/1600  0.6 games/s  ETA 0h29m22s
[pb-ab-O-shovefr-d4.var] 618/1600  0.6 games/s  ETA 0h29m21s
[pb-ab-O-shovefr-d4.var] 618/1600  0.6 games/s  ETA 0h29m24s
[pb-ab-O-shovefr-d4.var] 618/1600  0.6 games/s  ETA 0h29m27s
[pb-ab-O-shovefr-d4.var] 618/1600  0.6 games/s  ETA 0h29m31s
[pb-ab-O-shovefr-d4.var] 620/1600  0.6 games/s  ETA 0h29m24s
[pb-ab-O-shovefr-d4.var] 620/1600  0.6 games/s  ETA 0h29m28s
[pb-ab-O-shovefr-d4.var] 623/1600  0.6 games/s  ETA 0h29m17s
[pb-ab-O-shovefr-d4.var] 623/1600  0.6 games/s  ETA 0h29m20s
[pb-ab-O-shovefr-d4.var] 624/1600  0.6 games/s  ETA 0h29m18s
[pb-ab-O-shovefr-d4.var] 626/1600  0.6 games/s  ETA 0h29m12s
[pb-ab-O-shovefr-d4.var] 626/1600  0.6 games/s  ETA 0h29m15s
[pb-ab-O-shovefr-d4.var] 629/1600  0.6 games/s  ETA 0h29m05s
[pb-ab-O-shovefr-d4.var] 630/1600  0.6 games/s  ETA 0h29m03s
[pb-ab-O-shovefr-d4.var] 630/1600  0.6 games/s  ETA 0h29m06s
[pb-ab-O-shovefr-d4.var] 630/1600  0.6 games/s  ETA 0h29m09s
[pb-ab-O-shovefr-d4.var] 631/1600  0.6 games/s  ETA 0h29m08s
[pb-ab-O-shovefr-d4.var] 631/1600  0.6 games/s  ETA 0h29m11s
[pb-ab-O-shovefr-d4.var] 633/1600  0.6 games/s  ETA 0h29m05s
[pb-ab-O-shovefr-d4.var] 636/1600  0.6 games/s  ETA 0h28m54s
[pb-ab-O-shovefr-d4.var] 637/1600  0.6 games/s  ETA 0h28m53s
[pb-ab-O-shovefr-d4.var] 637/1600  0.6 games/s  ETA 0h28m56s
[pb-ab-O-shovefr-d4.var] 639/1600  0.6 games/s  ETA 0h28m50s
[pb-ab-O-shovefr-d4.var] 640/1600  0.6 games/s  ETA 0h28m48s
[pb-ab-O-shovefr-d4.var] 642/1600  0.6 games/s  ETA 0h28m42s
[pb-ab-O-shovefr-d4.var] 644/1600  0.6 games/s  ETA 0h28m36s
[pb-ab-O-shovefr-d4.var] 646/1600  0.6 games/s  ETA 0h28m30s
[pb-ab-O-shovefr-d4.var] 648/1600  0.6 games/s  ETA 0h28m25s
[pb-ab-O-shovefr-d4.var] 648/1600  0.6 games/s  ETA 0h28m27s
[pb-ab-O-shovefr-d4.var] 649/1600  0.6 games/s  ETA 0h28m26s
[pb-ab-O-shovefr-d4.var] 651/1600  0.6 games/s  ETA 0h28m20s
[pb-ab-O-shovefr-d4.var] 652/1600  0.6 games/s  ETA 0h28m19s
[pb-ab-O-shovefr-d4.var] 652/1600  0.6 games/s  ETA 0h28m22s
[pb-ab-O-shovefr-d4.var] 654/1600  0.6 games/s  ETA 0h28m16s
[pb-ab-O-shovefr-d4.var] 655/1600  0.6 games/s  ETA 0h28m14s
[pb-ab-O-shovefr-d4.var] 656/1600  0.6 games/s  ETA 0h28m13s
[pb-ab-O-shovefr-d4.var] 656/1600  0.6 games/s  ETA 0h28m16s
[pb-ab-O-shovefr-d4.var] 659/1600  0.6 games/s  ETA 0h28m05s
[pb-ab-O-shovefr-d4.var] 660/1600  0.6 games/s  ETA 0h28m04s
[pb-ab-O-shovefr-d4.var] 661/1600  0.6 games/s  ETA 0h28m02s
[pb-ab-O-shovefr-d4.var] 662/1600  0.6 games/s  ETA 0h28m01s
[pb-ab-O-shovefr-d4.var] 663/1600  0.6 games/s  ETA 0h27m59s
[pb-ab-O-shovefr-d4.var] 664/1600  0.6 games/s  ETA 0h27m58s
[pb-ab-O-shovefr-d4.var] 664/1600  0.6 games/s  ETA 0h28m01s
[pb-ab-O-shovefr-d4.var] 666/1600  0.6 games/s  ETA 0h27m55s
[pb-ab-O-shovefr-d4.var] 668/1600  0.6 games/s  ETA 0h27m49s
[pb-ab-O-shovefr-d4.var] 670/1600  0.6 games/s  ETA 0h27m43s
[pb-ab-O-shovefr-d4.var] 670/1600  0.6 games/s  ETA 0h27m46s
[pb-ab-O-shovefr-d4.var] 672/1600  0.6 games/s  ETA 0h27m40s
[pb-ab-O-shovefr-d4.var] 674/1600  0.6 games/s  ETA 0h27m34s
[pb-ab-O-shovefr-d4.var] 675/1600  0.6 games/s  ETA 0h27m33s
[pb-ab-O-shovefr-d4.var] 676/1600  0.6 games/s  ETA 0h27m31s
[pb-ab-O-shovefr-d4.var] 676/1600  0.6 games/s  ETA 0h27m34s
[pb-ab-O-shovefr-d4.var] 676/1600  0.6 games/s  ETA 0h27m37s
[pb-ab-O-shovefr-d4.var] 678/1600  0.6 games/s  ETA 0h27m31s
[pb-ab-O-shovefr-d4.var] 679/1600  0.6 games/s  ETA 0h27m30s
[pb-ab-O-shovefr-d4.var] 679/1600  0.6 games/s  ETA 0h27m32s
[pb-ab-O-shovefr-d4.var] 680/1600  0.6 games/s  ETA 0h27m31s
[pb-ab-O-shovefr-d4.var] 681/1600  0.6 games/s  ETA 0h27m29s
[pb-ab-O-shovefr-d4.var] 682/1600  0.6 games/s  ETA 0h27m28s
[pb-ab-O-shovefr-d4.var] 682/1600  0.6 games/s  ETA 0h27m31s
[pb-ab-O-shovefr-d4.var] 683/1600  0.6 games/s  ETA 0h27m29s
[pb-ab-O-shovefr-d4.var] 686/1600  0.6 games/s  ETA 0h27m19s
[pb-ab-O-shovefr-d4.var] 686/1600  0.6 games/s  ETA 0h27m22s
[pb-ab-O-shovefr-d4.var] 687/1600  0.6 games/s  ETA 0h27m20s
[pb-ab-O-shovefr-d4.var] 688/1600  0.6 games/s  ETA 0h27m19s
[pb-ab-O-shovefr-d4.var] 690/1600  0.6 games/s  ETA 0h27m13s
[pb-ab-O-shovefr-d4.var] 690/1600  0.6 games/s  ETA 0h27m16s
[pb-ab-O-shovefr-d4.var] 691/1600  0.6 games/s  ETA 0h27m14s
[pb-ab-O-shovefr-d4.var] 694/1600  0.6 games/s  ETA 0h27m04s
[pb-ab-O-shovefr-d4.var] 694/1600  0.6 games/s  ETA 0h27m07s
[pb-ab-O-shovefr-d4.var] 694/1600  0.6 games/s  ETA 0h27m10s
[pb-ab-O-shovefr-d4.var] 696/1600  0.6 games/s  ETA 0h27m04s
[pb-ab-O-shovefr-d4.var] 697/1600  0.6 games/s  ETA 0h27m02s
[pb-ab-O-shovefr-d4.var] 697/1600  0.6 games/s  ETA 0h27m05s
[pb-ab-O-shovefr-d4.var] 697/1600  0.6 games/s  ETA 0h27m08s
[pb-ab-O-shovefr-d4.var] 699/1600  0.6 games/s  ETA 0h27m02s
[pb-ab-O-shovefr-d4.var] 699/1600  0.6 games/s  ETA 0h27m04s
[pb-ab-O-shovefr-d4.var] 700/1600  0.6 games/s  ETA 0h27m03s
[pb-ab-O-shovefr-d4.var] 702/1600  0.6 games/s  ETA 0h26m57s
[pb-ab-O-shovefr-d4.var] 703/1600  0.6 games/s  ETA 0h26m56s
[pb-ab-O-shovefr-d4.var] 703/1600  0.6 games/s  ETA 0h26m58s
[pb-ab-O-shovefr-d4.var] 705/1600  0.6 games/s  ETA 0h26m53s
[pb-ab-O-shovefr-d4.var] 707/1600  0.6 games/s  ETA 0h26m47s
[pb-ab-O-shovefr-d4.var] 707/1600  0.6 games/s  ETA 0h26m49s
[pb-ab-O-shovefr-d4.var] 708/1600  0.6 games/s  ETA 0h26m48s
[pb-ab-O-shovefr-d4.var] 708/1600  0.6 games/s  ETA 0h26m50s
[pb-ab-O-shovefr-d4.var] 709/1600  0.6 games/s  ETA 0h26m49s
[pb-ab-O-shovefr-d4.var] 712/1600  0.6 games/s  ETA 0h26m39s
[pb-ab-O-shovefr-d4.var] 713/1600  0.6 games/s  ETA 0h26m38s
[pb-ab-O-shovefr-d4.var] 714/1600  0.6 games/s  ETA 0h26m36s
[pb-ab-O-shovefr-d4.var] 715/1600  0.6 games/s  ETA 0h26m35s
[pb-ab-O-shovefr-d4.var] 716/1600  0.6 games/s  ETA 0h26m33s
[pb-ab-O-shovefr-d4.var] 716/1600  0.6 games/s  ETA 0h26m35s
[pb-ab-O-shovefr-d4.var] 718/1600  0.6 games/s  ETA 0h26m30s
[pb-ab-O-shovefr-d4.var] 719/1600  0.6 games/s  ETA 0h26m28s
[pb-ab-O-shovefr-d4.var] 721/1600  0.6 games/s  ETA 0h26m23s
[pb-ab-O-shovefr-d4.var] 721/1600  0.6 games/s  ETA 0h26m25s
[pb-ab-O-shovefr-d4.var] 722/1600  0.6 games/s  ETA 0h26m24s
[pb-ab-O-shovefr-d4.var] 723/1600  0.6 games/s  ETA 0h26m22s
[pb-ab-O-shovefr-d4.var] 727/1600  0.6 games/s  ETA 0h26m09s
[pb-ab-O-shovefr-d4.var] 727/1600  0.6 games/s  ETA 0h26m11s
[pb-ab-O-shovefr-d4.var] 728/1600  0.6 games/s  ETA 0h26m09s
[pb-ab-O-shovefr-d4.var] 730/1600  0.6 games/s  ETA 0h26m04s
[pb-ab-O-shovefr-d4.var] 732/1600  0.6 games/s  ETA 0h25m58s
[pb-ab-O-shovefr-d4.var] 732/1600  0.6 games/s  ETA 0h26m01s
[pb-ab-O-shovefr-d4.var] 733/1600  0.6 games/s  ETA 0h25m59s
[pb-ab-O-shovefr-d4.var] 734/1600  0.6 games/s  ETA 0h25m58s
[pb-ab-O-shovefr-d4.var] 735/1600  0.6 games/s  ETA 0h25m56s
[pb-ab-O-shovefr-d4.var] 737/1600  0.6 games/s  ETA 0h25m51s
[pb-ab-O-shovefr-d4.var] 738/1600  0.6 games/s  ETA 0h25m49s
[pb-ab-O-shovefr-d4.var] 738/1600  0.6 games/s  ETA 0h25m51s
[pb-ab-O-shovefr-d4.var] 739/1600  0.6 games/s  ETA 0h25m50s
[pb-ab-O-shovefr-d4.var] 740/1600  0.6 games/s  ETA 0h25m48s
[pb-ab-O-shovefr-d4.var] 743/1600  0.6 games/s  ETA 0h25m39s
[pb-ab-O-shovefr-d4.var] 744/1600  0.6 games/s  ETA 0h25m37s
[pb-ab-O-shovefr-d4.var] 745/1600  0.6 games/s  ETA 0h25m36s
[pb-ab-O-shovefr-d4.var] 746/1600  0.6 games/s  ETA 0h25m34s
[pb-ab-O-shovefr-d4.var] 746/1600  0.6 games/s  ETA 0h25m37s
[pb-ab-O-shovefr-d4.var] 749/1600  0.6 games/s  ETA 0h25m27s
[pb-ab-O-shovefr-d4.var] 750/1600  0.6 games/s  ETA 0h25m26s
[pb-ab-O-shovefr-d4.var] 750/1600  0.6 games/s  ETA 0h25m28s
[pb-ab-O-shovefr-d4.var] 752/1600  0.6 games/s  ETA 0h25m23s
[pb-ab-O-shovefr-d4.var] 753/1600  0.6 games/s  ETA 0h25m21s
[pb-ab-O-shovefr-d4.var] 755/1600  0.6 games/s  ETA 0h25m16s
[pb-ab-O-shovefr-d4.var] 756/1600  0.6 games/s  ETA 0h25m14s
[pb-ab-O-shovefr-d4.var] 757/1600  0.6 games/s  ETA 0h25m13s
[pb-ab-O-shovefr-d4.var] 758/1600  0.6 games/s  ETA 0h25m11s
[pb-ab-O-shovefr-d4.var] 760/1600  0.6 games/s  ETA 0h25m06s
[pb-ab-O-shovefr-d4.var] 761/1600  0.6 games/s  ETA 0h25m04s
[pb-ab-O-shovefr-d4.var] 762/1600  0.6 games/s  ETA 0h25m02s
[pb-ab-O-shovefr-d4.var] 764/1600  0.6 games/s  ETA 0h24m57s
[pb-ab-O-shovefr-d4.var] 764/1600  0.6 games/s  ETA 0h24m59s
[pb-ab-O-shovefr-d4.var] 765/1600  0.6 games/s  ETA 0h24m58s
[pb-ab-O-shovefr-d4.var] 766/1600  0.6 games/s  ETA 0h24m56s
[pb-ab-O-shovefr-d4.var] 768/1600  0.6 games/s  ETA 0h24m51s
[pb-ab-O-shovefr-d4.var] 769/1600  0.6 games/s  ETA 0h24m49s
[pb-ab-O-shovefr-d4.var] 771/1600  0.6 games/s  ETA 0h24m44s
[pb-ab-O-shovefr-d4.var] 772/1600  0.6 games/s  ETA 0h24m42s
[pb-ab-O-shovefr-d4.var] 774/1600  0.6 games/s  ETA 0h24m37s
[pb-ab-O-shovefr-d4.var] 774/1600  0.6 games/s  ETA 0h24m39s
[pb-ab-O-shovefr-d4.var] 777/1600  0.6 games/s  ETA 0h24m30s
[pb-ab-O-shovefr-d4.var] 778/1600  0.6 games/s  ETA 0h24m29s
[pb-ab-O-shovefr-d4.var] 779/1600  0.6 games/s  ETA 0h24m27s
[pb-ab-O-shovefr-d4.var] 779/1600  0.6 games/s  ETA 0h24m29s
[pb-ab-O-shovefr-d4.var] 781/1600  0.6 games/s  ETA 0h24m24s
[pb-ab-O-shovefr-d4.var] 783/1600  0.6 games/s  ETA 0h24m19s
[pb-ab-O-shovefr-d4.var] 783/1600  0.6 games/s  ETA 0h24m21s
[pb-ab-O-shovefr-d4.var] 785/1600  0.6 games/s  ETA 0h24m16s
[pb-ab-O-shovefr-d4.var] 785/1600  0.6 games/s  ETA 0h24m18s
[pb-ab-O-shovefr-d4.var] 786/1600  0.6 games/s  ETA 0h24m16s
[pb-ab-O-shovefr-d4.var] 787/1600  0.6 games/s  ETA 0h24m15s
[pb-ab-O-shovefr-d4.var] 788/1600  0.6 games/s  ETA 0h24m13s
[pb-ab-O-shovefr-d4.var] 789/1600  0.6 games/s  ETA 0h24m12s
[pb-ab-O-shovefr-d4.var] 790/1600  0.6 games/s  ETA 0h24m10s
[pb-ab-O-shovefr-d4.var] 790/1600  0.6 games/s  ETA 0h24m12s
[pb-ab-O-shovefr-d4.var] 793/1600  0.6 games/s  ETA 0h24m03s
[pb-ab-O-shovefr-d4.var] 794/1600  0.6 games/s  ETA 0h24m02s
[pb-ab-O-shovefr-d4.var] 795/1600  0.6 games/s  ETA 0h24m00s
[pb-ab-O-shovefr-d4.var] 796/1600  0.6 games/s  ETA 0h23m59s
[pb-ab-O-shovefr-d4.var] 796/1600  0.6 games/s  ETA 0h24m01s
[pb-ab-O-shovefr-d4.var] 798/1600  0.6 games/s  ETA 0h23m55s
[pb-ab-O-shovefr-d4.var] 800/1600  0.6 games/s  ETA 0h23m50s
[pb-ab-O-shovefr-d4.var] 800/1600  0.6 games/s  ETA 0h23m52s
[pb-ab-O-shovefr-d4.var] 801/1600  0.6 games/s  ETA 0h23m51s
[pb-ab-O-shovefr-d4.var] 803/1600  0.6 games/s  ETA 0h23m45s
[pb-ab-O-shovefr-d4.var] 804/1600  0.6 games/s  ETA 0h23m44s
[pb-ab-O-shovefr-d4.var] 805/1600  0.6 games/s  ETA 0h23m42s
[pb-ab-O-shovefr-d4.var] 807/1600  0.6 games/s  ETA 0h23m37s
[pb-ab-O-shovefr-d4.var] 809/1600  0.6 games/s  ETA 0h23m32s
[pb-ab-O-shovefr-d4.var] 810/1600  0.6 games/s  ETA 0h23m30s
[pb-ab-O-shovefr-d4.var] 811/1600  0.6 games/s  ETA 0h23m29s
[pb-ab-O-shovefr-d4.var] 812/1600  0.6 games/s  ETA 0h23m27s
[pb-ab-O-shovefr-d4.var] 812/1600  0.6 games/s  ETA 0h23m29s
[pb-ab-O-shovefr-d4.var] 813/1600  0.6 games/s  ETA 0h23m28s
[pb-ab-O-shovefr-d4.var] 814/1600  0.6 games/s  ETA 0h23m26s
[pb-ab-O-shovefr-d4.var] 814/1600  0.6 games/s  ETA 0h23m28s
[pb-ab-O-shovefr-d4.var] 815/1600  0.6 games/s  ETA 0h23m26s
[pb-ab-O-shovefr-d4.var] 815/1600  0.6 games/s  ETA 0h23m28s
[pb-ab-O-shovefr-d4.var] 816/1600  0.6 games/s  ETA 0h23m27s
[pb-ab-O-shovefr-d4.var] 817/1600  0.6 games/s  ETA 0h23m25s
[pb-ab-O-shovefr-d4.var] 821/1600  0.6 games/s  ETA 0h23m13s
[pb-ab-O-shovefr-d4.var] 823/1600  0.6 games/s  ETA 0h23m08s
[pb-ab-O-shovefr-d4.var] 824/1600  0.6 games/s  ETA 0h23m06s
[pb-ab-O-shovefr-d4.var] 826/1600  0.6 games/s  ETA 0h23m01s
[pb-ab-O-shovefr-d4.var] 827/1600  0.6 games/s  ETA 0h23m00s
[pb-ab-O-shovefr-d4.var] 827/1600  0.6 games/s  ETA 0h23m02s
[pb-ab-O-shovefr-d4.var] 828/1600  0.6 games/s  ETA 0h23m00s
[pb-ab-O-shovefr-d4.var] 830/1600  0.6 games/s  ETA 0h22m55s
[pb-ab-O-shovefr-d4.var] 832/1600  0.6 games/s  ETA 0h22m50s
[pb-ab-O-shovefr-d4.var] 832/1600  0.6 games/s  ETA 0h22m52s
[pb-ab-O-shovefr-d4.var] 832/1600  0.6 games/s  ETA 0h22m54s
[pb-ab-O-shovefr-d4.var] 836/1600  0.6 games/s  ETA 0h22m42s
[pb-ab-O-shovefr-d4.var] 837/1600  0.6 games/s  ETA 0h22m40s
[pb-ab-O-shovefr-d4.var] 838/1600  0.6 games/s  ETA 0h22m39s
[pb-ab-O-shovefr-d4.var] 838/1600  0.6 games/s  ETA 0h22m40s
[pb-ab-O-shovefr-d4.var] 839/1600  0.6 games/s  ETA 0h22m39s
[pb-ab-O-shovefr-d4.var] 841/1600  0.6 games/s  ETA 0h22m34s
[pb-ab-O-shovefr-d4.var] 842/1600  0.6 games/s  ETA 0h22m32s
[pb-ab-O-shovefr-d4.var] 843/1600  0.6 games/s  ETA 0h22m31s
[pb-ab-O-shovefr-d4.var] 844/1600  0.6 games/s  ETA 0h22m29s
[pb-ab-O-shovefr-d4.var] 845/1600  0.6 games/s  ETA 0h22m28s
[pb-ab-O-shovefr-d4.var] 847/1600  0.6 games/s  ETA 0h22m23s
[pb-ab-O-shovefr-d4.var] 849/1600  0.6 games/s  ETA 0h22m18s
[pb-ab-O-shovefr-d4.var] 849/1600  0.6 games/s  ETA 0h22m19s
[pb-ab-O-shovefr-d4.var] 851/1600  0.6 games/s  ETA 0h22m14s
[pb-ab-O-shovefr-d4.var] 853/1600  0.6 games/s  ETA 0h22m10s
[pb-ab-O-shovefr-d4.var] 854/1600  0.6 games/s  ETA 0h22m08s
[pb-ab-O-shovefr-d4.var] 855/1600  0.6 games/s  ETA 0h22m06s
[pb-ab-O-shovefr-d4.var] 857/1600  0.6 games/s  ETA 0h22m01s
[pb-ab-O-shovefr-d4.var] 857/1600  0.6 games/s  ETA 0h22m03s
[pb-ab-O-shovefr-d4.var] 859/1600  0.6 games/s  ETA 0h21m58s
[pb-ab-O-shovefr-d4.var] 859/1600  0.6 games/s  ETA 0h22m00s
[pb-ab-O-shovefr-d4.var] 861/1600  0.6 games/s  ETA 0h21m55s
[pb-ab-O-shovefr-d4.var] 862/1600  0.6 games/s  ETA 0h21m53s
[pb-ab-O-shovefr-d4.var] 864/1600  0.6 games/s  ETA 0h21m49s
[pb-ab-O-shovefr-d4.var] 865/1600  0.6 games/s  ETA 0h21m47s
[pb-ab-O-shovefr-d4.var] 866/1600  0.6 games/s  ETA 0h21m45s
[pb-ab-O-shovefr-d4.var] 867/1600  0.6 games/s  ETA 0h21m44s
[pb-ab-O-shovefr-d4.var] 868/1600  0.6 games/s  ETA 0h21m42s
[pb-ab-O-shovefr-d4.var] 871/1600  0.6 games/s  ETA 0h21m34s
[pb-ab-O-shovefr-d4.var] 871/1600  0.6 games/s  ETA 0h21m36s
[pb-ab-O-shovefr-d4.var] 873/1600  0.6 games/s  ETA 0h21m31s
[pb-ab-O-shovefr-d4.var] 873/1600  0.6 games/s  ETA 0h21m33s
[pb-ab-O-shovefr-d4.var] 874/1600  0.6 games/s  ETA 0h21m31s
[pb-ab-O-shovefr-d4.var] 876/1600  0.6 games/s  ETA 0h21m26s
[pb-ab-O-shovefr-d4.var] 876/1600  0.6 games/s  ETA 0h21m28s
[pb-ab-O-shovefr-d4.var] 876/1600  0.6 games/s  ETA 0h21m29s
[pb-ab-O-shovefr-d4.var] 878/1600  0.6 games/s  ETA 0h21m25s
[pb-ab-O-shovefr-d4.var] 881/1600  0.6 games/s  ETA 0h21m17s
[pb-ab-O-shovefr-d4.var] 882/1600  0.6 games/s  ETA 0h21m15s
[pb-ab-O-shovefr-d4.var] 883/1600  0.6 games/s  ETA 0h21m13s
[pb-ab-O-shovefr-d4.var] 883/1600  0.6 games/s  ETA 0h21m15s
[pb-ab-O-shovefr-d4.var] 884/1600  0.6 games/s  ETA 0h21m13s
[pb-ab-O-shovefr-d4.var] 885/1600  0.6 games/s  ETA 0h21m12s
[pb-ab-O-shovefr-d4.var] 885/1600  0.6 games/s  ETA 0h21m13s
[pb-ab-O-shovefr-d4.var] 886/1600  0.6 games/s  ETA 0h21m12s
[pb-ab-O-shovefr-d4.var] 887/1600  0.6 games/s  ETA 0h21m10s
[pb-ab-O-shovefr-d4.var] 888/1600  0.6 games/s  ETA 0h21m09s
[pb-ab-O-shovefr-d4.var] 891/1600  0.6 games/s  ETA 0h21m01s
[pb-ab-O-shovefr-d4.var] 892/1600  0.6 games/s  ETA 0h20m59s
[pb-ab-O-shovefr-d4.var] 893/1600  0.6 games/s  ETA 0h20m57s
[pb-ab-O-shovefr-d4.var] 894/1600  0.6 games/s  ETA 0h20m56s
[pb-ab-O-shovefr-d4.var] 895/1600  0.6 games/s  ETA 0h20m54s
[pb-ab-O-shovefr-d4.var] 897/1600  0.6 games/s  ETA 0h20m49s
[pb-ab-O-shovefr-d4.var] 897/1600  0.6 games/s  ETA 0h20m51s
[pb-ab-O-shovefr-d4.var] 897/1600  0.6 games/s  ETA 0h20m53s
[pb-ab-O-shovefr-d4.var] 900/1600  0.6 games/s  ETA 0h20m45s
[pb-ab-O-shovefr-d4.var] 900/1600  0.6 games/s  ETA 0h20m46s
[pb-ab-O-shovefr-d4.var] 903/1600  0.6 games/s  ETA 0h20m38s
[pb-ab-O-shovefr-d4.var] 904/1600  0.6 games/s  ETA 0h20m37s
[pb-ab-O-shovefr-d4.var] 904/1600  0.6 games/s  ETA 0h20m38s
[pb-ab-O-shovefr-d4.var] 907/1600  0.6 games/s  ETA 0h20m30s
[pb-ab-O-shovefr-d4.var] 907/1600  0.6 games/s  ETA 0h20m32s
[pb-ab-O-shovefr-d4.var] 909/1600  0.6 games/s  ETA 0h20m27s
[pb-ab-O-shovefr-d4.var] 911/1600  0.6 games/s  ETA 0h20m22s
[pb-ab-O-shovefr-d4.var] 911/1600  0.6 games/s  ETA 0h20m24s
[pb-ab-O-shovefr-d4.var] 912/1600  0.6 games/s  ETA 0h20m22s
[pb-ab-O-shovefr-d4.var] 912/1600  0.6 games/s  ETA 0h20m24s
[pb-ab-O-shovefr-d4.var] 914/1600  0.6 games/s  ETA 0h20m19s
[pb-ab-O-shovefr-d4.var] 915/1600  0.6 games/s  ETA 0h20m17s
[pb-ab-O-shovefr-d4.var] 916/1600  0.6 games/s  ETA 0h20m16s
[pb-ab-O-shovefr-d4.var] 918/1600  0.6 games/s  ETA 0h20m11s
[pb-ab-O-shovefr-d4.var] 920/1600  0.6 games/s  ETA 0h20m06s
[pb-ab-O-shovefr-d4.var] 921/1600  0.6 games/s  ETA 0h20m05s
[pb-ab-O-shovefr-d4.var] 922/1600  0.6 games/s  ETA 0h20m03s
[pb-ab-O-shovefr-d4.var] 923/1600  0.6 games/s  ETA 0h20m02s
[pb-ab-O-shovefr-d4.var] 924/1600  0.6 games/s  ETA 0h20m00s
[pb-ab-O-shovefr-d4.var] 926/1600  0.6 games/s  ETA 0h19m55s
[pb-ab-O-shovefr-d4.var] 927/1600  0.6 games/s  ETA 0h19m54s
[pb-ab-O-shovefr-d4.var] 929/1600  0.6 games/s  ETA 0h19m49s
[pb-ab-O-shovefr-d4.var] 930/1600  0.6 games/s  ETA 0h19m47s
[pb-ab-O-shovefr-d4.var] 931/1600  0.6 games/s  ETA 0h19m46s
[pb-ab-O-shovefr-d4.var] 931/1600  0.6 games/s  ETA 0h19m47s
[pb-ab-O-shovefr-d4.var] 933/1600  0.6 games/s  ETA 0h19m43s
[pb-ab-O-shovefr-d4.var] 933/1600  0.6 games/s  ETA 0h19m44s
[pb-ab-O-shovefr-d4.var] 935/1600  0.6 games/s  ETA 0h19m39s
[pb-ab-O-shovefr-d4.var] 936/1600  0.6 games/s  ETA 0h19m38s
[pb-ab-O-shovefr-d4.var] 937/1600  0.6 games/s  ETA 0h19m36s
[pb-ab-O-shovefr-d4.var] 939/1600  0.6 games/s  ETA 0h19m31s
[pb-ab-O-shovefr-d4.var] 940/1600  0.6 games/s  ETA 0h19m30s
[pb-ab-O-shovefr-d4.var] 941/1600  0.6 games/s  ETA 0h19m28s
[pb-ab-O-shovefr-d4.var] 942/1600  0.6 games/s  ETA 0h19m27s
[pb-ab-O-shovefr-d4.var] 942/1600  0.6 games/s  ETA 0h19m28s
[pb-ab-O-shovefr-d4.var] 943/1600  0.6 games/s  ETA 0h19m26s
[pb-ab-O-shovefr-d4.var] 945/1600  0.6 games/s  ETA 0h19m22s
[pb-ab-O-shovefr-d4.var] 945/1600  0.6 games/s  ETA 0h19m23s
[pb-ab-O-shovefr-d4.var] 947/1600  0.6 games/s  ETA 0h19m19s
[pb-ab-O-shovefr-d4.var] 947/1600  0.6 games/s  ETA 0h19m20s
[pb-ab-O-shovefr-d4.var] 949/1600  0.6 games/s  ETA 0h19m15s
[pb-ab-O-shovefr-d4.var] 949/1600  0.6 games/s  ETA 0h19m17s
[pb-ab-O-shovefr-d4.var] 950/1600  0.6 games/s  ETA 0h19m15s
[pb-ab-O-shovefr-d4.var] 951/1600  0.6 games/s  ETA 0h19m13s
[pb-ab-O-shovefr-d4.var] 956/1600  0.6 games/s  ETA 0h19m00s
[pb-ab-O-shovefr-d4.var] 956/1600  0.6 games/s  ETA 0h19m01s
[pb-ab-O-shovefr-d4.var] 958/1600  0.6 games/s  ETA 0h18m57s
[pb-ab-O-shovefr-d4.var] 958/1600  0.6 games/s  ETA 0h18m58s
[pb-ab-O-shovefr-d4.var] 958/1600  0.6 games/s  ETA 0h18m59s
[pb-ab-O-shovefr-d4.var] 958/1600  0.6 games/s  ETA 0h19m01s
[pb-ab-O-shovefr-d4.var] 961/1600  0.6 games/s  ETA 0h18m53s
[pb-ab-O-shovefr-d4.var] 962/1600  0.6 games/s  ETA 0h18m51s
[pb-ab-O-shovefr-d4.var] 962/1600  0.6 games/s  ETA 0h18m53s
[pb-ab-O-shovefr-d4.var] 964/1600  0.6 games/s  ETA 0h18m48s
[pb-ab-O-shovefr-d4.var] 966/1600  0.6 games/s  ETA 0h18m44s
[pb-ab-O-shovefr-d4.var] 966/1600  0.6 games/s  ETA 0h18m45s
[pb-ab-O-shovefr-d4.var] 966/1600  0.6 games/s  ETA 0h18m46s
[pb-ab-O-shovefr-d4.var] 969/1600  0.6 games/s  ETA 0h18m39s
[pb-ab-O-shovefr-d4.var] 969/1600  0.6 games/s  ETA 0h18m40s
[pb-ab-O-shovefr-d4.var] 969/1600  0.6 games/s  ETA 0h18m41s
[pb-ab-O-shovefr-d4.var] 971/1600  0.6 games/s  ETA 0h18m37s
[pb-ab-O-shovefr-d4.var] 973/1600  0.6 games/s  ETA 0h18m32s
[pb-ab-O-shovefr-d4.var] 973/1600  0.6 games/s  ETA 0h18m34s
[pb-ab-O-shovefr-d4.var] 974/1600  0.6 games/s  ETA 0h18m32s
[pb-ab-O-shovefr-d4.var] 976/1600  0.6 games/s  ETA 0h18m27s
[pb-ab-O-shovefr-d4.var] 977/1600  0.6 games/s  ETA 0h18m26s
[pb-ab-O-shovefr-d4.var] 978/1600  0.6 games/s  ETA 0h18m24s
[pb-ab-O-shovefr-d4.var] 980/1600  0.6 games/s  ETA 0h18m20s
[pb-ab-O-shovefr-d4.var] 981/1600  0.6 games/s  ETA 0h18m18s
[pb-ab-O-shovefr-d4.var] 982/1600  0.6 games/s  ETA 0h18m16s
[pb-ab-O-shovefr-d4.var] 982/1600  0.6 games/s  ETA 0h18m18s
[pb-ab-O-shovefr-d4.var] 983/1600  0.6 games/s  ETA 0h18m16s
[pb-ab-O-shovefr-d4.var] 986/1600  0.6 games/s  ETA 0h18m09s
[pb-ab-O-shovefr-d4.var] 988/1600  0.6 games/s  ETA 0h18m04s
[pb-ab-O-shovefr-d4.var] 989/1600  0.6 games/s  ETA 0h18m02s
[pb-ab-O-shovefr-d4.var] 990/1600  0.6 games/s  ETA 0h18m01s
[pb-ab-O-shovefr-d4.var] 990/1600  0.6 games/s  ETA 0h18m02s
[pb-ab-O-shovefr-d4.var] 993/1600  0.6 games/s  ETA 0h17m55s
[pb-ab-O-shovefr-d4.var] 994/1600  0.6 games/s  ETA 0h17m53s
[pb-ab-O-shovefr-d4.var] 997/1600  0.6 games/s  ETA 0h17m46s
[pb-ab-O-shovefr-d4.var] 997/1600  0.6 games/s  ETA 0h17m47s
[pb-ab-O-shovefr-d4.var] 997/1600  0.6 games/s  ETA 0h17m48s
[pb-ab-O-shovefr-d4.var] 997/1600  0.6 games/s  ETA 0h17m49s
[pb-ab-O-shovefr-d4.var] 998/1600  0.6 games/s  ETA 0h17m48s
[pb-ab-O-shovefr-d4.var] 999/1600  0.6 games/s  ETA 0h17m46s
[pb-ab-O-shovefr-d4.var] 1001/1600  0.6 games/s  ETA 0h17m42s
[pb-ab-O-shovefr-d4.var] 1001/1600  0.6 games/s  ETA 0h17m43s
[pb-ab-O-shovefr-d4.var] 1002/1600  0.6 games/s  ETA 0h17m41s
[pb-ab-O-shovefr-d4.var] 1005/1600  0.6 games/s  ETA 0h17m34s
[pb-ab-O-shovefr-d4.var] 1006/1600  0.6 games/s  ETA 0h17m32s
[pb-ab-O-shovefr-d4.var] 1007/1600  0.6 games/s  ETA 0h17m31s
[pb-ab-O-shovefr-d4.var] 1009/1600  0.6 games/s  ETA 0h17m26s
[pb-ab-O-shovefr-d4.var] 1011/1600  0.6 games/s  ETA 0h17m22s
[pb-ab-O-shovefr-d4.var] 1011/1600  0.6 games/s  ETA 0h17m23s
[pb-ab-O-shovefr-d4.var] 1013/1600  0.6 games/s  ETA 0h17m18s
[pb-ab-O-shovefr-d4.var] 1013/1600  0.6 games/s  ETA 0h17m20s
[pb-ab-O-shovefr-d4.var] 1015/1600  0.6 games/s  ETA 0h17m15s
[pb-ab-O-shovefr-d4.var] 1015/1600  0.6 games/s  ETA 0h17m16s
[pb-ab-O-shovefr-d4.var] 1016/1600  0.6 games/s  ETA 0h17m15s
[pb-ab-O-shovefr-d4.var] 1016/1600  0.6 games/s  ETA 0h17m16s
[pb-ab-O-shovefr-d4.var] 1017/1600  0.6 games/s  ETA 0h17m14s
[pb-ab-O-shovefr-d4.var] 1018/1600  0.6 games/s  ETA 0h17m13s
[pb-ab-O-shovefr-d4.var] 1021/1600  0.6 games/s  ETA 0h17m05s
[pb-ab-O-shovefr-d4.var] 1021/1600  0.6 games/s  ETA 0h17m06s
[pb-ab-O-shovefr-d4.var] 1023/1600  0.6 games/s  ETA 0h17m02s
[pb-ab-O-shovefr-d4.var] 1024/1600  0.6 games/s  ETA 0h17m00s
[pb-ab-O-shovefr-d4.var] 1025/1600  0.6 games/s  ETA 0h16m59s
[pb-ab-O-shovefr-d4.var] 1026/1600  0.6 games/s  ETA 0h16m57s
[pb-ab-O-shovefr-d4.var] 1027/1600  0.6 games/s  ETA 0h16m55s
[pb-ab-O-shovefr-d4.var] 1028/1600  0.6 games/s  ETA 0h16m54s
[pb-ab-O-shovefr-d4.var] 1030/1600  0.6 games/s  ETA 0h16m49s
[pb-ab-O-shovefr-d4.var] 1030/1600  0.6 games/s  ETA 0h16m51s
[pb-ab-O-shovefr-d4.var] 1031/1600  0.6 games/s  ETA 0h16m49s
[pb-ab-O-shovefr-d4.var] 1031/1600  0.6 games/s  ETA 0h16m50s
[pb-ab-O-shovefr-d4.var] 1034/1600  0.6 games/s  ETA 0h16m43s
[pb-ab-O-shovefr-d4.var] 1036/1600  0.6 games/s  ETA 0h16m38s
[pb-ab-O-shovefr-d4.var] 1036/1600  0.6 games/s  ETA 0h16m40s
[pb-ab-O-shovefr-d4.var] 1036/1600  0.6 games/s  ETA 0h16m41s
[pb-ab-O-shovefr-d4.var] 1038/1600  0.6 games/s  ETA 0h16m36s
[pb-ab-O-shovefr-d4.var] 1039/1600  0.6 games/s  ETA 0h16m35s
[pb-ab-O-shovefr-d4.var] 1039/1600  0.6 games/s  ETA 0h16m36s
[pb-ab-O-shovefr-d4.var] 1041/1600  0.6 games/s  ETA 0h16m31s
[pb-ab-O-shovefr-d4.var] 1042/1600  0.6 games/s  ETA 0h16m30s
[pb-ab-O-shovefr-d4.var] 1043/1600  0.6 games/s  ETA 0h16m28s
[pb-ab-O-shovefr-d4.var] 1044/1600  0.6 games/s  ETA 0h16m26s
[pb-ab-O-shovefr-d4.var] 1045/1600  0.6 games/s  ETA 0h16m25s
[pb-ab-O-shovefr-d4.var] 1045/1600  0.6 games/s  ETA 0h16m26s
[pb-ab-O-shovefr-d4.var] 1046/1600  0.6 games/s  ETA 0h16m24s
[pb-ab-O-shovefr-d4.var] 1046/1600  0.6 games/s  ETA 0h16m25s
[pb-ab-O-shovefr-d4.var] 1049/1600  0.6 games/s  ETA 0h16m18s
[pb-ab-O-shovefr-d4.var] 1049/1600  0.6 games/s  ETA 0h16m19s
[pb-ab-O-shovefr-d4.var] 1051/1600  0.6 games/s  ETA 0h16m15s
[pb-ab-O-shovefr-d4.var] 1051/1600  0.6 games/s  ETA 0h16m16s
[pb-ab-O-shovefr-d4.var] 1052/1600  0.6 games/s  ETA 0h16m14s
[pb-ab-O-shovefr-d4.var] 1053/1600  0.6 games/s  ETA 0h16m12s
[pb-ab-O-shovefr-d4.var] 1053/1600  0.6 games/s  ETA 0h16m13s
[pb-ab-O-shovefr-d4.var] 1054/1600  0.6 games/s  ETA 0h16m12s
[pb-ab-O-shovefr-d4.var] 1055/1600  0.6 games/s  ETA 0h16m10s
[pb-ab-O-shovefr-d4.var] 1057/1600  0.6 games/s  ETA 0h16m06s
[pb-ab-O-shovefr-d4.var] 1059/1600  0.6 games/s  ETA 0h16m01s
[pb-ab-O-shovefr-d4.var] 1059/1600  0.6 games/s  ETA 0h16m02s
[pb-ab-O-shovefr-d4.var] 1062/1600  0.6 games/s  ETA 0h15m55s
[pb-ab-O-shovefr-d4.var] 1062/1600  0.6 games/s  ETA 0h15m56s
[pb-ab-O-shovefr-d4.var] 1062/1600  0.6 games/s  ETA 0h15m57s
[pb-ab-O-shovefr-d4.var] 1064/1600  0.6 games/s  ETA 0h15m53s
[pb-ab-O-shovefr-d4.var] 1065/1600  0.6 games/s  ETA 0h15m51s
[pb-ab-O-shovefr-d4.var] 1065/1600  0.6 games/s  ETA 0h15m52s
[pb-ab-O-shovefr-d4.var] 1067/1600  0.6 games/s  ETA 0h15m48s
[pb-ab-O-shovefr-d4.var] 1068/1600  0.6 games/s  ETA 0h15m46s
[pb-ab-O-shovefr-d4.var] 1069/1600  0.6 games/s  ETA 0h15m45s
[pb-ab-O-shovefr-d4.var] 1072/1600  0.6 games/s  ETA 0h15m38s
[pb-ab-O-shovefr-d4.var] 1074/1600  0.6 games/s  ETA 0h15m33s
[pb-ab-O-shovefr-d4.var] 1074/1600  0.6 games/s  ETA 0h15m34s
[pb-ab-O-shovefr-d4.var] 1075/1600  0.6 games/s  ETA 0h15m33s
[pb-ab-O-shovefr-d4.var] 1077/1600  0.6 games/s  ETA 0h15m28s
[pb-ab-O-shovefr-d4.var] 1077/1600  0.6 games/s  ETA 0h15m29s
[pb-ab-O-shovefr-d4.var] 1077/1600  0.6 games/s  ETA 0h15m30s
[pb-ab-O-shovefr-d4.var] 1079/1600  0.6 games/s  ETA 0h15m26s
[pb-ab-O-shovefr-d4.var] 1079/1600  0.6 games/s  ETA 0h15m27s
[pb-ab-O-shovefr-d4.var] 1080/1600  0.6 games/s  ETA 0h15m25s
[pb-ab-O-shovefr-d4.var] 1080/1600  0.6 games/s  ETA 0h15m26s
[pb-ab-O-shovefr-d4.var] 1080/1600  0.6 games/s  ETA 0h15m27s
[pb-ab-O-shovefr-d4.var] 1082/1600  0.6 games/s  ETA 0h15m23s
[pb-ab-O-shovefr-d4.var] 1083/1600  0.6 games/s  ETA 0h15m21s
[pb-ab-O-shovefr-d4.var] 1083/1600  0.6 games/s  ETA 0h15m22s
[pb-ab-O-shovefr-d4.var] 1084/1600  0.6 games/s  ETA 0h15m21s
[pb-ab-O-shovefr-d4.var] 1084/1600  0.6 games/s  ETA 0h15m22s
[pb-ab-O-shovefr-d4.var] 1084/1600  0.6 games/s  ETA 0h15m22s
[pb-ab-O-shovefr-d4.var] 1085/1600  0.6 games/s  ETA 0h15m21s
[pb-ab-O-shovefr-d4.var] 1086/1600  0.6 games/s  ETA 0h15m19s
[pb-ab-O-shovefr-d4.var] 1086/1600  0.6 games/s  ETA 0h15m20s
[pb-ab-O-shovefr-d4.var] 1088/1600  0.6 games/s  ETA 0h15m16s
[pb-ab-O-shovefr-d4.var] 1089/1600  0.6 games/s  ETA 0h15m14s
[pb-ab-O-shovefr-d4.var] 1092/1600  0.6 games/s  ETA 0h15m07s
[pb-ab-O-shovefr-d4.var] 1093/1600  0.6 games/s  ETA 0h15m05s
[pb-ab-O-shovefr-d4.var] 1094/1600  0.6 games/s  ETA 0h15m04s
[pb-ab-O-shovefr-d4.var] 1095/1600  0.6 games/s  ETA 0h15m02s
[pb-ab-O-shovefr-d4.var] 1097/1600  0.6 games/s  ETA 0h14m58s
[pb-ab-O-shovefr-d4.var] 1098/1600  0.6 games/s  ETA 0h14m56s
[pb-ab-O-shovefr-d4.var] 1098/1600  0.6 games/s  ETA 0h14m57s
[pb-ab-O-shovefr-d4.var] 1099/1600  0.6 games/s  ETA 0h14m55s
[pb-ab-O-shovefr-d4.var] 1102/1600  0.6 games/s  ETA 0h14m48s
[pb-ab-O-shovefr-d4.var] 1103/1600  0.6 games/s  ETA 0h14m47s
[pb-ab-O-shovefr-d4.var] 1104/1600  0.6 games/s  ETA 0h14m45s
[pb-ab-O-shovefr-d4.var] 1104/1600  0.6 games/s  ETA 0h14m46s
[pb-ab-O-shovefr-d4.var] 1105/1600  0.6 games/s  ETA 0h14m44s
[pb-ab-O-shovefr-d4.var] 1107/1600  0.6 games/s  ETA 0h14m40s
[pb-ab-O-shovefr-d4.var] 1108/1600  0.6 games/s  ETA 0h14m38s
[pb-ab-O-shovefr-d4.var] 1108/1600  0.6 games/s  ETA 0h14m39s
[pb-ab-O-shovefr-d4.var] 1112/1600  0.6 games/s  ETA 0h14m30s
[pb-ab-O-shovefr-d4.var] 1112/1600  0.6 games/s  ETA 0h14m31s
[pb-ab-O-shovefr-d4.var] 1113/1600  0.6 games/s  ETA 0h14m29s
[pb-ab-O-shovefr-d4.var] 1114/1600  0.6 games/s  ETA 0h14m27s
[pb-ab-O-shovefr-d4.var] 1115/1600  0.6 games/s  ETA 0h14m26s
[pb-ab-O-shovefr-d4.var] 1116/1600  0.6 games/s  ETA 0h14m24s
[pb-ab-O-shovefr-d4.var] 1116/1600  0.6 games/s  ETA 0h14m25s
[pb-ab-O-shovefr-d4.var] 1118/1600  0.6 games/s  ETA 0h14m20s
[pb-ab-O-shovefr-d4.var] 1119/1600  0.6 games/s  ETA 0h14m19s
[pb-ab-O-shovefr-d4.var] 1119/1600  0.6 games/s  ETA 0h14m20s
[pb-ab-O-shovefr-d4.var] 1120/1600  0.6 games/s  ETA 0h14m18s
[pb-ab-O-shovefr-d4.var] 1121/1600  0.6 games/s  ETA 0h14m16s
[pb-ab-O-shovefr-d4.var] 1123/1600  0.6 games/s  ETA 0h14m12s
[pb-ab-O-shovefr-d4.var] 1124/1600  0.6 games/s  ETA 0h14m10s
[pb-ab-O-shovefr-d4.var] 1126/1600  0.6 games/s  ETA 0h14m06s
[pb-ab-O-shovefr-d4.var] 1126/1600  0.6 games/s  ETA 0h14m07s
[pb-ab-O-shovefr-d4.var] 1128/1600  0.6 games/s  ETA 0h14m03s
[pb-ab-O-shovefr-d4.var] 1130/1600  0.6 games/s  ETA 0h13m58s
[pb-ab-O-shovefr-d4.var] 1132/1600  0.6 games/s  ETA 0h13m54s
[pb-ab-O-shovefr-d4.var] 1132/1600  0.6 games/s  ETA 0h13m55s
[pb-ab-O-shovefr-d4.var] 1134/1600  0.6 games/s  ETA 0h13m51s
[pb-ab-O-shovefr-d4.var] 1135/1600  0.6 games/s  ETA 0h13m49s
[pb-ab-O-shovefr-d4.var] 1135/1600  0.6 games/s  ETA 0h13m50s
[pb-ab-O-shovefr-d4.var] 1136/1600  0.6 games/s  ETA 0h13m48s
[pb-ab-O-shovefr-d4.var] 1137/1600  0.6 games/s  ETA 0h13m47s
[pb-ab-O-shovefr-d4.var] 1138/1600  0.6 games/s  ETA 0h13m45s
[pb-ab-O-shovefr-d4.var] 1141/1600  0.6 games/s  ETA 0h13m38s
[pb-ab-O-shovefr-d4.var] 1143/1600  0.6 games/s  ETA 0h13m34s
[pb-ab-O-shovefr-d4.var] 1143/1600  0.6 games/s  ETA 0h13m35s
[pb-ab-O-shovefr-d4.var] 1144/1600  0.6 games/s  ETA 0h13m33s
[pb-ab-O-shovefr-d4.var] 1144/1600  0.6 games/s  ETA 0h13m34s
[pb-ab-O-shovefr-d4.var] 1146/1600  0.6 games/s  ETA 0h13m30s
[pb-ab-O-shovefr-d4.var] 1147/1600  0.6 games/s  ETA 0h13m28s
[pb-ab-O-shovefr-d4.var] 1147/1600  0.6 games/s  ETA 0h13m29s
[pb-ab-O-shovefr-d4.var] 1147/1600  0.6 games/s  ETA 0h13m30s
[pb-ab-O-shovefr-d4.var] 1148/1600  0.6 games/s  ETA 0h13m28s
[pb-ab-O-shovefr-d4.var] 1148/1600  0.6 games/s  ETA 0h13m29s
[pb-ab-O-shovefr-d4.var] 1149/1600  0.6 games/s  ETA 0h13m27s
[pb-ab-O-shovefr-d4.var] 1150/1600  0.6 games/s  ETA 0h13m25s
[pb-ab-O-shovefr-d4.var] 1151/1600  0.6 games/s  ETA 0h13m23s
[pb-ab-O-shovefr-d4.var] 1151/1600  0.6 games/s  ETA 0h13m24s
[pb-ab-O-shovefr-d4.var] 1153/1600  0.6 games/s  ETA 0h13m20s
[pb-ab-O-shovefr-d4.var] 1153/1600  0.6 games/s  ETA 0h13m21s
[pb-ab-O-shovefr-d4.var] 1155/1600  0.6 games/s  ETA 0h13m17s
[pb-ab-O-shovefr-d4.var] 1156/1600  0.6 games/s  ETA 0h13m15s
[pb-ab-O-shovefr-d4.var] 1156/1600  0.6 games/s  ETA 0h13m16s
[pb-ab-O-shovefr-d4.var] 1157/1600  0.6 games/s  ETA 0h13m14s
[pb-ab-O-shovefr-d4.var] 1158/1600  0.6 games/s  ETA 0h13m12s
[pb-ab-O-shovefr-d4.var] 1160/1600  0.6 games/s  ETA 0h13m08s
[pb-ab-O-shovefr-d4.var] 1161/1600  0.6 games/s  ETA 0h13m06s
[pb-ab-O-shovefr-d4.var] 1163/1600  0.6 games/s  ETA 0h13m02s
[pb-ab-O-shovefr-d4.var] 1165/1600  0.6 games/s  ETA 0h12m58s
[pb-ab-O-shovefr-d4.var] 1166/1600  0.6 games/s  ETA 0h12m56s
[pb-ab-O-shovefr-d4.var] 1166/1600  0.6 games/s  ETA 0h12m57s
[pb-ab-O-shovefr-d4.var] 1166/1600  0.6 games/s  ETA 0h12m58s
[pb-ab-O-shovefr-d4.var] 1167/1600  0.6 games/s  ETA 0h12m56s
[pb-ab-O-shovefr-d4.var] 1168/1600  0.6 games/s  ETA 0h12m54s
[pb-ab-O-shovefr-d4.var] 1170/1600  0.6 games/s  ETA 0h12m50s
[pb-ab-O-shovefr-d4.var] 1171/1600  0.6 games/s  ETA 0h12m48s
[pb-ab-O-shovefr-d4.var] 1172/1600  0.6 games/s  ETA 0h12m47s
[pb-ab-O-shovefr-d4.var] 1173/1600  0.6 games/s  ETA 0h12m45s
[pb-ab-O-shovefr-d4.var] 1174/1600  0.6 games/s  ETA 0h12m43s
[pb-ab-O-shovefr-d4.var] 1174/1600  0.6 games/s  ETA 0h12m44s
[pb-ab-O-shovefr-d4.var] 1176/1600  0.6 games/s  ETA 0h12m40s
[pb-ab-O-shovefr-d4.var] 1177/1600  0.6 games/s  ETA 0h12m38s
[pb-ab-O-shovefr-d4.var] 1178/1600  0.6 games/s  ETA 0h12m36s
[pb-ab-O-shovefr-d4.var] 1178/1600  0.6 games/s  ETA 0h12m37s
[pb-ab-O-shovefr-d4.var] 1180/1600  0.6 games/s  ETA 0h12m33s
[pb-ab-O-shovefr-d4.var] 1182/1600  0.6 games/s  ETA 0h12m29s
[pb-ab-O-shovefr-d4.var] 1183/1600  0.6 games/s  ETA 0h12m27s
[pb-ab-O-shovefr-d4.var] 1186/1600  0.6 games/s  ETA 0h12m21s
[pb-ab-O-shovefr-d4.var] 1188/1600  0.6 games/s  ETA 0h12m16s
[pb-ab-O-shovefr-d4.var] 1188/1600  0.6 games/s  ETA 0h12m17s
[pb-ab-O-shovefr-d4.var] 1190/1600  0.6 games/s  ETA 0h12m13s
[pb-ab-O-shovefr-d4.var] 1190/1600  0.6 games/s  ETA 0h12m14s
[pb-ab-O-shovefr-d4.var] 1192/1600  0.6 games/s  ETA 0h12m10s
[pb-ab-O-shovefr-d4.var] 1193/1600  0.6 games/s  ETA 0h12m08s
[pb-ab-O-shovefr-d4.var] 1194/1600  0.6 games/s  ETA 0h12m06s
[pb-ab-O-shovefr-d4.var] 1196/1600  0.6 games/s  ETA 0h12m02s
[pb-ab-O-shovefr-d4.var] 1196/1600  0.6 games/s  ETA 0h12m03s
[pb-ab-O-shovefr-d4.var] 1197/1600  0.6 games/s  ETA 0h12m01s
[pb-ab-O-shovefr-d4.var] 1198/1600  0.6 games/s  ETA 0h11m59s
[pb-ab-O-shovefr-d4.var] 1200/1600  0.6 games/s  ETA 0h11m55s
[pb-ab-O-shovefr-d4.var] 1201/1600  0.6 games/s  ETA 0h11m53s
[pb-ab-O-shovefr-d4.var] 1202/1600  0.6 games/s  ETA 0h11m52s
[pb-ab-O-shovefr-d4.var] 1203/1600  0.6 games/s  ETA 0h11m50s
[pb-ab-O-shovefr-d4.var] 1204/1600  0.6 games/s  ETA 0h11m48s
[pb-ab-O-shovefr-d4.var] 1205/1600  0.6 games/s  ETA 0h11m47s
[pb-ab-O-shovefr-d4.var] 1206/1600  0.6 games/s  ETA 0h11m45s
[pb-ab-O-shovefr-d4.var] 1207/1600  0.6 games/s  ETA 0h11m43s
[pb-ab-O-shovefr-d4.var] 1208/1600  0.6 games/s  ETA 0h11m41s
[pb-ab-O-shovefr-d4.var] 1209/1600  0.6 games/s  ETA 0h11m40s
[pb-ab-O-shovefr-d4.var] 1209/1600  0.6 games/s  ETA 0h11m40s
[pb-ab-O-shovefr-d4.var] 1209/1600  0.6 games/s  ETA 0h11m41s
[pb-ab-O-shovefr-d4.var] 1212/1600  0.6 games/s  ETA 0h11m35s
[pb-ab-O-shovefr-d4.var] 1212/1600  0.6 games/s  ETA 0h11m35s
[pb-ab-O-shovefr-d4.var] 1213/1600  0.6 games/s  ETA 0h11m33s
[pb-ab-O-shovefr-d4.var] 1213/1600  0.6 games/s  ETA 0h11m34s
[pb-ab-O-shovefr-d4.var] 1216/1600  0.6 games/s  ETA 0h11m28s
[pb-ab-O-shovefr-d4.var] 1217/1600  0.6 games/s  ETA 0h11m26s
[pb-ab-O-shovefr-d4.var] 1217/1600  0.6 games/s  ETA 0h11m27s
[pb-ab-O-shovefr-d4.var] 1217/1600  0.6 games/s  ETA 0h11m27s
[pb-ab-O-shovefr-d4.var] 1218/1600  0.6 games/s  ETA 0h11m25s
[pb-ab-O-shovefr-d4.var] 1220/1600  0.6 games/s  ETA 0h11m21s
[pb-ab-O-shovefr-d4.var] 1222/1600  0.6 games/s  ETA 0h11m17s
[pb-ab-O-shovefr-d4.var] 1223/1600  0.6 games/s  ETA 0h11m16s
[pb-ab-O-shovefr-d4.var] 1223/1600  0.6 games/s  ETA 0h11m16s
[pb-ab-O-shovefr-d4.var] 1226/1600  0.6 games/s  ETA 0h11m10s
[pb-ab-O-shovefr-d4.var] 1226/1600  0.6 games/s  ETA 0h11m10s
[pb-ab-O-shovefr-d4.var] 1229/1600  0.6 games/s  ETA 0h11m04s
[pb-ab-O-shovefr-d4.var] 1229/1600  0.6 games/s  ETA 0h11m05s
[pb-ab-O-shovefr-d4.var] 1230/1600  0.6 games/s  ETA 0h11m03s
[pb-ab-O-shovefr-d4.var] 1231/1600  0.6 games/s  ETA 0h11m01s
[pb-ab-O-shovefr-d4.var] 1231/1600  0.6 games/s  ETA 0h11m02s
[pb-ab-O-shovefr-d4.var] 1234/1600  0.6 games/s  ETA 0h10m55s
[pb-ab-O-shovefr-d4.var] 1235/1600  0.6 games/s  ETA 0h10m54s
[pb-ab-O-shovefr-d4.var] 1235/1600  0.6 games/s  ETA 0h10m54s
[pb-ab-O-shovefr-d4.var] 1235/1600  0.6 games/s  ETA 0h10m55s
[pb-ab-O-shovefr-d4.var] 1237/1600  0.6 games/s  ETA 0h10m51s
[pb-ab-O-shovefr-d4.var] 1239/1600  0.6 games/s  ETA 0h10m47s
[pb-ab-O-shovefr-d4.var] 1239/1600  0.6 games/s  ETA 0h10m47s
[pb-ab-O-shovefr-d4.var] 1241/1600  0.6 games/s  ETA 0h10m43s
[pb-ab-O-shovefr-d4.var] 1243/1600  0.6 games/s  ETA 0h10m39s
[pb-ab-O-shovefr-d4.var] 1243/1600  0.6 games/s  ETA 0h10m40s
[pb-ab-O-shovefr-d4.var] 1243/1600  0.6 games/s  ETA 0h10m40s
[pb-ab-O-shovefr-d4.var] 1245/1600  0.6 games/s  ETA 0h10m36s
[pb-ab-O-shovefr-d4.var] 1248/1600  0.6 games/s  ETA 0h10m30s
[pb-ab-O-shovefr-d4.var] 1248/1600  0.6 games/s  ETA 0h10m30s
[pb-ab-O-shovefr-d4.var] 1250/1600  0.6 games/s  ETA 0h10m26s
[pb-ab-O-shovefr-d4.var] 1250/1600  0.6 games/s  ETA 0h10m27s
[pb-ab-O-shovefr-d4.var] 1251/1600  0.6 games/s  ETA 0h10m25s
[pb-ab-O-shovefr-d4.var] 1251/1600  0.6 games/s  ETA 0h10m26s
[pb-ab-O-shovefr-d4.var] 1254/1600  0.6 games/s  ETA 0h10m20s
[pb-ab-O-shovefr-d4.var] 1254/1600  0.6 games/s  ETA 0h10m20s
[pb-ab-O-shovefr-d4.var] 1255/1600  0.6 games/s  ETA 0h10m18s
[pb-ab-O-shovefr-d4.var] 1255/1600  0.6 games/s  ETA 0h10m19s
[pb-ab-O-shovefr-d4.var] 1256/1600  0.6 games/s  ETA 0h10m17s
[pb-ab-O-shovefr-d4.var] 1257/1600  0.6 games/s  ETA 0h10m15s
[pb-ab-O-shovefr-d4.var] 1257/1600  0.6 games/s  ETA 0h10m16s
[pb-ab-O-shovefr-d4.var] 1258/1600  0.6 games/s  ETA 0h10m14s
[pb-ab-O-shovefr-d4.var] 1260/1600  0.6 games/s  ETA 0h10m10s
[pb-ab-O-shovefr-d4.var] 1260/1600  0.6 games/s  ETA 0h10m11s
[pb-ab-O-shovefr-d4.var] 1263/1600  0.6 games/s  ETA 0h10m04s
[pb-ab-O-shovefr-d4.var] 1263/1600  0.6 games/s  ETA 0h10m05s
[pb-ab-O-shovefr-d4.var] 1263/1600  0.6 games/s  ETA 0h10m05s
[pb-ab-O-shovefr-d4.var] 1265/1600  0.6 games/s  ETA 0h10m01s
[pb-ab-O-shovefr-d4.var] 1267/1600  0.6 games/s  ETA 0h09m57s
[pb-ab-O-shovefr-d4.var] 1267/1600  0.6 games/s  ETA 0h09m58s
[pb-ab-O-shovefr-d4.var] 1268/1600  0.6 games/s  ETA 0h09m56s
[pb-ab-O-shovefr-d4.var] 1269/1600  0.6 games/s  ETA 0h09m54s
[pb-ab-O-shovefr-d4.var] 1270/1600  0.6 games/s  ETA 0h09m53s
[pb-ab-O-shovefr-d4.var] 1271/1600  0.6 games/s  ETA 0h09m51s
[pb-ab-O-shovefr-d4.var] 1273/1600  0.6 games/s  ETA 0h09m47s
[pb-ab-O-shovefr-d4.var] 1273/1600  0.6 games/s  ETA 0h09m48s
[pb-ab-O-shovefr-d4.var] 1274/1600  0.6 games/s  ETA 0h09m46s
[pb-ab-O-shovefr-d4.var] 1276/1600  0.6 games/s  ETA 0h09m42s
[pb-ab-O-shovefr-d4.var] 1276/1600  0.6 games/s  ETA 0h09m42s
[pb-ab-O-shovefr-d4.var] 1276/1600  0.6 games/s  ETA 0h09m43s
[pb-ab-O-shovefr-d4.var] 1278/1600  0.6 games/s  ETA 0h09m39s
[pb-ab-O-shovefr-d4.var] 1278/1600  0.6 games/s  ETA 0h09m39s
[pb-ab-O-shovefr-d4.var] 1279/1600  0.6 games/s  ETA 0h09m38s
[pb-ab-O-shovefr-d4.var] 1279/1600  0.6 games/s  ETA 0h09m38s
[pb-ab-O-shovefr-d4.var] 1281/1600  0.6 games/s  ETA 0h09m34s
[pb-ab-O-shovefr-d4.var] 1282/1600  0.6 games/s  ETA 0h09m32s
[pb-ab-O-shovefr-d4.var] 1283/1600  0.6 games/s  ETA 0h09m31s
[pb-ab-O-shovefr-d4.var] 1285/1600  0.6 games/s  ETA 0h09m27s
[pb-ab-O-shovefr-d4.var] 1286/1600  0.6 games/s  ETA 0h09m25s
[pb-ab-O-shovefr-d4.var] 1287/1600  0.6 games/s  ETA 0h09m23s
[pb-ab-O-shovefr-d4.var] 1288/1600  0.6 games/s  ETA 0h09m21s
[pb-ab-O-shovefr-d4.var] 1288/1600  0.6 games/s  ETA 0h09m22s
[pb-ab-O-shovefr-d4.var] 1289/1600  0.6 games/s  ETA 0h09m20s
[pb-ab-O-shovefr-d4.var] 1290/1600  0.6 games/s  ETA 0h09m18s
[pb-ab-O-shovefr-d4.var] 1291/1600  0.6 games/s  ETA 0h09m17s
[pb-ab-O-shovefr-d4.var] 1294/1600  0.6 games/s  ETA 0h09m10s
[pb-ab-O-shovefr-d4.var] 1294/1600  0.6 games/s  ETA 0h09m11s
[pb-ab-O-shovefr-d4.var] 1294/1600  0.6 games/s  ETA 0h09m11s
[pb-ab-O-shovefr-d4.var] 1295/1600  0.6 games/s  ETA 0h09m09s
[pb-ab-O-shovefr-d4.var] 1296/1600  0.6 games/s  ETA 0h09m08s
[pb-ab-O-shovefr-d4.var] 1297/1600  0.6 games/s  ETA 0h09m06s
[pb-ab-O-shovefr-d4.var] 1297/1600  0.6 games/s  ETA 0h09m06s
[pb-ab-O-shovefr-d4.var] 1297/1600  0.6 games/s  ETA 0h09m07s
[pb-ab-O-shovefr-d4.var] 1297/1600  0.6 games/s  ETA 0h09m07s
[pb-ab-O-shovefr-d4.var] 1298/1600  0.6 games/s  ETA 0h09m06s
[pb-ab-O-shovefr-d4.var] 1300/1600  0.6 games/s  ETA 0h09m02s
[pb-ab-O-shovefr-d4.var] 1301/1600  0.6 games/s  ETA 0h09m00s
[pb-ab-O-shovefr-d4.var] 1301/1600  0.6 games/s  ETA 0h09m00s
[pb-ab-O-shovefr-d4.var] 1303/1600  0.6 games/s  ETA 0h08m56s
[pb-ab-O-shovefr-d4.var] 1305/1600  0.6 games/s  ETA 0h08m52s
[pb-ab-O-shovefr-d4.var] 1305/1600  0.6 games/s  ETA 0h08m53s
[pb-ab-O-shovefr-d4.var] 1307/1600  0.6 games/s  ETA 0h08m49s
[pb-ab-O-shovefr-d4.var] 1307/1600  0.6 games/s  ETA 0h08m49s
[pb-ab-O-shovefr-d4.var] 1309/1600  0.6 games/s  ETA 0h08m45s
[pb-ab-O-shovefr-d4.var] 1309/1600  0.6 games/s  ETA 0h08m46s
[pb-ab-O-shovefr-d4.var] 1309/1600  0.6 games/s  ETA 0h08m46s
[pb-ab-O-shovefr-d4.var] 1313/1600  0.6 games/s  ETA 0h08m38s
[pb-ab-O-shovefr-d4.var] 1313/1600  0.6 games/s  ETA 0h08m38s
[pb-ab-O-shovefr-d4.var] 1314/1600  0.6 games/s  ETA 0h08m36s
[pb-ab-O-shovefr-d4.var] 1314/1600  0.6 games/s  ETA 0h08m37s
[pb-ab-O-shovefr-d4.var] 1314/1600  0.6 games/s  ETA 0h08m37s
[pb-ab-O-shovefr-d4.var] 1315/1600  0.6 games/s  ETA 0h08m36s
[pb-ab-O-shovefr-d4.var] 1315/1600  0.6 games/s  ETA 0h08m36s
[pb-ab-O-shovefr-d4.var] 1316/1600  0.6 games/s  ETA 0h08m34s
[pb-ab-O-shovefr-d4.var] 1317/1600  0.6 games/s  ETA 0h08m32s
[pb-ab-O-shovefr-d4.var] 1319/1600  0.6 games/s  ETA 0h08m28s
[pb-ab-O-shovefr-d4.var] 1320/1600  0.6 games/s  ETA 0h08m27s
[pb-ab-O-shovefr-d4.var] 1320/1600  0.6 games/s  ETA 0h08m27s
[pb-ab-O-shovefr-d4.var] 1321/1600  0.6 games/s  ETA 0h08m25s
[pb-ab-O-shovefr-d4.var] 1322/1600  0.6 games/s  ETA 0h08m24s
[pb-ab-O-shovefr-d4.var] 1322/1600  0.6 games/s  ETA 0h08m24s
[pb-ab-O-shovefr-d4.var] 1322/1600  0.6 games/s  ETA 0h08m24s
[pb-ab-O-shovefr-d4.var] 1323/1600  0.6 games/s  ETA 0h08m23s
[pb-ab-O-shovefr-d4.var] 1324/1600  0.6 games/s  ETA 0h08m21s
[pb-ab-O-shovefr-d4.var] 1326/1600  0.6 games/s  ETA 0h08m17s
[pb-ab-O-shovefr-d4.var] 1327/1600  0.6 games/s  ETA 0h08m15s
[pb-ab-O-shovefr-d4.var] 1328/1600  0.6 games/s  ETA 0h08m13s
[pb-ab-O-shovefr-d4.var] 1329/1600  0.6 games/s  ETA 0h08m12s
[pb-ab-O-shovefr-d4.var] 1330/1600  0.6 games/s  ETA 0h08m10s
[pb-ab-O-shovefr-d4.var] 1330/1600  0.6 games/s  ETA 0h08m10s
[pb-ab-O-shovefr-d4.var] 1332/1600  0.6 games/s  ETA 0h08m06s
[pb-ab-O-shovefr-d4.var] 1333/1600  0.6 games/s  ETA 0h08m04s
[pb-ab-O-shovefr-d4.var] 1333/1600  0.6 games/s  ETA 0h08m05s
[pb-ab-O-shovefr-d4.var] 1335/1600  0.6 games/s  ETA 0h08m01s
[pb-ab-O-shovefr-d4.var] 1335/1600  0.6 games/s  ETA 0h08m01s
[pb-ab-O-shovefr-d4.var] 1338/1600  0.6 games/s  ETA 0h07m55s
[pb-ab-O-shovefr-d4.var] 1338/1600  0.6 games/s  ETA 0h07m56s
[pb-ab-O-shovefr-d4.var] 1338/1600  0.5 games/s  ETA 0h07m56s
[pb-ab-O-shovefr-d4.var] 1339/1600  0.5 games/s  ETA 0h07m54s
[pb-ab-O-shovefr-d4.var] 1340/1600  0.5 games/s  ETA 0h07m52s
[pb-ab-O-shovefr-d4.var] 1342/1600  0.6 games/s  ETA 0h07m48s
[pb-ab-O-shovefr-d4.var] 1342/1600  0.5 games/s  ETA 0h07m49s
[pb-ab-O-shovefr-d4.var] 1344/1600  0.6 games/s  ETA 0h07m45s
[pb-ab-O-shovefr-d4.var] 1345/1600  0.6 games/s  ETA 0h07m43s
[pb-ab-O-shovefr-d4.var] 1345/1600  0.5 games/s  ETA 0h07m43s
[pb-ab-O-shovefr-d4.var] 1347/1600  0.5 games/s  ETA 0h07m40s
[pb-ab-O-shovefr-d4.var] 1347/1600  0.5 games/s  ETA 0h07m40s
[pb-ab-O-shovefr-d4.var] 1348/1600  0.5 games/s  ETA 0h07m38s
[pb-ab-O-shovefr-d4.var] 1349/1600  0.5 games/s  ETA 0h07m36s
[pb-ab-O-shovefr-d4.var] 1351/1600  0.5 games/s  ETA 0h07m32s
[pb-ab-O-shovefr-d4.var] 1353/1600  0.6 games/s  ETA 0h07m28s
[pb-ab-O-shovefr-d4.var] 1354/1600  0.6 games/s  ETA 0h07m27s
[pb-ab-O-shovefr-d4.var] 1355/1600  0.6 games/s  ETA 0h07m25s
[pb-ab-O-shovefr-d4.var] 1356/1600  0.6 games/s  ETA 0h07m23s
[pb-ab-O-shovefr-d4.var] 1356/1600  0.5 games/s  ETA 0h07m23s
[pb-ab-O-shovefr-d4.var] 1357/1600  0.5 games/s  ETA 0h07m22s
[pb-ab-O-shovefr-d4.var] 1358/1600  0.5 games/s  ETA 0h07m20s
[pb-ab-O-shovefr-d4.var] 1360/1600  0.5 games/s  ETA 0h07m16s
[pb-ab-O-shovefr-d4.var] 1361/1600  0.5 games/s  ETA 0h07m14s
[pb-ab-O-shovefr-d4.var] 1362/1600  0.5 games/s  ETA 0h07m12s
[pb-ab-O-shovefr-d4.var] 1363/1600  0.5 games/s  ETA 0h07m11s
[pb-ab-O-shovefr-d4.var] 1364/1600  0.5 games/s  ETA 0h07m09s
[pb-ab-O-shovefr-d4.var] 1367/1600  0.6 games/s  ETA 0h07m03s
[pb-ab-O-shovefr-d4.var] 1368/1600  0.6 games/s  ETA 0h07m01s
[pb-ab-O-shovefr-d4.var] 1368/1600  0.6 games/s  ETA 0h07m01s
[pb-ab-O-shovefr-d4.var] 1371/1600  0.6 games/s  ETA 0h06m55s
[pb-ab-O-shovefr-d4.var] 1371/1600  0.6 games/s  ETA 0h06m56s
[pb-ab-O-shovefr-d4.var] 1373/1600  0.6 games/s  ETA 0h06m52s
[pb-ab-O-shovefr-d4.var] 1374/1600  0.6 games/s  ETA 0h06m50s
[pb-ab-O-shovefr-d4.var] 1374/1600  0.6 games/s  ETA 0h06m50s
[pb-ab-O-shovefr-d4.var] 1375/1600  0.6 games/s  ETA 0h06m48s
[pb-ab-O-shovefr-d4.var] 1375/1600  0.5 games/s  ETA 0h06m49s
[pb-ab-O-shovefr-d4.var] 1376/1600  0.5 games/s  ETA 0h06m47s
[pb-ab-O-shovefr-d4.var] 1378/1600  0.6 games/s  ETA 0h06m43s
[pb-ab-O-shovefr-d4.var] 1379/1600  0.6 games/s  ETA 0h06m41s
[pb-ab-O-shovefr-d4.var] 1380/1600  0.5 games/s  ETA 0h06m40s
[pb-ab-O-shovefr-d4.var] 1381/1600  0.5 games/s  ETA 0h06m38s
[pb-ab-O-shovefr-d4.var] 1381/1600  0.5 games/s  ETA 0h06m38s
[pb-ab-O-shovefr-d4.var] 1381/1600  0.5 games/s  ETA 0h06m38s
[pb-ab-O-shovefr-d4.var] 1385/1600  0.6 games/s  ETA 0h06m30s
[pb-ab-O-shovefr-d4.var] 1386/1600  0.6 games/s  ETA 0h06m28s
[pb-ab-O-shovefr-d4.var] 1386/1600  0.5 games/s  ETA 0h06m29s
[pb-ab-O-shovefr-d4.var] 1386/1600  0.5 games/s  ETA 0h06m29s
[pb-ab-O-shovefr-d4.var] 1388/1600  0.5 games/s  ETA 0h06m25s
[pb-ab-O-shovefr-d4.var] 1388/1600  0.5 games/s  ETA 0h06m26s
[pb-ab-O-shovefr-d4.var] 1389/1600  0.5 games/s  ETA 0h06m24s
[pb-ab-O-shovefr-d4.var] 1390/1600  0.5 games/s  ETA 0h06m22s
[pb-ab-O-shovefr-d4.var] 1392/1600  0.5 games/s  ETA 0h06m18s
[pb-ab-O-shovefr-d4.var] 1394/1600  0.5 games/s  ETA 0h06m14s
[pb-ab-O-shovefr-d4.var] 1394/1600  0.5 games/s  ETA 0h06m14s
[pb-ab-O-shovefr-d4.var] 1394/1600  0.5 games/s  ETA 0h06m15s
[pb-ab-O-shovefr-d4.var] 1396/1600  0.5 games/s  ETA 0h06m11s
[pb-ab-O-shovefr-d4.var] 1399/1600  0.6 games/s  ETA 0h06m05s
[pb-ab-O-shovefr-d4.var] 1400/1600  0.6 games/s  ETA 0h06m03s
[pb-ab-O-shovefr-d4.var] 1401/1600  0.6 games/s  ETA 0h06m01s
[pb-ab-O-shovefr-d4.var] 1403/1600  0.6 games/s  ETA 0h05m57s
[pb-ab-O-shovefr-d4.var] 1403/1600  0.5 games/s  ETA 0h05m58s
[pb-ab-O-shovefr-d4.var] 1403/1600  0.5 games/s  ETA 0h05m58s
[pb-ab-O-shovefr-d4.var] 1405/1600  0.5 games/s  ETA 0h05m54s
[pb-ab-O-shovefr-d4.var] 1406/1600  0.5 games/s  ETA 0h05m52s
[pb-ab-O-shovefr-d4.var] 1407/1600  0.5 games/s  ETA 0h05m51s
[pb-ab-O-shovefr-d4.var] 1409/1600  0.6 games/s  ETA 0h05m47s
[pb-ab-O-shovefr-d4.var] 1411/1600  0.6 games/s  ETA 0h05m43s
[pb-ab-O-shovefr-d4.var] 1412/1600  0.6 games/s  ETA 0h05m41s
[pb-ab-O-shovefr-d4.var] 1413/1600  0.6 games/s  ETA 0h05m39s
[pb-ab-O-shovefr-d4.var] 1413/1600  0.5 games/s  ETA 0h05m40s
[pb-ab-O-shovefr-d4.var] 1415/1600  0.6 games/s  ETA 0h05m36s
[pb-ab-O-shovefr-d4.var] 1416/1600  0.6 games/s  ETA 0h05m34s
[pb-ab-O-shovefr-d4.var] 1416/1600  0.5 games/s  ETA 0h05m34s
[pb-ab-O-shovefr-d4.var] 1417/1600  0.5 games/s  ETA 0h05m32s
[pb-ab-O-shovefr-d4.var] 1420/1600  0.6 games/s  ETA 0h05m26s
[pb-ab-O-shovefr-d4.var] 1420/1600  0.6 games/s  ETA 0h05m27s
[pb-ab-O-shovefr-d4.var] 1420/1600  0.5 games/s  ETA 0h05m27s
[pb-ab-O-shovefr-d4.var] 1421/1600  0.5 games/s  ETA 0h05m25s
[pb-ab-O-shovefr-d4.var] 1422/1600  0.5 games/s  ETA 0h05m23s
[pb-ab-O-shovefr-d4.var] 1423/1600  0.5 games/s  ETA 0h05m22s
[pb-ab-O-shovefr-d4.var] 1424/1600  0.5 games/s  ETA 0h05m20s
[pb-ab-O-shovefr-d4.var] 1426/1600  0.5 games/s  ETA 0h05m16s
[pb-ab-O-shovefr-d4.var] 1427/1600  0.5 games/s  ETA 0h05m14s
[pb-ab-O-shovefr-d4.var] 1428/1600  0.5 games/s  ETA 0h05m12s
[pb-ab-O-shovefr-d4.var] 1429/1600  0.5 games/s  ETA 0h05m11s
[pb-ab-O-shovefr-d4.var] 1431/1600  0.6 games/s  ETA 0h05m07s
[pb-ab-O-shovefr-d4.var] 1431/1600  0.5 games/s  ETA 0h05m07s
[pb-ab-O-shovefr-d4.var] 1432/1600  0.5 games/s  ETA 0h05m05s
[pb-ab-O-shovefr-d4.var] 1433/1600  0.5 games/s  ETA 0h05m03s
[pb-ab-O-shovefr-d4.var] 1436/1600  0.6 games/s  ETA 0h04m57s
[pb-ab-O-shovefr-d4.var] 1437/1600  0.6 games/s  ETA 0h04m56s
[pb-ab-O-shovefr-d4.var] 1439/1600  0.6 games/s  ETA 0h04m52s
[pb-ab-O-shovefr-d4.var] 1439/1600  0.6 games/s  ETA 0h04m52s
[pb-ab-O-shovefr-d4.var] 1440/1600  0.6 games/s  ETA 0h04m50s
[pb-ab-O-shovefr-d4.var] 1441/1600  0.6 games/s  ETA 0h04m49s
[pb-ab-O-shovefr-d4.var] 1443/1600  0.6 games/s  ETA 0h04m45s
[pb-ab-O-shovefr-d4.var] 1444/1600  0.6 games/s  ETA 0h04m43s
[pb-ab-O-shovefr-d4.var] 1445/1600  0.6 games/s  ETA 0h04m41s
[pb-ab-O-shovefr-d4.var] 1447/1600  0.6 games/s  ETA 0h04m37s
[pb-ab-O-shovefr-d4.var] 1449/1600  0.6 games/s  ETA 0h04m33s
[pb-ab-O-shovefr-d4.var] 1451/1600  0.6 games/s  ETA 0h04m30s
[pb-ab-O-shovefr-d4.var] 1453/1600  0.6 games/s  ETA 0h04m26s
[pb-ab-O-shovefr-d4.var] 1453/1600  0.6 games/s  ETA 0h04m26s
[pb-ab-O-shovefr-d4.var] 1454/1600  0.6 games/s  ETA 0h04m24s
[pb-ab-O-shovefr-d4.var] 1455/1600  0.6 games/s  ETA 0h04m23s
[pb-ab-O-shovefr-d4.var] 1457/1600  0.6 games/s  ETA 0h04m19s
[pb-ab-O-shovefr-d4.var] 1458/1600  0.6 games/s  ETA 0h04m17s
[pb-ab-O-shovefr-d4.var] 1459/1600  0.6 games/s  ETA 0h04m15s
[pb-ab-O-shovefr-d4.var] 1460/1600  0.6 games/s  ETA 0h04m13s
[pb-ab-O-shovefr-d4.var] 1462/1600  0.6 games/s  ETA 0h04m10s
[pb-ab-O-shovefr-d4.var] 1463/1600  0.6 games/s  ETA 0h04m08s
[pb-ab-O-shovefr-d4.var] 1465/1600  0.6 games/s  ETA 0h04m04s
[pb-ab-O-shovefr-d4.var] 1468/1600  0.6 games/s  ETA 0h03m58s
[pb-ab-O-shovefr-d4.var] 1468/1600  0.6 games/s  ETA 0h03m58s
[pb-ab-O-shovefr-d4.var] 1468/1600  0.6 games/s  ETA 0h03m59s
[pb-ab-O-shovefr-d4.var] 1471/1600  0.6 games/s  ETA 0h03m53s
[pb-ab-O-shovefr-d4.var] 1472/1600  0.6 games/s  ETA 0h03m51s
[pb-ab-O-shovefr-d4.var] 1474/1600  0.6 games/s  ETA 0h03m47s
[pb-ab-O-shovefr-d4.var] 1476/1600  0.6 games/s  ETA 0h03m44s
[pb-ab-O-shovefr-d4.var] 1476/1600  0.6 games/s  ETA 0h03m44s
[pb-ab-O-shovefr-d4.var] 1478/1600  0.6 games/s  ETA 0h03m40s
[pb-ab-O-shovefr-d4.var] 1479/1600  0.6 games/s  ETA 0h03m38s
[pb-ab-O-shovefr-d4.var] 1480/1600  0.6 games/s  ETA 0h03m36s
[pb-ab-O-shovefr-d4.var] 1482/1600  0.6 games/s  ETA 0h03m33s
[pb-ab-O-shovefr-d4.var] 1483/1600  0.6 games/s  ETA 0h03m31s
[pb-ab-O-shovefr-d4.var] 1484/1600  0.6 games/s  ETA 0h03m29s
[pb-ab-O-shovefr-d4.var] 1485/1600  0.6 games/s  ETA 0h03m27s
[pb-ab-O-shovefr-d4.var] 1485/1600  0.6 games/s  ETA 0h03m27s
[pb-ab-O-shovefr-d4.var] 1486/1600  0.6 games/s  ETA 0h03m26s
[pb-ab-O-shovefr-d4.var] 1486/1600  0.6 games/s  ETA 0h03m26s
[pb-ab-O-shovefr-d4.var] 1487/1600  0.6 games/s  ETA 0h03m24s
[pb-ab-O-shovefr-d4.var] 1487/1600  0.6 games/s  ETA 0h03m24s
[pb-ab-O-shovefr-d4.var] 1488/1600  0.6 games/s  ETA 0h03m22s
[pb-ab-O-shovefr-d4.var] 1488/1600  0.6 games/s  ETA 0h03m23s
[pb-ab-O-shovefr-d4.var] 1490/1600  0.6 games/s  ETA 0h03m19s
[pb-ab-O-shovefr-d4.var] 1490/1600  0.6 games/s  ETA 0h03m19s
[pb-ab-O-shovefr-d4.var] 1491/1600  0.6 games/s  ETA 0h03m17s
[pb-ab-O-shovefr-d4.var] 1492/1600  0.6 games/s  ETA 0h03m15s
[pb-ab-O-shovefr-d4.var] 1493/1600  0.6 games/s  ETA 0h03m14s
[pb-ab-O-shovefr-d4.var] 1495/1600  0.6 games/s  ETA 0h03m10s
[pb-ab-O-shovefr-d4.var] 1496/1600  0.6 games/s  ETA 0h03m08s
[pb-ab-O-shovefr-d4.var] 1496/1600  0.6 games/s  ETA 0h03m08s
[pb-ab-O-shovefr-d4.var] 1497/1600  0.6 games/s  ETA 0h03m06s
[pb-ab-O-shovefr-d4.var] 1497/1600  0.6 games/s  ETA 0h03m06s
[pb-ab-O-shovefr-d4.var] 1499/1600  0.6 games/s  ETA 0h03m03s
[pb-ab-O-shovefr-d4.var] 1500/1600  0.6 games/s  ETA 0h03m01s
[pb-ab-O-shovefr-d4.var] 1502/1600  0.6 games/s  ETA 0h02m57s
[pb-ab-O-shovefr-d4.var] 1502/1600  0.6 games/s  ETA 0h02m57s
[pb-ab-O-shovefr-d4.var] 1502/1600  0.6 games/s  ETA 0h02m57s
[pb-ab-O-shovefr-d4.var] 1504/1600  0.6 games/s  ETA 0h02m54s
[pb-ab-O-shovefr-d4.var] 1504/1600  0.6 games/s  ETA 0h02m54s
[pb-ab-O-shovefr-d4.var] 1506/1600  0.6 games/s  ETA 0h02m50s
[pb-ab-O-shovefr-d4.var] 1507/1600  0.6 games/s  ETA 0h02m48s
[pb-ab-O-shovefr-d4.var] 1507/1600  0.6 games/s  ETA 0h02m48s
[pb-ab-O-shovefr-d4.var] 1508/1600  0.6 games/s  ETA 0h02m47s
[pb-ab-O-shovefr-d4.var] 1508/1600  0.6 games/s  ETA 0h02m47s
[pb-ab-O-shovefr-d4.var] 1508/1600  0.5 games/s  ETA 0h02m47s
[pb-ab-O-shovefr-d4.var] 1509/1600  0.5 games/s  ETA 0h02m45s
[pb-ab-O-shovefr-d4.var] 1511/1600  0.5 games/s  ETA 0h02m41s
[pb-ab-O-shovefr-d4.var] 1511/1600  0.5 games/s  ETA 0h02m41s
[pb-ab-O-shovefr-d4.var] 1511/1600  0.5 games/s  ETA 0h02m42s
[pb-ab-O-shovefr-d4.var] 1514/1600  0.5 games/s  ETA 0h02m36s
[pb-ab-O-shovefr-d4.var] 1515/1600  0.5 games/s  ETA 0h02m34s
[pb-ab-O-shovefr-d4.var] 1515/1600  0.5 games/s  ETA 0h02m34s
[pb-ab-O-shovefr-d4.var] 1516/1600  0.5 games/s  ETA 0h02m32s
[pb-ab-O-shovefr-d4.var] 1517/1600  0.5 games/s  ETA 0h02m31s
[pb-ab-O-shovefr-d4.var] 1518/1600  0.5 games/s  ETA 0h02m29s
[pb-ab-O-shovefr-d4.var] 1519/1600  0.5 games/s  ETA 0h02m27s
[pb-ab-O-shovefr-d4.var] 1519/1600  0.5 games/s  ETA 0h02m27s
[pb-ab-O-shovefr-d4.var] 1521/1600  0.5 games/s  ETA 0h02m23s
[pb-ab-O-shovefr-d4.var] 1522/1600  0.5 games/s  ETA 0h02m22s
[pb-ab-O-shovefr-d4.var] 1524/1600  0.5 games/s  ETA 0h02m18s
[pb-ab-O-shovefr-d4.var] 1526/1600  0.5 games/s  ETA 0h02m14s
[pb-ab-O-shovefr-d4.var] 1526/1600  0.5 games/s  ETA 0h02m14s
[pb-ab-O-shovefr-d4.var] 1528/1600  0.5 games/s  ETA 0h02m10s
[pb-ab-O-shovefr-d4.var] 1528/1600  0.5 games/s  ETA 0h02m11s
[pb-ab-O-shovefr-d4.var] 1529/1600  0.5 games/s  ETA 0h02m09s
[pb-ab-O-shovefr-d4.var] 1530/1600  0.5 games/s  ETA 0h02m07s
[pb-ab-O-shovefr-d4.var] 1532/1600  0.5 games/s  ETA 0h02m03s
[pb-ab-O-shovefr-d4.var] 1534/1600  0.5 games/s  ETA 0h02m00s
[pb-ab-O-shovefr-d4.var] 1534/1600  0.5 games/s  ETA 0h02m00s
[pb-ab-O-shovefr-d4.var] 1537/1600  0.6 games/s  ETA 0h01m54s
[pb-ab-O-shovefr-d4.var] 1537/1600  0.5 games/s  ETA 0h01m54s
[pb-ab-O-shovefr-d4.var] 1537/1600  0.5 games/s  ETA 0h01m54s
[pb-ab-O-shovefr-d4.var] 1538/1600  0.5 games/s  ETA 0h01m52s
[pb-ab-O-shovefr-d4.var] 1538/1600  0.5 games/s  ETA 0h01m52s
[pb-ab-O-shovefr-d4.var] 1539/1600  0.5 games/s  ETA 0h01m51s
[pb-ab-O-shovefr-d4.var] 1541/1600  0.5 games/s  ETA 0h01m47s
[pb-ab-O-shovefr-d4.var] 1542/1600  0.5 games/s  ETA 0h01m45s
[pb-ab-O-shovefr-d4.var] 1544/1600  0.5 games/s  ETA 0h01m41s
[pb-ab-O-shovefr-d4.var] 1545/1600  0.5 games/s  ETA 0h01m40s
[pb-ab-O-shovefr-d4.var] 1545/1600  0.5 games/s  ETA 0h01m40s
[pb-ab-O-shovefr-d4.var] 1547/1600  0.5 games/s  ETA 0h01m36s
[pb-ab-O-shovefr-d4.var] 1548/1600  0.5 games/s  ETA 0h01m34s
[pb-ab-O-shovefr-d4.var] 1549/1600  0.5 games/s  ETA 0h01m32s
[pb-ab-O-shovefr-d4.var] 1550/1600  0.5 games/s  ETA 0h01m31s
[pb-ab-O-shovefr-d4.var] 1551/1600  0.5 games/s  ETA 0h01m29s
[pb-ab-O-shovefr-d4.var] 1552/1600  0.5 games/s  ETA 0h01m27s
[pb-ab-O-shovefr-d4.var] 1552/1600  0.5 games/s  ETA 0h01m27s
[pb-ab-O-shovefr-d4.var] 1553/1600  0.5 games/s  ETA 0h01m25s
[pb-ab-O-shovefr-d4.var] 1554/1600  0.5 games/s  ETA 0h01m23s
[pb-ab-O-shovefr-d4.var] 1555/1600  0.5 games/s  ETA 0h01m21s
[pb-ab-O-shovefr-d4.var] 1557/1600  0.5 games/s  ETA 0h01m18s
[pb-ab-O-shovefr-d4.var] 1558/1600  0.5 games/s  ETA 0h01m16s
[pb-ab-O-shovefr-d4.var] 1559/1600  0.5 games/s  ETA 0h01m14s
[pb-ab-O-shovefr-d4.var] 1560/1600  0.5 games/s  ETA 0h01m12s
[pb-ab-O-shovefr-d4.var] 1560/1600  0.5 games/s  ETA 0h01m12s
[pb-ab-O-shovefr-d4.var] 1563/1600  0.5 games/s  ETA 0h01m07s
[pb-ab-O-shovefr-d4.var] 1564/1600  0.5 games/s  ETA 0h01m05s
[pb-ab-O-shovefr-d4.var] 1565/1600  0.5 games/s  ETA 0h01m03s
[pb-ab-O-shovefr-d4.var] 1566/1600  0.5 games/s  ETA 0h01m01s
[pb-ab-O-shovefr-d4.var] 1567/1600  0.5 games/s  ETA 0h01m00s
[pb-ab-O-shovefr-d4.var] 1567/1600  0.5 games/s  ETA 0h01m00s
[pb-ab-O-shovefr-d4.var] 1567/1600  0.5 games/s  ETA 0h01m00s
[pb-ab-O-shovefr-d4.var] 1568/1600  0.5 games/s  ETA 0h00m58s
[pb-ab-O-shovefr-d4.var] 1570/1600  0.5 games/s  ETA 0h00m54s
[pb-ab-O-shovefr-d4.var] 1570/1600  0.5 games/s  ETA 0h00m54s
[pb-ab-O-shovefr-d4.var] 1571/1600  0.5 games/s  ETA 0h00m52s
[pb-ab-O-shovefr-d4.var] 1573/1600  0.5 games/s  ETA 0h00m49s
[pb-ab-O-shovefr-d4.var] 1574/1600  0.5 games/s  ETA 0h00m47s
[pb-ab-O-shovefr-d4.var] 1576/1600  0.5 games/s  ETA 0h00m43s
[pb-ab-O-shovefr-d4.var] 1577/1600  0.5 games/s  ETA 0h00m41s
[pb-ab-O-shovefr-d4.var] 1579/1600  0.5 games/s  ETA 0h00m38s
[pb-ab-O-shovefr-d4.var] 1579/1600  0.5 games/s  ETA 0h00m38s
[pb-ab-O-shovefr-d4.var] 1581/1600  0.5 games/s  ETA 0h00m34s
[pb-ab-O-shovefr-d4.var] 1582/1600  0.5 games/s  ETA 0h00m32s
[pb-ab-O-shovefr-d4.var] 1582/1600  0.5 games/s  ETA 0h00m32s
[pb-ab-O-shovefr-d4.var] 1582/1600  0.5 games/s  ETA 0h00m32s
[pb-ab-O-shovefr-d4.var] 1583/1600  0.5 games/s  ETA 0h00m31s
[pb-ab-O-shovefr-d4.var] 1583/1600  0.5 games/s  ETA 0h00m31s
[pb-ab-O-shovefr-d4.var] 1586/1600  0.5 games/s  ETA 0h00m25s
[pb-ab-O-shovefr-d4.var] 1586/1600  0.5 games/s  ETA 0h00m25s
[pb-ab-O-shovefr-d4.var] 1587/1600  0.5 games/s  ETA 0h00m23s
[pb-ab-O-shovefr-d4.var] 1588/1600  0.5 games/s  ETA 0h00m21s
[pb-ab-O-shovefr-d4.var] 1589/1600  0.5 games/s  ETA 0h00m20s
[pb-ab-O-shovefr-d4.var] 1592/1600  0.5 games/s  ETA 0h00m14s
[pb-ab-O-shovefr-d4.var] 1593/1600  0.5 games/s  ETA 0h00m12s
[pb-ab-O-shovefr-d4.var] 1594/1600  0.5 games/s  ETA 0h00m10s
[pb-ab-O-shovefr-d4.var] 1595/1600  0.5 games/s  ETA 0h00m09s
[pb-ab-O-shovefr-d4.var] 1597/1600  0.5 games/s  ETA 0h00m05s
[pb-ab-O-shovefr-d4.var] 1597/1600  0.5 games/s  ETA 0h00m05s
[pb-ab-O-shovefr-d4.var] 1598/1600  0.5 games/s  ETA 0h00m03s
[pb-ab-O-shovefr-d4.var] 1599/1600  0.5 games/s  ETA 0h00m01s
[pb-ab-O-shovefr-d4.var] 1599/1600  0.5 games/s  ETA 0h00m01s
[pb-ab-O-shovefr-d4.var] 1599/1600  0.5 games/s  ETA 0h00m01s
[pb-ab-O-shovefr-d4.var] 1599/1600  0.5 games/s  ETA 0h00m01s
[pb-ab-O-shovefr-d4.var] 1600 games in 0h48m41s (0.5 games/s)
[pb-ab-O-shovefr-d4.var] summary -> sim/out/pb-ab-O-shovefr-d4.var.summary.json
# Rule A/B — pb-ab-O-shovefr-d4

`ogreShoveFriends=friends` against today's defaults.
1600 games per population, depth 4, the same 40 arrangements and the same
opening seeds in both (common random numbers). Control arm: `pb-ab-O-push-d4b.base`.

A symmetric rule changes both sides at once, so there is no match to run and no SPRT: this is a
paired two-population comparison. The interval is a 95% normal approximation on the
mean paired difference over arrangements; with few arrangements,
and with one interval per metric, read "significant" as "worth a second run", not as a test.

| metric | base (pooled) | with the rule (pooled) | mean paired difference ±95% | significant |
|---|---|---|---|---|
| white score | 0.509 | 0.508 | -0.001 ± 0.013 | no |
| decisive | 0.676 | 0.738 | +0.062 ± 0.021 | yes |
| draw rate | 0.306 | 0.247 | -0.059 ± 0.019 | yes |
| capped | 0.018 | 0.014 | -0.003 ± 0.006 | no |
| mean plies | 111.9 | 115.6 | +3.6 ± 1.6 | yes |
| branching factor | 30.9 | 30.6 | -0.3 ± 0.1 | yes |
| killer move | 0.221 | 0.229 | +0.008 ± 0.005 | yes |
| lead change | 0.042 | 0.042 | -0.001 ± 0.001 | no |
| uncertainty late | 0.625 | 0.623 | -0.002 ± 0.001 | yes |
| drama | 0.131 | 0.146 | +0.016 ± 0.007 | yes |
| permanence | 0.966 | 0.966 | -0.000 ± 0.000 | yes |
| min utilisation | 0.38 | 0.38 | -0.00 ± 0.00 | no |
| interest | 0.463 | 0.467 | +0.003 ± 0.002 | yes |
| interest (min-use) | 0.449 | 0.456 | +0.005 ± 0.005 | no |
| killerMove (resid.) | 0.003 | -0.003 | -0.006 ± 0.005 | yes |
| leadChange (resid.) | -0.001 | 0.001 | +0.003 ± 0.001 | yes |
| uncertaintyLate (resid.) | -0.003 | 0.003 | +0.007 ± 0.002 | yes |
| drama (resid.) | -0.001 | 0.001 | +0.002 ± 0.005 | no |
| permanence (resid.) | -0.001 | 0.001 | +0.001 ± 0.001 | yes |
| fairyUse (resid.) | 0.000 | 0.000 | +0.000 ± 0.000 | no |
| excessDecisiveness (resid.) | 0.045 | 0.002 | -0.052 ± 0.008 | yes |
| interest (resid.) | 0.003 | -0.000 | -0.004 ± 0.001 | yes |
| interestMinFairy (resid.) | 0.005 | 0.009 | +0.001 ± 0.005 | no |

## Degeneracy counters
| counter | base | with the rule |
|---|---|---|
| guard captures per game | 0.000 | 0.000 |
| games with a guard rampage (≥ 3 captures) | 0 (0.0%) | 0 (0.0%) |
| dead-material endings (draw50 + drawMaterial) | 36 (2.3%) | 50 (3.1%) |
| games where a king never moved | 456 (28.5%) | 428 (26.8%) |

## Per piece (both sides, whole population; moves and captures per game)
| piece | moves A | moves B | captures A | captures B | survival A | survival B |
|---|---|---|---|---|---|---|
| P | 21.17 | 21.68 | 3.57 | 3.64 | 38.0% | 36.3% |
| A | 15.96 | 16.26 | 3.73 | 3.77 | 53.9% | 52.3% |
| K | 14.35 | 15.55 | 1.16 | 1.28 | 100.0% | 100.0% |
| O | 11.35 | 11.56 | 0.97 | 1.05 | 65.3% | 60.8% |
| M | 9.76 | 9.93 | 0.97 | 1.00 | 36.4% | 34.6% |
| N | 8.31 | 8.43 | 1.50 | 1.52 | 14.6% | 13.9% |
| S | 7.60 | 7.81 | 1.18 | 1.21 | 49.2% | 48.0% |
| B | 6.43 | 6.50 | 1.32 | 1.34 | 28.5% | 26.9% |
| R | 6.40 | 6.75 | 1.35 | 1.40 | 30.4% | 28.9% |
| Q | 4.84 | 5.18 | 0.83 | 0.86 | 46.6% | 45.9% |
| G | 3.08 | 3.25 | 0.00 | 0.00 | 92.2% | 90.7% |
| L | 2.67 | 2.67 | 0.93 | 0.93 | 6.2% | 5.9% |

## Fairy events per game
| event | base | with the rule |
|---|---|---|
| archerShots | 3.73 | 3.77 |
| beastChainMoves | 0.93 | 0.95 |
| beastChainCaptures | 1.18 | 1.21 |
| maesterSwaps | 4.05 | 4.11 |
| maesterLongSwaps | 0.52 | 0.55 |
| paladinSacrifices | 0.49 | 0.49 |
| promotions | 0.11 | 0.13 |
| checks | 5.86 | 6.32 |
| ogreShoves | 2.58 | 2.37 |
| ogreShovesFriend | 2.36 | 2.37 |
| ogreShovesGuard | 0.02 | 0.02 |
| catapultChecks | 0.00 | 0.00 |

The pooled columns describe each whole population; the difference column is the mean over the
40 shared arrangements of (rule − base) on the same openings. The two can disagree in sign when the
pooled value is not a mean of the per-arrangement values (minimum utilisation is one). Trust the
paired column.

Elo of the variant population is not reported: both populations play themselves, so their scores
are not comparable as a match. Read the white score as a fairness check, not as a strength delta.

