[pb-ab-O-push2-d4.base] 1600 games (0 already done), 1600 to play on 6 workers -> sim/out/pb-ab-O-push2-d4.base.jsonl
[pb-ab-O-push2-d4.base] depth 4, 4 random opening plies, ply cap 300, pairs off (both sides identical; --pairs forces them on)
[pb-ab-O-push2-d4.base] rules {}, values {}
[pb-ab-O-push2-d4.base] 0/1600  0.0 games/s  ETA ?
[pb-ab-O-push2-d4.base] 1/1600  0.2 games/s  ETA 1h46m40s
[pb-ab-O-push2-d4.base] 3/1600  0.5 games/s  ETA 0h53m16s
[pb-ab-O-push2-d4.base] 4/1600  0.5 games/s  ETA 0h53m13s
[pb-ab-O-push2-d4.base] 6/1600  0.6 games/s  ETA 0h44m18s
[pb-ab-O-push2-d4.base] 8/1600  0.7 games/s  ETA 0h39m49s
[pb-ab-O-push2-d4.base] 9/1600  0.6 games/s  ETA 0h41m16s
[pb-ab-O-push2-d4.base] 11/1600  0.7 games/s  ETA 0h38m32s
[pb-ab-O-push2-d4.base] 13/1600  0.7 games/s  ETA 0h36m38s
[pb-ab-O-push2-d4.base] 16/1600  0.8 games/s  ETA 0h33m00s
[pb-ab-O-push2-d4.base] 18/1600  0.8 games/s  ETA 0h32m14s
[pb-ab-O-push2-d4.base] 19/1600  0.8 games/s  ETA 0h33m18s
[pb-ab-O-push2-d4.base] 20/1600  0.8 games/s  ETA 0h34m15s
[pb-ab-O-push2-d4.base] 20/1600  0.7 games/s  ETA 0h36m53s
[pb-ab-O-push2-d4.base] 23/1600  0.8 games/s  ETA 0h34m18s
[pb-ab-O-push2-d4.base] 24/1600  0.7 games/s  ETA 0h35m02s
[pb-ab-O-push2-d4.base] 24/1600  0.7 games/s  ETA 0h37m13s
[pb-ab-O-push2-d4.base] 27/1600  0.7 games/s  ETA 0h34m58s
[pb-ab-O-push2-d4.base] 31/1600  0.8 games/s  ETA 0h32m04s
[pb-ab-O-push2-d4.base] 33/1600  0.8 games/s  ETA 0h31m40s
[pb-ab-O-push2-d4.base] 35/1600  0.8 games/s  ETA 0h31m18s
[pb-ab-O-push2-d4.base] 36/1600  0.8 games/s  ETA 0h31m52s
[pb-ab-O-push2-d4.base] 39/1600  0.8 games/s  ETA 0h30m42s
[pb-ab-O-push2-d4.base] 43/1600  0.9 games/s  ETA 0h28m58s
[pb-ab-O-push2-d4.base] 43/1600  0.9 games/s  ETA 0h30m11s
[pb-ab-O-push2-d4.base] 43/1600  0.8 games/s  ETA 0h31m23s
[pb-ab-O-push2-d4.base] 47/1600  0.9 games/s  ETA 0h29m45s
[pb-ab-O-push2-d4.base] 48/1600  0.9 games/s  ETA 0h30m11s
[pb-ab-O-push2-d4.base] 48/1600  0.8 games/s  ETA 0h31m16s
[pb-ab-O-push2-d4.base] 49/1600  0.8 games/s  ETA 0h31m40s
[pb-ab-O-push2-d4.base] 51/1600  0.8 games/s  ETA 0h31m24s
[pb-ab-O-push2-d4.base] 53/1600  0.8 games/s  ETA 0h31m09s
[pb-ab-O-push2-d4.base] 53/1600  0.8 games/s  ETA 0h32m07s
[pb-ab-O-push2-d4.base] 54/1600  0.8 games/s  ETA 0h32m27s
[pb-ab-O-push2-d4.base] 57/1600  0.8 games/s  ETA 0h31m35s
[pb-ab-O-push2-d4.base] 58/1600  0.8 games/s  ETA 0h31m55s
[pb-ab-O-push2-d4.base] 60/1600  0.8 games/s  ETA 0h31m40s
[pb-ab-O-push2-d4.base] 61/1600  0.8 games/s  ETA 0h31m58s
[pb-ab-O-push2-d4.base] 62/1600  0.8 games/s  ETA 0h32m15s
[pb-ab-O-push2-d4.base] 64/1600  0.8 games/s  ETA 0h32m00s
[pb-ab-O-push2-d4.base] 65/1600  0.8 games/s  ETA 0h32m17s
[pb-ab-O-push2-d4.base] 66/1600  0.8 games/s  ETA 0h32m33s
[pb-ab-O-push2-d4.base] 68/1600  0.8 games/s  ETA 0h32m18s
[pb-ab-O-push2-d4.base] 74/1600  0.8 games/s  ETA 0h30m15s
[pb-ab-O-push2-d4.base] 75/1600  0.8 games/s  ETA 0h30m30s
[pb-ab-O-push2-d4.base] 76/1600  0.8 games/s  ETA 0h30m45s
[pb-ab-O-push2-d4.base] 81/1600  0.9 games/s  ETA 0h29m23s
[pb-ab-O-push2-d4.base] 82/1600  0.9 games/s  ETA 0h29m38s
[pb-ab-O-push2-d4.base] 83/1600  0.8 games/s  ETA 0h29m52s
[pb-ab-O-push2-d4.base] 86/1600  0.9 games/s  ETA 0h29m21s
[pb-ab-O-push2-d4.base] 87/1600  0.9 games/s  ETA 0h29m34s
[pb-ab-O-push2-d4.base] 89/1600  0.9 games/s  ETA 0h29m26s
[pb-ab-O-push2-d4.base] 91/1600  0.9 games/s  ETA 0h29m18s
[pb-ab-O-push2-d4.base] 94/1600  0.9 games/s  ETA 0h28m51s
[pb-ab-O-push2-d4.base] 96/1600  0.9 games/s  ETA 0h28m44s
[pb-ab-O-push2-d4.base] 96/1600  0.9 games/s  ETA 0h29m15s
[pb-ab-O-push2-d4.base] 99/1600  0.9 games/s  ETA 0h28m49s
[pb-ab-O-push2-d4.base] 101/1600  0.9 games/s  ETA 0h28m42s
[pb-ab-O-push2-d4.base] 102/1600  0.9 games/s  ETA 0h28m53s
[pb-ab-O-push2-d4.base] 105/1600  0.9 games/s  ETA 0h28m29s
[pb-ab-O-push2-d4.base] 106/1600  0.9 games/s  ETA 0h28m40s
[pb-ab-O-push2-d4.base] 108/1600  0.9 games/s  ETA 0h28m33s
[pb-ab-O-push2-d4.base] 109/1600  0.9 games/s  ETA 0h28m44s
[pb-ab-O-push2-d4.base] 112/1600  0.9 games/s  ETA 0h28m21s
[pb-ab-O-push2-d4.base] 113/1600  0.9 games/s  ETA 0h28m31s
[pb-ab-O-push2-d4.base] 115/1600  0.9 games/s  ETA 0h28m25s
[pb-ab-O-push2-d4.base] 116/1600  0.9 games/s  ETA 0h28m35s
[pb-ab-O-push2-d4.base] 119/1600  0.9 games/s  ETA 0h28m13s
[pb-ab-O-push2-d4.base] 119/1600  0.9 games/s  ETA 0h28m38s
[pb-ab-O-push2-d4.base] 120/1600  0.9 games/s  ETA 0h28m47s
[pb-ab-O-push2-d4.base] 124/1600  0.9 games/s  ETA 0h28m11s
[pb-ab-O-push2-d4.base] 125/1600  0.9 games/s  ETA 0h28m20s
[pb-ab-O-push2-d4.base] 125/1600  0.9 games/s  ETA 0h28m43s
[pb-ab-O-push2-d4.base] 126/1600  0.9 games/s  ETA 0h28m52s
[pb-ab-O-push2-d4.base] 129/1600  0.9 games/s  ETA 0h28m31s
[pb-ab-O-push2-d4.base] 131/1600  0.9 games/s  ETA 0h28m25s
[pb-ab-O-push2-d4.base] 132/1600  0.9 games/s  ETA 0h28m33s
[pb-ab-O-push2-d4.base] 133/1600  0.9 games/s  ETA 0h28m41s
[pb-ab-O-push2-d4.base] 133/1600  0.8 games/s  ETA 0h29m03s
[pb-ab-O-push2-d4.base] 138/1600  0.9 games/s  ETA 0h28m15s
[pb-ab-O-push2-d4.base] 138/1600  0.9 games/s  ETA 0h28m37s
[pb-ab-O-push2-d4.base] 140/1600  0.9 games/s  ETA 0h28m31s
[pb-ab-O-push2-d4.base] 142/1600  0.9 games/s  ETA 0h28m25s
[pb-ab-O-push2-d4.base] 143/1600  0.9 games/s  ETA 0h28m32s
[pb-ab-O-push2-d4.base] 147/1600  0.9 games/s  ETA 0h28m01s
[pb-ab-O-push2-d4.base] 150/1600  0.9 games/s  ETA 0h27m43s
[pb-ab-O-push2-d4.base] 152/1600  0.9 games/s  ETA 0h27m38s
[pb-ab-O-push2-d4.base] 156/1600  0.9 games/s  ETA 0h27m09s
[pb-ab-O-push2-d4.base] 157/1600  0.9 games/s  ETA 0h27m16s
[pb-ab-O-push2-d4.base] 159/1600  0.9 games/s  ETA 0h27m12s
[pb-ab-O-push2-d4.base] 159/1600  0.9 games/s  ETA 0h27m30s
[pb-ab-O-push2-d4.base] 160/1600  0.9 games/s  ETA 0h27m36s
[pb-ab-O-push2-d4.base] 163/1600  0.9 games/s  ETA 0h27m20s
[pb-ab-O-push2-d4.base] 165/1600  0.9 games/s  ETA 0h27m15s
[pb-ab-O-push2-d4.base] 167/1600  0.9 games/s  ETA 0h27m11s
[pb-ab-O-push2-d4.base] 169/1600  0.9 games/s  ETA 0h27m06s
[pb-ab-O-push2-d4.base] 171/1600  0.9 games/s  ETA 0h27m02s
[pb-ab-O-push2-d4.base] 172/1600  0.9 games/s  ETA 0h27m08s
[pb-ab-O-push2-d4.base] 173/1600  0.9 games/s  ETA 0h27m14s
[pb-ab-O-push2-d4.base] 174/1600  0.9 games/s  ETA 0h27m19s
[pb-ab-O-push2-d4.base] 176/1600  0.9 games/s  ETA 0h27m15s
[pb-ab-O-push2-d4.base] 178/1600  0.9 games/s  ETA 0h27m10s
[pb-ab-O-push2-d4.base] 179/1600  0.9 games/s  ETA 0h27m16s
[pb-ab-O-push2-d4.base] 180/1600  0.9 games/s  ETA 0h27m21s
[pb-ab-O-push2-d4.base] 181/1600  0.9 games/s  ETA 0h27m27s
[pb-ab-O-push2-d4.base] 183/1600  0.9 games/s  ETA 0h27m22s
[pb-ab-O-push2-d4.base] 185/1600  0.9 games/s  ETA 0h27m17s
[pb-ab-O-push2-d4.base] 189/1600  0.9 games/s  ETA 0h26m53s
[pb-ab-O-push2-d4.base] 191/1600  0.9 games/s  ETA 0h26m48s
[pb-ab-O-push2-d4.base] 194/1600  0.9 games/s  ETA 0h26m35s
[pb-ab-O-push2-d4.base] 196/1600  0.9 games/s  ETA 0h26m31s
[pb-ab-O-push2-d4.base] 198/1600  0.9 games/s  ETA 0h26m26s
[pb-ab-O-push2-d4.base] 199/1600  0.9 games/s  ETA 0h26m31s
[pb-ab-O-push2-d4.base] 201/1600  0.9 games/s  ETA 0h26m27s
[pb-ab-O-push2-d4.base] 202/1600  0.9 games/s  ETA 0h26m32s
[pb-ab-O-push2-d4.base] 203/1600  0.9 games/s  ETA 0h26m37s
[pb-ab-O-push2-d4.base] 204/1600  0.9 games/s  ETA 0h26m42s
[pb-ab-O-push2-d4.base] 206/1600  0.9 games/s  ETA 0h26m37s
[pb-ab-O-push2-d4.base] 209/1600  0.9 games/s  ETA 0h26m24s
[pb-ab-O-push2-d4.base] 209/1600  0.9 games/s  ETA 0h26m38s
[pb-ab-O-push2-d4.base] 211/1600  0.9 games/s  ETA 0h26m33s
[pb-ab-O-push2-d4.base] 213/1600  0.9 games/s  ETA 0h26m29s
[pb-ab-O-push2-d4.base] 213/1600  0.9 games/s  ETA 0h26m42s
[pb-ab-O-push2-d4.base] 213/1600  0.9 games/s  ETA 0h26m55s
[pb-ab-O-push2-d4.base] 217/1600  0.9 games/s  ETA 0h26m34s
[pb-ab-O-push2-d4.base] 218/1600  0.9 games/s  ETA 0h26m38s
[pb-ab-O-push2-d4.base] 218/1600  0.9 games/s  ETA 0h26m51s
[pb-ab-O-push2-d4.base] 220/1600  0.9 games/s  ETA 0h26m46s
[pb-ab-O-push2-d4.base] 222/1600  0.9 games/s  ETA 0h26m42s
[pb-ab-O-push2-d4.base] 224/1600  0.9 games/s  ETA 0h26m37s
[pb-ab-O-push2-d4.base] 227/1600  0.9 games/s  ETA 0h26m25s
[pb-ab-O-push2-d4.base] 228/1600  0.9 games/s  ETA 0h26m29s
[pb-ab-O-push2-d4.base] 231/1600  0.9 games/s  ETA 0h26m17s
[pb-ab-O-push2-d4.base] 233/1600  0.9 games/s  ETA 0h26m13s
[pb-ab-O-push2-d4.base] 234/1600  0.9 games/s  ETA 0h26m16s
[pb-ab-O-push2-d4.base] 235/1600  0.9 games/s  ETA 0h26m20s
[pb-ab-O-push2-d4.base] 237/1600  0.9 games/s  ETA 0h26m16s
[pb-ab-O-push2-d4.base] 238/1600  0.9 games/s  ETA 0h26m20s
[pb-ab-O-push2-d4.base] 239/1600  0.9 games/s  ETA 0h26m23s
[pb-ab-O-push2-d4.base] 239/1600  0.9 games/s  ETA 0h26m35s
[pb-ab-O-push2-d4.base] 242/1600  0.9 games/s  ETA 0h26m23s
[pb-ab-O-push2-d4.base] 244/1600  0.9 games/s  ETA 0h26m19s
[pb-ab-O-push2-d4.base] 245/1600  0.9 games/s  ETA 0h26m22s
[pb-ab-O-push2-d4.base] 248/1600  0.9 games/s  ETA 0h26m10s
[pb-ab-O-push2-d4.base] 249/1600  0.9 games/s  ETA 0h26m14s
[pb-ab-O-push2-d4.base] 252/1600  0.9 games/s  ETA 0h26m02s
[pb-ab-O-push2-d4.base] 253/1600  0.9 games/s  ETA 0h26m06s
[pb-ab-O-push2-d4.base] 255/1600  0.9 games/s  ETA 0h26m02s
[pb-ab-O-push2-d4.base] 258/1600  0.9 games/s  ETA 0h25m50s
[pb-ab-O-push2-d4.base] 258/1600  0.9 games/s  ETA 0h26m01s
[pb-ab-O-push2-d4.base] 259/1600  0.9 games/s  ETA 0h26m04s
[pb-ab-O-push2-d4.base] 260/1600  0.9 games/s  ETA 0h26m07s
[pb-ab-O-push2-d4.base] 263/1600  0.9 games/s  ETA 0h25m56s
[pb-ab-O-push2-d4.base] 265/1600  0.9 games/s  ETA 0h25m52s
[pb-ab-O-push2-d4.base] 266/1600  0.9 games/s  ETA 0h25m55s
[pb-ab-O-push2-d4.base] 266/1600  0.9 games/s  ETA 0h26m05s
[pb-ab-O-push2-d4.base] 268/1600  0.9 games/s  ETA 0h26m01s
[pb-ab-O-push2-d4.base] 269/1600  0.9 games/s  ETA 0h26m04s
[pb-ab-O-push2-d4.base] 271/1600  0.9 games/s  ETA 0h26m00s
[pb-ab-O-push2-d4.base] 272/1600  0.8 games/s  ETA 0h26m03s
[pb-ab-O-push2-d4.base] 272/1600  0.8 games/s  ETA 0h26m12s
[pb-ab-O-push2-d4.base] 272/1600  0.8 games/s  ETA 0h26m22s
[pb-ab-O-push2-d4.base] 275/1600  0.8 games/s  ETA 0h26m11s
[pb-ab-O-push2-d4.base] 276/1600  0.8 games/s  ETA 0h26m14s
[pb-ab-O-push2-d4.base] 278/1600  0.8 games/s  ETA 0h26m10s
[pb-ab-O-push2-d4.base] 278/1600  0.8 games/s  ETA 0h26m19s
[pb-ab-O-push2-d4.base] 278/1600  0.8 games/s  ETA 0h26m29s
[pb-ab-O-push2-d4.base] 282/1600  0.8 games/s  ETA 0h26m11s
[pb-ab-O-push2-d4.base] 284/1600  0.8 games/s  ETA 0h26m07s
[pb-ab-O-push2-d4.base] 285/1600  0.8 games/s  ETA 0h26m09s
[pb-ab-O-push2-d4.base] 286/1600  0.8 games/s  ETA 0h26m12s
[pb-ab-O-push2-d4.base] 287/1600  0.8 games/s  ETA 0h26m14s
[pb-ab-O-push2-d4.base] 289/1600  0.8 games/s  ETA 0h26m10s
[pb-ab-O-push2-d4.base] 290/1600  0.8 games/s  ETA 0h26m12s
[pb-ab-O-push2-d4.base] 292/1600  0.8 games/s  ETA 0h26m08s
[pb-ab-O-push2-d4.base] 295/1600  0.8 games/s  ETA 0h25m57s
[pb-ab-O-push2-d4.base] 295/1600  0.8 games/s  ETA 0h26m06s
[pb-ab-O-push2-d4.base] 298/1600  0.8 games/s  ETA 0h25m56s
[pb-ab-O-push2-d4.base] 298/1600  0.8 games/s  ETA 0h26m04s
[pb-ab-O-push2-d4.base] 299/1600  0.8 games/s  ETA 0h26m07s
[pb-ab-O-push2-d4.base] 301/1600  0.8 games/s  ETA 0h26m03s
[pb-ab-O-push2-d4.base] 303/1600  0.8 games/s  ETA 0h25m58s
[pb-ab-O-push2-d4.base] 304/1600  0.8 games/s  ETA 0h26m01s
[pb-ab-O-push2-d4.base] 305/1600  0.8 games/s  ETA 0h26m03s
[pb-ab-O-push2-d4.base] 307/1600  0.8 games/s  ETA 0h25m59s
[pb-ab-O-push2-d4.base] 307/1600  0.8 games/s  ETA 0h26m07s
[pb-ab-O-push2-d4.base] 311/1600  0.8 games/s  ETA 0h25m50s
[pb-ab-O-push2-d4.base] 312/1600  0.8 games/s  ETA 0h25m52s
[pb-ab-O-push2-d4.base] 314/1600  0.8 games/s  ETA 0h25m48s
[pb-ab-O-push2-d4.base] 316/1600  0.8 games/s  ETA 0h25m44s
[pb-ab-O-push2-d4.base] 317/1600  0.8 games/s  ETA 0h25m46s
[pb-ab-O-push2-d4.base] 319/1600  0.8 games/s  ETA 0h25m42s
[pb-ab-O-push2-d4.base] 320/1600  0.8 games/s  ETA 0h25m44s
[pb-ab-O-push2-d4.base] 322/1600  0.8 games/s  ETA 0h25m40s
[pb-ab-O-push2-d4.base] 323/1600  0.8 games/s  ETA 0h25m42s
[pb-ab-O-push2-d4.base] 325/1600  0.8 games/s  ETA 0h25m38s
[pb-ab-O-push2-d4.base] 328/1600  0.8 games/s  ETA 0h25m28s
[pb-ab-O-push2-d4.base] 329/1600  0.8 games/s  ETA 0h25m30s
[pb-ab-O-push2-d4.base] 331/1600  0.8 games/s  ETA 0h25m26s
[pb-ab-O-push2-d4.base] 332/1600  0.8 games/s  ETA 0h25m28s
[pb-ab-O-push2-d4.base] 332/1600  0.8 games/s  ETA 0h25m36s
[pb-ab-O-push2-d4.base] 332/1600  0.8 games/s  ETA 0h25m43s
[pb-ab-O-push2-d4.base] 335/1600  0.8 games/s  ETA 0h25m33s
[pb-ab-O-push2-d4.base] 336/1600  0.8 games/s  ETA 0h25m35s
[pb-ab-O-push2-d4.base] 338/1600  0.8 games/s  ETA 0h25m31s
[pb-ab-O-push2-d4.base] 340/1600  0.8 games/s  ETA 0h25m27s
[pb-ab-O-push2-d4.base] 340/1600  0.8 games/s  ETA 0h25m35s
[pb-ab-O-push2-d4.base] 343/1600  0.8 games/s  ETA 0h25m25s
[pb-ab-O-push2-d4.base] 347/1600  0.8 games/s  ETA 0h25m10s
[pb-ab-O-push2-d4.base] 348/1600  0.8 games/s  ETA 0h25m11s
[pb-ab-O-push2-d4.base] 350/1600  0.8 games/s  ETA 0h25m07s
[pb-ab-O-push2-d4.base] 353/1600  0.8 games/s  ETA 0h24m58s
[pb-ab-O-push2-d4.base] 354/1600  0.8 games/s  ETA 0h25m00s
[pb-ab-O-push2-d4.base] 354/1600  0.8 games/s  ETA 0h25m07s
[pb-ab-O-push2-d4.base] 355/1600  0.8 games/s  ETA 0h25m08s
[pb-ab-O-push2-d4.base] 356/1600  0.8 games/s  ETA 0h25m10s
[pb-ab-O-push2-d4.base] 359/1600  0.8 games/s  ETA 0h25m01s
[pb-ab-O-push2-d4.base] 362/1600  0.8 games/s  ETA 0h24m51s
[pb-ab-O-push2-d4.base] 363/1600  0.8 games/s  ETA 0h24m53s
[pb-ab-O-push2-d4.base] 366/1600  0.8 games/s  ETA 0h24m44s
[pb-ab-O-push2-d4.base] 369/1600  0.8 games/s  ETA 0h24m35s
[pb-ab-O-push2-d4.base] 371/1600  0.8 games/s  ETA 0h24m31s
[pb-ab-O-push2-d4.base] 372/1600  0.8 games/s  ETA 0h24m33s
[pb-ab-O-push2-d4.base] 375/1600  0.8 games/s  ETA 0h24m24s
[pb-ab-O-push2-d4.base] 378/1600  0.8 games/s  ETA 0h24m15s
[pb-ab-O-push2-d4.base] 380/1600  0.8 games/s  ETA 0h24m11s
[pb-ab-O-push2-d4.base] 380/1600  0.8 games/s  ETA 0h24m18s
[pb-ab-O-push2-d4.base] 381/1600  0.8 games/s  ETA 0h24m19s
[pb-ab-O-push2-d4.base] 382/1600  0.8 games/s  ETA 0h24m21s
[pb-ab-O-push2-d4.base] 384/1600  0.8 games/s  ETA 0h24m17s
[pb-ab-O-push2-d4.base] 388/1600  0.8 games/s  ETA 0h24m03s
[pb-ab-O-push2-d4.base] 389/1600  0.8 games/s  ETA 0h24m05s
[pb-ab-O-push2-d4.base] 392/1600  0.8 games/s  ETA 0h23m56s
[pb-ab-O-push2-d4.base] 392/1600  0.8 games/s  ETA 0h24m02s
[pb-ab-O-push2-d4.base] 394/1600  0.8 games/s  ETA 0h23m59s
[pb-ab-O-push2-d4.base] 397/1600  0.8 games/s  ETA 0h23m50s
[pb-ab-O-push2-d4.base] 397/1600  0.8 games/s  ETA 0h23m57s
[pb-ab-O-push2-d4.base] 399/1600  0.8 games/s  ETA 0h23m53s
[pb-ab-O-push2-d4.base] 400/1600  0.8 games/s  ETA 0h23m54s
[pb-ab-O-push2-d4.base] 402/1600  0.8 games/s  ETA 0h23m51s
[pb-ab-O-push2-d4.base] 404/1600  0.8 games/s  ETA 0h23m47s
[pb-ab-O-push2-d4.base] 407/1600  0.8 games/s  ETA 0h23m39s
[pb-ab-O-push2-d4.base] 410/1600  0.8 games/s  ETA 0h23m31s
[pb-ab-O-push2-d4.base] 411/1600  0.8 games/s  ETA 0h23m32s
[pb-ab-O-push2-d4.base] 413/1600  0.8 games/s  ETA 0h23m29s
[pb-ab-O-push2-d4.base] 414/1600  0.8 games/s  ETA 0h23m30s
[pb-ab-O-push2-d4.base] 416/1600  0.8 games/s  ETA 0h23m26s
[pb-ab-O-push2-d4.base] 418/1600  0.8 games/s  ETA 0h23m23s
[pb-ab-O-push2-d4.base] 419/1600  0.8 games/s  ETA 0h23m24s
[pb-ab-O-push2-d4.base] 421/1600  0.8 games/s  ETA 0h23m20s
[pb-ab-O-push2-d4.base] 423/1600  0.8 games/s  ETA 0h23m17s
[pb-ab-O-push2-d4.base] 424/1600  0.8 games/s  ETA 0h23m18s
[pb-ab-O-push2-d4.base] 427/1600  0.8 games/s  ETA 0h23m10s
[pb-ab-O-push2-d4.base] 428/1600  0.8 games/s  ETA 0h23m11s
[pb-ab-O-push2-d4.base] 432/1600  0.8 games/s  ETA 0h22m59s
[pb-ab-O-push2-d4.base] 434/1600  0.8 games/s  ETA 0h22m56s
[pb-ab-O-push2-d4.base] 437/1600  0.8 games/s  ETA 0h22m48s
[pb-ab-O-push2-d4.base] 437/1600  0.8 games/s  ETA 0h22m53s
[pb-ab-O-push2-d4.base] 439/1600  0.8 games/s  ETA 0h22m50s
[pb-ab-O-push2-d4.base] 441/1600  0.8 games/s  ETA 0h22m47s
[pb-ab-O-push2-d4.base] 441/1600  0.8 games/s  ETA 0h22m52s
[pb-ab-O-push2-d4.base] 442/1600  0.8 games/s  ETA 0h22m53s
[pb-ab-O-push2-d4.base] 444/1600  0.8 games/s  ETA 0h22m50s
[pb-ab-O-push2-d4.base] 444/1600  0.8 games/s  ETA 0h22m55s
[pb-ab-O-push2-d4.base] 445/1600  0.8 games/s  ETA 0h22m56s
[pb-ab-O-push2-d4.base] 447/1600  0.8 games/s  ETA 0h22m52s
[pb-ab-O-push2-d4.base] 449/1600  0.8 games/s  ETA 0h22m49s
[pb-ab-O-push2-d4.base] 450/1600  0.8 games/s  ETA 0h22m50s
[pb-ab-O-push2-d4.base] 452/1600  0.8 games/s  ETA 0h22m47s
[pb-ab-O-push2-d4.base] 455/1600  0.8 games/s  ETA 0h22m39s
[pb-ab-O-push2-d4.base] 456/1600  0.8 games/s  ETA 0h22m40s
[pb-ab-O-push2-d4.base] 456/1600  0.8 games/s  ETA 0h22m45s
[pb-ab-O-push2-d4.base] 457/1600  0.8 games/s  ETA 0h22m46s
[pb-ab-O-push2-d4.base] 461/1600  0.8 games/s  ETA 0h22m34s
[pb-ab-O-push2-d4.base] 462/1600  0.8 games/s  ETA 0h22m35s
[pb-ab-O-push2-d4.base] 462/1600  0.8 games/s  ETA 0h22m40s
[pb-ab-O-push2-d4.base] 465/1600  0.8 games/s  ETA 0h22m32s
[pb-ab-O-push2-d4.base] 465/1600  0.8 games/s  ETA 0h22m37s
[pb-ab-O-push2-d4.base] 465/1600  0.8 games/s  ETA 0h22m42s
[pb-ab-O-push2-d4.base] 469/1600  0.8 games/s  ETA 0h22m31s
[pb-ab-O-push2-d4.base] 472/1600  0.8 games/s  ETA 0h22m23s
[pb-ab-O-push2-d4.base] 474/1600  0.8 games/s  ETA 0h22m20s
[pb-ab-O-push2-d4.base] 476/1600  0.8 games/s  ETA 0h22m17s
[pb-ab-O-push2-d4.base] 476/1600  0.8 games/s  ETA 0h22m21s
[pb-ab-O-push2-d4.base] 477/1600  0.8 games/s  ETA 0h22m22s
[pb-ab-O-push2-d4.base] 479/1600  0.8 games/s  ETA 0h22m19s
[pb-ab-O-push2-d4.base] 482/1600  0.8 games/s  ETA 0h22m12s
[pb-ab-O-push2-d4.base] 485/1600  0.8 games/s  ETA 0h22m04s
[pb-ab-O-push2-d4.base] 486/1600  0.8 games/s  ETA 0h22m05s
[pb-ab-O-push2-d4.base] 487/1600  0.8 games/s  ETA 0h22m06s
[pb-ab-O-push2-d4.base] 489/1600  0.8 games/s  ETA 0h22m02s
[pb-ab-O-push2-d4.base] 492/1600  0.8 games/s  ETA 0h21m55s
[pb-ab-O-push2-d4.base] 494/1600  0.8 games/s  ETA 0h21m52s
[pb-ab-O-push2-d4.base] 497/1600  0.8 games/s  ETA 0h21m45s
[pb-ab-O-push2-d4.base] 499/1600  0.8 games/s  ETA 0h21m42s
[pb-ab-O-push2-d4.base] 502/1600  0.8 games/s  ETA 0h21m35s
[pb-ab-O-push2-d4.base] 503/1600  0.8 games/s  ETA 0h21m36s
[pb-ab-O-push2-d4.base] 506/1600  0.8 games/s  ETA 0h21m29s
[pb-ab-O-push2-d4.base] 507/1600  0.8 games/s  ETA 0h21m29s
[pb-ab-O-push2-d4.base] 511/1600  0.9 games/s  ETA 0h21m19s
[pb-ab-O-push2-d4.base] 514/1600  0.9 games/s  ETA 0h21m12s
[pb-ab-O-push2-d4.base] 515/1600  0.9 games/s  ETA 0h21m13s
[pb-ab-O-push2-d4.base] 516/1600  0.9 games/s  ETA 0h21m13s
[pb-ab-O-push2-d4.base] 517/1600  0.8 games/s  ETA 0h21m14s
[pb-ab-O-push2-d4.base] 519/1600  0.9 games/s  ETA 0h21m11s
[pb-ab-O-push2-d4.base] 522/1600  0.9 games/s  ETA 0h21m04s
[pb-ab-O-push2-d4.base] 524/1600  0.9 games/s  ETA 0h21m01s
[pb-ab-O-push2-d4.base] 524/1600  0.9 games/s  ETA 0h21m05s
[pb-ab-O-push2-d4.base] 526/1600  0.9 games/s  ETA 0h21m02s
[pb-ab-O-push2-d4.base] 529/1600  0.9 games/s  ETA 0h20m55s
[pb-ab-O-push2-d4.base] 530/1600  0.9 games/s  ETA 0h20m56s
[pb-ab-O-push2-d4.base] 533/1600  0.9 games/s  ETA 0h20m49s
[pb-ab-O-push2-d4.base] 534/1600  0.9 games/s  ETA 0h20m50s
[pb-ab-O-push2-d4.base] 535/1600  0.9 games/s  ETA 0h20m50s
[pb-ab-O-push2-d4.base] 537/1600  0.9 games/s  ETA 0h20m47s
[pb-ab-O-push2-d4.base] 539/1600  0.9 games/s  ETA 0h20m44s
[pb-ab-O-push2-d4.base] 541/1600  0.9 games/s  ETA 0h20m41s
[pb-ab-O-push2-d4.base] 542/1600  0.9 games/s  ETA 0h20m42s
[pb-ab-O-push2-d4.base] 544/1600  0.9 games/s  ETA 0h20m39s
[pb-ab-O-push2-d4.base] 545/1600  0.9 games/s  ETA 0h20m39s
[pb-ab-O-push2-d4.base] 548/1600  0.9 games/s  ETA 0h20m33s
[pb-ab-O-push2-d4.base] 551/1600  0.9 games/s  ETA 0h20m26s
[pb-ab-O-push2-d4.base] 554/1600  0.9 games/s  ETA 0h20m20s
[pb-ab-O-push2-d4.base] 554/1600  0.9 games/s  ETA 0h20m24s
[pb-ab-O-push2-d4.base] 556/1600  0.9 games/s  ETA 0h20m21s
[pb-ab-O-push2-d4.base] 556/1600  0.9 games/s  ETA 0h20m24s
[pb-ab-O-push2-d4.base] 557/1600  0.9 games/s  ETA 0h20m25s
[pb-ab-O-push2-d4.base] 561/1600  0.9 games/s  ETA 0h20m15s
[pb-ab-O-push2-d4.base] 563/1600  0.9 games/s  ETA 0h20m12s
[pb-ab-O-push2-d4.base] 564/1600  0.9 games/s  ETA 0h20m12s
[pb-ab-O-push2-d4.base] 564/1600  0.9 games/s  ETA 0h20m16s
[pb-ab-O-push2-d4.base] 567/1600  0.9 games/s  ETA 0h20m10s
[pb-ab-O-push2-d4.base] 569/1600  0.9 games/s  ETA 0h20m07s
[pb-ab-O-push2-d4.base] 569/1600  0.9 games/s  ETA 0h20m10s
[pb-ab-O-push2-d4.base] 573/1600  0.9 games/s  ETA 0h20m01s
[pb-ab-O-push2-d4.base] 575/1600  0.9 games/s  ETA 0h19m58s
[pb-ab-O-push2-d4.base] 577/1600  0.9 games/s  ETA 0h19m55s
[pb-ab-O-push2-d4.base] 579/1600  0.9 games/s  ETA 0h19m52s
[pb-ab-O-push2-d4.base] 582/1600  0.9 games/s  ETA 0h19m46s
[pb-ab-O-push2-d4.base] 585/1600  0.9 games/s  ETA 0h19m40s
[pb-ab-O-push2-d4.base] 586/1600  0.9 games/s  ETA 0h19m40s
[pb-ab-O-push2-d4.base] 587/1600  0.9 games/s  ETA 0h19m40s
[pb-ab-O-push2-d4.base] 588/1600  0.9 games/s  ETA 0h19m41s
[pb-ab-O-push2-d4.base] 591/1600  0.9 games/s  ETA 0h19m35s
[pb-ab-O-push2-d4.base] 593/1600  0.9 games/s  ETA 0h19m32s
[pb-ab-O-push2-d4.base] 594/1600  0.9 games/s  ETA 0h19m32s
[pb-ab-O-push2-d4.base] 596/1600  0.9 games/s  ETA 0h19m29s
[pb-ab-O-push2-d4.base] 598/1600  0.9 games/s  ETA 0h19m26s
[pb-ab-O-push2-d4.base] 598/1600  0.9 games/s  ETA 0h19m30s
[pb-ab-O-push2-d4.base] 601/1600  0.9 games/s  ETA 0h19m24s
[pb-ab-O-push2-d4.base] 602/1600  0.9 games/s  ETA 0h19m24s
[pb-ab-O-push2-d4.base] 603/1600  0.9 games/s  ETA 0h19m24s
[pb-ab-O-push2-d4.base] 605/1600  0.9 games/s  ETA 0h19m21s
[pb-ab-O-push2-d4.base] 606/1600  0.9 games/s  ETA 0h19m21s
[pb-ab-O-push2-d4.base] 607/1600  0.9 games/s  ETA 0h19m22s
[pb-ab-O-push2-d4.base] 610/1600  0.9 games/s  ETA 0h19m16s
[pb-ab-O-push2-d4.base] 612/1600  0.9 games/s  ETA 0h19m13s
[pb-ab-O-push2-d4.base] 613/1600  0.9 games/s  ETA 0h19m13s
[pb-ab-O-push2-d4.base] 618/1600  0.9 games/s  ETA 0h19m01s
[pb-ab-O-push2-d4.base] 619/1600  0.9 games/s  ETA 0h19m01s
[pb-ab-O-push2-d4.base] 621/1600  0.9 games/s  ETA 0h18m58s
[pb-ab-O-push2-d4.base] 624/1600  0.9 games/s  ETA 0h18m52s
[pb-ab-O-push2-d4.base] 628/1600  0.9 games/s  ETA 0h18m44s
[pb-ab-O-push2-d4.base] 629/1600  0.9 games/s  ETA 0h18m44s
[pb-ab-O-push2-d4.base] 631/1600  0.9 games/s  ETA 0h18m41s
[pb-ab-O-push2-d4.base] 635/1600  0.9 games/s  ETA 0h18m32s
[pb-ab-O-push2-d4.base] 637/1600  0.9 games/s  ETA 0h18m30s
[pb-ab-O-push2-d4.base] 638/1600  0.9 games/s  ETA 0h18m30s
[pb-ab-O-push2-d4.base] 639/1600  0.9 games/s  ETA 0h18m30s
[pb-ab-O-push2-d4.base] 642/1600  0.9 games/s  ETA 0h18m24s
[pb-ab-O-push2-d4.base] 644/1600  0.9 games/s  ETA 0h18m22s
[pb-ab-O-push2-d4.base] 646/1600  0.9 games/s  ETA 0h18m19s
[pb-ab-O-push2-d4.base] 648/1600  0.9 games/s  ETA 0h18m16s
[pb-ab-O-push2-d4.base] 649/1600  0.9 games/s  ETA 0h18m16s
[pb-ab-O-push2-d4.base] 651/1600  0.9 games/s  ETA 0h18m13s
[pb-ab-O-push2-d4.base] 652/1600  0.9 games/s  ETA 0h18m13s
[pb-ab-O-push2-d4.base] 656/1600  0.9 games/s  ETA 0h18m05s
[pb-ab-O-push2-d4.base] 656/1600  0.9 games/s  ETA 0h18m08s
[pb-ab-O-push2-d4.base] 660/1600  0.9 games/s  ETA 0h18m00s
[pb-ab-O-push2-d4.base] 660/1600  0.9 games/s  ETA 0h18m02s
[pb-ab-O-push2-d4.base] 662/1600  0.9 games/s  ETA 0h18m00s
[pb-ab-O-push2-d4.base] 666/1600  0.9 games/s  ETA 0h17m51s
[pb-ab-O-push2-d4.base] 667/1600  0.9 games/s  ETA 0h17m52s
[pb-ab-O-push2-d4.base] 668/1600  0.9 games/s  ETA 0h17m52s
[pb-ab-O-push2-d4.base] 668/1600  0.9 games/s  ETA 0h17m54s
[pb-ab-O-push2-d4.base] 671/1600  0.9 games/s  ETA 0h17m49s
[pb-ab-O-push2-d4.base] 674/1600  0.9 games/s  ETA 0h17m43s
[pb-ab-O-push2-d4.base] 674/1600  0.9 games/s  ETA 0h17m46s
[pb-ab-O-push2-d4.base] 675/1600  0.9 games/s  ETA 0h17m46s
[pb-ab-O-push2-d4.base] 677/1600  0.9 games/s  ETA 0h17m43s
[pb-ab-O-push2-d4.base] 679/1600  0.9 games/s  ETA 0h17m41s
[pb-ab-O-push2-d4.base] 679/1600  0.9 games/s  ETA 0h17m43s
[pb-ab-O-push2-d4.base] 682/1600  0.9 games/s  ETA 0h17m38s
[pb-ab-O-push2-d4.base] 683/1600  0.9 games/s  ETA 0h17m38s
[pb-ab-O-push2-d4.base] 684/1600  0.9 games/s  ETA 0h17m38s
[pb-ab-O-push2-d4.base] 686/1600  0.9 games/s  ETA 0h17m35s
[pb-ab-O-push2-d4.base] 688/1600  0.9 games/s  ETA 0h17m33s
[pb-ab-O-push2-d4.base] 689/1600  0.9 games/s  ETA 0h17m33s
[pb-ab-O-push2-d4.base] 692/1600  0.9 games/s  ETA 0h17m27s
[pb-ab-O-push2-d4.base] 692/1600  0.9 games/s  ETA 0h17m30s
[pb-ab-O-push2-d4.base] 693/1600  0.9 games/s  ETA 0h17m30s
[pb-ab-O-push2-d4.base] 695/1600  0.9 games/s  ETA 0h17m27s
[pb-ab-O-push2-d4.base] 698/1600  0.9 games/s  ETA 0h17m22s
[pb-ab-O-push2-d4.base] 700/1600  0.9 games/s  ETA 0h17m19s
[pb-ab-O-push2-d4.base] 702/1600  0.9 games/s  ETA 0h17m16s
[pb-ab-O-push2-d4.base] 704/1600  0.9 games/s  ETA 0h17m13s
[pb-ab-O-push2-d4.base] 708/1600  0.9 games/s  ETA 0h17m06s
[pb-ab-O-push2-d4.base] 708/1600  0.9 games/s  ETA 0h17m08s
[pb-ab-O-push2-d4.base] 712/1600  0.9 games/s  ETA 0h17m00s
[pb-ab-O-push2-d4.base] 716/1600  0.9 games/s  ETA 0h16m52s
[pb-ab-O-push2-d4.base] 716/1600  0.9 games/s  ETA 0h16m55s
[pb-ab-O-push2-d4.base] 719/1600  0.9 games/s  ETA 0h16m50s
[pb-ab-O-push2-d4.base] 720/1600  0.9 games/s  ETA 0h16m50s
[pb-ab-O-push2-d4.base] 722/1600  0.9 games/s  ETA 0h16m47s
[pb-ab-O-push2-d4.base] 725/1600  0.9 games/s  ETA 0h16m42s
[pb-ab-O-push2-d4.base] 727/1600  0.9 games/s  ETA 0h16m39s
[pb-ab-O-push2-d4.base] 729/1600  0.9 games/s  ETA 0h16m36s
[pb-ab-O-push2-d4.base] 732/1600  0.9 games/s  ETA 0h16m31s
[pb-ab-O-push2-d4.base] 733/1600  0.9 games/s  ETA 0h16m31s
[pb-ab-O-push2-d4.base] 735/1600  0.9 games/s  ETA 0h16m29s
[pb-ab-O-push2-d4.base] 737/1600  0.9 games/s  ETA 0h16m26s
[pb-ab-O-push2-d4.base] 739/1600  0.9 games/s  ETA 0h16m23s
[pb-ab-O-push2-d4.base] 742/1600  0.9 games/s  ETA 0h16m18s
[pb-ab-O-push2-d4.base] 745/1600  0.9 games/s  ETA 0h16m13s
[pb-ab-O-push2-d4.base] 747/1600  0.9 games/s  ETA 0h16m11s
[pb-ab-O-push2-d4.base] 748/1600  0.9 games/s  ETA 0h16m10s
[pb-ab-O-push2-d4.base] 749/1600  0.9 games/s  ETA 0h16m10s
[pb-ab-O-push2-d4.base] 753/1600  0.9 games/s  ETA 0h16m03s
[pb-ab-O-push2-d4.base] 755/1600  0.9 games/s  ETA 0h16m00s
[pb-ab-O-push2-d4.base] 756/1600  0.9 games/s  ETA 0h16m00s
[pb-ab-O-push2-d4.base] 758/1600  0.9 games/s  ETA 0h15m58s
[pb-ab-O-push2-d4.base] 758/1600  0.9 games/s  ETA 0h16m00s
[pb-ab-O-push2-d4.base] 762/1600  0.9 games/s  ETA 0h15m52s
[pb-ab-O-push2-d4.base] 763/1600  0.9 games/s  ETA 0h15m52s
[pb-ab-O-push2-d4.base] 765/1600  0.9 games/s  ETA 0h15m50s
[pb-ab-O-push2-d4.base] 766/1600  0.9 games/s  ETA 0h15m49s
[pb-ab-O-push2-d4.base] 768/1600  0.9 games/s  ETA 0h15m47s
[pb-ab-O-push2-d4.base] 770/1600  0.9 games/s  ETA 0h15m44s
[pb-ab-O-push2-d4.base] 770/1600  0.9 games/s  ETA 0h15m46s
[pb-ab-O-push2-d4.base] 770/1600  0.9 games/s  ETA 0h15m49s
[pb-ab-O-push2-d4.base] 772/1600  0.9 games/s  ETA 0h15m46s
[pb-ab-O-push2-d4.base] 774/1600  0.9 games/s  ETA 0h15m43s
[pb-ab-O-push2-d4.base] 777/1600  0.9 games/s  ETA 0h15m38s
[pb-ab-O-push2-d4.base] 778/1600  0.9 games/s  ETA 0h15m38s
[pb-ab-O-push2-d4.base] 780/1600  0.9 games/s  ETA 0h15m36s
[pb-ab-O-push2-d4.base] 782/1600  0.9 games/s  ETA 0h15m33s
[pb-ab-O-push2-d4.base] 783/1600  0.9 games/s  ETA 0h15m33s
[pb-ab-O-push2-d4.base] 784/1600  0.9 games/s  ETA 0h15m33s
[pb-ab-O-push2-d4.base] 787/1600  0.9 games/s  ETA 0h15m28s
[pb-ab-O-push2-d4.base] 789/1600  0.9 games/s  ETA 0h15m25s
[pb-ab-O-push2-d4.base] 793/1600  0.9 games/s  ETA 0h15m18s
[pb-ab-O-push2-d4.base] 794/1600  0.9 games/s  ETA 0h15m18s
[pb-ab-O-push2-d4.base] 794/1600  0.9 games/s  ETA 0h15m20s
[pb-ab-O-push2-d4.base] 795/1600  0.9 games/s  ETA 0h15m19s
[pb-ab-O-push2-d4.base] 795/1600  0.9 games/s  ETA 0h15m21s
[pb-ab-O-push2-d4.base] 796/1600  0.9 games/s  ETA 0h15m21s
[pb-ab-O-push2-d4.base] 797/1600  0.9 games/s  ETA 0h15m21s
[pb-ab-O-push2-d4.base] 802/1600  0.9 games/s  ETA 0h15m11s
[pb-ab-O-push2-d4.base] 804/1600  0.9 games/s  ETA 0h15m09s
[pb-ab-O-push2-d4.base] 804/1600  0.9 games/s  ETA 0h15m11s
[pb-ab-O-push2-d4.base] 805/1600  0.9 games/s  ETA 0h15m11s
[pb-ab-O-push2-d4.base] 809/1600  0.9 games/s  ETA 0h15m03s
[pb-ab-O-push2-d4.base] 809/1600  0.9 games/s  ETA 0h15m05s
[pb-ab-O-push2-d4.base] 810/1600  0.9 games/s  ETA 0h15m05s
[pb-ab-O-push2-d4.base] 812/1600  0.9 games/s  ETA 0h15m02s
[pb-ab-O-push2-d4.base] 814/1600  0.9 games/s  ETA 0h15m00s
[pb-ab-O-push2-d4.base] 814/1600  0.9 games/s  ETA 0h15m02s
[pb-ab-O-push2-d4.base] 816/1600  0.9 games/s  ETA 0h14m59s
[pb-ab-O-push2-d4.base] 819/1600  0.9 games/s  ETA 0h14m54s
[pb-ab-O-push2-d4.base] 822/1600  0.9 games/s  ETA 0h14m50s
[pb-ab-O-push2-d4.base] 822/1600  0.9 games/s  ETA 0h14m52s
[pb-ab-O-push2-d4.base] 822/1600  0.9 games/s  ETA 0h14m53s
[pb-ab-O-push2-d4.base] 825/1600  0.9 games/s  ETA 0h14m49s
[pb-ab-O-push2-d4.base] 827/1600  0.9 games/s  ETA 0h14m46s
[pb-ab-O-push2-d4.base] 831/1600  0.9 games/s  ETA 0h14m39s
[pb-ab-O-push2-d4.base] 833/1600  0.9 games/s  ETA 0h14m37s
[pb-ab-O-push2-d4.base] 835/1600  0.9 games/s  ETA 0h14m34s
[pb-ab-O-push2-d4.base] 836/1600  0.9 games/s  ETA 0h14m34s
[pb-ab-O-push2-d4.base] 838/1600  0.9 games/s  ETA 0h14m31s
[pb-ab-O-push2-d4.base] 840/1600  0.9 games/s  ETA 0h14m29s
[pb-ab-O-push2-d4.base] 842/1600  0.9 games/s  ETA 0h14m26s
[pb-ab-O-push2-d4.base] 843/1600  0.9 games/s  ETA 0h14m26s
[pb-ab-O-push2-d4.base] 843/1600  0.9 games/s  ETA 0h14m27s
[pb-ab-O-push2-d4.base] 845/1600  0.9 games/s  ETA 0h14m25s
[pb-ab-O-push2-d4.base] 845/1600  0.9 games/s  ETA 0h14m27s
[pb-ab-O-push2-d4.base] 849/1600  0.9 games/s  ETA 0h14m20s
[pb-ab-O-push2-d4.base] 852/1600  0.9 games/s  ETA 0h14m15s
[pb-ab-O-push2-d4.base] 853/1600  0.9 games/s  ETA 0h14m15s
[pb-ab-O-push2-d4.base] 853/1600  0.9 games/s  ETA 0h14m16s
[pb-ab-O-push2-d4.base] 855/1600  0.9 games/s  ETA 0h14m14s
[pb-ab-O-push2-d4.base] 857/1600  0.9 games/s  ETA 0h14m11s
[pb-ab-O-push2-d4.base] 859/1600  0.9 games/s  ETA 0h14m09s
[pb-ab-O-push2-d4.base] 860/1600  0.9 games/s  ETA 0h14m08s
[pb-ab-O-push2-d4.base] 861/1600  0.9 games/s  ETA 0h14m08s
[pb-ab-O-push2-d4.base] 863/1600  0.9 games/s  ETA 0h14m05s
[pb-ab-O-push2-d4.base] 865/1600  0.9 games/s  ETA 0h14m03s
[pb-ab-O-push2-d4.base] 867/1600  0.9 games/s  ETA 0h14m00s
[pb-ab-O-push2-d4.base] 870/1600  0.9 games/s  ETA 0h13m56s
[pb-ab-O-push2-d4.base] 874/1600  0.9 games/s  ETA 0h13m49s
[pb-ab-O-push2-d4.base] 875/1600  0.9 games/s  ETA 0h13m48s
[pb-ab-O-push2-d4.base] 875/1600  0.9 games/s  ETA 0h13m50s
[pb-ab-O-push2-d4.base] 878/1600  0.9 games/s  ETA 0h13m46s
[pb-ab-O-push2-d4.base] 878/1600  0.9 games/s  ETA 0h13m47s
[pb-ab-O-push2-d4.base] 881/1600  0.9 games/s  ETA 0h13m43s
[pb-ab-O-push2-d4.base] 885/1600  0.9 games/s  ETA 0h13m36s
[pb-ab-O-push2-d4.base] 885/1600  0.9 games/s  ETA 0h13m38s
[pb-ab-O-push2-d4.base] 886/1600  0.9 games/s  ETA 0h13m37s
[pb-ab-O-push2-d4.base] 888/1600  0.9 games/s  ETA 0h13m35s
[pb-ab-O-push2-d4.base] 890/1600  0.9 games/s  ETA 0h13m32s
[pb-ab-O-push2-d4.base] 893/1600  0.9 games/s  ETA 0h13m27s
[pb-ab-O-push2-d4.base] 894/1600  0.9 games/s  ETA 0h13m27s
[pb-ab-O-push2-d4.base] 897/1600  0.9 games/s  ETA 0h13m22s
[pb-ab-O-push2-d4.base] 900/1600  0.9 games/s  ETA 0h13m18s
[pb-ab-O-push2-d4.base] 900/1600  0.9 games/s  ETA 0h13m19s
[pb-ab-O-push2-d4.base] 901/1600  0.9 games/s  ETA 0h13m19s
[pb-ab-O-push2-d4.base] 902/1600  0.9 games/s  ETA 0h13m18s
[pb-ab-O-push2-d4.base] 903/1600  0.9 games/s  ETA 0h13m18s
[pb-ab-O-push2-d4.base] 908/1600  0.9 games/s  ETA 0h13m09s
[pb-ab-O-push2-d4.base] 908/1600  0.9 games/s  ETA 0h13m11s
[pb-ab-O-push2-d4.base] 911/1600  0.9 games/s  ETA 0h13m06s
[pb-ab-O-push2-d4.base] 915/1600  0.9 games/s  ETA 0h13m00s
[pb-ab-O-push2-d4.base] 915/1600  0.9 games/s  ETA 0h13m01s
[pb-ab-O-push2-d4.base] 917/1600  0.9 games/s  ETA 0h12m59s
[pb-ab-O-push2-d4.base] 918/1600  0.9 games/s  ETA 0h12m58s
[pb-ab-O-push2-d4.base] 921/1600  0.9 games/s  ETA 0h12m54s
[pb-ab-O-push2-d4.base] 921/1600  0.9 games/s  ETA 0h12m55s
[pb-ab-O-push2-d4.base] 925/1600  0.9 games/s  ETA 0h12m49s
[pb-ab-O-push2-d4.base] 925/1600  0.9 games/s  ETA 0h12m50s
[pb-ab-O-push2-d4.base] 929/1600  0.9 games/s  ETA 0h12m44s
[pb-ab-O-push2-d4.base] 929/1600  0.9 games/s  ETA 0h12m46s
[pb-ab-O-push2-d4.base] 929/1600  0.9 games/s  ETA 0h12m47s
[pb-ab-O-push2-d4.base] 931/1600  0.9 games/s  ETA 0h12m44s
[pb-ab-O-push2-d4.base] 935/1600  0.9 games/s  ETA 0h12m38s
[pb-ab-O-push2-d4.base] 936/1600  0.9 games/s  ETA 0h12m38s
[pb-ab-O-push2-d4.base] 937/1600  0.9 games/s  ETA 0h12m37s
[pb-ab-O-push2-d4.base] 939/1600  0.9 games/s  ETA 0h12m34s
[pb-ab-O-push2-d4.base] 941/1600  0.9 games/s  ETA 0h12m32s
[pb-ab-O-push2-d4.base] 941/1600  0.9 games/s  ETA 0h12m33s
[pb-ab-O-push2-d4.base] 945/1600  0.9 games/s  ETA 0h12m27s
[pb-ab-O-push2-d4.base] 946/1600  0.9 games/s  ETA 0h12m27s
[pb-ab-O-push2-d4.base] 948/1600  0.9 games/s  ETA 0h12m24s
[pb-ab-O-push2-d4.base] 952/1600  0.9 games/s  ETA 0h12m18s
[pb-ab-O-push2-d4.base] 953/1600  0.9 games/s  ETA 0h12m17s
[pb-ab-O-push2-d4.base] 955/1600  0.9 games/s  ETA 0h12m15s
[pb-ab-O-push2-d4.base] 955/1600  0.9 games/s  ETA 0h12m16s
[pb-ab-O-push2-d4.base] 958/1600  0.9 games/s  ETA 0h12m12s
[pb-ab-O-push2-d4.base] 961/1600  0.9 games/s  ETA 0h12m07s
[pb-ab-O-push2-d4.base] 962/1600  0.9 games/s  ETA 0h12m07s
[pb-ab-O-push2-d4.base] 964/1600  0.9 games/s  ETA 0h12m04s
[pb-ab-O-push2-d4.base] 966/1600  0.9 games/s  ETA 0h12m02s
[pb-ab-O-push2-d4.base] 967/1600  0.9 games/s  ETA 0h12m01s
[pb-ab-O-push2-d4.base] 970/1600  0.9 games/s  ETA 0h11m57s
[pb-ab-O-push2-d4.base] 971/1600  0.9 games/s  ETA 0h11m56s
[pb-ab-O-push2-d4.base] 974/1600  0.9 games/s  ETA 0h11m52s
[pb-ab-O-push2-d4.base] 976/1600  0.9 games/s  ETA 0h11m50s
[pb-ab-O-push2-d4.base] 976/1600  0.9 games/s  ETA 0h11m51s
[pb-ab-O-push2-d4.base] 979/1600  0.9 games/s  ETA 0h11m46s
[pb-ab-O-push2-d4.base] 982/1600  0.9 games/s  ETA 0h11m42s
[pb-ab-O-push2-d4.base] 986/1600  0.9 games/s  ETA 0h11m36s
[pb-ab-O-push2-d4.base] 987/1600  0.9 games/s  ETA 0h11m35s
[pb-ab-O-push2-d4.base] 989/1600  0.9 games/s  ETA 0h11m33s
[pb-ab-O-push2-d4.base] 990/1600  0.9 games/s  ETA 0h11m32s
[pb-ab-O-push2-d4.base] 993/1600  0.9 games/s  ETA 0h11m28s
[pb-ab-O-push2-d4.base] 995/1600  0.9 games/s  ETA 0h11m26s
[pb-ab-O-push2-d4.base] 996/1600  0.9 games/s  ETA 0h11m25s
[pb-ab-O-push2-d4.base] 997/1600  0.9 games/s  ETA 0h11m24s
[pb-ab-O-push2-d4.base] 998/1600  0.9 games/s  ETA 0h11m24s
[pb-ab-O-push2-d4.base] 1000/1600  0.9 games/s  ETA 0h11m21s
[pb-ab-O-push2-d4.base] 1000/1600  0.9 games/s  ETA 0h11m23s
[pb-ab-O-push2-d4.base] 1003/1600  0.9 games/s  ETA 0h11m18s
[pb-ab-O-push2-d4.base] 1003/1600  0.9 games/s  ETA 0h11m20s
[pb-ab-O-push2-d4.base] 1005/1600  0.9 games/s  ETA 0h11m17s
[pb-ab-O-push2-d4.base] 1007/1600  0.9 games/s  ETA 0h11m15s
[pb-ab-O-push2-d4.base] 1007/1600  0.9 games/s  ETA 0h11m16s
[pb-ab-O-push2-d4.base] 1009/1600  0.9 games/s  ETA 0h11m13s
[pb-ab-O-push2-d4.base] 1010/1600  0.9 games/s  ETA 0h11m13s
[pb-ab-O-push2-d4.base] 1011/1600  0.9 games/s  ETA 0h11m12s
[pb-ab-O-push2-d4.base] 1012/1600  0.9 games/s  ETA 0h11m12s
[pb-ab-O-push2-d4.base] 1016/1600  0.9 games/s  ETA 0h11m05s
[pb-ab-O-push2-d4.base] 1016/1600  0.9 games/s  ETA 0h11m07s
[pb-ab-O-push2-d4.base] 1017/1600  0.9 games/s  ETA 0h11m06s
[pb-ab-O-push2-d4.base] 1018/1600  0.9 games/s  ETA 0h11m05s
[pb-ab-O-push2-d4.base] 1019/1600  0.9 games/s  ETA 0h11m05s
[pb-ab-O-push2-d4.base] 1021/1600  0.9 games/s  ETA 0h11m02s
[pb-ab-O-push2-d4.base] 1022/1600  0.9 games/s  ETA 0h11m02s
[pb-ab-O-push2-d4.base] 1024/1600  0.9 games/s  ETA 0h10m59s
[pb-ab-O-push2-d4.base] 1027/1600  0.9 games/s  ETA 0h10m55s
[pb-ab-O-push2-d4.base] 1027/1600  0.9 games/s  ETA 0h10m56s
[pb-ab-O-push2-d4.base] 1028/1600  0.9 games/s  ETA 0h10m55s
[pb-ab-O-push2-d4.base] 1029/1600  0.9 games/s  ETA 0h10m55s
[pb-ab-O-push2-d4.base] 1034/1600  0.9 games/s  ETA 0h10m47s
[pb-ab-O-push2-d4.base] 1035/1600  0.9 games/s  ETA 0h10m46s
[pb-ab-O-push2-d4.base] 1036/1600  0.9 games/s  ETA 0h10m45s
[pb-ab-O-push2-d4.base] 1038/1600  0.9 games/s  ETA 0h10m43s
[pb-ab-O-push2-d4.base] 1038/1600  0.9 games/s  ETA 0h10m44s
[pb-ab-O-push2-d4.base] 1039/1600  0.9 games/s  ETA 0h10m43s
[pb-ab-O-push2-d4.base] 1041/1600  0.9 games/s  ETA 0h10m41s
[pb-ab-O-push2-d4.base] 1044/1600  0.9 games/s  ETA 0h10m37s
[pb-ab-O-push2-d4.base] 1046/1600  0.9 games/s  ETA 0h10m34s
[pb-ab-O-push2-d4.base] 1046/1600  0.9 games/s  ETA 0h10m35s
[pb-ab-O-push2-d4.base] 1049/1600  0.9 games/s  ETA 0h10m31s
[pb-ab-O-push2-d4.base] 1050/1600  0.9 games/s  ETA 0h10m30s
[pb-ab-O-push2-d4.base] 1051/1600  0.9 games/s  ETA 0h10m30s
[pb-ab-O-push2-d4.base] 1053/1600  0.9 games/s  ETA 0h10m27s
[pb-ab-O-push2-d4.base] 1055/1600  0.9 games/s  ETA 0h10m25s
[pb-ab-O-push2-d4.base] 1058/1600  0.9 games/s  ETA 0h10m21s
[pb-ab-O-push2-d4.base] 1060/1600  0.9 games/s  ETA 0h10m18s
[pb-ab-O-push2-d4.base] 1061/1600  0.9 games/s  ETA 0h10m18s
[pb-ab-O-push2-d4.base] 1061/1600  0.9 games/s  ETA 0h10m19s
[pb-ab-O-push2-d4.base] 1062/1600  0.9 games/s  ETA 0h10m18s
[pb-ab-O-push2-d4.base] 1064/1600  0.9 games/s  ETA 0h10m15s
[pb-ab-O-push2-d4.base] 1065/1600  0.9 games/s  ETA 0h10m15s
[pb-ab-O-push2-d4.base] 1066/1600  0.9 games/s  ETA 0h10m14s
[pb-ab-O-push2-d4.base] 1069/1600  0.9 games/s  ETA 0h10m10s
[pb-ab-O-push2-d4.base] 1070/1600  0.9 games/s  ETA 0h10m09s
[pb-ab-O-push2-d4.base] 1072/1600  0.9 games/s  ETA 0h10m07s
[pb-ab-O-push2-d4.base] 1076/1600  0.9 games/s  ETA 0h10m01s
[pb-ab-O-push2-d4.base] 1077/1600  0.9 games/s  ETA 0h10m00s
[pb-ab-O-push2-d4.base] 1079/1600  0.9 games/s  ETA 0h09m58s
[pb-ab-O-push2-d4.base] 1081/1600  0.9 games/s  ETA 0h09m55s
[pb-ab-O-push2-d4.base] 1083/1600  0.9 games/s  ETA 0h09m53s
[pb-ab-O-push2-d4.base] 1084/1600  0.9 games/s  ETA 0h09m52s
[pb-ab-O-push2-d4.base] 1085/1600  0.9 games/s  ETA 0h09m51s
[pb-ab-O-push2-d4.base] 1088/1600  0.9 games/s  ETA 0h09m47s
[pb-ab-O-push2-d4.base] 1089/1600  0.9 games/s  ETA 0h09m46s
[pb-ab-O-push2-d4.base] 1093/1600  0.9 games/s  ETA 0h09m41s
[pb-ab-O-push2-d4.base] 1095/1600  0.9 games/s  ETA 0h09m38s
[pb-ab-O-push2-d4.base] 1098/1600  0.9 games/s  ETA 0h09m34s
[pb-ab-O-push2-d4.base] 1099/1600  0.9 games/s  ETA 0h09m33s
[pb-ab-O-push2-d4.base] 1100/1600  0.9 games/s  ETA 0h09m33s
[pb-ab-O-push2-d4.base] 1101/1600  0.9 games/s  ETA 0h09m32s
[pb-ab-O-push2-d4.base] 1102/1600  0.9 games/s  ETA 0h09m31s
[pb-ab-O-push2-d4.base] 1104/1600  0.9 games/s  ETA 0h09m29s
[pb-ab-O-push2-d4.base] 1107/1600  0.9 games/s  ETA 0h09m24s
[pb-ab-O-push2-d4.base] 1109/1600  0.9 games/s  ETA 0h09m22s
[pb-ab-O-push2-d4.base] 1113/1600  0.9 games/s  ETA 0h09m16s
[pb-ab-O-push2-d4.base] 1115/1600  0.9 games/s  ETA 0h09m14s
[pb-ab-O-push2-d4.base] 1115/1600  0.9 games/s  ETA 0h09m15s
[pb-ab-O-push2-d4.base] 1115/1600  0.9 games/s  ETA 0h09m16s
[pb-ab-O-push2-d4.base] 1119/1600  0.9 games/s  ETA 0h09m10s
[pb-ab-O-push2-d4.base] 1119/1600  0.9 games/s  ETA 0h09m11s
[pb-ab-O-push2-d4.base] 1121/1600  0.9 games/s  ETA 0h09m08s
[pb-ab-O-push2-d4.base] 1122/1600  0.9 games/s  ETA 0h09m08s
[pb-ab-O-push2-d4.base] 1124/1600  0.9 games/s  ETA 0h09m05s
[pb-ab-O-push2-d4.base] 1124/1600  0.9 games/s  ETA 0h09m06s
[pb-ab-O-push2-d4.base] 1126/1600  0.9 games/s  ETA 0h09m04s
[pb-ab-O-push2-d4.base] 1129/1600  0.9 games/s  ETA 0h09m00s
[pb-ab-O-push2-d4.base] 1131/1600  0.9 games/s  ETA 0h08m57s
[pb-ab-O-push2-d4.base] 1133/1600  0.9 games/s  ETA 0h08m55s
[pb-ab-O-push2-d4.base] 1134/1600  0.9 games/s  ETA 0h08m54s
[pb-ab-O-push2-d4.base] 1136/1600  0.9 games/s  ETA 0h08m52s
[pb-ab-O-push2-d4.base] 1138/1600  0.9 games/s  ETA 0h08m49s
[pb-ab-O-push2-d4.base] 1139/1600  0.9 games/s  ETA 0h08m48s
[pb-ab-O-push2-d4.base] 1140/1600  0.9 games/s  ETA 0h08m48s
[pb-ab-O-push2-d4.base] 1142/1600  0.9 games/s  ETA 0h08m45s
[pb-ab-O-push2-d4.base] 1143/1600  0.9 games/s  ETA 0h08m44s
[pb-ab-O-push2-d4.base] 1145/1600  0.9 games/s  ETA 0h08m42s
[pb-ab-O-push2-d4.base] 1145/1600  0.9 games/s  ETA 0h08m43s
[pb-ab-O-push2-d4.base] 1146/1600  0.9 games/s  ETA 0h08m42s
[pb-ab-O-push2-d4.base] 1148/1600  0.9 games/s  ETA 0h08m39s
[pb-ab-O-push2-d4.base] 1149/1600  0.9 games/s  ETA 0h08m39s
[pb-ab-O-push2-d4.base] 1151/1600  0.9 games/s  ETA 0h08m36s
[pb-ab-O-push2-d4.base] 1152/1600  0.9 games/s  ETA 0h08m35s
[pb-ab-O-push2-d4.base] 1154/1600  0.9 games/s  ETA 0h08m33s
[pb-ab-O-push2-d4.base] 1155/1600  0.9 games/s  ETA 0h08m32s
[pb-ab-O-push2-d4.base] 1156/1600  0.9 games/s  ETA 0h08m31s
[pb-ab-O-push2-d4.base] 1157/1600  0.9 games/s  ETA 0h08m31s
[pb-ab-O-push2-d4.base] 1158/1600  0.9 games/s  ETA 0h08m30s
[pb-ab-O-push2-d4.base] 1159/1600  0.9 games/s  ETA 0h08m29s
[pb-ab-O-push2-d4.base] 1160/1600  0.9 games/s  ETA 0h08m28s
[pb-ab-O-push2-d4.base] 1160/1600  0.9 games/s  ETA 0h08m29s
[pb-ab-O-push2-d4.base] 1161/1600  0.9 games/s  ETA 0h08m28s
[pb-ab-O-push2-d4.base] 1163/1600  0.9 games/s  ETA 0h08m26s
[pb-ab-O-push2-d4.base] 1166/1600  0.9 games/s  ETA 0h08m21s
[pb-ab-O-push2-d4.base] 1168/1600  0.9 games/s  ETA 0h08m19s
[pb-ab-O-push2-d4.base] 1170/1600  0.9 games/s  ETA 0h08m17s
[pb-ab-O-push2-d4.base] 1170/1600  0.9 games/s  ETA 0h08m17s
[pb-ab-O-push2-d4.base] 1172/1600  0.9 games/s  ETA 0h08m15s
[pb-ab-O-push2-d4.base] 1173/1600  0.9 games/s  ETA 0h08m14s
[pb-ab-O-push2-d4.base] 1174/1600  0.9 games/s  ETA 0h08m13s
[pb-ab-O-push2-d4.base] 1178/1600  0.9 games/s  ETA 0h08m08s
[pb-ab-O-push2-d4.base] 1179/1600  0.9 games/s  ETA 0h08m07s
[pb-ab-O-push2-d4.base] 1179/1600  0.9 games/s  ETA 0h08m08s
[pb-ab-O-push2-d4.base] 1181/1600  0.9 games/s  ETA 0h08m05s
[pb-ab-O-push2-d4.base] 1183/1600  0.9 games/s  ETA 0h08m03s
[pb-ab-O-push2-d4.base] 1185/1600  0.9 games/s  ETA 0h08m00s
[pb-ab-O-push2-d4.base] 1187/1600  0.9 games/s  ETA 0h07m58s
[pb-ab-O-push2-d4.base] 1190/1600  0.9 games/s  ETA 0h07m54s
[pb-ab-O-push2-d4.base] 1190/1600  0.9 games/s  ETA 0h07m55s
[pb-ab-O-push2-d4.base] 1193/1600  0.9 games/s  ETA 0h07m51s
[pb-ab-O-push2-d4.base] 1196/1600  0.9 games/s  ETA 0h07m47s
[pb-ab-O-push2-d4.base] 1196/1600  0.9 games/s  ETA 0h07m47s
[pb-ab-O-push2-d4.base] 1199/1600  0.9 games/s  ETA 0h07m43s
[pb-ab-O-push2-d4.base] 1200/1600  0.9 games/s  ETA 0h07m42s
[pb-ab-O-push2-d4.base] 1204/1600  0.9 games/s  ETA 0h07m37s
[pb-ab-O-push2-d4.base] 1205/1600  0.9 games/s  ETA 0h07m36s
[pb-ab-O-push2-d4.base] 1207/1600  0.9 games/s  ETA 0h07m34s
[pb-ab-O-push2-d4.base] 1209/1600  0.9 games/s  ETA 0h07m31s
[pb-ab-O-push2-d4.base] 1210/1600  0.9 games/s  ETA 0h07m30s
[pb-ab-O-push2-d4.base] 1212/1600  0.9 games/s  ETA 0h07m28s
[pb-ab-O-push2-d4.base] 1215/1600  0.9 games/s  ETA 0h07m24s
[pb-ab-O-push2-d4.base] 1218/1600  0.9 games/s  ETA 0h07m20s
[pb-ab-O-push2-d4.base] 1219/1600  0.9 games/s  ETA 0h07m19s
[pb-ab-O-push2-d4.base] 1221/1600  0.9 games/s  ETA 0h07m17s
[pb-ab-O-push2-d4.base] 1221/1600  0.9 games/s  ETA 0h07m17s
[pb-ab-O-push2-d4.base] 1223/1600  0.9 games/s  ETA 0h07m15s
[pb-ab-O-push2-d4.base] 1225/1600  0.9 games/s  ETA 0h07m13s
[pb-ab-O-push2-d4.base] 1227/1600  0.9 games/s  ETA 0h07m10s
[pb-ab-O-push2-d4.base] 1229/1600  0.9 games/s  ETA 0h07m08s
[pb-ab-O-push2-d4.base] 1230/1600  0.9 games/s  ETA 0h07m07s
[pb-ab-O-push2-d4.base] 1233/1600  0.9 games/s  ETA 0h07m03s
[pb-ab-O-push2-d4.base] 1234/1600  0.9 games/s  ETA 0h07m02s
[pb-ab-O-push2-d4.base] 1234/1600  0.9 games/s  ETA 0h07m03s
[pb-ab-O-push2-d4.base] 1236/1600  0.9 games/s  ETA 0h07m00s
[pb-ab-O-push2-d4.base] 1237/1600  0.9 games/s  ETA 0h06m59s
[pb-ab-O-push2-d4.base] 1237/1600  0.9 games/s  ETA 0h07m00s
[pb-ab-O-push2-d4.base] 1238/1600  0.9 games/s  ETA 0h06m59s
[pb-ab-O-push2-d4.base] 1240/1600  0.9 games/s  ETA 0h06m57s
[pb-ab-O-push2-d4.base] 1243/1600  0.9 games/s  ETA 0h06m53s
[pb-ab-O-push2-d4.base] 1244/1600  0.9 games/s  ETA 0h06m52s
[pb-ab-O-push2-d4.base] 1249/1600  0.9 games/s  ETA 0h06m45s
[pb-ab-O-push2-d4.base] 1249/1600  0.9 games/s  ETA 0h06m46s
[pb-ab-O-push2-d4.base] 1251/1600  0.9 games/s  ETA 0h06m43s
[pb-ab-O-push2-d4.base] 1252/1600  0.9 games/s  ETA 0h06m42s
[pb-ab-O-push2-d4.base] 1256/1600  0.9 games/s  ETA 0h06m37s
[pb-ab-O-push2-d4.base] 1256/1600  0.9 games/s  ETA 0h06m37s
[pb-ab-O-push2-d4.base] 1257/1600  0.9 games/s  ETA 0h06m36s
[pb-ab-O-push2-d4.base] 1258/1600  0.9 games/s  ETA 0h06m36s
[pb-ab-O-push2-d4.base] 1260/1600  0.9 games/s  ETA 0h06m33s
[pb-ab-O-push2-d4.base] 1262/1600  0.9 games/s  ETA 0h06m31s
[pb-ab-O-push2-d4.base] 1263/1600  0.9 games/s  ETA 0h06m30s
[pb-ab-O-push2-d4.base] 1266/1600  0.9 games/s  ETA 0h06m26s
[pb-ab-O-push2-d4.base] 1267/1600  0.9 games/s  ETA 0h06m25s
[pb-ab-O-push2-d4.base] 1268/1600  0.9 games/s  ETA 0h06m24s
[pb-ab-O-push2-d4.base] 1271/1600  0.9 games/s  ETA 0h06m20s
[pb-ab-O-push2-d4.base] 1271/1600  0.9 games/s  ETA 0h06m21s
[pb-ab-O-push2-d4.base] 1273/1600  0.9 games/s  ETA 0h06m18s
[pb-ab-O-push2-d4.base] 1274/1600  0.9 games/s  ETA 0h06m17s
[pb-ab-O-push2-d4.base] 1276/1600  0.9 games/s  ETA 0h06m15s
[pb-ab-O-push2-d4.base] 1277/1600  0.9 games/s  ETA 0h06m14s
[pb-ab-O-push2-d4.base] 1277/1600  0.9 games/s  ETA 0h06m15s
[pb-ab-O-push2-d4.base] 1277/1600  0.9 games/s  ETA 0h06m15s
[pb-ab-O-push2-d4.base] 1278/1600  0.9 games/s  ETA 0h06m14s
[pb-ab-O-push2-d4.base] 1280/1600  0.9 games/s  ETA 0h06m12s
[pb-ab-O-push2-d4.base] 1282/1600  0.9 games/s  ETA 0h06m09s
[pb-ab-O-push2-d4.base] 1283/1600  0.9 games/s  ETA 0h06m08s
[pb-ab-O-push2-d4.base] 1285/1600  0.9 games/s  ETA 0h06m06s
[pb-ab-O-push2-d4.base] 1286/1600  0.9 games/s  ETA 0h06m05s
[pb-ab-O-push2-d4.base] 1287/1600  0.9 games/s  ETA 0h06m04s
[pb-ab-O-push2-d4.base] 1289/1600  0.9 games/s  ETA 0h06m02s
[pb-ab-O-push2-d4.base] 1290/1600  0.9 games/s  ETA 0h06m01s
[pb-ab-O-push2-d4.base] 1291/1600  0.9 games/s  ETA 0h06m00s
[pb-ab-O-push2-d4.base] 1293/1600  0.9 games/s  ETA 0h05m57s
[pb-ab-O-push2-d4.base] 1297/1600  0.9 games/s  ETA 0h05m52s
[pb-ab-O-push2-d4.base] 1298/1600  0.9 games/s  ETA 0h05m51s
[pb-ab-O-push2-d4.base] 1299/1600  0.9 games/s  ETA 0h05m50s
[pb-ab-O-push2-d4.base] 1301/1600  0.9 games/s  ETA 0h05m48s
[pb-ab-O-push2-d4.base] 1303/1600  0.9 games/s  ETA 0h05m45s
[pb-ab-O-push2-d4.base] 1304/1600  0.9 games/s  ETA 0h05m44s
[pb-ab-O-push2-d4.base] 1306/1600  0.9 games/s  ETA 0h05m42s
[pb-ab-O-push2-d4.base] 1307/1600  0.9 games/s  ETA 0h05m41s
[pb-ab-O-push2-d4.base] 1308/1600  0.9 games/s  ETA 0h05m40s
[pb-ab-O-push2-d4.base] 1309/1600  0.9 games/s  ETA 0h05m39s
[pb-ab-O-push2-d4.base] 1313/1600  0.9 games/s  ETA 0h05m34s
[pb-ab-O-push2-d4.base] 1314/1600  0.9 games/s  ETA 0h05m33s
[pb-ab-O-push2-d4.base] 1315/1600  0.9 games/s  ETA 0h05m32s
[pb-ab-O-push2-d4.base] 1316/1600  0.9 games/s  ETA 0h05m31s
[pb-ab-O-push2-d4.base] 1317/1600  0.9 games/s  ETA 0h05m30s
[pb-ab-O-push2-d4.base] 1319/1600  0.9 games/s  ETA 0h05m27s
[pb-ab-O-push2-d4.base] 1320/1600  0.9 games/s  ETA 0h05m26s
[pb-ab-O-push2-d4.base] 1320/1600  0.9 games/s  ETA 0h05m27s
[pb-ab-O-push2-d4.base] 1321/1600  0.9 games/s  ETA 0h05m26s
[pb-ab-O-push2-d4.base] 1323/1600  0.9 games/s  ETA 0h05m23s
[pb-ab-O-push2-d4.base] 1326/1600  0.9 games/s  ETA 0h05m20s
[pb-ab-O-push2-d4.base] 1328/1600  0.9 games/s  ETA 0h05m17s
[pb-ab-O-push2-d4.base] 1330/1600  0.9 games/s  ETA 0h05m15s
[pb-ab-O-push2-d4.base] 1331/1600  0.9 games/s  ETA 0h05m14s
[pb-ab-O-push2-d4.base] 1332/1600  0.9 games/s  ETA 0h05m13s
[pb-ab-O-push2-d4.base] 1334/1600  0.9 games/s  ETA 0h05m10s
[pb-ab-O-push2-d4.base] 1336/1600  0.9 games/s  ETA 0h05m08s
[pb-ab-O-push2-d4.base] 1338/1600  0.9 games/s  ETA 0h05m06s
[pb-ab-O-push2-d4.base] 1338/1600  0.9 games/s  ETA 0h05m06s
[pb-ab-O-push2-d4.base] 1339/1600  0.9 games/s  ETA 0h05m05s
[pb-ab-O-push2-d4.base] 1341/1600  0.9 games/s  ETA 0h05m02s
[pb-ab-O-push2-d4.base] 1343/1600  0.9 games/s  ETA 0h05m00s
[pb-ab-O-push2-d4.base] 1345/1600  0.9 games/s  ETA 0h04m58s
[pb-ab-O-push2-d4.base] 1345/1600  0.9 games/s  ETA 0h04m58s
[pb-ab-O-push2-d4.base] 1349/1600  0.9 games/s  ETA 0h04m53s
[pb-ab-O-push2-d4.base] 1350/1600  0.9 games/s  ETA 0h04m52s
[pb-ab-O-push2-d4.base] 1351/1600  0.9 games/s  ETA 0h04m51s
[pb-ab-O-push2-d4.base] 1353/1600  0.9 games/s  ETA 0h04m48s
[pb-ab-O-push2-d4.base] 1354/1600  0.9 games/s  ETA 0h04m47s
[pb-ab-O-push2-d4.base] 1356/1600  0.9 games/s  ETA 0h04m45s
[pb-ab-O-push2-d4.base] 1358/1600  0.9 games/s  ETA 0h04m43s
[pb-ab-O-push2-d4.base] 1360/1600  0.9 games/s  ETA 0h04m40s
[pb-ab-O-push2-d4.base] 1362/1600  0.9 games/s  ETA 0h04m38s
[pb-ab-O-push2-d4.base] 1362/1600  0.9 games/s  ETA 0h04m38s
[pb-ab-O-push2-d4.base] 1365/1600  0.9 games/s  ETA 0h04m34s
[pb-ab-O-push2-d4.base] 1366/1600  0.9 games/s  ETA 0h04m33s
[pb-ab-O-push2-d4.base] 1369/1600  0.9 games/s  ETA 0h04m30s
[pb-ab-O-push2-d4.base] 1369/1600  0.9 games/s  ETA 0h04m30s
[pb-ab-O-push2-d4.base] 1371/1600  0.9 games/s  ETA 0h04m28s
[pb-ab-O-push2-d4.base] 1371/1600  0.9 games/s  ETA 0h04m28s
[pb-ab-O-push2-d4.base] 1373/1600  0.9 games/s  ETA 0h04m25s
[pb-ab-O-push2-d4.base] 1375/1600  0.9 games/s  ETA 0h04m23s
[pb-ab-O-push2-d4.base] 1376/1600  0.9 games/s  ETA 0h04m22s
[pb-ab-O-push2-d4.base] 1378/1600  0.9 games/s  ETA 0h04m20s
[pb-ab-O-push2-d4.base] 1381/1600  0.9 games/s  ETA 0h04m16s
[pb-ab-O-push2-d4.base] 1381/1600  0.9 games/s  ETA 0h04m16s
[pb-ab-O-push2-d4.base] 1382/1600  0.9 games/s  ETA 0h04m15s
[pb-ab-O-push2-d4.base] 1385/1600  0.9 games/s  ETA 0h04m11s
[pb-ab-O-push2-d4.base] 1386/1600  0.9 games/s  ETA 0h04m10s
[pb-ab-O-push2-d4.base] 1388/1600  0.9 games/s  ETA 0h04m08s
[pb-ab-O-push2-d4.base] 1389/1600  0.9 games/s  ETA 0h04m07s
[pb-ab-O-push2-d4.base] 1391/1600  0.9 games/s  ETA 0h04m05s
[pb-ab-O-push2-d4.base] 1394/1600  0.9 games/s  ETA 0h04m01s
[pb-ab-O-push2-d4.base] 1397/1600  0.9 games/s  ETA 0h03m57s
[pb-ab-O-push2-d4.base] 1398/1600  0.9 games/s  ETA 0h03m56s
[pb-ab-O-push2-d4.base] 1399/1600  0.9 games/s  ETA 0h03m55s
[pb-ab-O-push2-d4.base] 1401/1600  0.9 games/s  ETA 0h03m53s
[pb-ab-O-push2-d4.base] 1404/1600  0.9 games/s  ETA 0h03m49s
[pb-ab-O-push2-d4.base] 1406/1600  0.9 games/s  ETA 0h03m46s
[pb-ab-O-push2-d4.base] 1407/1600  0.9 games/s  ETA 0h03m45s
[pb-ab-O-push2-d4.base] 1407/1600  0.9 games/s  ETA 0h03m46s
[pb-ab-O-push2-d4.base] 1410/1600  0.9 games/s  ETA 0h03m42s
[pb-ab-O-push2-d4.base] 1413/1600  0.9 games/s  ETA 0h03m38s
[pb-ab-O-push2-d4.base] 1414/1600  0.9 games/s  ETA 0h03m37s
[pb-ab-O-push2-d4.base] 1414/1600  0.9 games/s  ETA 0h03m37s
[pb-ab-O-push2-d4.base] 1417/1600  0.9 games/s  ETA 0h03m34s
[pb-ab-O-push2-d4.base] 1418/1600  0.9 games/s  ETA 0h03m33s
[pb-ab-O-push2-d4.base] 1418/1600  0.9 games/s  ETA 0h03m33s
[pb-ab-O-push2-d4.base] 1421/1600  0.9 games/s  ETA 0h03m29s
[pb-ab-O-push2-d4.base] 1422/1600  0.9 games/s  ETA 0h03m28s
[pb-ab-O-push2-d4.base] 1424/1600  0.9 games/s  ETA 0h03m26s
[pb-ab-O-push2-d4.base] 1427/1600  0.9 games/s  ETA 0h03m22s
[pb-ab-O-push2-d4.base] 1427/1600  0.9 games/s  ETA 0h03m22s
[pb-ab-O-push2-d4.base] 1429/1600  0.9 games/s  ETA 0h03m20s
[pb-ab-O-push2-d4.base] 1432/1600  0.9 games/s  ETA 0h03m16s
[pb-ab-O-push2-d4.base] 1432/1600  0.9 games/s  ETA 0h03m16s
[pb-ab-O-push2-d4.base] 1434/1600  0.9 games/s  ETA 0h03m14s
[pb-ab-O-push2-d4.base] 1436/1600  0.9 games/s  ETA 0h03m12s
[pb-ab-O-push2-d4.base] 1438/1600  0.9 games/s  ETA 0h03m09s
[pb-ab-O-push2-d4.base] 1439/1600  0.9 games/s  ETA 0h03m08s
[pb-ab-O-push2-d4.base] 1439/1600  0.9 games/s  ETA 0h03m08s
[pb-ab-O-push2-d4.base] 1443/1600  0.9 games/s  ETA 0h03m03s
[pb-ab-O-push2-d4.base] 1443/1600  0.9 games/s  ETA 0h03m04s
[pb-ab-O-push2-d4.base] 1446/1600  0.9 games/s  ETA 0h03m00s
[pb-ab-O-push2-d4.base] 1449/1600  0.9 games/s  ETA 0h02m56s
[pb-ab-O-push2-d4.base] 1450/1600  0.9 games/s  ETA 0h02m55s
[pb-ab-O-push2-d4.base] 1451/1600  0.9 games/s  ETA 0h02m54s
[pb-ab-O-push2-d4.base] 1454/1600  0.9 games/s  ETA 0h02m50s
[pb-ab-O-push2-d4.base] 1456/1600  0.9 games/s  ETA 0h02m48s
[pb-ab-O-push2-d4.base] 1458/1600  0.9 games/s  ETA 0h02m46s
[pb-ab-O-push2-d4.base] 1458/1600  0.9 games/s  ETA 0h02m46s
[pb-ab-O-push2-d4.base] 1458/1600  0.9 games/s  ETA 0h02m46s
[pb-ab-O-push2-d4.base] 1460/1600  0.9 games/s  ETA 0h02m44s
[pb-ab-O-push2-d4.base] 1460/1600  0.9 games/s  ETA 0h02m44s
[pb-ab-O-push2-d4.base] 1460/1600  0.9 games/s  ETA 0h02m44s
[pb-ab-O-push2-d4.base] 1463/1600  0.9 games/s  ETA 0h02m40s
[pb-ab-O-push2-d4.base] 1466/1600  0.9 games/s  ETA 0h02m37s
[pb-ab-O-push2-d4.base] 1466/1600  0.9 games/s  ETA 0h02m37s
[pb-ab-O-push2-d4.base] 1469/1600  0.9 games/s  ETA 0h02m33s
[pb-ab-O-push2-d4.base] 1469/1600  0.9 games/s  ETA 0h02m33s
[pb-ab-O-push2-d4.base] 1472/1600  0.9 games/s  ETA 0h02m30s
[pb-ab-O-push2-d4.base] 1474/1600  0.9 games/s  ETA 0h02m27s
[pb-ab-O-push2-d4.base] 1476/1600  0.9 games/s  ETA 0h02m25s
[pb-ab-O-push2-d4.base] 1477/1600  0.9 games/s  ETA 0h02m24s
[pb-ab-O-push2-d4.base] 1479/1600  0.9 games/s  ETA 0h02m22s
[pb-ab-O-push2-d4.base] 1480/1600  0.9 games/s  ETA 0h02m20s
[pb-ab-O-push2-d4.base] 1482/1600  0.9 games/s  ETA 0h02m18s
[pb-ab-O-push2-d4.base] 1484/1600  0.9 games/s  ETA 0h02m16s
[pb-ab-O-push2-d4.base] 1484/1600  0.9 games/s  ETA 0h02m16s
[pb-ab-O-push2-d4.base] 1487/1600  0.9 games/s  ETA 0h02m12s
[pb-ab-O-push2-d4.base] 1489/1600  0.9 games/s  ETA 0h02m10s
[pb-ab-O-push2-d4.base] 1491/1600  0.9 games/s  ETA 0h02m07s
[pb-ab-O-push2-d4.base] 1494/1600  0.9 games/s  ETA 0h02m04s
[pb-ab-O-push2-d4.base] 1496/1600  0.9 games/s  ETA 0h02m01s
[pb-ab-O-push2-d4.base] 1497/1600  0.9 games/s  ETA 0h02m00s
[pb-ab-O-push2-d4.base] 1498/1600  0.9 games/s  ETA 0h01m59s
[pb-ab-O-push2-d4.base] 1500/1600  0.9 games/s  ETA 0h01m57s
[pb-ab-O-push2-d4.base] 1502/1600  0.9 games/s  ETA 0h01m55s
[pb-ab-O-push2-d4.base] 1504/1600  0.9 games/s  ETA 0h01m52s
[pb-ab-O-push2-d4.base] 1506/1600  0.9 games/s  ETA 0h01m50s
[pb-ab-O-push2-d4.base] 1506/1600  0.9 games/s  ETA 0h01m50s
[pb-ab-O-push2-d4.base] 1508/1600  0.9 games/s  ETA 0h01m48s
[pb-ab-O-push2-d4.base] 1511/1600  0.9 games/s  ETA 0h01m44s
[pb-ab-O-push2-d4.base] 1514/1600  0.9 games/s  ETA 0h01m40s
[pb-ab-O-push2-d4.base] 1514/1600  0.9 games/s  ETA 0h01m40s
[pb-ab-O-push2-d4.base] 1515/1600  0.9 games/s  ETA 0h01m39s
[pb-ab-O-push2-d4.base] 1518/1600  0.9 games/s  ETA 0h01m36s
[pb-ab-O-push2-d4.base] 1520/1600  0.9 games/s  ETA 0h01m33s
[pb-ab-O-push2-d4.base] 1520/1600  0.9 games/s  ETA 0h01m33s
[pb-ab-O-push2-d4.base] 1520/1600  0.9 games/s  ETA 0h01m34s
[pb-ab-O-push2-d4.base] 1522/1600  0.9 games/s  ETA 0h01m31s
[pb-ab-O-push2-d4.base] 1525/1600  0.9 games/s  ETA 0h01m28s
[pb-ab-O-push2-d4.base] 1526/1600  0.9 games/s  ETA 0h01m26s
[pb-ab-O-push2-d4.base] 1529/1600  0.9 games/s  ETA 0h01m23s
[pb-ab-O-push2-d4.base] 1531/1600  0.9 games/s  ETA 0h01m20s
[pb-ab-O-push2-d4.base] 1531/1600  0.9 games/s  ETA 0h01m21s
[pb-ab-O-push2-d4.base] 1532/1600  0.9 games/s  ETA 0h01m19s
[pb-ab-O-push2-d4.base] 1533/1600  0.9 games/s  ETA 0h01m18s
[pb-ab-O-push2-d4.base] 1535/1600  0.9 games/s  ETA 0h01m16s
[pb-ab-O-push2-d4.base] 1535/1600  0.8 games/s  ETA 0h01m16s
[pb-ab-O-push2-d4.base] 1537/1600  0.8 games/s  ETA 0h01m14s
[pb-ab-O-push2-d4.base] 1538/1600  0.8 games/s  ETA 0h01m13s
[pb-ab-O-push2-d4.base] 1541/1600  0.9 games/s  ETA 0h01m09s
[pb-ab-O-push2-d4.base] 1543/1600  0.9 games/s  ETA 0h01m07s
[pb-ab-O-push2-d4.base] 1546/1600  0.9 games/s  ETA 0h01m03s
[pb-ab-O-push2-d4.base] 1546/1600  0.8 games/s  ETA 0h01m03s
[pb-ab-O-push2-d4.base] 1547/1600  0.8 games/s  ETA 0h01m02s
[pb-ab-O-push2-d4.base] 1551/1600  0.9 games/s  ETA 0h00m57s
[pb-ab-O-push2-d4.base] 1553/1600  0.9 games/s  ETA 0h00m55s
[pb-ab-O-push2-d4.base] 1554/1600  0.9 games/s  ETA 0h00m54s
[pb-ab-O-push2-d4.base] 1555/1600  0.9 games/s  ETA 0h00m52s
[pb-ab-O-push2-d4.base] 1556/1600  0.8 games/s  ETA 0h00m51s
[pb-ab-O-push2-d4.base] 1557/1600  0.8 games/s  ETA 0h00m50s
[pb-ab-O-push2-d4.base] 1559/1600  0.8 games/s  ETA 0h00m48s
[pb-ab-O-push2-d4.base] 1562/1600  0.9 games/s  ETA 0h00m44s
[pb-ab-O-push2-d4.base] 1562/1600  0.8 games/s  ETA 0h00m44s
[pb-ab-O-push2-d4.base] 1563/1600  0.8 games/s  ETA 0h00m43s
[pb-ab-O-push2-d4.base] 1565/1600  0.8 games/s  ETA 0h00m41s
[pb-ab-O-push2-d4.base] 1565/1600  0.8 games/s  ETA 0h00m41s
[pb-ab-O-push2-d4.base] 1567/1600  0.8 games/s  ETA 0h00m38s
[pb-ab-O-push2-d4.base] 1569/1600  0.8 games/s  ETA 0h00m36s
[pb-ab-O-push2-d4.base] 1571/1600  0.8 games/s  ETA 0h00m34s
[pb-ab-O-push2-d4.base] 1572/1600  0.8 games/s  ETA 0h00m33s
[pb-ab-O-push2-d4.base] 1573/1600  0.8 games/s  ETA 0h00m31s
[pb-ab-O-push2-d4.base] 1575/1600  0.8 games/s  ETA 0h00m29s
[pb-ab-O-push2-d4.base] 1576/1600  0.8 games/s  ETA 0h00m28s
[pb-ab-O-push2-d4.base] 1581/1600  0.8 games/s  ETA 0h00m22s
[pb-ab-O-push2-d4.base] 1582/1600  0.8 games/s  ETA 0h00m21s
[pb-ab-O-push2-d4.base] 1583/1600  0.8 games/s  ETA 0h00m20s
[pb-ab-O-push2-d4.base] 1584/1600  0.8 games/s  ETA 0h00m18s
[pb-ab-O-push2-d4.base] 1586/1600  0.8 games/s  ETA 0h00m16s
[pb-ab-O-push2-d4.base] 1587/1600  0.8 games/s  ETA 0h00m15s
[pb-ab-O-push2-d4.base] 1591/1600  0.8 games/s  ETA 0h00m10s
[pb-ab-O-push2-d4.base] 1593/1600  0.8 games/s  ETA 0h00m08s
[pb-ab-O-push2-d4.base] 1594/1600  0.8 games/s  ETA 0h00m07s
[pb-ab-O-push2-d4.base] 1596/1600  0.8 games/s  ETA 0h00m04s
[pb-ab-O-push2-d4.base] 1596/1600  0.8 games/s  ETA 0h00m04s
[pb-ab-O-push2-d4.base] 1597/1600  0.8 games/s  ETA 0h00m03s
[pb-ab-O-push2-d4.base] 1599/1600  0.8 games/s  ETA 0h00m01s
[pb-ab-O-push2-d4.base] 1599/1600  0.8 games/s  ETA 0h00m01s
[pb-ab-O-push2-d4.base] 1600 games in 0h31m27s (0.8 games/s)
[pb-ab-O-push2-d4.base] summary -> sim/out/pb-ab-O-push2-d4.base.summary.json
[pb-ab-O-push2-d4.var] 1600 games (0 already done), 1600 to play on 6 workers -> sim/out/pb-ab-O-push2-d4.var.jsonl
[pb-ab-O-push2-d4.var] depth 4, 4 random opening plies, ply cap 300, pairs off (both sides identical; --pairs forces them on)
[pb-ab-O-push2-d4.var] rules {"ogreMode":"push"}, values {}
[pb-ab-O-push2-d4.var] 0/1600  0.0 games/s  ETA ?
[pb-ab-O-push2-d4.var] 1/1600  0.2 games/s  ETA 1h46m37s
[pb-ab-O-push2-d4.var] 2/1600  0.3 games/s  ETA 1h19m55s
[pb-ab-O-push2-d4.var] 3/1600  0.4 games/s  ETA 1h11m00s
[pb-ab-O-push2-d4.var] 5/1600  0.5 games/s  ETA 0h53m11s
[pb-ab-O-push2-d4.var] 6/1600  0.5 games/s  ETA 0h53m09s
[pb-ab-O-push2-d4.var] 9/1600  0.6 games/s  ETA 0h41m15s
[pb-ab-O-push2-d4.var] 9/1600  0.6 games/s  ETA 0h47m09s
[pb-ab-O-push2-d4.var] 11/1600  0.6 games/s  ETA 0h43m21s
[pb-ab-O-push2-d4.var] 13/1600  0.6 games/s  ETA 0h40m42s
[pb-ab-O-push2-d4.var] 14/1600  0.6 games/s  ETA 0h41m33s
[pb-ab-O-push2-d4.var] 18/1600  0.7 games/s  ETA 0h35m10s
[pb-ab-O-push2-d4.var] 18/1600  0.7 games/s  ETA 0h38m06s
[pb-ab-O-push2-d4.var] 20/1600  0.7 games/s  ETA 0h36m52s
[pb-ab-O-push2-d4.var] 20/1600  0.7 games/s  ETA 0h39m31s
[pb-ab-O-push2-d4.var] 22/1600  0.7 games/s  ETA 0h38m16s
[pb-ab-O-push2-d4.var] 23/1600  0.7 games/s  ETA 0h38m52s
[pb-ab-O-push2-d4.var] 24/1600  0.7 games/s  ETA 0h39m25s
[pb-ab-O-push2-d4.var] 24/1600  0.6 games/s  ETA 0h41m36s
[pb-ab-O-push2-d4.var] 26/1600  0.6 games/s  ETA 0h40m22s
[pb-ab-O-push2-d4.var] 30/1600  0.7 games/s  ETA 0h36m38s
[pb-ab-O-push2-d4.var] 31/1600  0.7 games/s  ETA 0h37m07s
[pb-ab-O-push2-d4.var] 34/1600  0.7 games/s  ETA 0h35m19s
[pb-ab-O-push2-d4.var] 36/1600  0.7 games/s  ETA 0h34m46s
[pb-ab-O-push2-d4.var] 37/1600  0.7 games/s  ETA 0h35m13s
[pb-ab-O-push2-d4.var] 39/1600  0.7 games/s  ETA 0h34m42s
[pb-ab-O-push2-d4.var] 42/1600  0.8 games/s  ETA 0h33m24s
[pb-ab-O-push2-d4.var] 43/1600  0.8 games/s  ETA 0h33m48s
[pb-ab-O-push2-d4.var] 43/1600  0.7 games/s  ETA 0h35m01s
[pb-ab-O-push2-d4.var] 46/1600  0.8 games/s  ETA 0h33m47s
[pb-ab-O-push2-d4.var] 47/1600  0.8 games/s  ETA 0h34m09s
[pb-ab-O-push2-d4.var] 48/1600  0.7 games/s  ETA 0h34m30s
[pb-ab-O-push2-d4.var] 49/1600  0.7 games/s  ETA 0h34m50s
[pb-ab-O-push2-d4.var] 51/1600  0.7 games/s  ETA 0h34m26s
[pb-ab-O-push2-d4.var] 51/1600  0.7 games/s  ETA 0h35m27s
[pb-ab-O-push2-d4.var] 53/1600  0.7 games/s  ETA 0h35m02s
[pb-ab-O-push2-d4.var] 53/1600  0.7 games/s  ETA 0h36m00s
[pb-ab-O-push2-d4.var] 54/1600  0.7 games/s  ETA 0h36m16s
[pb-ab-O-push2-d4.var] 57/1600  0.7 games/s  ETA 0h35m12s
[pb-ab-O-push2-d4.var] 58/1600  0.7 games/s  ETA 0h35m27s
[pb-ab-O-push2-d4.var] 60/1600  0.7 games/s  ETA 0h35m05s
[pb-ab-O-push2-d4.var] 61/1600  0.7 games/s  ETA 0h35m20s
[pb-ab-O-push2-d4.var] 61/1600  0.7 games/s  ETA 0h36m10s
[pb-ab-O-push2-d4.var] 63/1600  0.7 games/s  ETA 0h35m47s
[pb-ab-O-push2-d4.var] 64/1600  0.7 games/s  ETA 0h36m01s
[pb-ab-O-push2-d4.var] 64/1600  0.7 games/s  ETA 0h36m49s
[pb-ab-O-push2-d4.var] 65/1600  0.7 games/s  ETA 0h37m00s
[pb-ab-O-push2-d4.var] 67/1600  0.7 games/s  ETA 0h36m37s
[pb-ab-O-push2-d4.var] 69/1600  0.7 games/s  ETA 0h36m15s
[pb-ab-O-push2-d4.var] 74/1600  0.7 games/s  ETA 0h34m23s
[pb-ab-O-push2-d4.var] 76/1600  0.7 games/s  ETA 0h34m06s
[pb-ab-O-push2-d4.var] 77/1600  0.7 games/s  ETA 0h34m18s
[pb-ab-O-push2-d4.var] 80/1600  0.8 games/s  ETA 0h33m34s
[pb-ab-O-push2-d4.var] 81/1600  0.7 games/s  ETA 0h33m46s
[pb-ab-O-push2-d4.var] 82/1600  0.7 games/s  ETA 0h33m57s
[pb-ab-O-push2-d4.var] 85/1600  0.8 games/s  ETA 0h33m17s
[pb-ab-O-push2-d4.var] 86/1600  0.8 games/s  ETA 0h33m27s
[pb-ab-O-push2-d4.var] 87/1600  0.7 games/s  ETA 0h33m38s
[pb-ab-O-push2-d4.var] 89/1600  0.8 games/s  ETA 0h33m24s
[pb-ab-O-push2-d4.var] 91/1600  0.8 games/s  ETA 0h33m10s
[pb-ab-O-push2-d4.var] 93/1600  0.8 games/s  ETA 0h32m57s
[pb-ab-O-push2-d4.var] 95/1600  0.8 games/s  ETA 0h32m45s
[pb-ab-O-push2-d4.var] 96/1600  0.8 games/s  ETA 0h32m54s
[pb-ab-O-push2-d4.var] 98/1600  0.8 games/s  ETA 0h32m42s
[pb-ab-O-push2-d4.var] 99/1600  0.8 games/s  ETA 0h32m51s
[pb-ab-O-push2-d4.var] 101/1600  0.8 games/s  ETA 0h32m40s
[pb-ab-O-push2-d4.var] 102/1600  0.8 games/s  ETA 0h32m48s
[pb-ab-O-push2-d4.var] 104/1600  0.8 games/s  ETA 0h32m37s
[pb-ab-O-push2-d4.var] 105/1600  0.8 games/s  ETA 0h32m45s
[pb-ab-O-push2-d4.var] 107/1600  0.8 games/s  ETA 0h32m34s
[pb-ab-O-push2-d4.var] 109/1600  0.8 games/s  ETA 0h32m23s
[pb-ab-O-push2-d4.var] 109/1600  0.8 games/s  ETA 0h32m50s
[pb-ab-O-push2-d4.var] 112/1600  0.8 games/s  ETA 0h32m20s
[pb-ab-O-push2-d4.var] 113/1600  0.8 games/s  ETA 0h32m28s
[pb-ab-O-push2-d4.var] 114/1600  0.8 games/s  ETA 0h32m36s
[pb-ab-O-push2-d4.var] 116/1600  0.8 games/s  ETA 0h32m25s
[pb-ab-O-push2-d4.var] 117/1600  0.8 games/s  ETA 0h32m32s
[pb-ab-O-push2-d4.var] 119/1600  0.8 games/s  ETA 0h32m22s
[pb-ab-O-push2-d4.var] 119/1600  0.8 games/s  ETA 0h32m47s
[pb-ab-O-push2-d4.var] 120/1600  0.7 games/s  ETA 0h32m54s
[pb-ab-O-push2-d4.var] 123/1600  0.8 games/s  ETA 0h32m26s
[pb-ab-O-push2-d4.var] 125/1600  0.8 games/s  ETA 0h32m16s
[pb-ab-O-push2-d4.var] 125/1600  0.8 games/s  ETA 0h32m39s
[pb-ab-O-push2-d4.var] 125/1600  0.7 games/s  ETA 0h33m03s
[pb-ab-O-push2-d4.var] 126/1600  0.7 games/s  ETA 0h33m09s
[pb-ab-O-push2-d4.var] 129/1600  0.7 games/s  ETA 0h32m42s
[pb-ab-O-push2-d4.var] 130/1600  0.7 games/s  ETA 0h32m48s
[pb-ab-O-push2-d4.var] 132/1600  0.7 games/s  ETA 0h32m38s
[pb-ab-O-push2-d4.var] 132/1600  0.7 games/s  ETA 0h33m00s
[pb-ab-O-push2-d4.var] 133/1600  0.7 games/s  ETA 0h33m06s
[pb-ab-O-push2-d4.var] 135/1600  0.7 games/s  ETA 0h32m55s
[pb-ab-O-push2-d4.var] 138/1600  0.7 games/s  ETA 0h32m30s
[pb-ab-O-push2-d4.var] 138/1600  0.7 games/s  ETA 0h32m51s
[pb-ab-O-push2-d4.var] 139/1600  0.7 games/s  ETA 0h32m56s
[pb-ab-O-push2-d4.var] 140/1600  0.7 games/s  ETA 0h33m02s
[pb-ab-O-push2-d4.var] 143/1600  0.7 games/s  ETA 0h32m37s
[pb-ab-O-push2-d4.var] 143/1600  0.7 games/s  ETA 0h32m57s
[pb-ab-O-push2-d4.var] 147/1600  0.7 games/s  ETA 0h32m18s
[pb-ab-O-push2-d4.var] 150/1600  0.8 games/s  ETA 0h31m54s
[pb-ab-O-push2-d4.var] 151/1600  0.8 games/s  ETA 0h32m00s
[pb-ab-O-push2-d4.var] 155/1600  0.8 games/s  ETA 0h31m24s
[pb-ab-O-push2-d4.var] 156/1600  0.8 games/s  ETA 0h31m29s
[pb-ab-O-push2-d4.var] 157/1600  0.8 games/s  ETA 0h31m34s
[pb-ab-O-push2-d4.var] 159/1600  0.8 games/s  ETA 0h31m25s
[pb-ab-O-push2-d4.var] 159/1600  0.8 games/s  ETA 0h31m44s
[pb-ab-O-push2-d4.var] 159/1600  0.7 games/s  ETA 0h32m02s
[pb-ab-O-push2-d4.var] 160/1600  0.7 games/s  ETA 0h32m06s
[pb-ab-O-push2-d4.var] 164/1600  0.8 games/s  ETA 0h31m32s
[pb-ab-O-push2-d4.var] 165/1600  0.8 games/s  ETA 0h31m36s
[pb-ab-O-push2-d4.var] 166/1600  0.8 games/s  ETA 0h31m41s
[pb-ab-O-push2-d4.var] 168/1600  0.8 games/s  ETA 0h31m33s
[pb-ab-O-push2-d4.var] 170/1600  0.8 games/s  ETA 0h31m25s
[pb-ab-O-push2-d4.var] 171/1600  0.8 games/s  ETA 0h31m29s
[pb-ab-O-push2-d4.var] 172/1600  0.8 games/s  ETA 0h31m33s
[pb-ab-O-push2-d4.var] 173/1600  0.8 games/s  ETA 0h31m38s
[pb-ab-O-push2-d4.var] 174/1600  0.7 games/s  ETA 0h31m42s
[pb-ab-O-push2-d4.var] 175/1600  0.7 games/s  ETA 0h31m46s
[pb-ab-O-push2-d4.var] 177/1600  0.7 games/s  ETA 0h31m38s
[pb-ab-O-push2-d4.var] 178/1600  0.7 games/s  ETA 0h31m42s
[pb-ab-O-push2-d4.var] 179/1600  0.7 games/s  ETA 0h31m46s
[pb-ab-O-push2-d4.var] 179/1600  0.7 games/s  ETA 0h32m02s
[pb-ab-O-push2-d4.var] 180/1600  0.7 games/s  ETA 0h32m05s
[pb-ab-O-push2-d4.var] 182/1600  0.7 games/s  ETA 0h31m57s
[pb-ab-O-push2-d4.var] 183/1600  0.7 games/s  ETA 0h32m01s
[pb-ab-O-push2-d4.var] 185/1600  0.7 games/s  ETA 0h31m53s
[pb-ab-O-push2-d4.var] 189/1600  0.7 games/s  ETA 0h31m22s
[pb-ab-O-push2-d4.var] 190/1600  0.7 games/s  ETA 0h31m25s
[pb-ab-O-push2-d4.var] 191/1600  0.7 games/s  ETA 0h31m29s
[pb-ab-O-push2-d4.var] 194/1600  0.8 games/s  ETA 0h31m10s
[pb-ab-O-push2-d4.var] 196/1600  0.8 games/s  ETA 0h31m03s
[pb-ab-O-push2-d4.var] 197/1600  0.8 games/s  ETA 0h31m06s
[pb-ab-O-push2-d4.var] 198/1600  0.7 games/s  ETA 0h31m10s
[pb-ab-O-push2-d4.var] 199/1600  0.7 games/s  ETA 0h31m13s
[pb-ab-O-push2-d4.var] 200/1600  0.7 games/s  ETA 0h31m16s
[pb-ab-O-push2-d4.var] 201/1600  0.7 games/s  ETA 0h31m20s
[pb-ab-O-push2-d4.var] 202/1600  0.7 games/s  ETA 0h31m23s
[pb-ab-O-push2-d4.var] 203/1600  0.7 games/s  ETA 0h31m26s
[pb-ab-O-push2-d4.var] 204/1600  0.7 games/s  ETA 0h31m29s
[pb-ab-O-push2-d4.var] 205/1600  0.7 games/s  ETA 0h31m32s
[pb-ab-O-push2-d4.var] 208/1600  0.7 games/s  ETA 0h31m14s
[pb-ab-O-push2-d4.var] 209/1600  0.7 games/s  ETA 0h31m17s
[pb-ab-O-push2-d4.var] 209/1600  0.7 games/s  ETA 0h31m31s
[pb-ab-O-push2-d4.var] 209/1600  0.7 games/s  ETA 0h31m44s
[pb-ab-O-push2-d4.var] 212/1600  0.7 games/s  ETA 0h31m26s
[pb-ab-O-push2-d4.var] 213/1600  0.7 games/s  ETA 0h31m29s
[pb-ab-O-push2-d4.var] 213/1600  0.7 games/s  ETA 0h31m42s
[pb-ab-O-push2-d4.var] 213/1600  0.7 games/s  ETA 0h31m55s
[pb-ab-O-push2-d4.var] 216/1600  0.7 games/s  ETA 0h31m37s
[pb-ab-O-push2-d4.var] 218/1600  0.7 games/s  ETA 0h31m30s
[pb-ab-O-push2-d4.var] 218/1600  0.7 games/s  ETA 0h31m42s
[pb-ab-O-push2-d4.var] 218/1600  0.7 games/s  ETA 0h31m55s
[pb-ab-O-push2-d4.var] 218/1600  0.7 games/s  ETA 0h32m08s
[pb-ab-O-push2-d4.var] 221/1600  0.7 games/s  ETA 0h31m50s
[pb-ab-O-push2-d4.var] 222/1600  0.7 games/s  ETA 0h31m52s
[pb-ab-O-push2-d4.var] 224/1600  0.7 games/s  ETA 0h31m45s
[pb-ab-O-push2-d4.var] 227/1600  0.7 games/s  ETA 0h31m28s
[pb-ab-O-push2-d4.var] 228/1600  0.7 games/s  ETA 0h31m30s
[pb-ab-O-push2-d4.var] 229/1600  0.7 games/s  ETA 0h31m32s
[pb-ab-O-push2-d4.var] 231/1600  0.7 games/s  ETA 0h31m25s
[pb-ab-O-push2-d4.var] 232/1600  0.7 games/s  ETA 0h31m27s
[pb-ab-O-push2-d4.var] 234/1600  0.7 games/s  ETA 0h31m20s
[pb-ab-O-push2-d4.var] 235/1600  0.7 games/s  ETA 0h31m22s
[pb-ab-O-push2-d4.var] 236/1600  0.7 games/s  ETA 0h31m25s
[pb-ab-O-push2-d4.var] 237/1600  0.7 games/s  ETA 0h31m27s
[pb-ab-O-push2-d4.var] 237/1600  0.7 games/s  ETA 0h31m38s
[pb-ab-O-push2-d4.var] 239/1600  0.7 games/s  ETA 0h31m31s
[pb-ab-O-push2-d4.var] 239/1600  0.7 games/s  ETA 0h31m42s
[pb-ab-O-push2-d4.var] 239/1600  0.7 games/s  ETA 0h31m54s
[pb-ab-O-push2-d4.var] 241/1600  0.7 games/s  ETA 0h31m46s
[pb-ab-O-push2-d4.var] 243/1600  0.7 games/s  ETA 0h31m39s
[pb-ab-O-push2-d4.var] 245/1600  0.7 games/s  ETA 0h31m32s
[pb-ab-O-push2-d4.var] 245/1600  0.7 games/s  ETA 0h31m43s
[pb-ab-O-push2-d4.var] 248/1600  0.7 games/s  ETA 0h31m27s
[pb-ab-O-push2-d4.var] 248/1600  0.7 games/s  ETA 0h31m38s
[pb-ab-O-push2-d4.var] 250/1600  0.7 games/s  ETA 0h31m30s
[pb-ab-O-push2-d4.var] 252/1600  0.7 games/s  ETA 0h31m23s
[pb-ab-O-push2-d4.var] 253/1600  0.7 games/s  ETA 0h31m25s
[pb-ab-O-push2-d4.var] 254/1600  0.7 games/s  ETA 0h31m27s
[pb-ab-O-push2-d4.var] 255/1600  0.7 games/s  ETA 0h31m29s
[pb-ab-O-push2-d4.var] 258/1600  0.7 games/s  ETA 0h31m13s
[pb-ab-O-push2-d4.var] 258/1600  0.7 games/s  ETA 0h31m23s
[pb-ab-O-push2-d4.var] 258/1600  0.7 games/s  ETA 0h31m34s
[pb-ab-O-push2-d4.var] 260/1600  0.7 games/s  ETA 0h31m27s
[pb-ab-O-push2-d4.var] 260/1600  0.7 games/s  ETA 0h31m37s
[pb-ab-O-push2-d4.var] 262/1600  0.7 games/s  ETA 0h31m30s
[pb-ab-O-push2-d4.var] 264/1600  0.7 games/s  ETA 0h31m23s
[pb-ab-O-push2-d4.var] 265/1600  0.7 games/s  ETA 0h31m25s
[pb-ab-O-push2-d4.var] 266/1600  0.7 games/s  ETA 0h31m26s
[pb-ab-O-push2-d4.var] 266/1600  0.7 games/s  ETA 0h31m36s
[pb-ab-O-push2-d4.var] 266/1600  0.7 games/s  ETA 0h31m46s
[pb-ab-O-push2-d4.var] 268/1600  0.7 games/s  ETA 0h31m39s
[pb-ab-O-push2-d4.var] 270/1600  0.7 games/s  ETA 0h31m32s
[pb-ab-O-push2-d4.var] 271/1600  0.7 games/s  ETA 0h31m33s
[pb-ab-O-push2-d4.var] 271/1600  0.7 games/s  ETA 0h31m43s
[pb-ab-O-push2-d4.var] 272/1600  0.7 games/s  ETA 0h31m45s
[pb-ab-O-push2-d4.var] 272/1600  0.7 games/s  ETA 0h31m54s
[pb-ab-O-push2-d4.var] 272/1600  0.7 games/s  ETA 0h32m04s
[pb-ab-O-push2-d4.var] 274/1600  0.7 games/s  ETA 0h31m57s
[pb-ab-O-push2-d4.var] 276/1600  0.7 games/s  ETA 0h31m50s
[pb-ab-O-push2-d4.var] 276/1600  0.7 games/s  ETA 0h31m59s
[pb-ab-O-push2-d4.var] 277/1600  0.7 games/s  ETA 0h32m00s
[pb-ab-O-push2-d4.var] 278/1600  0.7 games/s  ETA 0h32m02s
[pb-ab-O-push2-d4.var] 278/1600  0.7 games/s  ETA 0h32m11s
[pb-ab-O-push2-d4.var] 279/1600  0.7 games/s  ETA 0h32m12s
[pb-ab-O-push2-d4.var] 282/1600  0.7 games/s  ETA 0h31m57s
[pb-ab-O-push2-d4.var] 284/1600  0.7 games/s  ETA 0h31m50s
[pb-ab-O-push2-d4.var] 284/1600  0.7 games/s  ETA 0h31m59s
[pb-ab-O-push2-d4.var] 285/1600  0.7 games/s  ETA 0h32m00s
[pb-ab-O-push2-d4.var] 286/1600  0.7 games/s  ETA 0h32m01s
[pb-ab-O-push2-d4.var] 287/1600  0.7 games/s  ETA 0h32m02s
[pb-ab-O-push2-d4.var] 288/1600  0.7 games/s  ETA 0h32m03s
[pb-ab-O-push2-d4.var] 289/1600  0.7 games/s  ETA 0h32m04s
[pb-ab-O-push2-d4.var] 290/1600  0.7 games/s  ETA 0h32m05s
[pb-ab-O-push2-d4.var] 291/1600  0.7 games/s  ETA 0h32m06s
[pb-ab-O-push2-d4.var] 292/1600  0.7 games/s  ETA 0h32m07s
[pb-ab-O-push2-d4.var] 295/1600  0.7 games/s  ETA 0h31m52s
[pb-ab-O-push2-d4.var] 295/1600  0.7 games/s  ETA 0h32m00s
[pb-ab-O-push2-d4.var] 297/1600  0.7 games/s  ETA 0h31m53s
[pb-ab-O-push2-d4.var] 298/1600  0.7 games/s  ETA 0h31m54s
[pb-ab-O-push2-d4.var] 298/1600  0.7 games/s  ETA 0h32m03s
[pb-ab-O-push2-d4.var] 298/1600  0.7 games/s  ETA 0h32m12s
[pb-ab-O-push2-d4.var] 299/1600  0.7 games/s  ETA 0h32m12s
[pb-ab-O-push2-d4.var] 302/1600  0.7 games/s  ETA 0h31m57s
[pb-ab-O-push2-d4.var] 303/1600  0.7 games/s  ETA 0h31m58s
[pb-ab-O-push2-d4.var] 304/1600  0.7 games/s  ETA 0h31m59s
[pb-ab-O-push2-d4.var] 305/1600  0.7 games/s  ETA 0h32m00s
[pb-ab-O-push2-d4.var] 305/1600  0.7 games/s  ETA 0h32m08s
[pb-ab-O-push2-d4.var] 307/1600  0.7 games/s  ETA 0h32m01s
[pb-ab-O-push2-d4.var] 307/1600  0.7 games/s  ETA 0h32m09s
[pb-ab-O-push2-d4.var] 308/1600  0.7 games/s  ETA 0h32m10s
[pb-ab-O-push2-d4.var] 311/1600  0.7 games/s  ETA 0h31m55s
[pb-ab-O-push2-d4.var] 313/1600  0.7 games/s  ETA 0h31m48s
[pb-ab-O-push2-d4.var] 314/1600  0.7 games/s  ETA 0h31m49s
[pb-ab-O-push2-d4.var] 314/1600  0.7 games/s  ETA 0h31m57s
[pb-ab-O-push2-d4.var] 316/1600  0.7 games/s  ETA 0h31m50s
[pb-ab-O-push2-d4.var] 317/1600  0.7 games/s  ETA 0h31m51s
[pb-ab-O-push2-d4.var] 318/1600  0.7 games/s  ETA 0h31m51s
[pb-ab-O-push2-d4.var] 320/1600  0.7 games/s  ETA 0h31m44s
[pb-ab-O-push2-d4.var] 320/1600  0.7 games/s  ETA 0h31m52s
[pb-ab-O-push2-d4.var] 321/1600  0.7 games/s  ETA 0h31m53s
[pb-ab-O-push2-d4.var] 323/1600  0.7 games/s  ETA 0h31m46s
[pb-ab-O-push2-d4.var] 323/1600  0.7 games/s  ETA 0h31m54s
[pb-ab-O-push2-d4.var] 324/1600  0.7 games/s  ETA 0h31m54s
[pb-ab-O-push2-d4.var] 327/1600  0.7 games/s  ETA 0h31m40s
[pb-ab-O-push2-d4.var] 328/1600  0.7 games/s  ETA 0h31m41s
[pb-ab-O-push2-d4.var] 329/1600  0.7 games/s  ETA 0h31m41s
[pb-ab-O-push2-d4.var] 330/1600  0.7 games/s  ETA 0h31m42s
[pb-ab-O-push2-d4.var] 331/1600  0.7 games/s  ETA 0h31m42s
[pb-ab-O-push2-d4.var] 332/1600  0.7 games/s  ETA 0h31m42s
[pb-ab-O-push2-d4.var] 332/1600  0.7 games/s  ETA 0h31m50s
[pb-ab-O-push2-d4.var] 332/1600  0.7 games/s  ETA 0h31m58s
[pb-ab-O-push2-d4.var] 333/1600  0.7 games/s  ETA 0h31m58s
[pb-ab-O-push2-d4.var] 335/1600  0.7 games/s  ETA 0h31m51s
[pb-ab-O-push2-d4.var] 335/1600  0.7 games/s  ETA 0h31m59s
[pb-ab-O-push2-d4.var] 337/1600  0.7 games/s  ETA 0h31m52s
[pb-ab-O-push2-d4.var] 337/1600  0.7 games/s  ETA 0h31m59s
[pb-ab-O-push2-d4.var] 339/1600  0.7 games/s  ETA 0h31m52s
[pb-ab-O-push2-d4.var] 340/1600  0.7 games/s  ETA 0h31m53s
[pb-ab-O-push2-d4.var] 341/1600  0.7 games/s  ETA 0h31m53s
[pb-ab-O-push2-d4.var] 342/1600  0.7 games/s  ETA 0h31m53s
[pb-ab-O-push2-d4.var] 343/1600  0.7 games/s  ETA 0h31m53s
[pb-ab-O-push2-d4.var] 347/1600  0.7 games/s  ETA 0h31m33s
[pb-ab-O-push2-d4.var] 348/1600  0.7 games/s  ETA 0h31m33s
[pb-ab-O-push2-d4.var] 348/1600  0.7 games/s  ETA 0h31m40s
[pb-ab-O-push2-d4.var] 351/1600  0.7 games/s  ETA 0h31m26s
[pb-ab-O-push2-d4.var] 353/1600  0.7 games/s  ETA 0h31m20s
[pb-ab-O-push2-d4.var] 353/1600  0.7 games/s  ETA 0h31m27s
[pb-ab-O-push2-d4.var] 354/1600  0.7 games/s  ETA 0h31m27s
[pb-ab-O-push2-d4.var] 354/1600  0.7 games/s  ETA 0h31m34s
[pb-ab-O-push2-d4.var] 355/1600  0.7 games/s  ETA 0h31m34s
[pb-ab-O-push2-d4.var] 355/1600  0.7 games/s  ETA 0h31m41s
[pb-ab-O-push2-d4.var] 356/1600  0.7 games/s  ETA 0h31m41s
[pb-ab-O-push2-d4.var] 358/1600  0.7 games/s  ETA 0h31m35s
[pb-ab-O-push2-d4.var] 359/1600  0.7 games/s  ETA 0h31m35s
[pb-ab-O-push2-d4.var] 360/1600  0.7 games/s  ETA 0h31m35s
[pb-ab-O-push2-d4.var] 362/1600  0.7 games/s  ETA 0h31m28s
[pb-ab-O-push2-d4.var] 365/1600  0.7 games/s  ETA 0h31m15s
[pb-ab-O-push2-d4.var] 366/1600  0.7 games/s  ETA 0h31m15s
[pb-ab-O-push2-d4.var] 367/1600  0.7 games/s  ETA 0h31m15s
[pb-ab-O-push2-d4.var] 369/1600  0.7 games/s  ETA 0h31m09s
[pb-ab-O-push2-d4.var] 371/1600  0.7 games/s  ETA 0h31m02s
[pb-ab-O-push2-d4.var] 371/1600  0.7 games/s  ETA 0h31m09s
[pb-ab-O-push2-d4.var] 372/1600  0.7 games/s  ETA 0h31m09s
[pb-ab-O-push2-d4.var] 375/1600  0.7 games/s  ETA 0h30m56s
[pb-ab-O-push2-d4.var] 376/1600  0.7 games/s  ETA 0h30m56s
[pb-ab-O-push2-d4.var] 378/1600  0.7 games/s  ETA 0h30m50s
[pb-ab-O-push2-d4.var] 379/1600  0.7 games/s  ETA 0h30m50s
[pb-ab-O-push2-d4.var] 380/1600  0.7 games/s  ETA 0h30m50s
[pb-ab-O-push2-d4.var] 380/1600  0.7 games/s  ETA 0h30m56s
[pb-ab-O-push2-d4.var] 380/1600  0.7 games/s  ETA 0h31m03s
[pb-ab-O-push2-d4.var] 381/1600  0.7 games/s  ETA 0h31m03s
[pb-ab-O-push2-d4.var] 381/1600  0.7 games/s  ETA 0h31m09s
[pb-ab-O-push2-d4.var] 382/1600  0.7 games/s  ETA 0h31m09s
[pb-ab-O-push2-d4.var] 385/1600  0.7 games/s  ETA 0h30m56s
[pb-ab-O-push2-d4.var] 386/1600  0.7 games/s  ETA 0h30m56s
[pb-ab-O-push2-d4.var] 388/1600  0.7 games/s  ETA 0h30m50s
[pb-ab-O-push2-d4.var] 389/1600  0.7 games/s  ETA 0h30m50s
[pb-ab-O-push2-d4.var] 391/1600  0.7 games/s  ETA 0h30m43s
[pb-ab-O-push2-d4.var] 392/1600  0.7 games/s  ETA 0h30m43s
[pb-ab-O-push2-d4.var] 392/1600  0.7 games/s  ETA 0h30m49s
[pb-ab-O-push2-d4.var] 393/1600  0.7 games/s  ETA 0h30m49s
[pb-ab-O-push2-d4.var] 395/1600  0.7 games/s  ETA 0h30m43s
[pb-ab-O-push2-d4.var] 396/1600  0.7 games/s  ETA 0h30m43s
[pb-ab-O-push2-d4.var] 397/1600  0.7 games/s  ETA 0h30m43s
[pb-ab-O-push2-d4.var] 398/1600  0.7 games/s  ETA 0h30m43s
[pb-ab-O-push2-d4.var] 399/1600  0.7 games/s  ETA 0h30m43s
[pb-ab-O-push2-d4.var] 399/1600  0.6 games/s  ETA 0h30m49s
[pb-ab-O-push2-d4.var] 399/1600  0.6 games/s  ETA 0h30m55s
[pb-ab-O-push2-d4.var] 400/1600  0.6 games/s  ETA 0h30m55s
[pb-ab-O-push2-d4.var] 403/1600  0.6 games/s  ETA 0h30m42s
[pb-ab-O-push2-d4.var] 404/1600  0.6 games/s  ETA 0h30m42s
[pb-ab-O-push2-d4.var] 404/1600  0.6 games/s  ETA 0h30m48s
[pb-ab-O-push2-d4.var] 406/1600  0.6 games/s  ETA 0h30m42s
[pb-ab-O-push2-d4.var] 408/1600  0.6 games/s  ETA 0h30m35s
[pb-ab-O-push2-d4.var] 410/1600  0.7 games/s  ETA 0h30m29s
[pb-ab-O-push2-d4.var] 411/1600  0.6 games/s  ETA 0h30m29s
[pb-ab-O-push2-d4.var] 412/1600  0.6 games/s  ETA 0h30m29s
[pb-ab-O-push2-d4.var] 413/1600  0.6 games/s  ETA 0h30m28s
[pb-ab-O-push2-d4.var] 413/1600  0.6 games/s  ETA 0h30m34s
[pb-ab-O-push2-d4.var] 414/1600  0.6 games/s  ETA 0h30m34s
[pb-ab-O-push2-d4.var] 416/1600  0.6 games/s  ETA 0h30m28s
[pb-ab-O-push2-d4.var] 416/1600  0.6 games/s  ETA 0h30m33s
[pb-ab-O-push2-d4.var] 418/1600  0.6 games/s  ETA 0h30m27s
[pb-ab-O-push2-d4.var] 419/1600  0.6 games/s  ETA 0h30m27s
[pb-ab-O-push2-d4.var] 419/1600  0.6 games/s  ETA 0h30m33s
[pb-ab-O-push2-d4.var] 421/1600  0.6 games/s  ETA 0h30m26s
[pb-ab-O-push2-d4.var] 421/1600  0.6 games/s  ETA 0h30m32s
[pb-ab-O-push2-d4.var] 423/1600  0.6 games/s  ETA 0h30m26s
[pb-ab-O-push2-d4.var] 423/1600  0.6 games/s  ETA 0h30m31s
[pb-ab-O-push2-d4.var] 424/1600  0.6 games/s  ETA 0h30m31s
[pb-ab-O-push2-d4.var] 427/1600  0.6 games/s  ETA 0h30m19s
[pb-ab-O-push2-d4.var] 428/1600  0.6 games/s  ETA 0h30m19s
[pb-ab-O-push2-d4.var] 428/1600  0.6 games/s  ETA 0h30m24s
[pb-ab-O-push2-d4.var] 429/1600  0.6 games/s  ETA 0h30m24s
[pb-ab-O-push2-d4.var] 432/1600  0.6 games/s  ETA 0h30m12s
[pb-ab-O-push2-d4.var] 433/1600  0.6 games/s  ETA 0h30m12s
[pb-ab-O-push2-d4.var] 435/1600  0.6 games/s  ETA 0h30m06s
[pb-ab-O-push2-d4.var] 437/1600  0.6 games/s  ETA 0h30m00s
[pb-ab-O-push2-d4.var] 437/1600  0.6 games/s  ETA 0h30m05s
[pb-ab-O-push2-d4.var] 438/1600  0.6 games/s  ETA 0h30m05s
[pb-ab-O-push2-d4.var] 439/1600  0.6 games/s  ETA 0h30m04s
[pb-ab-O-push2-d4.var] 439/1600  0.6 games/s  ETA 0h30m10s
[pb-ab-O-push2-d4.var] 441/1600  0.6 games/s  ETA 0h30m03s
[pb-ab-O-push2-d4.var] 441/1600  0.6 games/s  ETA 0h30m09s
[pb-ab-O-push2-d4.var] 441/1600  0.6 games/s  ETA 0h30m14s
[pb-ab-O-push2-d4.var] 441/1600  0.6 games/s  ETA 0h30m19s
[pb-ab-O-push2-d4.var] 443/1600  0.6 games/s  ETA 0h30m13s
[pb-ab-O-push2-d4.var] 444/1600  0.6 games/s  ETA 0h30m13s
[pb-ab-O-push2-d4.var] 444/1600  0.6 games/s  ETA 0h30m18s
[pb-ab-O-push2-d4.var] 444/1600  0.6 games/s  ETA 0h30m23s
[pb-ab-O-push2-d4.var] 445/1600  0.6 games/s  ETA 0h30m23s
[pb-ab-O-push2-d4.var] 447/1600  0.6 games/s  ETA 0h30m16s
[pb-ab-O-push2-d4.var] 447/1600  0.6 games/s  ETA 0h30m22s
[pb-ab-O-push2-d4.var] 448/1600  0.6 games/s  ETA 0h30m21s
[pb-ab-O-push2-d4.var] 450/1600  0.6 games/s  ETA 0h30m15s
[pb-ab-O-push2-d4.var] 450/1600  0.6 games/s  ETA 0h30m20s
[pb-ab-O-push2-d4.var] 451/1600  0.6 games/s  ETA 0h30m20s
[pb-ab-O-push2-d4.var] 452/1600  0.6 games/s  ETA 0h30m19s
[pb-ab-O-push2-d4.var] 452/1600  0.6 games/s  ETA 0h30m24s
[pb-ab-O-push2-d4.var] 455/1600  0.6 games/s  ETA 0h30m12s
[pb-ab-O-push2-d4.var] 455/1600  0.6 games/s  ETA 0h30m17s
[pb-ab-O-push2-d4.var] 456/1600  0.6 games/s  ETA 0h30m17s
[pb-ab-O-push2-d4.var] 456/1600  0.6 games/s  ETA 0h30m22s
[pb-ab-O-push2-d4.var] 457/1600  0.6 games/s  ETA 0h30m21s
[pb-ab-O-push2-d4.var] 457/1600  0.6 games/s  ETA 0h30m26s
[pb-ab-O-push2-d4.var] 459/1600  0.6 games/s  ETA 0h30m20s
[pb-ab-O-push2-d4.var] 462/1600  0.6 games/s  ETA 0h30m09s
[pb-ab-O-push2-d4.var] 462/1600  0.6 games/s  ETA 0h30m14s
[pb-ab-O-push2-d4.var] 462/1600  0.6 games/s  ETA 0h30m18s
[pb-ab-O-push2-d4.var] 463/1600  0.6 games/s  ETA 0h30m18s
[pb-ab-O-push2-d4.var] 465/1600  0.6 games/s  ETA 0h30m12s
[pb-ab-O-push2-d4.var] 465/1600  0.6 games/s  ETA 0h30m17s
[pb-ab-O-push2-d4.var] 465/1600  0.6 games/s  ETA 0h30m21s
[pb-ab-O-push2-d4.var] 465/1600  0.6 games/s  ETA 0h30m26s
[pb-ab-O-push2-d4.var] 467/1600  0.6 games/s  ETA 0h30m20s
[pb-ab-O-push2-d4.var] 468/1600  0.6 games/s  ETA 0h30m20s
[pb-ab-O-push2-d4.var] 471/1600  0.6 games/s  ETA 0h30m08s
[pb-ab-O-push2-d4.var] 474/1600  0.6 games/s  ETA 0h29m57s
[pb-ab-O-push2-d4.var] 474/1600  0.6 games/s  ETA 0h30m01s
[pb-ab-O-push2-d4.var] 475/1600  0.6 games/s  ETA 0h30m01s
[pb-ab-O-push2-d4.var] 476/1600  0.6 games/s  ETA 0h30m00s
[pb-ab-O-push2-d4.var] 476/1600  0.6 games/s  ETA 0h30m05s
[pb-ab-O-push2-d4.var] 477/1600  0.6 games/s  ETA 0h30m04s
[pb-ab-O-push2-d4.var] 477/1600  0.6 games/s  ETA 0h30m09s
[pb-ab-O-push2-d4.var] 479/1600  0.6 games/s  ETA 0h30m03s
[pb-ab-O-push2-d4.var] 479/1600  0.6 games/s  ETA 0h30m07s
[pb-ab-O-push2-d4.var] 482/1600  0.6 games/s  ETA 0h29m56s
[pb-ab-O-push2-d4.var] 483/1600  0.6 games/s  ETA 0h29m55s
[pb-ab-O-push2-d4.var] 485/1600  0.6 games/s  ETA 0h29m49s
[pb-ab-O-push2-d4.var] 486/1600  0.6 games/s  ETA 0h29m49s
[pb-ab-O-push2-d4.var] 487/1600  0.6 games/s  ETA 0h29m48s
[pb-ab-O-push2-d4.var] 487/1600  0.6 games/s  ETA 0h29m52s
[pb-ab-O-push2-d4.var] 489/1600  0.6 games/s  ETA 0h29m46s
[pb-ab-O-push2-d4.var] 490/1600  0.6 games/s  ETA 0h29m46s
[pb-ab-O-push2-d4.var] 493/1600  0.6 games/s  ETA 0h29m35s
[pb-ab-O-push2-d4.var] 494/1600  0.6 games/s  ETA 0h29m34s
[pb-ab-O-push2-d4.var] 494/1600  0.6 games/s  ETA 0h29m38s
[pb-ab-O-push2-d4.var] 496/1600  0.6 games/s  ETA 0h29m32s
[pb-ab-O-push2-d4.var] 498/1600  0.6 games/s  ETA 0h29m26s
[pb-ab-O-push2-d4.var] 500/1600  0.6 games/s  ETA 0h29m21s
[pb-ab-O-push2-d4.var] 502/1600  0.6 games/s  ETA 0h29m15s
[pb-ab-O-push2-d4.var] 503/1600  0.6 games/s  ETA 0h29m14s
[pb-ab-O-push2-d4.var] 503/1600  0.6 games/s  ETA 0h29m18s
[pb-ab-O-push2-d4.var] 505/1600  0.6 games/s  ETA 0h29m13s
[pb-ab-O-push2-d4.var] 506/1600  0.6 games/s  ETA 0h29m12s
[pb-ab-O-push2-d4.var] 507/1600  0.6 games/s  ETA 0h29m11s
[pb-ab-O-push2-d4.var] 509/1600  0.6 games/s  ETA 0h29m05s
[pb-ab-O-push2-d4.var] 512/1600  0.6 games/s  ETA 0h28m55s
[pb-ab-O-push2-d4.var] 514/1600  0.6 games/s  ETA 0h28m49s
[pb-ab-O-push2-d4.var] 515/1600  0.6 games/s  ETA 0h28m48s
[pb-ab-O-push2-d4.var] 516/1600  0.6 games/s  ETA 0h28m47s
[pb-ab-O-push2-d4.var] 517/1600  0.6 games/s  ETA 0h28m47s
[pb-ab-O-push2-d4.var] 519/1600  0.6 games/s  ETA 0h28m41s
[pb-ab-O-push2-d4.var] 519/1600  0.6 games/s  ETA 0h28m45s
[pb-ab-O-push2-d4.var] 523/1600  0.6 games/s  ETA 0h28m30s
[pb-ab-O-push2-d4.var] 524/1600  0.6 games/s  ETA 0h28m29s
[pb-ab-O-push2-d4.var] 524/1600  0.6 games/s  ETA 0h28m33s
[pb-ab-O-push2-d4.var] 526/1600  0.6 games/s  ETA 0h28m28s
[pb-ab-O-push2-d4.var] 528/1600  0.6 games/s  ETA 0h28m22s
[pb-ab-O-push2-d4.var] 529/1600  0.6 games/s  ETA 0h28m21s
[pb-ab-O-push2-d4.var] 531/1600  0.6 games/s  ETA 0h28m16s
[pb-ab-O-push2-d4.var] 533/1600  0.6 games/s  ETA 0h28m10s
[pb-ab-O-push2-d4.var] 534/1600  0.6 games/s  ETA 0h28m09s
[pb-ab-O-push2-d4.var] 535/1600  0.6 games/s  ETA 0h28m09s
[pb-ab-O-push2-d4.var] 537/1600  0.6 games/s  ETA 0h28m03s
[pb-ab-O-push2-d4.var] 539/1600  0.6 games/s  ETA 0h27m58s
[pb-ab-O-push2-d4.var] 541/1600  0.6 games/s  ETA 0h27m52s
[pb-ab-O-push2-d4.var] 541/1600  0.6 games/s  ETA 0h27m56s
[pb-ab-O-push2-d4.var] 542/1600  0.6 games/s  ETA 0h27m55s
[pb-ab-O-push2-d4.var] 544/1600  0.6 games/s  ETA 0h27m50s
[pb-ab-O-push2-d4.var] 545/1600  0.6 games/s  ETA 0h27m49s
[pb-ab-O-push2-d4.var] 548/1600  0.6 games/s  ETA 0h27m39s
[pb-ab-O-push2-d4.var] 550/1600  0.6 games/s  ETA 0h27m34s
[pb-ab-O-push2-d4.var] 552/1600  0.6 games/s  ETA 0h27m29s
[pb-ab-O-push2-d4.var] 554/1600  0.6 games/s  ETA 0h27m23s
[pb-ab-O-push2-d4.var] 554/1600  0.6 games/s  ETA 0h27m27s
[pb-ab-O-push2-d4.var] 555/1600  0.6 games/s  ETA 0h27m26s
[pb-ab-O-push2-d4.var] 556/1600  0.6 games/s  ETA 0h27m25s
[pb-ab-O-push2-d4.var] 557/1600  0.6 games/s  ETA 0h27m25s
[pb-ab-O-push2-d4.var] 559/1600  0.6 games/s  ETA 0h27m19s
[pb-ab-O-push2-d4.var] 562/1600  0.6 games/s  ETA 0h27m10s
[pb-ab-O-push2-d4.var] 563/1600  0.6 games/s  ETA 0h27m09s
[pb-ab-O-push2-d4.var] 564/1600  0.6 games/s  ETA 0h27m08s
[pb-ab-O-push2-d4.var] 564/1600  0.6 games/s  ETA 0h27m12s
[pb-ab-O-push2-d4.var] 568/1600  0.6 games/s  ETA 0h26m58s
[pb-ab-O-push2-d4.var] 568/1600  0.6 games/s  ETA 0h27m01s
[pb-ab-O-push2-d4.var] 569/1600  0.6 games/s  ETA 0h27m00s
[pb-ab-O-push2-d4.var] 570/1600  0.6 games/s  ETA 0h27m00s
[pb-ab-O-push2-d4.var] 575/1600  0.6 games/s  ETA 0h26m41s
[pb-ab-O-push2-d4.var] 575/1600  0.6 games/s  ETA 0h26m45s
[pb-ab-O-push2-d4.var] 577/1600  0.6 games/s  ETA 0h26m40s
[pb-ab-O-push2-d4.var] 580/1600  0.6 games/s  ETA 0h26m30s
[pb-ab-O-push2-d4.var] 582/1600  0.6 games/s  ETA 0h26m25s
[pb-ab-O-push2-d4.var] 584/1600  0.6 games/s  ETA 0h26m20s
[pb-ab-O-push2-d4.var] 586/1600  0.6 games/s  ETA 0h26m15s
[pb-ab-O-push2-d4.var] 587/1600  0.6 games/s  ETA 0h26m14s
[pb-ab-O-push2-d4.var] 588/1600  0.6 games/s  ETA 0h26m14s
[pb-ab-O-push2-d4.var] 588/1600  0.6 games/s  ETA 0h26m17s
[pb-ab-O-push2-d4.var] 592/1600  0.6 games/s  ETA 0h26m04s
[pb-ab-O-push2-d4.var] 593/1600  0.6 games/s  ETA 0h26m03s
[pb-ab-O-push2-d4.var] 594/1600  0.6 games/s  ETA 0h26m02s
[pb-ab-O-push2-d4.var] 597/1600  0.6 games/s  ETA 0h25m53s
[pb-ab-O-push2-d4.var] 598/1600  0.6 games/s  ETA 0h25m52s
[pb-ab-O-push2-d4.var] 598/1600  0.6 games/s  ETA 0h25m55s
[pb-ab-O-push2-d4.var] 601/1600  0.6 games/s  ETA 0h25m46s
[pb-ab-O-push2-d4.var] 603/1600  0.6 games/s  ETA 0h25m41s
[pb-ab-O-push2-d4.var] 604/1600  0.6 games/s  ETA 0h25m41s
[pb-ab-O-push2-d4.var] 606/1600  0.6 games/s  ETA 0h25m36s
[pb-ab-O-push2-d4.var] 606/1600  0.6 games/s  ETA 0h25m39s
[pb-ab-O-push2-d4.var] 607/1600  0.6 games/s  ETA 0h25m38s
[pb-ab-O-push2-d4.var] 610/1600  0.6 games/s  ETA 0h25m29s
[pb-ab-O-push2-d4.var] 612/1600  0.6 games/s  ETA 0h25m24s
[pb-ab-O-push2-d4.var] 613/1600  0.6 games/s  ETA 0h25m24s
[pb-ab-O-push2-d4.var] 617/1600  0.7 games/s  ETA 0h25m11s
[pb-ab-O-push2-d4.var] 618/1600  0.7 games/s  ETA 0h25m10s
[pb-ab-O-push2-d4.var] 619/1600  0.6 games/s  ETA 0h25m09s
[pb-ab-O-push2-d4.var] 624/1600  0.7 games/s  ETA 0h24m53s
[pb-ab-O-push2-d4.var] 625/1600  0.7 games/s  ETA 0h24m52s
[pb-ab-O-push2-d4.var] 628/1600  0.7 games/s  ETA 0h24m43s
[pb-ab-O-push2-d4.var] 631/1600  0.7 games/s  ETA 0h24m35s
[pb-ab-O-push2-d4.var] 635/1600  0.7 games/s  ETA 0h24m22s
[pb-ab-O-push2-d4.var] 636/1600  0.7 games/s  ETA 0h24m22s
[pb-ab-O-push2-d4.var] 638/1600  0.7 games/s  ETA 0h24m17s
[pb-ab-O-push2-d4.var] 639/1600  0.7 games/s  ETA 0h24m16s
[pb-ab-O-push2-d4.var] 642/1600  0.7 games/s  ETA 0h24m08s
[pb-ab-O-push2-d4.var] 644/1600  0.7 games/s  ETA 0h24m03s
[pb-ab-O-push2-d4.var] 645/1600  0.7 games/s  ETA 0h24m03s
[pb-ab-O-push2-d4.var] 648/1600  0.7 games/s  ETA 0h23m54s
[pb-ab-O-push2-d4.var] 649/1600  0.7 games/s  ETA 0h23m53s
[pb-ab-O-push2-d4.var] 651/1600  0.7 games/s  ETA 0h23m49s
[pb-ab-O-push2-d4.var] 651/1600  0.7 games/s  ETA 0h23m52s
[pb-ab-O-push2-d4.var] 654/1600  0.7 games/s  ETA 0h23m44s
[pb-ab-O-push2-d4.var] 656/1600  0.7 games/s  ETA 0h23m39s
[pb-ab-O-push2-d4.var] 659/1600  0.7 games/s  ETA 0h23m31s
[pb-ab-O-push2-d4.var] 660/1600  0.7 games/s  ETA 0h23m30s
[pb-ab-O-push2-d4.var] 661/1600  0.7 games/s  ETA 0h23m30s
[pb-ab-O-push2-d4.var] 664/1600  0.7 games/s  ETA 0h23m22s
[pb-ab-O-push2-d4.var] 666/1600  0.7 games/s  ETA 0h23m17s
[pb-ab-O-push2-d4.var] 667/1600  0.7 games/s  ETA 0h23m16s
[pb-ab-O-push2-d4.var] 668/1600  0.7 games/s  ETA 0h23m16s
[pb-ab-O-push2-d4.var] 671/1600  0.7 games/s  ETA 0h23m08s
[pb-ab-O-push2-d4.var] 672/1600  0.7 games/s  ETA 0h23m07s
[pb-ab-O-push2-d4.var] 674/1600  0.7 games/s  ETA 0h23m02s
[pb-ab-O-push2-d4.var] 674/1600  0.7 games/s  ETA 0h23m05s
[pb-ab-O-push2-d4.var] 677/1600  0.7 games/s  ETA 0h22m57s
[pb-ab-O-push2-d4.var] 678/1600  0.7 games/s  ETA 0h22m57s
[pb-ab-O-push2-d4.var] 679/1600  0.7 games/s  ETA 0h22m56s
[pb-ab-O-push2-d4.var] 680/1600  0.7 games/s  ETA 0h22m55s
[pb-ab-O-push2-d4.var] 683/1600  0.7 games/s  ETA 0h22m47s
[pb-ab-O-push2-d4.var] 683/1600  0.7 games/s  ETA 0h22m50s
[pb-ab-O-push2-d4.var] 684/1600  0.7 games/s  ETA 0h22m49s
[pb-ab-O-push2-d4.var] 687/1600  0.7 games/s  ETA 0h22m41s
[pb-ab-O-push2-d4.var] 689/1600  0.7 games/s  ETA 0h22m37s
[pb-ab-O-push2-d4.var] 690/1600  0.7 games/s  ETA 0h22m36s
[pb-ab-O-push2-d4.var] 692/1600  0.7 games/s  ETA 0h22m32s
[pb-ab-O-push2-d4.var] 692/1600  0.7 games/s  ETA 0h22m34s
[pb-ab-O-push2-d4.var] 694/1600  0.7 games/s  ETA 0h22m30s
[pb-ab-O-push2-d4.var] 696/1600  0.7 games/s  ETA 0h22m26s
[pb-ab-O-push2-d4.var] 700/1600  0.7 games/s  ETA 0h22m15s
[pb-ab-O-push2-d4.var] 701/1600  0.7 games/s  ETA 0h22m14s
[pb-ab-O-push2-d4.var] 702/1600  0.7 games/s  ETA 0h22m13s
[pb-ab-O-push2-d4.var] 705/1600  0.7 games/s  ETA 0h22m06s
[pb-ab-O-push2-d4.var] 708/1600  0.7 games/s  ETA 0h21m58s
[pb-ab-O-push2-d4.var] 709/1600  0.7 games/s  ETA 0h21m57s
[pb-ab-O-push2-d4.var] 714/1600  0.7 games/s  ETA 0h21m43s
[pb-ab-O-push2-d4.var] 716/1600  0.7 games/s  ETA 0h21m39s
[pb-ab-O-push2-d4.var] 718/1600  0.7 games/s  ETA 0h21m35s
[pb-ab-O-push2-d4.var] 719/1600  0.7 games/s  ETA 0h21m34s
[pb-ab-O-push2-d4.var] 720/1600  0.7 games/s  ETA 0h21m33s
[pb-ab-O-push2-d4.var] 722/1600  0.7 games/s  ETA 0h21m29s
[pb-ab-O-push2-d4.var] 726/1600  0.7 games/s  ETA 0h21m19s
[pb-ab-O-push2-d4.var] 728/1600  0.7 games/s  ETA 0h21m15s
[pb-ab-O-push2-d4.var] 730/1600  0.7 games/s  ETA 0h21m11s
[pb-ab-O-push2-d4.var] 732/1600  0.7 games/s  ETA 0h21m07s
[pb-ab-O-push2-d4.var] 734/1600  0.7 games/s  ETA 0h21m03s
[pb-ab-O-push2-d4.var] 737/1600  0.7 games/s  ETA 0h20m56s
[pb-ab-O-push2-d4.var] 737/1600  0.7 games/s  ETA 0h20m58s
[pb-ab-O-push2-d4.var] 740/1600  0.7 games/s  ETA 0h20m51s
[pb-ab-O-push2-d4.var] 742/1600  0.7 games/s  ETA 0h20m47s
[pb-ab-O-push2-d4.var] 746/1600  0.7 games/s  ETA 0h20m37s
[pb-ab-O-push2-d4.var] 747/1600  0.7 games/s  ETA 0h20m36s
[pb-ab-O-push2-d4.var] 748/1600  0.7 games/s  ETA 0h20m35s
[pb-ab-O-push2-d4.var] 749/1600  0.7 games/s  ETA 0h20m34s
[pb-ab-O-push2-d4.var] 753/1600  0.7 games/s  ETA 0h20m24s
[pb-ab-O-push2-d4.var] 755/1600  0.7 games/s  ETA 0h20m20s
[pb-ab-O-push2-d4.var] 757/1600  0.7 games/s  ETA 0h20m16s
[pb-ab-O-push2-d4.var] 757/1600  0.7 games/s  ETA 0h20m19s
[pb-ab-O-push2-d4.var] 758/1600  0.7 games/s  ETA 0h20m18s
[pb-ab-O-push2-d4.var] 762/1600  0.7 games/s  ETA 0h20m08s
[pb-ab-O-push2-d4.var] 763/1600  0.7 games/s  ETA 0h20m07s
[pb-ab-O-push2-d4.var] 766/1600  0.7 games/s  ETA 0h20m00s
[pb-ab-O-push2-d4.var] 767/1600  0.7 games/s  ETA 0h19m59s
[pb-ab-O-push2-d4.var] 768/1600  0.7 games/s  ETA 0h19m58s
[pb-ab-O-push2-d4.var] 770/1600  0.7 games/s  ETA 0h19m55s
[pb-ab-O-push2-d4.var] 770/1600  0.7 games/s  ETA 0h19m57s
[pb-ab-O-push2-d4.var] 770/1600  0.7 games/s  ETA 0h19m59s
[pb-ab-O-push2-d4.var] 772/1600  0.7 games/s  ETA 0h19m55s
[pb-ab-O-push2-d4.var] 775/1600  0.7 games/s  ETA 0h19m48s
[pb-ab-O-push2-d4.var] 777/1600  0.7 games/s  ETA 0h19m44s
[pb-ab-O-push2-d4.var] 778/1600  0.7 games/s  ETA 0h19m44s
[pb-ab-O-push2-d4.var] 779/1600  0.7 games/s  ETA 0h19m43s
[pb-ab-O-push2-d4.var] 781/1600  0.7 games/s  ETA 0h19m39s
[pb-ab-O-push2-d4.var] 783/1600  0.7 games/s  ETA 0h19m35s
[pb-ab-O-push2-d4.var] 784/1600  0.7 games/s  ETA 0h19m34s
[pb-ab-O-push2-d4.var] 787/1600  0.7 games/s  ETA 0h19m28s
[pb-ab-O-push2-d4.var] 789/1600  0.7 games/s  ETA 0h19m24s
[pb-ab-O-push2-d4.var] 791/1600  0.7 games/s  ETA 0h19m20s
[pb-ab-O-push2-d4.var] 794/1600  0.7 games/s  ETA 0h19m13s
[pb-ab-O-push2-d4.var] 794/1600  0.7 games/s  ETA 0h19m15s
[pb-ab-O-push2-d4.var] 795/1600  0.7 games/s  ETA 0h19m15s
[pb-ab-O-push2-d4.var] 795/1600  0.7 games/s  ETA 0h19m17s
[pb-ab-O-push2-d4.var] 795/1600  0.7 games/s  ETA 0h19m19s
[pb-ab-O-push2-d4.var] 797/1600  0.7 games/s  ETA 0h19m15s
[pb-ab-O-push2-d4.var] 799/1600  0.7 games/s  ETA 0h19m11s
[pb-ab-O-push2-d4.var] 802/1600  0.7 games/s  ETA 0h19m04s
[pb-ab-O-push2-d4.var] 804/1600  0.7 games/s  ETA 0h19m01s
[pb-ab-O-push2-d4.var] 805/1600  0.7 games/s  ETA 0h19m00s
[pb-ab-O-push2-d4.var] 808/1600  0.7 games/s  ETA 0h18m53s
[pb-ab-O-push2-d4.var] 809/1600  0.7 games/s  ETA 0h18m52s
[pb-ab-O-push2-d4.var] 809/1600  0.7 games/s  ETA 0h18m54s
[pb-ab-O-push2-d4.var] 812/1600  0.7 games/s  ETA 0h18m48s
[pb-ab-O-push2-d4.var] 812/1600  0.7 games/s  ETA 0h18m50s
[pb-ab-O-push2-d4.var] 814/1600  0.7 games/s  ETA 0h18m46s
[pb-ab-O-push2-d4.var] 815/1600  0.7 games/s  ETA 0h18m45s
[pb-ab-O-push2-d4.var] 817/1600  0.7 games/s  ETA 0h18m41s
[pb-ab-O-push2-d4.var] 820/1600  0.7 games/s  ETA 0h18m35s
[pb-ab-O-push2-d4.var] 822/1600  0.7 games/s  ETA 0h18m31s
[pb-ab-O-push2-d4.var] 822/1600  0.7 games/s  ETA 0h18m33s
[pb-ab-O-push2-d4.var] 824/1600  0.7 games/s  ETA 0h18m30s
[pb-ab-O-push2-d4.var] 826/1600  0.7 games/s  ETA 0h18m26s
[pb-ab-O-push2-d4.var] 828/1600  0.7 games/s  ETA 0h18m22s
[pb-ab-O-push2-d4.var] 832/1600  0.7 games/s  ETA 0h18m13s
[pb-ab-O-push2-d4.var] 834/1600  0.7 games/s  ETA 0h18m09s
[pb-ab-O-push2-d4.var] 836/1600  0.7 games/s  ETA 0h18m06s
[pb-ab-O-push2-d4.var] 836/1600  0.7 games/s  ETA 0h18m08s
[pb-ab-O-push2-d4.var] 839/1600  0.7 games/s  ETA 0h18m01s
[pb-ab-O-push2-d4.var] 841/1600  0.7 games/s  ETA 0h17m58s
[pb-ab-O-push2-d4.var] 843/1600  0.7 games/s  ETA 0h17m54s
[pb-ab-O-push2-d4.var] 843/1600  0.7 games/s  ETA 0h17m56s
[pb-ab-O-push2-d4.var] 844/1600  0.7 games/s  ETA 0h17m55s
[pb-ab-O-push2-d4.var] 845/1600  0.7 games/s  ETA 0h17m54s
[pb-ab-O-push2-d4.var] 846/1600  0.7 games/s  ETA 0h17m53s
[pb-ab-O-push2-d4.var] 850/1600  0.7 games/s  ETA 0h17m44s
[pb-ab-O-push2-d4.var] 852/1600  0.7 games/s  ETA 0h17m41s
[pb-ab-O-push2-d4.var] 853/1600  0.7 games/s  ETA 0h17m40s
[pb-ab-O-push2-d4.var] 854/1600  0.7 games/s  ETA 0h17m39s
[pb-ab-O-push2-d4.var] 856/1600  0.7 games/s  ETA 0h17m35s
[pb-ab-O-push2-d4.var] 858/1600  0.7 games/s  ETA 0h17m32s
[pb-ab-O-push2-d4.var] 859/1600  0.7 games/s  ETA 0h17m31s
[pb-ab-O-push2-d4.var] 861/1600  0.7 games/s  ETA 0h17m27s
[pb-ab-O-push2-d4.var] 863/1600  0.7 games/s  ETA 0h17m24s
[pb-ab-O-push2-d4.var] 865/1600  0.7 games/s  ETA 0h17m20s
[pb-ab-O-push2-d4.var] 866/1600  0.7 games/s  ETA 0h17m19s
[pb-ab-O-push2-d4.var] 867/1600  0.7 games/s  ETA 0h17m18s
[pb-ab-O-push2-d4.var] 874/1600  0.7 games/s  ETA 0h17m02s
[pb-ab-O-push2-d4.var] 874/1600  0.7 games/s  ETA 0h17m03s
[pb-ab-O-push2-d4.var] 875/1600  0.7 games/s  ETA 0h17m03s
[pb-ab-O-push2-d4.var] 876/1600  0.7 games/s  ETA 0h17m02s
[pb-ab-O-push2-d4.var] 878/1600  0.7 games/s  ETA 0h16m58s
[pb-ab-O-push2-d4.var] 880/1600  0.7 games/s  ETA 0h16m55s
[pb-ab-O-push2-d4.var] 883/1600  0.7 games/s  ETA 0h16m49s
[pb-ab-O-push2-d4.var] 885/1600  0.7 games/s  ETA 0h16m45s
[pb-ab-O-push2-d4.var] 886/1600  0.7 games/s  ETA 0h16m44s
[pb-ab-O-push2-d4.var] 887/1600  0.7 games/s  ETA 0h16m43s
[pb-ab-O-push2-d4.var] 889/1600  0.7 games/s  ETA 0h16m40s
[pb-ab-O-push2-d4.var] 893/1600  0.7 games/s  ETA 0h16m31s
[pb-ab-O-push2-d4.var] 894/1600  0.7 games/s  ETA 0h16m30s
[pb-ab-O-push2-d4.var] 896/1600  0.7 games/s  ETA 0h16m27s
[pb-ab-O-push2-d4.var] 900/1600  0.7 games/s  ETA 0h16m19s
[pb-ab-O-push2-d4.var] 900/1600  0.7 games/s  ETA 0h16m20s
[pb-ab-O-push2-d4.var] 901/1600  0.7 games/s  ETA 0h16m19s
[pb-ab-O-push2-d4.var] 902/1600  0.7 games/s  ETA 0h16m18s
[pb-ab-O-push2-d4.var] 903/1600  0.7 games/s  ETA 0h16m17s
[pb-ab-O-push2-d4.var] 905/1600  0.7 games/s  ETA 0h16m14s
[pb-ab-O-push2-d4.var] 908/1600  0.7 games/s  ETA 0h16m08s
[pb-ab-O-push2-d4.var] 911/1600  0.7 games/s  ETA 0h16m02s
[pb-ab-O-push2-d4.var] 914/1600  0.7 games/s  ETA 0h15m56s
[pb-ab-O-push2-d4.var] 915/1600  0.7 games/s  ETA 0h15m55s
[pb-ab-O-push2-d4.var] 916/1600  0.7 games/s  ETA 0h15m54s
[pb-ab-O-push2-d4.var] 918/1600  0.7 games/s  ETA 0h15m51s
[pb-ab-O-push2-d4.var] 920/1600  0.7 games/s  ETA 0h15m48s
[pb-ab-O-push2-d4.var] 921/1600  0.7 games/s  ETA 0h15m47s
[pb-ab-O-push2-d4.var] 924/1600  0.7 games/s  ETA 0h15m41s
[pb-ab-O-push2-d4.var] 925/1600  0.7 games/s  ETA 0h15m40s
[pb-ab-O-push2-d4.var] 928/1600  0.7 games/s  ETA 0h15m34s
