== 09:39:40 pl-guard-near
[pl-guard-near] 1600 games (0 already done), 1600 to play on 14 workers -> sim/out/pl-guard-near.jsonl
[pl-guard-near] depth 3, 4 random opening plies, ply cap 300, pairs off (both sides identical; --pairs forces them on)
[pl-guard-near] rules {}, values {}
[pl-guard-near] 1/1600  0.5 games/s  ETA 0h53m19s
[pl-guard-near] 14/1600  3.5 games/s  ETA 0h07m33s
[pl-guard-near] 29/1600  4.8 games/s  ETA 0h05m25s
[pl-guard-near] 40/1600  5.0 games/s  ETA 0h05m12s
[pl-guard-near] 52/1600  5.2 games/s  ETA 0h04m57s
[pl-guard-near] 63/1600  5.2 games/s  ETA 0h04m53s
[pl-guard-near] 78/1600  5.6 games/s  ETA 0h04m33s
[pl-guard-near] 88/1600  5.5 games/s  ETA 0h04m35s
[pl-guard-near] 103/1600  5.7 games/s  ETA 0h04m21s
[pl-guard-near] 115/1600  5.7 games/s  ETA 0h04m18s
[pl-guard-near] 129/1600  5.9 games/s  ETA 0h04m11s
[pl-guard-near] 144/1600  6.0 games/s  ETA 0h04m02s
[pl-guard-near] 156/1600  6.0 games/s  ETA 0h04m00s
[pl-guard-near] 171/1600  6.1 games/s  ETA 0h03m54s
[pl-guard-near] 184/1600  6.1 games/s  ETA 0h03m51s
[pl-guard-near] 202/1600  6.3 games/s  ETA 0h03m41s
[pl-guard-near] 212/1600  6.2 games/s  ETA 0h03m42s
[pl-guard-near] 221/1600  6.1 games/s  ETA 0h03m44s
[pl-guard-near] 225/1600  5.9 games/s  ETA 0h03m52s
[pl-guard-near] 241/1600  6.0 games/s  ETA 0h03m45s
[pl-guard-near] 252/1600  6.0 games/s  ETA 0h03m44s
[pl-guard-near] 260/1600  5.9 games/s  ETA 0h03m46s
[pl-guard-near] 273/1600  5.9 games/s  ETA 0h03m43s
[pl-guard-near] 285/1600  5.9 games/s  ETA 0h03m41s
[pl-guard-near] 299/1600  6.0 games/s  ETA 0h03m37s
[pl-guard-near] 313/1600  6.0 games/s  ETA 0h03m34s
[pl-guard-near] 329/1600  6.1 games/s  ETA 0h03m28s
[pl-guard-near] 342/1600  6.1 games/s  ETA 0h03m26s
[pl-guard-near] 358/1600  6.2 games/s  ETA 0h03m21s
[pl-guard-near] 373/1600  6.2 games/s  ETA 0h03m17s
[pl-guard-near] 383/1600  6.2 games/s  ETA 0h03m17s
[pl-guard-near] 393/1600  6.1 games/s  ETA 0h03m16s
[pl-guard-near] 408/1600  6.2 games/s  ETA 0h03m13s
[pl-guard-near] 419/1600  6.2 games/s  ETA 0h03m11s
[pl-guard-near] 433/1600  6.2 games/s  ETA 0h03m08s
[pl-guard-near] 450/1600  6.2 games/s  ETA 0h03m04s
[pl-guard-near] 463/1600  6.3 games/s  ETA 0h03m01s
[pl-guard-near] 475/1600  6.2 games/s  ETA 0h03m00s
[pl-guard-near] 487/1600  6.2 games/s  ETA 0h02m58s
[pl-guard-near] 494/1600  6.2 games/s  ETA 0h02m59s
[pl-guard-near] 505/1600  6.2 games/s  ETA 0h02m57s
[pl-guard-near] 518/1600  6.2 games/s  ETA 0h02m55s
[pl-guard-near] 529/1600  6.1 games/s  ETA 0h02m54s
[pl-guard-near] 540/1600  6.1 games/s  ETA 0h02m52s
[pl-guard-near] 550/1600  6.1 games/s  ETA 0h02m51s
[pl-guard-near] 562/1600  6.1 games/s  ETA 0h02m50s
[pl-guard-near] 577/1600  6.1 games/s  ETA 0h02m46s
[pl-guard-near] 590/1600  6.1 games/s  ETA 0h02m44s
[pl-guard-near] 605/1600  6.2 games/s  ETA 0h02m41s
[pl-guard-near] 620/1600  6.2 games/s  ETA 0h02m38s
[pl-guard-near] 634/1600  6.2 games/s  ETA 0h02m35s
[pl-guard-near] 651/1600  6.3 games/s  ETA 0h02m31s
[pl-guard-near] 662/1600  6.2 games/s  ETA 0h02m30s
[pl-guard-near] 673/1600  6.2 games/s  ETA 0h02m28s
[pl-guard-near] 688/1600  6.2 games/s  ETA 0h02m25s
[pl-guard-near] 694/1600  6.2 games/s  ETA 0h02m26s
[pl-guard-near] 712/1600  6.2 games/s  ETA 0h02m22s
[pl-guard-near] 726/1600  6.3 games/s  ETA 0h02m19s
[pl-guard-near] 743/1600  6.3 games/s  ETA 0h02m16s
[pl-guard-near] 759/1600  6.3 games/s  ETA 0h02m13s
[pl-guard-near] 769/1600  6.3 games/s  ETA 0h02m11s
[pl-guard-near] 782/1600  6.3 games/s  ETA 0h02m09s
[pl-guard-near] 795/1600  6.3 games/s  ETA 0h02m07s
[pl-guard-near] 807/1600  6.3 games/s  ETA 0h02m05s
[pl-guard-near] 820/1600  6.3 games/s  ETA 0h02m03s
[pl-guard-near] 836/1600  6.3 games/s  ETA 0h02m00s
[pl-guard-near] 849/1600  6.3 games/s  ETA 0h01m58s
[pl-guard-near] 866/1600  6.4 games/s  ETA 0h01m55s
[pl-guard-near] 880/1600  6.4 games/s  ETA 0h01m53s
[pl-guard-near] 899/1600  6.4 games/s  ETA 0h01m49s
[pl-guard-near] 914/1600  6.4 games/s  ETA 0h01m46s
[pl-guard-near] 929/1600  6.4 games/s  ETA 0h01m44s
[pl-guard-near] 944/1600  6.5 games/s  ETA 0h01m41s
[pl-guard-near] 959/1600  6.5 games/s  ETA 0h01m39s
[pl-guard-near] 975/1600  6.5 games/s  ETA 0h01m36s
[pl-guard-near] 989/1600  6.5 games/s  ETA 0h01m33s
[pl-guard-near] 1001/1600  6.5 games/s  ETA 0h01m32s
[pl-guard-near] 1017/1600  6.5 games/s  ETA 0h01m29s
[pl-guard-near] 1034/1600  6.5 games/s  ETA 0h01m26s
[pl-guard-near] 1049/1600  6.6 games/s  ETA 0h01m24s
[pl-guard-near] 1063/1600  6.6 games/s  ETA 0h01m21s
[pl-guard-near] 1079/1600  6.6 games/s  ETA 0h01m19s
[pl-guard-near] 1094/1600  6.6 games/s  ETA 0h01m16s
[pl-guard-near] 1107/1600  6.6 games/s  ETA 0h01m14s
[pl-guard-near] 1125/1600  6.6 games/s  ETA 0h01m11s
[pl-guard-near] 1139/1600  6.6 games/s  ETA 0h01m09s
[pl-guard-near] 1152/1600  6.6 games/s  ETA 0h01m07s
[pl-guard-near] 1162/1600  6.6 games/s  ETA 0h01m06s
[pl-guard-near] 1177/1600  6.6 games/s  ETA 0h01m04s
[pl-guard-near] 1190/1600  6.6 games/s  ETA 0h01m02s
[pl-guard-near] 1206/1600  6.6 games/s  ETA 0h00m59s
[pl-guard-near] 1215/1600  6.6 games/s  ETA 0h00m58s
[pl-guard-near] 1225/1600  6.6 games/s  ETA 0h00m56s
[pl-guard-near] 1234/1600  6.6 games/s  ETA 0h00m55s
[pl-guard-near] 1248/1600  6.6 games/s  ETA 0h00m53s
[pl-guard-near] 1258/1600  6.5 games/s  ETA 0h00m52s
[pl-guard-near] 1270/1600  6.5 games/s  ETA 0h00m50s
[pl-guard-near] 1283/1600  6.5 games/s  ETA 0h00m48s
[pl-guard-near] 1292/1600  6.5 games/s  ETA 0h00m47s
[pl-guard-near] 1306/1600  6.5 games/s  ETA 0h00m45s
[pl-guard-near] 1320/1600  6.5 games/s  ETA 0h00m42s
[pl-guard-near] 1329/1600  6.5 games/s  ETA 0h00m41s
[pl-guard-near] 1340/1600  6.5 games/s  ETA 0h00m40s
[pl-guard-near] 1354/1600  6.5 games/s  ETA 0h00m37s
[pl-guard-near] 1366/1600  6.5 games/s  ETA 0h00m36s
[pl-guard-near] 1378/1600  6.5 games/s  ETA 0h00m34s
[pl-guard-near] 1394/1600  6.5 games/s  ETA 0h00m31s
[pl-guard-near] 1408/1600  6.5 games/s  ETA 0h00m29s
[pl-guard-near] 1424/1600  6.5 games/s  ETA 0h00m26s
[pl-guard-near] 1439/1600  6.5 games/s  ETA 0h00m24s
[pl-guard-near] 1447/1600  6.5 games/s  ETA 0h00m23s
[pl-guard-near] 1466/1600  6.5 games/s  ETA 0h00m20s
[pl-guard-near] 1473/1600  6.5 games/s  ETA 0h00m19s
[pl-guard-near] 1488/1600  6.5 games/s  ETA 0h00m17s
[pl-guard-near] 1503/1600  6.5 games/s  ETA 0h00m14s
[pl-guard-near] 1515/1600  6.5 games/s  ETA 0h00m13s
[pl-guard-near] 1529/1600  6.5 games/s  ETA 0h00m10s
[pl-guard-near] 1540/1600  6.5 games/s  ETA 0h00m09s
[pl-guard-near] 1554/1600  6.5 games/s  ETA 0h00m07s
[pl-guard-near] 1566/1600  6.5 games/s  ETA 0h00m05s
[pl-guard-near] 1580/1600  6.5 games/s  ETA 0h00m03s
[pl-guard-near] 1597/1600  6.5 games/s  ETA 0h00m00s
[pl-guard-near] 1600 games in 0h04m04s (6.5 games/s)
[pl-guard-near] summary -> sim/out/pl-guard-near.summary.json
== 09:43:44 pl-guard-far
[pl-guard-far] 1600 games (0 already done), 1600 to play on 14 workers -> sim/out/pl-guard-far.jsonl
[pl-guard-far] depth 3, 4 random opening plies, ply cap 300, pairs off (both sides identical; --pairs forces them on)
[pl-guard-far] rules {}, values {}
[pl-guard-far] 0/1600  0.0 games/s  ETA ?
[pl-guard-far] 12/1600  3.0 games/s  ETA 0h08m49s
[pl-guard-far] 25/1600  4.2 games/s  ETA 0h06m18s
[pl-guard-far] 32/1600  4.0 games/s  ETA 0h06m32s
[pl-guard-far] 43/1600  4.3 games/s  ETA 0h06m02s
[pl-guard-far] 56/1600  4.7 games/s  ETA 0h05m31s
[pl-guard-far] 67/1600  4.8 games/s  ETA 0h05m20s
[pl-guard-far] 84/1600  5.2 games/s  ETA 0h04m49s
[pl-guard-far] 98/1600  5.4 games/s  ETA 0h04m36s
[pl-guard-far] 113/1600  5.6 games/s  ETA 0h04m23s
[pl-guard-far] 128/1600  5.8 games/s  ETA 0h04m13s
[pl-guard-far] 143/1600  6.0 games/s  ETA 0h04m04s
[pl-guard-far] 158/1600  6.1 games/s  ETA 0h03m57s
[pl-guard-far] 174/1600  6.2 games/s  ETA 0h03m49s
[pl-guard-far] 191/1600  6.4 games/s  ETA 0h03m41s
[pl-guard-far] 204/1600  6.4 games/s  ETA 0h03m39s
[pl-guard-far] 220/1600  6.5 games/s  ETA 0h03m33s
[pl-guard-far] 233/1600  6.5 games/s  ETA 0h03m31s
[pl-guard-far] 250/1600  6.6 games/s  ETA 0h03m25s
[pl-guard-far] 267/1600  6.7 games/s  ETA 0h03m19s
[pl-guard-far] 279/1600  6.6 games/s  ETA 0h03m19s
[pl-guard-far] 295/1600  6.7 games/s  ETA 0h03m14s
[pl-guard-far] 310/1600  6.7 games/s  ETA 0h03m11s
[pl-guard-far] 324/1600  6.7 games/s  ETA 0h03m09s
[pl-guard-far] 339/1600  6.8 games/s  ETA 0h03m06s
[pl-guard-far] 353/1600  6.8 games/s  ETA 0h03m03s
[pl-guard-far] 367/1600  6.8 games/s  ETA 0h03m01s
[pl-guard-far] 374/1600  6.7 games/s  ETA 0h03m03s
[pl-guard-far] 385/1600  6.6 games/s  ETA 0h03m03s
[pl-guard-far] 401/1600  6.7 games/s  ETA 0h02m59s
[pl-guard-far] 416/1600  6.7 games/s  ETA 0h02m56s
[pl-guard-far] 429/1600  6.7 games/s  ETA 0h02m54s
[pl-guard-far] 448/1600  6.8 games/s  ETA 0h02m49s
[pl-guard-far] 464/1600  6.8 games/s  ETA 0h02m46s
[pl-guard-far] 476/1600  6.8 games/s  ETA 0h02m45s
[pl-guard-far] 491/1600  6.8 games/s  ETA 0h02m42s
[pl-guard-far] 502/1600  6.8 games/s  ETA 0h02m41s
[pl-guard-far] 515/1600  6.8 games/s  ETA 0h02m40s
[pl-guard-far] 532/1600  6.8 games/s  ETA 0h02m36s
[pl-guard-far] 550/1600  6.9 games/s  ETA 0h02m32s
[pl-guard-far] 565/1600  6.9 games/s  ETA 0h02m30s
[pl-guard-far] 578/1600  6.9 games/s  ETA 0h02m28s
[pl-guard-far] 594/1600  6.9 games/s  ETA 0h02m25s
[pl-guard-far] 611/1600  6.9 games/s  ETA 0h02m22s
[pl-guard-far] 627/1600  7.0 games/s  ETA 0h02m19s
[pl-guard-far] 642/1600  7.0 games/s  ETA 0h02m17s
[pl-guard-far] 655/1600  7.0 games/s  ETA 0h02m15s
[pl-guard-far] 665/1600  6.9 games/s  ETA 0h02m15s
[pl-guard-far] 681/1600  6.9 games/s  ETA 0h02m12s
[pl-guard-far] 696/1600  7.0 games/s  ETA 0h02m09s
[pl-guard-far] 712/1600  7.0 games/s  ETA 0h02m07s
[pl-guard-far] 726/1600  7.0 games/s  ETA 0h02m05s
[pl-guard-far] 737/1600  6.9 games/s  ETA 0h02m04s
[pl-guard-far] 753/1600  7.0 games/s  ETA 0h02m01s
[pl-guard-far] 767/1600  7.0 games/s  ETA 0h01m59s
[pl-guard-far] 781/1600  7.0 games/s  ETA 0h01m57s
[pl-guard-far] 793/1600  6.9 games/s  ETA 0h01m56s
[pl-guard-far] 807/1600  7.0 games/s  ETA 0h01m54s
[pl-guard-far] 817/1600  6.9 games/s  ETA 0h01m53s
[pl-guard-far] 832/1600  6.9 games/s  ETA 0h01m50s
[pl-guard-far] 850/1600  7.0 games/s  ETA 0h01m47s
[pl-guard-far] 866/1600  7.0 games/s  ETA 0h01m45s
[pl-guard-far] 880/1600  7.0 games/s  ETA 0h01m43s
[pl-guard-far] 896/1600  7.0 games/s  ETA 0h01m40s
[pl-guard-far] 911/1600  7.0 games/s  ETA 0h01m38s
[pl-guard-far] 926/1600  7.0 games/s  ETA 0h01m36s
[pl-guard-far] 939/1600  7.0 games/s  ETA 0h01m34s
[pl-guard-far] 954/1600  7.0 games/s  ETA 0h01m32s
[pl-guard-far] 970/1600  7.0 games/s  ETA 0h01m29s
[pl-guard-far] 983/1600  7.0 games/s  ETA 0h01m27s
[pl-guard-far] 997/1600  7.0 games/s  ETA 0h01m25s
[pl-guard-far] 1013/1600  7.0 games/s  ETA 0h01m23s
[pl-guard-far] 1028/1600  7.0 games/s  ETA 0h01m21s
[pl-guard-far] 1048/1600  7.1 games/s  ETA 0h01m18s
[pl-guard-far] 1064/1600  7.1 games/s  ETA 0h01m15s
[pl-guard-far] 1078/1600  7.1 games/s  ETA 0h01m13s
[pl-guard-far] 1092/1600  7.1 games/s  ETA 0h01m11s
[pl-guard-far] 1107/1600  7.1 games/s  ETA 0h01m09s
[pl-guard-far] 1123/1600  7.1 games/s  ETA 0h01m07s
[pl-guard-far] 1135/1600  7.1 games/s  ETA 0h01m05s
[pl-guard-far] 1150/1600  7.1 games/s  ETA 0h01m03s
[pl-guard-far] 1165/1600  7.1 games/s  ETA 0h01m01s
[pl-guard-far] 1181/1600  7.1 games/s  ETA 0h00m58s
[pl-guard-far] 1200/1600  7.1 games/s  ETA 0h00m56s
[pl-guard-far] 1214/1600  7.1 games/s  ETA 0h00m54s
[pl-guard-far] 1229/1600  7.1 games/s  ETA 0h00m51s
[pl-guard-far] 1245/1600  7.1 games/s  ETA 0h00m49s
[pl-guard-far] 1259/1600  7.1 games/s  ETA 0h00m47s
[pl-guard-far] 1274/1600  7.2 games/s  ETA 0h00m45s
[pl-guard-far] 1295/1600  7.2 games/s  ETA 0h00m42s
[pl-guard-far] 1310/1600  7.2 games/s  ETA 0h00m40s
[pl-guard-far] 1327/1600  7.2 games/s  ETA 0h00m37s
[pl-guard-far] 1341/1600  7.2 games/s  ETA 0h00m35s
[pl-guard-far] 1361/1600  7.2 games/s  ETA 0h00m33s
[pl-guard-far] 1375/1600  7.2 games/s  ETA 0h00m31s
[pl-guard-far] 1389/1600  7.2 games/s  ETA 0h00m29s
[pl-guard-far] 1407/1600  7.2 games/s  ETA 0h00m26s
[pl-guard-far] 1420/1600  7.2 games/s  ETA 0h00m24s
[pl-guard-far] 1436/1600  7.2 games/s  ETA 0h00m22s
[pl-guard-far] 1456/1600  7.3 games/s  ETA 0h00m19s
[pl-guard-far] 1467/1600  7.3 games/s  ETA 0h00m18s
[pl-guard-far] 1484/1600  7.3 games/s  ETA 0h00m15s
[pl-guard-far] 1500/1600  7.3 games/s  ETA 0h00m13s
[pl-guard-far] 1516/1600  7.3 games/s  ETA 0h00m11s
[pl-guard-far] 1534/1600  7.3 games/s  ETA 0h00m09s
[pl-guard-far] 1549/1600  7.3 games/s  ETA 0h00m06s
[pl-guard-far] 1565/1600  7.3 games/s  ETA 0h00m04s
[pl-guard-far] 1581/1600  7.3 games/s  ETA 0h00m02s
[pl-guard-far] 1598/1600  7.3 games/s  ETA 0h00m00s
[pl-guard-far] 1600 games in 0h03m38s (7.3 games/s)
[pl-guard-far] summary -> sim/out/pl-guard-far.summary.json
== 09:47:23 pl-arch-near
[pl-arch-near] 1600 games (0 already done), 1600 to play on 14 workers -> sim/out/pl-arch-near.jsonl
[pl-arch-near] depth 3, 4 random opening plies, ply cap 300, pairs off (both sides identical; --pairs forces them on)
[pl-arch-near] rules {}, values {}
[pl-arch-near] 2/1600  1.0 games/s  ETA 0h26m39s
[pl-arch-near] 22/1600  5.5 games/s  ETA 0h04m47s
[pl-arch-near] 38/1600  6.3 games/s  ETA 0h04m06s
[pl-arch-near] 56/1600  7.0 games/s  ETA 0h03m40s
[pl-arch-near] 72/1600  7.2 games/s  ETA 0h03m32s
[pl-arch-near] 87/1600  7.2 games/s  ETA 0h03m28s
[pl-arch-near] 105/1600  7.5 games/s  ETA 0h03m19s
[pl-arch-near] 122/1600  7.6 games/s  ETA 0h03m13s
[pl-arch-near] 139/1600  7.7 games/s  ETA 0h03m09s
[pl-arch-near] 161/1600  8.0 games/s  ETA 0h02m58s
[pl-arch-near] 181/1600  8.2 games/s  ETA 0h02m52s
[pl-arch-near] 199/1600  8.3 games/s  ETA 0h02m49s
[pl-arch-near] 217/1600  8.3 games/s  ETA 0h02m45s
[pl-arch-near] 238/1600  8.5 games/s  ETA 0h02m40s
[pl-arch-near] 252/1600  8.4 games/s  ETA 0h02m40s
[pl-arch-near] 272/1600  8.5 games/s  ETA 0h02m36s
[pl-arch-near] 291/1600  8.6 games/s  ETA 0h02m33s
[pl-arch-near] 309/1600  8.6 games/s  ETA 0h02m30s
[pl-arch-near] 323/1600  8.5 games/s  ETA 0h02m30s
[pl-arch-near] 338/1600  8.4 games/s  ETA 0h02m29s
[pl-arch-near] 359/1600  8.5 games/s  ETA 0h02m25s
[pl-arch-near] 376/1600  8.5 games/s  ETA 0h02m23s
[pl-arch-near] 391/1600  8.5 games/s  ETA 0h02m22s
[pl-arch-near] 410/1600  8.5 games/s  ETA 0h02m19s
[pl-arch-near] 428/1600  8.6 games/s  ETA 0h02m17s
[pl-arch-near] 443/1600  8.5 games/s  ETA 0h02m15s
[pl-arch-near] 454/1600  8.4 games/s  ETA 0h02m16s
[pl-arch-near] 470/1600  8.4 games/s  ETA 0h02m14s
[pl-arch-near] 489/1600  8.4 games/s  ETA 0h02m11s
[pl-arch-near] 506/1600  8.4 games/s  ETA 0h02m09s
[pl-arch-near] 523/1600  8.4 games/s  ETA 0h02m07s
[pl-arch-near] 539/1600  8.4 games/s  ETA 0h02m06s
[pl-arch-near] 556/1600  8.4 games/s  ETA 0h02m04s
[pl-arch-near] 570/1600  8.4 games/s  ETA 0h02m02s
[pl-arch-near] 587/1600  8.4 games/s  ETA 0h02m00s
[pl-arch-near] 608/1600  8.4 games/s  ETA 0h01m57s
[pl-arch-near] 628/1600  8.5 games/s  ETA 0h01m54s
[pl-arch-near] 646/1600  8.5 games/s  ETA 0h01m52s
[pl-arch-near] 666/1600  8.5 games/s  ETA 0h01m49s
[pl-arch-near] 687/1600  8.6 games/s  ETA 0h01m46s
[pl-arch-near] 706/1600  8.6 games/s  ETA 0h01m43s
[pl-arch-near] 719/1600  8.6 games/s  ETA 0h01m43s
[pl-arch-near] 734/1600  8.5 games/s  ETA 0h01m41s
[pl-arch-near] 748/1600  8.5 games/s  ETA 0h01m40s
[pl-arch-near] 770/1600  8.5 games/s  ETA 0h01m37s
[pl-arch-near] 786/1600  8.5 games/s  ETA 0h01m35s
[pl-arch-near] 806/1600  8.6 games/s  ETA 0h01m32s
[pl-arch-near] 825/1600  8.6 games/s  ETA 0h01m30s
[pl-arch-near] 840/1600  8.6 games/s  ETA 0h01m28s
[pl-arch-near] 860/1600  8.6 games/s  ETA 0h01m26s
[pl-arch-near] 878/1600  8.6 games/s  ETA 0h01m23s
[pl-arch-near] 895/1600  8.6 games/s  ETA 0h01m21s
[pl-arch-near] 908/1600  8.6 games/s  ETA 0h01m20s
[pl-arch-near] 927/1600  8.6 games/s  ETA 0h01m18s
[pl-arch-near] 944/1600  8.6 games/s  ETA 0h01m16s
[pl-arch-near] 961/1600  8.6 games/s  ETA 0h01m14s
[pl-arch-near] 973/1600  8.5 games/s  ETA 0h01m13s
[pl-arch-near] 994/1600  8.6 games/s  ETA 0h01m10s
[pl-arch-near] 1012/1600  8.6 games/s  ETA 0h01m08s
[pl-arch-near] 1027/1600  8.6 games/s  ETA 0h01m07s
[pl-arch-near] 1043/1600  8.5 games/s  ETA 0h01m05s
[pl-arch-near] 1056/1600  8.5 games/s  ETA 0h01m03s
[pl-arch-near] 1069/1600  8.5 games/s  ETA 0h01m02s
[pl-arch-near] 1091/1600  8.5 games/s  ETA 0h00m59s
[pl-arch-near] 1104/1600  8.5 games/s  ETA 0h00m58s
[pl-arch-near] 1120/1600  8.5 games/s  ETA 0h00m56s
[pl-arch-near] 1137/1600  8.5 games/s  ETA 0h00m54s
[pl-arch-near] 1155/1600  8.5 games/s  ETA 0h00m52s
[pl-arch-near] 1169/1600  8.5 games/s  ETA 0h00m50s
[pl-arch-near] 1184/1600  8.4 games/s  ETA 0h00m49s
[pl-arch-near] 1202/1600  8.5 games/s  ETA 0h00m47s
[pl-arch-near] 1217/1600  8.4 games/s  ETA 0h00m45s
[pl-arch-near] 1235/1600  8.5 games/s  ETA 0h00m43s
[pl-arch-near] 1256/1600  8.5 games/s  ETA 0h00m40s
[pl-arch-near] 1272/1600  8.5 games/s  ETA 0h00m38s
[pl-arch-near] 1290/1600  8.5 games/s  ETA 0h00m36s
[pl-arch-near] 1304/1600  8.5 games/s  ETA 0h00m34s
[pl-arch-near] 1321/1600  8.5 games/s  ETA 0h00m32s
[pl-arch-near] 1339/1600  8.5 games/s  ETA 0h00m30s
[pl-arch-near] 1358/1600  8.5 games/s  ETA 0h00m28s
[pl-arch-near] 1372/1600  8.5 games/s  ETA 0h00m26s
[pl-arch-near] 1390/1600  8.5 games/s  ETA 0h00m24s
[pl-arch-near] 1402/1600  8.4 games/s  ETA 0h00m23s
[pl-arch-near] 1417/1600  8.4 games/s  ETA 0h00m21s
[pl-arch-near] 1432/1600  8.4 games/s  ETA 0h00m19s
[pl-arch-near] 1451/1600  8.4 games/s  ETA 0h00m17s
[pl-arch-near] 1467/1600  8.4 games/s  ETA 0h00m15s
[pl-arch-near] 1485/1600  8.4 games/s  ETA 0h00m13s
[pl-arch-near] 1500/1600  8.4 games/s  ETA 0h00m11s
[pl-arch-near] 1514/1600  8.4 games/s  ETA 0h00m10s
[pl-arch-near] 1531/1600  8.4 games/s  ETA 0h00m08s
[pl-arch-near] 1545/1600  8.4 games/s  ETA 0h00m06s
[pl-arch-near] 1565/1600  8.4 games/s  ETA 0h00m04s
[pl-arch-near] 1580/1600  8.4 games/s  ETA 0h00m02s
[pl-arch-near] 1597/1600  8.4 games/s  ETA 0h00m00s
[pl-arch-near] 1600 games in 0h03m10s (8.4 games/s)
[pl-arch-near] summary -> sim/out/pl-arch-near.summary.json
== 09:50:35 pl-arch-far
[pl-arch-far] 1600 games (0 already done), 1600 to play on 14 workers -> sim/out/pl-arch-far.jsonl
[pl-arch-far] depth 3, 4 random opening plies, ply cap 300, pairs off (both sides identical; --pairs forces them on)
[pl-arch-far] rules {}, values {}
[pl-arch-far] 3/1600  1.5 games/s  ETA 0h17m46s
[pl-arch-far] 21/1600  5.2 games/s  ETA 0h05m01s
[pl-arch-far] 34/1600  5.7 games/s  ETA 0h04m36s
[pl-arch-far] 49/1600  6.1 games/s  ETA 0h04m13s
[pl-arch-far] 65/1600  6.5 games/s  ETA 0h03m56s
[pl-arch-far] 84/1600  7.0 games/s  ETA 0h03m36s
[pl-arch-far] 99/1600  7.1 games/s  ETA 0h03m32s
[pl-arch-far] 119/1600  7.4 games/s  ETA 0h03m19s
[pl-arch-far] 133/1600  7.4 games/s  ETA 0h03m18s
[pl-arch-far] 152/1600  7.6 games/s  ETA 0h03m10s
[pl-arch-far] 166/1600  7.5 games/s  ETA 0h03m10s
[pl-arch-far] 179/1600  7.4 games/s  ETA 0h03m10s
[pl-arch-far] 196/1600  7.5 games/s  ETA 0h03m06s
[pl-arch-far] 211/1600  7.5 games/s  ETA 0h03m04s
[pl-arch-far] 232/1600  7.7 games/s  ETA 0h02m57s
[pl-arch-far] 250/1600  7.8 games/s  ETA 0h02m52s
[pl-arch-far] 268/1600  7.9 games/s  ETA 0h02m49s
[pl-arch-far] 282/1600  7.8 games/s  ETA 0h02m48s
[pl-arch-far] 302/1600  7.9 games/s  ETA 0h02m43s
[pl-arch-far] 321/1600  8.0 games/s  ETA 0h02m39s
[pl-arch-far] 338/1600  8.0 games/s  ETA 0h02m37s
[pl-arch-far] 353/1600  8.0 games/s  ETA 0h02m35s
[pl-arch-far] 368/1600  8.0 games/s  ETA 0h02m34s
[pl-arch-far] 381/1600  7.9 games/s  ETA 0h02m33s
[pl-arch-far] 393/1600  7.9 games/s  ETA 0h02m33s
[pl-arch-far] 407/1600  7.8 games/s  ETA 0h02m32s
[pl-arch-far] 423/1600  7.8 games/s  ETA 0h02m30s
[pl-arch-far] 435/1600  7.8 games/s  ETA 0h02m30s
[pl-arch-far] 449/1600  7.7 games/s  ETA 0h02m28s
[pl-arch-far] 463/1600  7.7 games/s  ETA 0h02m27s
[pl-arch-far] 474/1600  7.6 games/s  ETA 0h02m27s
[pl-arch-far] 489/1600  7.6 games/s  ETA 0h02m25s
[pl-arch-far] 504/1600  7.6 games/s  ETA 0h02m23s
[pl-arch-far] 514/1600  7.6 games/s  ETA 0h02m23s
[pl-arch-far] 532/1600  7.6 games/s  ETA 0h02m20s
[pl-arch-far] 545/1600  7.6 games/s  ETA 0h02m19s
[pl-arch-far] 557/1600  7.5 games/s  ETA 0h02m18s
[pl-arch-far] 575/1600  7.6 games/s  ETA 0h02m15s
[pl-arch-far] 592/1600  7.6 games/s  ETA 0h02m12s
[pl-arch-far] 600/1600  7.5 games/s  ETA 0h02m13s
[pl-arch-far] 610/1600  7.4 games/s  ETA 0h02m13s
[pl-arch-far] 625/1600  7.4 games/s  ETA 0h02m11s
[pl-arch-far] 641/1600  7.4 games/s  ETA 0h02m08s
[pl-arch-far] 652/1600  7.4 games/s  ETA 0h02m08s
[pl-arch-far] 664/1600  7.4 games/s  ETA 0h02m07s
[pl-arch-far] 676/1600  7.3 games/s  ETA 0h02m05s
[pl-arch-far] 690/1600  7.3 games/s  ETA 0h02m04s
[pl-arch-far] 706/1600  7.3 games/s  ETA 0h02m01s
[pl-arch-far] 721/1600  7.3 games/s  ETA 0h01m59s
[pl-arch-far] 735/1600  7.3 games/s  ETA 0h01m57s
[pl-arch-far] 749/1600  7.3 games/s  ETA 0h01m56s
[pl-arch-far] 761/1600  7.3 games/s  ETA 0h01m54s
[pl-arch-far] 775/1600  7.3 games/s  ETA 0h01m52s
[pl-arch-far] 790/1600  7.3 games/s  ETA 0h01m50s
[pl-arch-far] 806/1600  7.3 games/s  ETA 0h01m48s
[pl-arch-far] 821/1600  7.3 games/s  ETA 0h01m46s
[pl-arch-far] 837/1600  7.3 games/s  ETA 0h01m44s
[pl-arch-far] 853/1600  7.3 games/s  ETA 0h01m41s
[pl-arch-far] 869/1600  7.4 games/s  ETA 0h01m39s
[pl-arch-far] 881/1600  7.3 games/s  ETA 0h01m38s
[pl-arch-far] 895/1600  7.3 games/s  ETA 0h01m36s
[pl-arch-far] 910/1600  7.3 games/s  ETA 0h01m34s
[pl-arch-far] 928/1600  7.4 games/s  ETA 0h01m31s
[pl-arch-far] 946/1600  7.4 games/s  ETA 0h01m28s
[pl-arch-far] 960/1600  7.4 games/s  ETA 0h01m26s
[pl-arch-far] 972/1600  7.4 games/s  ETA 0h01m25s
[pl-arch-far] 987/1600  7.4 games/s  ETA 0h01m23s
[pl-arch-far] 1001/1600  7.4 games/s  ETA 0h01m21s
[pl-arch-far] 1017/1600  7.4 games/s  ETA 0h01m19s
[pl-arch-far] 1031/1600  7.4 games/s  ETA 0h01m17s
[pl-arch-far] 1048/1600  7.4 games/s  ETA 0h01m14s
[pl-arch-far] 1065/1600  7.4 games/s  ETA 0h01m12s
[pl-arch-far] 1079/1600  7.4 games/s  ETA 0h01m10s
[pl-arch-far] 1096/1600  7.4 games/s  ETA 0h01m08s
[pl-arch-far] 1111/1600  7.4 games/s  ETA 0h01m06s
[pl-arch-far] 1124/1600  7.4 games/s  ETA 0h01m04s
[pl-arch-far] 1136/1600  7.4 games/s  ETA 0h01m02s
[pl-arch-far] 1151/1600  7.4 games/s  ETA 0h01m00s
[pl-arch-far] 1166/1600  7.4 games/s  ETA 0h00m58s
[pl-arch-far] 1181/1600  7.4 games/s  ETA 0h00m56s
[pl-arch-far] 1196/1600  7.4 games/s  ETA 0h00m54s
[pl-arch-far] 1210/1600  7.4 games/s  ETA 0h00m52s
[pl-arch-far] 1224/1600  7.4 games/s  ETA 0h00m51s
[pl-arch-far] 1235/1600  7.3 games/s  ETA 0h00m49s
[pl-arch-far] 1256/1600  7.4 games/s  ETA 0h00m46s
[pl-arch-far] 1269/1600  7.4 games/s  ETA 0h00m44s
[pl-arch-far] 1284/1600  7.4 games/s  ETA 0h00m42s
[pl-arch-far] 1297/1600  7.4 games/s  ETA 0h00m41s
[pl-arch-far] 1312/1600  7.4 games/s  ETA 0h00m39s
[pl-arch-far] 1325/1600  7.4 games/s  ETA 0h00m37s
[pl-arch-far] 1341/1600  7.4 games/s  ETA 0h00m35s
[pl-arch-far] 1355/1600  7.4 games/s  ETA 0h00m33s
[pl-arch-far] 1372/1600  7.4 games/s  ETA 0h00m30s
[pl-arch-far] 1390/1600  7.4 games/s  ETA 0h00m28s
[pl-arch-far] 1400/1600  7.4 games/s  ETA 0h00m27s
[pl-arch-far] 1416/1600  7.4 games/s  ETA 0h00m24s
[pl-arch-far] 1430/1600  7.4 games/s  ETA 0h00m23s
[pl-arch-far] 1448/1600  7.4 games/s  ETA 0h00m20s
[pl-arch-far] 1462/1600  7.4 games/s  ETA 0h00m18s
[pl-arch-far] 1475/1600  7.4 games/s  ETA 0h00m16s
[pl-arch-far] 1494/1600  7.4 games/s  ETA 0h00m14s
[pl-arch-far] 1509/1600  7.4 games/s  ETA 0h00m12s
[pl-arch-far] 1525/1600  7.4 games/s  ETA 0h00m10s
[pl-arch-far] 1542/1600  7.4 games/s  ETA 0h00m07s
[pl-arch-far] 1555/1600  7.4 games/s  ETA 0h00m06s
[pl-arch-far] 1571/1600  7.4 games/s  ETA 0h00m03s
[pl-arch-far] 1588/1600  7.4 games/s  ETA 0h00m01s
[pl-arch-far] 1599/1600  7.4 games/s  ETA 0h00m00s
[pl-arch-far] 1600 games in 0h03m36s (7.4 games/s)
[pl-arch-far] summary -> sim/out/pl-arch-far.summary.json
