[pv-A-over2-n2.A] 1000 games (0 already done), 1000 to play on 12 workers -> sim/out/pv-A-over2-n2.A.jsonl
[pv-A-over2-n2.A] depth 3, 4 random opening plies, ply cap 300, pairs on
[pv-A-over2-n2.A] rules {"archerShots":"over2"}, values {"A":194}
[pv-A-over2-n2.A] 3/1000  1.5 games/s  ETA 0h11m05s
[pv-A-over2-n2.A] 14/1000  3.5 games/s  ETA 0h04m41s
[pv-A-over2-n2.A] 25/1000  4.2 games/s  ETA 0h03m54s
[pv-A-over2-n2.A] 34/1000  4.2 games/s  ETA 0h03m47s
[pv-A-over2-n2.A] 47/1000  4.7 games/s  ETA 0h03m22s
[pv-A-over2-n2.A] 56/1000  4.7 games/s  ETA 0h03m22s
[pv-A-over2-n2.A] 65/1000  4.6 games/s  ETA 0h03m21s
[pv-A-over2-n2.A] 69/1000  4.3 games/s  ETA 0h03m36s
[pv-A-over2-n2.A] 77/1000  4.3 games/s  ETA 0h03m35s
[pv-A-over2-n2.A] 85/1000  4.2 games/s  ETA 0h03m35s
[pv-A-over2-n2.A] 91/1000  4.1 games/s  ETA 0h03m39s
[pv-A-over2-n2.A] 104/1000  4.3 games/s  ETA 0h03m26s
[pv-A-over2-n2.A] 111/1000  4.3 games/s  ETA 0h03m28s
[pv-A-over2-n2.A] 118/1000  4.2 games/s  ETA 0h03m29s
[pv-A-over2-n2.A] 125/1000  4.2 games/s  ETA 0h03m30s
[pv-A-over2-n2.A] 135/1000  4.2 games/s  ETA 0h03m25s
[pv-A-over2-n2.A] 145/1000  4.3 games/s  ETA 0h03m20s
[pv-A-over2-n2.A] 154/1000  4.3 games/s  ETA 0h03m17s
[pv-A-over2-n2.A] 164/1000  4.3 games/s  ETA 0h03m13s
[pv-A-over2-n2.A] 174/1000  4.3 games/s  ETA 0h03m10s
[pv-A-over2-n2.A] 188/1000  4.5 games/s  ETA 0h03m01s
[pv-A-over2-n2.A] 196/1000  4.5 games/s  ETA 0h03m00s
[pv-A-over2-n2.A] 205/1000  4.5 games/s  ETA 0h02m58s
[pv-A-over2-n2.A] 212/1000  4.4 games/s  ETA 0h02m58s
[pv-A-over2-n2.A] 223/1000  4.5 games/s  ETA 0h02m54s
[pv-A-over2-n2.A] 234/1000  4.5 games/s  ETA 0h02m50s
[pv-A-over2-n2.A] 243/1000  4.5 games/s  ETA 0h02m48s
[pv-A-over2-n2.A] 257/1000  4.6 games/s  ETA 0h02m42s
[pv-A-over2-n2.A] 268/1000  4.6 games/s  ETA 0h02m38s
[pv-A-over2-n2.A] 277/1000  4.6 games/s  ETA 0h02m36s
[pv-A-over2-n2.A] 286/1000  4.6 games/s  ETA 0h02m34s
[pv-A-over2-n2.A] 299/1000  4.7 games/s  ETA 0h02m30s
[pv-A-over2-n2.A] 311/1000  4.7 games/s  ETA 0h02m26s
[pv-A-over2-n2.A] 319/1000  4.7 games/s  ETA 0h02m25s
[pv-A-over2-n2.A] 329/1000  4.7 games/s  ETA 0h02m22s
[pv-A-over2-n2.A] 341/1000  4.7 games/s  ETA 0h02m19s
[pv-A-over2-n2.A] 352/1000  4.8 games/s  ETA 0h02m16s
[pv-A-over2-n2.A] 363/1000  4.8 games/s  ETA 0h02m13s
[pv-A-over2-n2.A] 370/1000  4.7 games/s  ETA 0h02m12s
[pv-A-over2-n2.A] 380/1000  4.7 games/s  ETA 0h02m10s
[pv-A-over2-n2.A] 390/1000  4.8 games/s  ETA 0h02m08s
[pv-A-over2-n2.A] 401/1000  4.8 games/s  ETA 0h02m05s
[pv-A-over2-n2.A] 409/1000  4.8 games/s  ETA 0h02m04s
[pv-A-over2-n2.A] 416/1000  4.7 games/s  ETA 0h02m03s
[pv-A-over2-n2.A] 427/1000  4.7 games/s  ETA 0h02m00s
[pv-A-over2-n2.A] 434/1000  4.7 games/s  ETA 0h02m00s
[pv-A-over2-n2.A] 444/1000  4.7 games/s  ETA 0h01m57s
[pv-A-over2-n2.A] 452/1000  4.7 games/s  ETA 0h01m56s
[pv-A-over2-n2.A] 462/1000  4.7 games/s  ETA 0h01m54s
[pv-A-over2-n2.A] 473/1000  4.7 games/s  ETA 0h01m51s
[pv-A-over2-n2.A] 484/1000  4.7 games/s  ETA 0h01m48s
[pv-A-over2-n2.A] 492/1000  4.7 games/s  ETA 0h01m47s
[pv-A-over2-n2.A] 499/1000  4.7 games/s  ETA 0h01m46s
[pv-A-over2-n2.A] 509/1000  4.7 games/s  ETA 0h01m44s
[pv-A-over2-n2.A] 519/1000  4.7 games/s  ETA 0h01m42s
[pv-A-over2-n2.A] 533/1000  4.8 games/s  ETA 0h01m38s
[pv-A-over2-n2.A] 544/1000  4.8 games/s  ETA 0h01m35s
[pv-A-over2-n2.A] 555/1000  4.8 games/s  ETA 0h01m33s
[pv-A-over2-n2.A] 567/1000  4.8 games/s  ETA 0h01m30s
[pv-A-over2-n2.A] 577/1000  4.8 games/s  ETA 0h01m28s
[pv-A-over2-n2.A] 587/1000  4.8 games/s  ETA 0h01m25s
[pv-A-over2-n2.A] 597/1000  4.8 games/s  ETA 0h01m23s
[pv-A-over2-n2.A] 606/1000  4.8 games/s  ETA 0h01m21s
[pv-A-over2-n2.A] 615/1000  4.8 games/s  ETA 0h01m20s
[pv-A-over2-n2.A] 625/1000  4.8 games/s  ETA 0h01m18s
[pv-A-over2-n2.A] 637/1000  4.8 games/s  ETA 0h01m15s
[pv-A-over2-n2.A] 646/1000  4.8 games/s  ETA 0h01m13s
[pv-A-over2-n2.A] 656/1000  4.8 games/s  ETA 0h01m11s
[pv-A-over2-n2.A] 667/1000  4.8 games/s  ETA 0h01m08s
[pv-A-over2-n2.A] 676/1000  4.8 games/s  ETA 0h01m07s
[pv-A-over2-n2.A] 685/1000  4.8 games/s  ETA 0h01m05s
[pv-A-over2-n2.A] 698/1000  4.8 games/s  ETA 0h01m02s
[pv-A-over2-n2.A] 710/1000  4.9 games/s  ETA 0h00m59s
[pv-A-over2-n2.A] 721/1000  4.9 games/s  ETA 0h00m57s
[pv-A-over2-n2.A] 731/1000  4.9 games/s  ETA 0h00m55s
[pv-A-over2-n2.A] 743/1000  4.9 games/s  ETA 0h00m52s
[pv-A-over2-n2.A] 753/1000  4.9 games/s  ETA 0h00m50s
[pv-A-over2-n2.A] 764/1000  4.9 games/s  ETA 0h00m48s
[pv-A-over2-n2.A] 774/1000  4.9 games/s  ETA 0h00m46s
[pv-A-over2-n2.A] 782/1000  4.9 games/s  ETA 0h00m44s
[pv-A-over2-n2.A] 789/1000  4.9 games/s  ETA 0h00m43s
[pv-A-over2-n2.A] 802/1000  4.9 games/s  ETA 0h00m40s
[pv-A-over2-n2.A] 816/1000  4.9 games/s  ETA 0h00m37s
[pv-A-over2-n2.A] 827/1000  4.9 games/s  ETA 0h00m35s
[pv-A-over2-n2.A] 840/1000  4.9 games/s  ETA 0h00m32s
[pv-A-over2-n2.A] 848/1000  4.9 games/s  ETA 0h00m30s
[pv-A-over2-n2.A] 863/1000  5.0 games/s  ETA 0h00m27s
[pv-A-over2-n2.A] 875/1000  5.0 games/s  ETA 0h00m25s
[pv-A-over2-n2.A] 886/1000  5.0 games/s  ETA 0h00m22s
[pv-A-over2-n2.A] 896/1000  5.0 games/s  ETA 0h00m20s
[pv-A-over2-n2.A] 908/1000  5.0 games/s  ETA 0h00m18s
[pv-A-over2-n2.A] 919/1000  5.0 games/s  ETA 0h00m16s
[pv-A-over2-n2.A] 930/1000  5.0 games/s  ETA 0h00m14s
[pv-A-over2-n2.A] 940/1000  5.0 games/s  ETA 0h00m12s
[pv-A-over2-n2.A] 951/1000  5.0 games/s  ETA 0h00m09s
[pv-A-over2-n2.A] 963/1000  5.0 games/s  ETA 0h00m07s
[pv-A-over2-n2.A] 977/1000  5.0 games/s  ETA 0h00m04s
[pv-A-over2-n2.A] 988/1000  5.0 games/s  ETA 0h00m02s
[pv-A-over2-n2.A] 999/1000  5.0 games/s  ETA 0h00m00s
[pv-A-over2-n2.A] 1000 games in 0h03m18s (5.0 games/s)
[pv-A-over2-n2.A] summary -> sim/out/pv-A-over2-n2.A.summary.json
# Piece values — pv-A-over2-n2

Muller's asymmetric-material method (docs/SIM-PLAN.md §7). Each arm replaces one **knight** of the
classic arrangement `RNBQKBNR` with one fairy piece, on one side only, and plays
colour-reversed pairs. The last arm gives White pawn odds; it converts Elo into pawns.

Depth 3, 1000 games per arm, 4 random opening plies.
Rules: `{"archerShots":"over2"}`.
Engine values: `A=194` (the rest keep `src/ai/eval.ts`).

## Arms (scores are the fairy army's, folded over the colour swap)
| arm | games | pairs | pentanomial | score | Elo ±95% | nElo | LOS | LLR | SPRT | draws | capped | plies |
|---|---|---|---|---|---|---|---|---|---|---|---|---|
| A | 1000 | 500 | [188, 82, 178, 22, 30] | 0.312 | -137 ± 18 | -157 | 0.0% | -4.35 | H0 | 10.8% | 0.4% | 91 |

**One pawn = 77 Elo** at this depth
(carried over with `--eloPerPawn`; no calibration arm was played here). Every
implied value below carries that calibration error on top of its own.


## Implied values
| piece | Elo vs n | Δ pawns | implied value (pawns) | engine seed | research prior | next seed (cp) |
|---|---|---|---|---|---|---|
| A (archer) | -137 ± 18 | -1.78 ± 0.23 ** | < 1.66 ** | 1.94 | 3.50 | 138 |

Implied value = n (3.16) + Elo / 77.

** 1 swap(s) fall outside the linear band of ±1.5 pawns that Muller's method needs. The score
saturates there, so the conversion under-reads the gap: take the marked rows as "far from a knight,
on the side the bound points", not as a number. The fix is Muller's second step — hand the strong side a pawn and play
again until the result brackets 50%. The next-seed column floors at 50 cp for the same reason.


## Muller fixed-point update
Write the "next seed" column into `src/ai/eval.ts`, then run this experiment again. The values are
converged when a pass moves no piece by more than its error bar. A seed that inverts a plausible
exchange makes self-play blind, so never stop after one pass.

```ts
export const ARCHER_V = 138;
```

