[pv-A-over2-n1.A] 1000 games (0 already done), 1000 to play on 12 workers -> sim/out/pv-A-over2-n1.A.jsonl
[pv-A-over2-n1.A] depth 3, 4 random opening plies, ply cap 300, pairs on
[pv-A-over2-n1.A] rules {"archerShots":"over2"}, values {}
[pv-A-over2-n1.A] 2/1000  1.0 games/s  ETA 0h16m43s
[pv-A-over2-n1.A] 12/1000  3.0 games/s  ETA 0h05m30s
[pv-A-over2-n1.A] 21/1000  3.5 games/s  ETA 0h04m40s
[pv-A-over2-n1.A] 32/1000  4.0 games/s  ETA 0h04m02s
[pv-A-over2-n1.A] 45/1000  4.5 games/s  ETA 0h03m32s
[pv-A-over2-n1.A] 58/1000  4.8 games/s  ETA 0h03m15s
[pv-A-over2-n1.A] 65/1000  4.6 games/s  ETA 0h03m21s
[pv-A-over2-n1.A] 76/1000  4.7 games/s  ETA 0h03m14s
[pv-A-over2-n1.A] 84/1000  4.7 games/s  ETA 0h03m16s
[pv-A-over2-n1.A] 93/1000  4.6 games/s  ETA 0h03m15s
[pv-A-over2-n1.A] 103/1000  4.7 games/s  ETA 0h03m11s
[pv-A-over2-n1.A] 118/1000  4.9 games/s  ETA 0h02m59s
[pv-A-over2-n1.A] 131/1000  5.0 games/s  ETA 0h02m52s
[pv-A-over2-n1.A] 140/1000  5.0 games/s  ETA 0h02m52s
[pv-A-over2-n1.A] 151/1000  5.0 games/s  ETA 0h02m48s
[pv-A-over2-n1.A] 165/1000  5.2 games/s  ETA 0h02m42s
[pv-A-over2-n1.A] 172/1000  5.1 games/s  ETA 0h02m43s
[pv-A-over2-n1.A] 180/1000  5.0 games/s  ETA 0h02m44s
[pv-A-over2-n1.A] 185/1000  4.9 games/s  ETA 0h02m47s
[pv-A-over2-n1.A] 194/1000  4.8 games/s  ETA 0h02m46s
[pv-A-over2-n1.A] 204/1000  4.9 games/s  ETA 0h02m44s
[pv-A-over2-n1.A] 212/1000  4.8 games/s  ETA 0h02m43s
[pv-A-over2-n1.A] 223/1000  4.8 games/s  ETA 0h02m40s
[pv-A-over2-n1.A] 230/1000  4.8 games/s  ETA 0h02m40s
[pv-A-over2-n1.A] 244/1000  4.9 games/s  ETA 0h02m35s
[pv-A-over2-n1.A] 250/1000  4.8 games/s  ETA 0h02m36s
[pv-A-over2-n1.A] 260/1000  4.8 games/s  ETA 0h02m33s
[pv-A-over2-n1.A] 272/1000  4.9 games/s  ETA 0h02m30s
[pv-A-over2-n1.A] 281/1000  4.8 games/s  ETA 0h02m28s
[pv-A-over2-n1.A] 287/1000  4.8 games/s  ETA 0h02m29s
[pv-A-over2-n1.A] 294/1000  4.7 games/s  ETA 0h02m29s
[pv-A-over2-n1.A] 303/1000  4.7 games/s  ETA 0h02m27s
[pv-A-over2-n1.A] 317/1000  4.8 games/s  ETA 0h02m22s
[pv-A-over2-n1.A] 320/1000  4.7 games/s  ETA 0h02m24s
[pv-A-over2-n1.A] 324/1000  4.6 games/s  ETA 0h02m26s
[pv-A-over2-n1.A] 336/1000  4.7 games/s  ETA 0h02m22s
[pv-A-over2-n1.A] 348/1000  4.7 games/s  ETA 0h02m18s
[pv-A-over2-n1.A] 353/1000  4.6 games/s  ETA 0h02m19s
[pv-A-over2-n1.A] 358/1000  4.6 games/s  ETA 0h02m20s
[pv-A-over2-n1.A] 366/1000  4.6 games/s  ETA 0h02m18s
[pv-A-over2-n1.A] 372/1000  4.5 games/s  ETA 0h02m18s
[pv-A-over2-n1.A] 377/1000  4.5 games/s  ETA 0h02m18s
[pv-A-over2-n1.A] 387/1000  4.5 games/s  ETA 0h02m16s
[pv-A-over2-n1.A] 397/1000  4.5 games/s  ETA 0h02m13s
[pv-A-over2-n1.A] 403/1000  4.5 games/s  ETA 0h02m13s
[pv-A-over2-n1.A] 411/1000  4.5 games/s  ETA 0h02m11s
[pv-A-over2-n1.A] 418/1000  4.4 games/s  ETA 0h02m11s
[pv-A-over2-n1.A] 423/1000  4.4 games/s  ETA 0h02m11s
[pv-A-over2-n1.A] 428/1000  4.4 games/s  ETA 0h02m11s
[pv-A-over2-n1.A] 437/1000  4.4 games/s  ETA 0h02m08s
[pv-A-over2-n1.A] 448/1000  4.4 games/s  ETA 0h02m05s
[pv-A-over2-n1.A] 455/1000  4.4 games/s  ETA 0h02m04s
[pv-A-over2-n1.A] 467/1000  4.4 games/s  ETA 0h02m01s
[pv-A-over2-n1.A] 479/1000  4.4 games/s  ETA 0h01m57s
[pv-A-over2-n1.A] 488/1000  4.4 games/s  ETA 0h01m55s
[pv-A-over2-n1.A] 496/1000  4.4 games/s  ETA 0h01m53s
[pv-A-over2-n1.A] 509/1000  4.5 games/s  ETA 0h01m50s
[pv-A-over2-n1.A] 520/1000  4.5 games/s  ETA 0h01m47s
[pv-A-over2-n1.A] 526/1000  4.5 games/s  ETA 0h01m46s
[pv-A-over2-n1.A] 540/1000  4.5 games/s  ETA 0h01m42s
[pv-A-over2-n1.A] 550/1000  4.5 games/s  ETA 0h01m39s
[pv-A-over2-n1.A] 556/1000  4.5 games/s  ETA 0h01m39s
[pv-A-over2-n1.A] 570/1000  4.5 games/s  ETA 0h01m35s
[pv-A-over2-n1.A] 582/1000  4.5 games/s  ETA 0h01m32s
[pv-A-over2-n1.A] 588/1000  4.5 games/s  ETA 0h01m31s
[pv-A-over2-n1.A] 594/1000  4.5 games/s  ETA 0h01m30s
[pv-A-over2-n1.A] 607/1000  4.5 games/s  ETA 0h01m26s
[pv-A-over2-n1.A] 621/1000  4.6 games/s  ETA 0h01m23s
[pv-A-over2-n1.A] 624/1000  4.5 games/s  ETA 0h01m23s
[pv-A-over2-n1.A] 633/1000  4.5 games/s  ETA 0h01m21s
[pv-A-over2-n1.A] 641/1000  4.5 games/s  ETA 0h01m19s
[pv-A-over2-n1.A] 649/1000  4.5 games/s  ETA 0h01m17s
[pv-A-over2-n1.A] 659/1000  4.5 games/s  ETA 0h01m15s
[pv-A-over2-n1.A] 672/1000  4.5 games/s  ETA 0h01m12s
[pv-A-over2-n1.A] 679/1000  4.5 games/s  ETA 0h01m10s
[pv-A-over2-n1.A] 688/1000  4.5 games/s  ETA 0h01m09s
[pv-A-over2-n1.A] 697/1000  4.5 games/s  ETA 0h01m07s
[pv-A-over2-n1.A] 708/1000  4.5 games/s  ETA 0h01m04s
[pv-A-over2-n1.A] 719/1000  4.5 games/s  ETA 0h01m01s
[pv-A-over2-n1.A] 727/1000  4.5 games/s  ETA 0h01m00s
[pv-A-over2-n1.A] 741/1000  4.6 games/s  ETA 0h00m56s
[pv-A-over2-n1.A] 751/1000  4.6 games/s  ETA 0h00m54s
[pv-A-over2-n1.A] 755/1000  4.5 games/s  ETA 0h00m53s
[pv-A-over2-n1.A] 767/1000  4.6 games/s  ETA 0h00m51s
[pv-A-over2-n1.A] 781/1000  4.6 games/s  ETA 0h00m47s
[pv-A-over2-n1.A] 789/1000  4.6 games/s  ETA 0h00m46s
[pv-A-over2-n1.A] 800/1000  4.6 games/s  ETA 0h00m43s
[pv-A-over2-n1.A] 813/1000  4.6 games/s  ETA 0h00m40s
[pv-A-over2-n1.A] 826/1000  4.6 games/s  ETA 0h00m37s
[pv-A-over2-n1.A] 835/1000  4.6 games/s  ETA 0h00m35s
[pv-A-over2-n1.A] 847/1000  4.6 games/s  ETA 0h00m32s
[pv-A-over2-n1.A] 858/1000  4.7 games/s  ETA 0h00m30s
[pv-A-over2-n1.A] 870/1000  4.7 games/s  ETA 0h00m27s
[pv-A-over2-n1.A] 879/1000  4.7 games/s  ETA 0h00m25s
[pv-A-over2-n1.A] 890/1000  4.7 games/s  ETA 0h00m23s
[pv-A-over2-n1.A] 903/1000  4.7 games/s  ETA 0h00m20s
[pv-A-over2-n1.A] 912/1000  4.7 games/s  ETA 0h00m18s
[pv-A-over2-n1.A] 923/1000  4.7 games/s  ETA 0h00m16s
[pv-A-over2-n1.A] 937/1000  4.7 games/s  ETA 0h00m13s
[pv-A-over2-n1.A] 944/1000  4.7 games/s  ETA 0h00m11s
[pv-A-over2-n1.A] 956/1000  4.7 games/s  ETA 0h00m09s
[pv-A-over2-n1.A] 962/1000  4.7 games/s  ETA 0h00m08s
[pv-A-over2-n1.A] 975/1000  4.7 games/s  ETA 0h00m05s
[pv-A-over2-n1.A] 979/1000  4.7 games/s  ETA 0h00m04s
[pv-A-over2-n1.A] 988/1000  4.7 games/s  ETA 0h00m02s
[pv-A-over2-n1.A] 999/1000  4.7 games/s  ETA 0h00m00s
[pv-A-over2-n1.A] 1000 games in 0h03m32s (4.7 games/s)
[pv-A-over2-n1.A] summary -> sim/out/pv-A-over2-n1.A.summary.json
# Piece values — pv-A-over2-n1

Muller's asymmetric-material method (docs/SIM-PLAN.md §7). Each arm replaces one **knight** of the
classic arrangement `RNBQKBNR` with one fairy piece, on one side only, and plays
colour-reversed pairs. The last arm gives White pawn odds; it converts Elo into pawns.

Depth 3, 1000 games per arm, 4 random opening plies.
Rules: `{"archerShots":"over2"}`.
Engine values: the shipped constants.

## Arms (scores are the fairy army's, folded over the colour swap)
| arm | games | pairs | pentanomial | score | Elo ±95% | nElo | LOS | LLR | SPRT | draws | capped | plies |
|---|---|---|---|---|---|---|---|---|---|---|---|---|
| A | 1000 | 500 | [149, 84, 190, 35, 42] | 0.369 | -94 ± 19 | -106 | 0.0% | -3.26 | H0 | 13.7% | 0.4% | 90 |

**One pawn = 77 Elo** at this depth
(carried over with `--eloPerPawn`; no calibration arm was played here). Every
implied value below carries that calibration error on top of its own.


## Implied values
| piece | Elo vs n | Δ pawns | implied value (pawns) | engine seed | research prior | next seed (cp) |
|---|---|---|---|---|---|---|
| A (archer) | -94 ± 19 | -1.22 ± 0.24 | 1.94 ± 0.24 | 5.05 | 3.50 | 194 |

Implied value = n (3.16) + Elo / 77.


## Muller fixed-point update
Write the "next seed" column into `src/ai/eval.ts`, then run this experiment again. The values are
converged when a pass moves no piece by more than its error bar. A seed that inverts a plausible
exchange makes self-play blind, so never stop after one pass.

```ts
export const ARCHER_V = 194;
```

