
> king-down-chess@0.0.1 sim
> tsx src/sim/run.ts --spec sim/specs/newpieces/np-N.json --id np-N-d4 --games 400 --depth 4 --seed 31 --workers 16

[np-N-d4] 400 games (0 already done), 400 to play on 16 workers -> sim/out/np-N-d4.jsonl
[np-N-d4] depth 4, 4 random opening plies, ply cap 300, pairs off (both sides identical; --pairs forces them on)
[np-N-d4] rules {}, values {}
[np-N-d4] 0/400  0.0 games/s  ETA ?
[np-N-d4] 0/400  0.0 games/s  ETA ?
[np-N-d4] 4/400  0.7 games/s  ETA 0h09m54s
[np-N-d4] 12/400  1.5 games/s  ETA 0h04m18s
[np-N-d4] 17/400  1.7 games/s  ETA 0h03m45s
[np-N-d4] 18/400  1.5 games/s  ETA 0h04m14s
[np-N-d4] 23/400  1.6 games/s  ETA 0h03m49s
[np-N-d4] 26/400  1.6 games/s  ETA 0h03m50s
[np-N-d4] 31/400  1.7 games/s  ETA 0h03m34s
[np-N-d4] 32/400  1.6 games/s  ETA 0h03m50s
[np-N-d4] 38/400  1.7 games/s  ETA 0h03m29s
[np-N-d4] 40/400  1.7 games/s  ETA 0h03m36s
[np-N-d4] 44/400  1.7 games/s  ETA 0h03m30s
[np-N-d4] 50/400  1.8 games/s  ETA 0h03m16s
[np-N-d4] 52/400  1.7 games/s  ETA 0h03m20s
[np-N-d4] 53/400  1.7 games/s  ETA 0h03m29s
[np-N-d4] 55/400  1.6 games/s  ETA 0h03m33s
[np-N-d4] 58/400  1.6 games/s  ETA 0h03m32s
[np-N-d4] 62/400  1.6 games/s  ETA 0h03m27s
[np-N-d4] 65/400  1.6 games/s  ETA 0h03m26s
[np-N-d4] 70/400  1.7 games/s  ETA 0h03m18s
[np-N-d4] 72/400  1.6 games/s  ETA 0h03m20s
[np-N-d4] 74/400  1.6 games/s  ETA 0h03m22s
[np-N-d4] 75/400  1.6 games/s  ETA 0h03m28s
[np-N-d4] 79/400  1.6 games/s  ETA 0h03m23s
[np-N-d4] 85/400  1.6 games/s  ETA 0h03m12s
[np-N-d4] 88/400  1.6 games/s  ETA 0h03m11s
[np-N-d4] 90/400  1.6 games/s  ETA 0h03m12s
[np-N-d4] 93/400  1.6 games/s  ETA 0h03m11s
[np-N-d4] 96/400  1.6 games/s  ETA 0h03m10s
[np-N-d4] 101/400  1.6 games/s  ETA 0h03m03s
[np-N-d4] 101/400  1.6 games/s  ETA 0h03m09s
[np-N-d4] 107/400  1.6 games/s  ETA 0h03m00s
[np-N-d4] 110/400  1.6 games/s  ETA 0h02m59s
[np-N-d4] 112/400  1.6 games/s  ETA 0h03m00s
[np-N-d4] 114/400  1.6 games/s  ETA 0h03m00s
[np-N-d4] 116/400  1.6 games/s  ETA 0h03m01s
[np-N-d4] 119/400  1.6 games/s  ETA 0h02m59s
[np-N-d4] 124/400  1.6 games/s  ETA 0h02m53s
[np-N-d4] 127/400  1.6 games/s  ETA 0h02m52s
[np-N-d4] 129/400  1.6 games/s  ETA 0h02m52s
[np-N-d4] 132/400  1.6 games/s  ETA 0h02m50s
[np-N-d4] 136/400  1.6 games/s  ETA 0h02m47s
[np-N-d4] 137/400  1.6 games/s  ETA 0h02m49s
[np-N-d4] 141/400  1.6 games/s  ETA 0h02m45s
[np-N-d4] 144/400  1.6 games/s  ETA 0h02m43s
[np-N-d4] 150/400  1.6 games/s  ETA 0h02m36s
[np-N-d4] 151/400  1.6 games/s  ETA 0h02m38s
[np-N-d4] 154/400  1.6 games/s  ETA 0h02m36s
[np-N-d4] 158/400  1.6 games/s  ETA 0h02m33s
[np-N-d4] 159/400  1.6 games/s  ETA 0h02m34s
[np-N-d4] 161/400  1.5 games/s  ETA 0h02m34s
[np-N-d4] 162/400  1.5 games/s  ETA 0h02m35s
[np-N-d4] 164/400  1.5 games/s  ETA 0h02m35s
[np-N-d4] 168/400  1.5 games/s  ETA 0h02m32s
[np-N-d4] 173/400  1.5 games/s  ETA 0h02m27s
[np-N-d4] 175/400  1.5 games/s  ETA 0h02m26s
[np-N-d4] 175/400  1.5 games/s  ETA 0h02m29s
[np-N-d4] 179/400  1.5 games/s  ETA 0h02m25s
[np-N-d4] 185/400  1.5 games/s  ETA 0h02m19s
[np-N-d4] 186/400  1.5 games/s  ETA 0h02m20s
[np-N-d4] 188/400  1.5 games/s  ETA 0h02m19s
[np-N-d4] 190/400  1.5 games/s  ETA 0h02m19s
[np-N-d4] 191/400  1.5 games/s  ETA 0h02m20s
[np-N-d4] 195/400  1.5 games/s  ETA 0h02m16s
[np-N-d4] 196/400  1.5 games/s  ETA 0h02m17s
[np-N-d4] 198/400  1.5 games/s  ETA 0h02m16s
[np-N-d4] 202/400  1.5 games/s  ETA 0h02m13s
[np-N-d4] 206/400  1.5 games/s  ETA 0h02m10s
[np-N-d4] 210/400  1.5 games/s  ETA 0h02m06s
[np-N-d4] 210/400  1.5 games/s  ETA 0h02m08s
[np-N-d4] 212/400  1.5 games/s  ETA 0h02m07s
[np-N-d4] 215/400  1.5 games/s  ETA 0h02m05s
[np-N-d4] 222/400  1.5 games/s  ETA 0h01m58s
[np-N-d4] 228/400  1.5 games/s  ETA 0h01m53s
[np-N-d4] 231/400  1.5 games/s  ETA 0h01m51s
[np-N-d4] 236/400  1.5 games/s  ETA 0h01m47s
[np-N-d4] 238/400  1.5 games/s  ETA 0h01m46s
[np-N-d4] 241/400  1.5 games/s  ETA 0h01m44s
[np-N-d4] 244/400  1.5 games/s  ETA 0h01m42s
[np-N-d4] 249/400  1.5 games/s  ETA 0h01m38s
[np-N-d4] 251/400  1.5 games/s  ETA 0h01m37s
[np-N-d4] 252/400  1.5 games/s  ETA 0h01m37s
[np-N-d4] 255/400  1.5 games/s  ETA 0h01m35s
[np-N-d4] 260/400  1.5 games/s  ETA 0h01m31s
[np-N-d4] 261/400  1.5 games/s  ETA 0h01m31s
[np-N-d4] 265/400  1.5 games/s  ETA 0h01m28s
[np-N-d4] 268/400  1.5 games/s  ETA 0h01m26s
[np-N-d4] 271/400  1.5 games/s  ETA 0h01m24s
[np-N-d4] 273/400  1.5 games/s  ETA 0h01m23s
[np-N-d4] 277/400  1.5 games/s  ETA 0h01m20s
[np-N-d4] 282/400  1.5 games/s  ETA 0h01m17s
[np-N-d4] 287/400  1.5 games/s  ETA 0h01m13s
[np-N-d4] 287/400  1.5 games/s  ETA 0h01m14s
[np-N-d4] 290/400  1.5 games/s  ETA 0h01m12s
[np-N-d4] 295/400  1.5 games/s  ETA 0h01m08s
[np-N-d4] 296/400  1.5 games/s  ETA 0h01m08s
[np-N-d4] 299/400  1.5 games/s  ETA 0h01m06s
[np-N-d4] 307/400  1.5 games/s  ETA 0h01m00s
[np-N-d4] 309/400  1.5 games/s  ETA 0h00m58s
[np-N-d4] 310/400  1.5 games/s  ETA 0h00m58s
[np-N-d4] 312/400  1.5 games/s  ETA 0h00m57s
[np-N-d4] 313/400  1.5 games/s  ETA 0h00m57s
[np-N-d4] 315/400  1.5 games/s  ETA 0h00m56s
[np-N-d4] 318/400  1.5 games/s  ETA 0h00m54s
[np-N-d4] 320/400  1.5 games/s  ETA 0h00m53s
[np-N-d4] 324/400  1.5 games/s  ETA 0h00m50s
[np-N-d4] 327/400  1.5 games/s  ETA 0h00m48s
[np-N-d4] 330/400  1.5 games/s  ETA 0h00m46s
[np-N-d4] 331/400  1.5 games/s  ETA 0h00m45s
[np-N-d4] 333/400  1.5 games/s  ETA 0h00m44s
[np-N-d4] 335/400  1.5 games/s  ETA 0h00m43s
[np-N-d4] 339/400  1.5 games/s  ETA 0h00m40s
[np-N-d4] 342/400  1.5 games/s  ETA 0h00m38s
[np-N-d4] 347/400  1.5 games/s  ETA 0h00m35s
[np-N-d4] 349/400  1.5 games/s  ETA 0h00m33s
[np-N-d4] 350/400  1.5 games/s  ETA 0h00m33s
[np-N-d4] 356/400  1.5 games/s  ETA 0h00m29s
[np-N-d4] 358/400  1.5 games/s  ETA 0h00m27s
[np-N-d4] 361/400  1.5 games/s  ETA 0h00m25s
[np-N-d4] 365/400  1.5 games/s  ETA 0h00m23s
[np-N-d4] 372/400  1.5 games/s  ETA 0h00m18s
[np-N-d4] 375/400  1.5 games/s  ETA 0h00m16s
[np-N-d4] 376/400  1.5 games/s  ETA 0h00m15s
[np-N-d4] 377/400  1.5 games/s  ETA 0h00m15s
[np-N-d4] 383/400  1.5 games/s  ETA 0h00m11s
[np-N-d4] 389/400  1.5 games/s  ETA 0h00m07s
[np-N-d4] 394/400  1.5 games/s  ETA 0h00m03s
[np-N-d4] 397/400  1.5 games/s  ETA 0h00m01s
[np-N-d4] 400 games in 0h04m19s (1.5 games/s)
[np-N-d4] summary -> sim/out/np-N-d4.summary.json

> king-down-chess@0.0.1 sim
> tsx src/sim/run.ts --spec sim/specs/newpieces/np-V.json --id np-V-ortho-d4 --games 400 --depth 4 --seed 31 --workers 16 --rule reaverStep=ortho

[np-V-ortho-d4] 400 games (0 already done), 400 to play on 16 workers -> sim/out/np-V-ortho-d4.jsonl
[np-V-ortho-d4] depth 4, 4 random opening plies, ply cap 300, pairs off (both sides identical; --pairs forces them on)
[np-V-ortho-d4] rules {}, values {}
[np-V-ortho-d4] 0/400  0.0 games/s  ETA ?
[np-V-ortho-d4] 0/400  0.0 games/s  ETA ?
[np-V-ortho-d4] 2/400  0.3 games/s  ETA 0h19m55s
[np-V-ortho-d4] 5/400  0.6 games/s  ETA 0h10m32s
[np-V-ortho-d4] 10/400  1.0 games/s  ETA 0h06m30s
[np-V-ortho-d4] 10/400  0.8 games/s  ETA 0h07m48s
[np-V-ortho-d4] 13/400  0.9 games/s  ETA 0h06m57s
[np-V-ortho-d4] 18/400  1.1 games/s  ETA 0h05m39s
[np-V-ortho-d4] 24/400  1.3 games/s  ETA 0h04m42s
[np-V-ortho-d4] 27/400  1.3 games/s  ETA 0h04m36s
[np-V-ortho-d4] 32/400  1.5 games/s  ETA 0h04m13s
[np-V-ortho-d4] 32/400  1.3 games/s  ETA 0h04m36s
[np-V-ortho-d4] 37/400  1.4 games/s  ETA 0h04m15s
[np-V-ortho-d4] 42/400  1.5 games/s  ETA 0h03m58s
[np-V-ortho-d4] 45/400  1.5 games/s  ETA 0h03m56s
[np-V-ortho-d4] 47/400  1.5 games/s  ETA 0h04m00s
[np-V-ortho-d4] 51/400  1.5 games/s  ETA 0h03m52s
[np-V-ortho-d4] 52/400  1.4 games/s  ETA 0h04m01s
[np-V-ortho-d4] 56/400  1.5 games/s  ETA 0h03m53s
[np-V-ortho-d4] 59/400  1.5 games/s  ETA 0h03m51s
[np-V-ortho-d4] 62/400  1.5 games/s  ETA 0h03m49s
[np-V-ortho-d4] 65/400  1.5 games/s  ETA 0h03m46s
[np-V-ortho-d4] 65/400  1.4 games/s  ETA 0h03m57s
[np-V-ortho-d4] 69/400  1.4 games/s  ETA 0h03m50s
[np-V-ortho-d4] 73/400  1.5 games/s  ETA 0h03m44s
[np-V-ortho-d4] 77/400  1.5 games/s  ETA 0h03m38s
[np-V-ortho-d4] 80/400  1.5 games/s  ETA 0h03m36s
[np-V-ortho-d4] 80/400  1.4 games/s  ETA 0h03m44s
[np-V-ortho-d4] 85/400  1.5 games/s  ETA 0h03m35s
[np-V-ortho-d4] 91/400  1.5 games/s  ETA 0h03m23s
[np-V-ortho-d4] 94/400  1.5 games/s  ETA 0h03m21s
[np-V-ortho-d4] 98/400  1.5 games/s  ETA 0h03m17s
[np-V-ortho-d4] 100/400  1.5 games/s  ETA 0h03m18s
[np-V-ortho-d4] 105/400  1.5 games/s  ETA 0h03m11s
[np-V-ortho-d4] 106/400  1.5 games/s  ETA 0h03m14s
[np-V-ortho-d4] 111/400  1.5 games/s  ETA 0h03m07s
[np-V-ortho-d4] 115/400  1.6 games/s  ETA 0h03m03s
[np-V-ortho-d4] 118/400  1.6 games/s  ETA 0h03m01s
[np-V-ortho-d4] 121/400  1.6 games/s  ETA 0h02m59s
[np-V-ortho-d4] 124/400  1.5 games/s  ETA 0h02m58s
[np-V-ortho-d4] 128/400  1.6 games/s  ETA 0h02m54s
[np-V-ortho-d4] 131/400  1.6 games/s  ETA 0h02m52s
[np-V-ortho-d4] 131/400  1.5 games/s  ETA 0h02m56s
[np-V-ortho-d4] 134/400  1.5 games/s  ETA 0h02m54s
[np-V-ortho-d4] 139/400  1.5 games/s  ETA 0h02m49s
[np-V-ortho-d4] 142/400  1.5 games/s  ETA 0h02m47s
[np-V-ortho-d4] 142/400  1.5 games/s  ETA 0h02m50s
[np-V-ortho-d4] 147/400  1.5 games/s  ETA 0h02m45s
[np-V-ortho-d4] 150/400  1.5 games/s  ETA 0h02m43s
[np-V-ortho-d4] 153/400  1.5 games/s  ETA 0h02m41s
[np-V-ortho-d4] 154/400  1.5 games/s  ETA 0h02m43s
[np-V-ortho-d4] 156/400  1.5 games/s  ETA 0h02m42s
[np-V-ortho-d4] 156/400  1.5 games/s  ETA 0h02m45s
[np-V-ortho-d4] 160/400  1.5 games/s  ETA 0h02m42s
[np-V-ortho-d4] 162/400  1.5 games/s  ETA 0h02m41s
[np-V-ortho-d4] 165/400  1.5 games/s  ETA 0h02m39s
[np-V-ortho-d4] 170/400  1.5 games/s  ETA 0h02m34s
[np-V-ortho-d4] 172/400  1.5 games/s  ETA 0h02m33s
[np-V-ortho-d4] 175/400  1.5 games/s  ETA 0h02m31s
[np-V-ortho-d4] 177/400  1.5 games/s  ETA 0h02m31s
[np-V-ortho-d4] 184/400  1.5 games/s  ETA 0h02m23s
[np-V-ortho-d4] 187/400  1.5 games/s  ETA 0h02m21s
[np-V-ortho-d4] 189/400  1.5 games/s  ETA 0h02m20s
[np-V-ortho-d4] 192/400  1.5 games/s  ETA 0h02m18s
[np-V-ortho-d4] 196/400  1.5 games/s  ETA 0h02m15s
[np-V-ortho-d4] 200/400  1.5 games/s  ETA 0h02m12s
[np-V-ortho-d4] 204/400  1.5 games/s  ETA 0h02m08s
[np-V-ortho-d4] 209/400  1.5 games/s  ETA 0h02m04s
[np-V-ortho-d4] 212/400  1.5 games/s  ETA 0h02m02s
[np-V-ortho-d4] 214/400  1.5 games/s  ETA 0h02m01s
[np-V-ortho-d4] 218/400  1.5 games/s  ETA 0h01m58s
[np-V-ortho-d4] 221/400  1.5 games/s  ETA 0h01m56s
[np-V-ortho-d4] 225/400  1.5 games/s  ETA 0h01m53s
[np-V-ortho-d4] 226/400  1.5 games/s  ETA 0h01m54s
[np-V-ortho-d4] 232/400  1.5 games/s  ETA 0h01m48s
[np-V-ortho-d4] 236/400  1.6 games/s  ETA 0h01m45s
[np-V-ortho-d4] 241/400  1.6 games/s  ETA 0h01m41s
[np-V-ortho-d4] 242/400  1.6 games/s  ETA 0h01m41s
[np-V-ortho-d4] 244/400  1.5 games/s  ETA 0h01m41s
[np-V-ortho-d4] 246/400  1.5 games/s  ETA 0h01m40s
[np-V-ortho-d4] 249/400  1.5 games/s  ETA 0h01m38s
[np-V-ortho-d4] 254/400  1.5 games/s  ETA 0h01m34s
[np-V-ortho-d4] 256/400  1.5 games/s  ETA 0h01m33s
[np-V-ortho-d4] 260/400  1.5 games/s  ETA 0h01m30s
[np-V-ortho-d4] 263/400  1.5 games/s  ETA 0h01m28s
[np-V-ortho-d4] 266/400  1.5 games/s  ETA 0h01m26s
[np-V-ortho-d4] 267/400  1.5 games/s  ETA 0h01m26s
[np-V-ortho-d4] 272/400  1.5 games/s  ETA 0h01m22s
[np-V-ortho-d4] 277/400  1.6 games/s  ETA 0h01m19s
[np-V-ortho-d4] 280/400  1.6 games/s  ETA 0h01m17s
[np-V-ortho-d4] 282/400  1.5 games/s  ETA 0h01m16s
[np-V-ortho-d4] 285/400  1.5 games/s  ETA 0h01m14s
[np-V-ortho-d4] 286/400  1.5 games/s  ETA 0h01m14s
[np-V-ortho-d4] 290/400  1.5 games/s  ETA 0h01m11s
[np-V-ortho-d4] 293/400  1.5 games/s  ETA 0h01m09s
[np-V-ortho-d4] 298/400  1.6 games/s  ETA 0h01m05s
[np-V-ortho-d4] 306/400  1.6 games/s  ETA 0h00m59s
[np-V-ortho-d4] 310/400  1.6 games/s  ETA 0h00m56s
[np-V-ortho-d4] 314/400  1.6 games/s  ETA 0h00m54s
[np-V-ortho-d4] 318/400  1.6 games/s  ETA 0h00m51s
[np-V-ortho-d4] 320/400  1.6 games/s  ETA 0h00m50s
[np-V-ortho-d4] 322/400  1.6 games/s  ETA 0h00m49s
[np-V-ortho-d4] 326/400  1.6 games/s  ETA 0h00m46s
[np-V-ortho-d4] 330/400  1.6 games/s  ETA 0h00m44s
[np-V-ortho-d4] 334/400  1.6 games/s  ETA 0h00m41s
[np-V-ortho-d4] 337/400  1.6 games/s  ETA 0h00m39s
[np-V-ortho-d4] 339/400  1.6 games/s  ETA 0h00m38s
[np-V-ortho-d4] 346/400  1.6 games/s  ETA 0h00m33s
[np-V-ortho-d4] 349/400  1.6 games/s  ETA 0h00m31s
[np-V-ortho-d4] 354/400  1.6 games/s  ETA 0h00m28s
[np-V-ortho-d4] 360/400  1.6 games/s  ETA 0h00m24s
[np-V-ortho-d4] 360/400  1.6 games/s  ETA 0h00m24s
[np-V-ortho-d4] 365/400  1.6 games/s  ETA 0h00m21s
[np-V-ortho-d4] 368/400  1.6 games/s  ETA 0h00m19s
[np-V-ortho-d4] 370/400  1.6 games/s  ETA 0h00m18s
[np-V-ortho-d4] 378/400  1.6 games/s  ETA 0h00m13s
[np-V-ortho-d4] 379/400  1.6 games/s  ETA 0h00m12s
[np-V-ortho-d4] 386/400  1.6 games/s  ETA 0h00m08s
[np-V-ortho-d4] 389/400  1.6 games/s  ETA 0h00m06s
[np-V-ortho-d4] 394/400  1.6 games/s  ETA 0h00m03s
[np-V-ortho-d4] 399/400  1.6 games/s  ETA 0h00m00s
[np-V-ortho-d4] 400 games in 0h04m02s (1.6 games/s)
[np-V-ortho-d4] summary -> sim/out/np-V-ortho-d4.summary.json
