
> king-down-chess@0.0.1 sim
> tsx src/sim/run.ts --id ov-T-templar --experiment values --pieces T --games 300 --depth 3 --seed 1 --workers 16 --eloPerPawn 64

[ov-T-templar.T] 300 games (0 already done), 300 to play on 16 workers -> sim/out/ov-T-templar.T.jsonl
[ov-T-templar.T] depth 3, 4 random opening plies, ply cap 300, pairs on
[ov-T-templar.T] rules {}, values {}
[ov-T-templar.T] 5/300  2.5 games/s  ETA 0h01m58s
[ov-T-templar.T] 28/300  7.0 games/s  ETA 0h00m38s
[ov-T-templar.T] 42/300  7.0 games/s  ETA 0h00m36s
[ov-T-templar.T] 60/300  7.5 games/s  ETA 0h00m32s
[ov-T-templar.T] 77/300  7.7 games/s  ETA 0h00m28s
[ov-T-templar.T] 94/300  7.8 games/s  ETA 0h00m26s
[ov-T-templar.T] 115/300  8.2 games/s  ETA 0h00m22s
[ov-T-templar.T] 130/300  8.1 games/s  ETA 0h00m20s
[ov-T-templar.T] 143/300  7.9 games/s  ETA 0h00m19s
[ov-T-templar.T] 161/300  8.0 games/s  ETA 0h00m17s
[ov-T-templar.T] 177/300  8.0 games/s  ETA 0h00m15s
[ov-T-templar.T] 193/300  8.0 games/s  ETA 0h00m13s
[ov-T-templar.T] 211/300  8.1 games/s  ETA 0h00m10s
[ov-T-templar.T] 224/300  8.0 games/s  ETA 0h00m09s
[ov-T-templar.T] 242/300  8.1 games/s  ETA 0h00m07s
[ov-T-templar.T] 263/300  8.2 games/s  ETA 0h00m04s
[ov-T-templar.T] 281/300  8.3 games/s  ETA 0h00m02s
[ov-T-templar.T] 296/300  8.2 games/s  ETA 0h00m00s
[ov-T-templar.T] 300 games in 0h00m36s (8.2 games/s)
[ov-T-templar.T] summary -> sim/out/ov-T-templar.T.summary.json
# Piece values — ov-T-templar

Muller's asymmetric-material method (docs/SIM-PLAN.md §7). Each arm replaces one **knight** of the
classic arrangement `RNBQKBNR` with one fairy piece, on one side only, and plays
colour-reversed pairs. The last arm gives White pawn odds; it converts Elo into pawns.

Depth 3, 300 games per arm, 4 random opening plies.
Rules: defaults.
Engine values: the shipped constants.

## Arms (scores are the fairy army's, folded over the colour swap)
| arm | games | pairs | pentanomial | score | Elo ±95% | nElo | LOS | LLR | SPRT | draws | capped | plies |
|---|---|---|---|---|---|---|---|---|---|---|---|---|
| T | 300 | 150 | [33, 35, 53, 12, 17] | 0.408 | -64 ± 34 | -73 | 0.0% | -0.71 | continue | 16.3% | 0.0% | 93 |

**One pawn = 64 Elo** at this depth
(carried over with `--eloPerPawn`; no calibration arm was played here). Every
implied value below carries that calibration error on top of its own.


## Implied values
| piece | Elo vs knight | Δ pawns | implied value (pawns) | engine seed | research prior | next seed (cp) |
|---|---|---|---|---|---|---|
| T (templar) | -64 ± 34 | -1.01 ± 0.53 | 2.15 ± 0.53 | 3.50 | 3.75 | 215 |

Implied value = knight (3.16) + Elo / 64.


## Muller fixed-point update
Write the "next seed" column into `src/ai/eval.ts`, then run this experiment again. The values are
converged when a pass moves no piece by more than its error bar. A seed that inverts a plausible
exchange makes self-play blind, so never stop after one pass.

```ts
export const TEMPLAR_V = 215;
```


> king-down-chess@0.0.1 sim
> tsx src/sim/run.ts --spec sim/specs/newpieces/np-T.json --workers 16

[np-T] 2000 games (0 already done), 2000 to play on 16 workers -> sim/out/np-T.jsonl
[np-T] depth 3, 4 random opening plies, ply cap 300, pairs off (both sides identical; --pairs forces them on)
[np-T] rules {}, values {}
[np-T] 2/2000  1.0 games/s  ETA 0h33m18s
[np-T] 19/2000  4.7 games/s  ETA 0h06m57s
[np-T] 34/2000  5.7 games/s  ETA 0h05m47s
[np-T] 45/2000  5.6 games/s  ETA 0h05m47s
[np-T] 63/2000  6.3 games/s  ETA 0h05m07s
[np-T] 77/2000  6.4 games/s  ETA 0h04m59s
[np-T] 94/2000  6.7 games/s  ETA 0h04m43s
[np-T] 109/2000  6.8 games/s  ETA 0h04m37s
[np-T] 127/2000  7.1 games/s  ETA 0h04m25s
[np-T] 140/2000  7.0 games/s  ETA 0h04m25s
[np-T] 159/2000  7.2 games/s  ETA 0h04m14s
[np-T] 172/2000  7.2 games/s  ETA 0h04m15s
[np-T] 187/2000  7.2 games/s  ETA 0h04m12s
[np-T] 202/2000  7.2 games/s  ETA 0h04m09s
[np-T] 222/2000  7.4 games/s  ETA 0h04m00s
[np-T] 236/2000  7.4 games/s  ETA 0h03m59s
[np-T] 253/2000  7.4 games/s  ETA 0h03m54s
[np-T] 264/2000  7.3 games/s  ETA 0h03m56s
[np-T] 281/2000  7.4 games/s  ETA 0h03m52s
[np-T] 297/2000  7.4 games/s  ETA 0h03m49s
[np-T] 311/2000  7.4 games/s  ETA 0h03m48s
[np-T] 325/2000  7.4 games/s  ETA 0h03m46s
[np-T] 342/2000  7.4 games/s  ETA 0h03m43s
[np-T] 361/2000  7.5 games/s  ETA 0h03m38s
[np-T] 375/2000  7.5 games/s  ETA 0h03m36s
[np-T] 393/2000  7.6 games/s  ETA 0h03m32s
[np-T] 406/2000  7.5 games/s  ETA 0h03m32s
[np-T] 427/2000  7.6 games/s  ETA 0h03m26s
[np-T] 439/2000  7.6 games/s  ETA 0h03m26s
[np-T] 455/2000  7.6 games/s  ETA 0h03m23s
[np-T] 474/2000  7.6 games/s  ETA 0h03m19s
[np-T] 485/2000  7.6 games/s  ETA 0h03m19s
[np-T] 501/2000  7.6 games/s  ETA 0h03m17s
[np-T] 519/2000  7.6 games/s  ETA 0h03m14s
[np-T] 536/2000  7.7 games/s  ETA 0h03m11s
[np-T] 554/2000  7.7 games/s  ETA 0h03m07s
[np-T] 570/2000  7.7 games/s  ETA 0h03m05s
[np-T] 585/2000  7.7 games/s  ETA 0h03m03s
[np-T] 605/2000  7.8 games/s  ETA 0h02m59s
[np-T] 620/2000  7.7 games/s  ETA 0h02m58s
[np-T] 637/2000  7.8 games/s  ETA 0h02m55s
[np-T] 648/2000  7.7 games/s  ETA 0h02m55s
[np-T] 663/2000  7.7 games/s  ETA 0h02m53s
[np-T] 676/2000  7.7 games/s  ETA 0h02m52s
[np-T] 697/2000  7.7 games/s  ETA 0h02m48s
[np-T] 717/2000  7.8 games/s  ETA 0h02m44s
[np-T] 734/2000  7.8 games/s  ETA 0h02m42s
[np-T] 755/2000  7.9 games/s  ETA 0h02m38s
[np-T] 773/2000  7.9 games/s  ETA 0h02m35s
[np-T] 787/2000  7.9 games/s  ETA 0h02m34s
[np-T] 803/2000  7.9 games/s  ETA 0h02m32s
[np-T] 819/2000  7.9 games/s  ETA 0h02m30s
[np-T] 833/2000  7.9 games/s  ETA 0h02m28s
[np-T] 849/2000  7.9 games/s  ETA 0h02m26s
[np-T] 867/2000  7.9 games/s  ETA 0h02m23s
[np-T] 886/2000  7.9 games/s  ETA 0h02m20s
[np-T] 904/2000  7.9 games/s  ETA 0h02m18s
[np-T] 927/2000  8.0 games/s  ETA 0h02m14s
[np-T] 945/2000  8.0 games/s  ETA 0h02m11s
[np-T] 963/2000  8.0 games/s  ETA 0h02m09s
[np-T] 978/2000  8.0 games/s  ETA 0h02m07s
[np-T] 998/2000  8.0 games/s  ETA 0h02m04s
[np-T] 1018/2000  8.1 games/s  ETA 0h02m01s
[np-T] 1037/2000  8.1 games/s  ETA 0h01m58s
[np-T] 1058/2000  8.1 games/s  ETA 0h01m55s
[np-T] 1075/2000  8.1 games/s  ETA 0h01m53s
[np-T] 1097/2000  8.2 games/s  ETA 0h01m50s
[np-T] 1113/2000  8.2 games/s  ETA 0h01m48s
[np-T] 1134/2000  8.2 games/s  ETA 0h01m45s
[np-T] 1151/2000  8.2 games/s  ETA 0h01m43s
[np-T] 1169/2000  8.2 games/s  ETA 0h01m41s
[np-T] 1186/2000  8.2 games/s  ETA 0h01m38s
[np-T] 1203/2000  8.2 games/s  ETA 0h01m36s
[np-T] 1223/2000  8.3 games/s  ETA 0h01m34s
[np-T] 1237/2000  8.2 games/s  ETA 0h01m32s
[np-T] 1255/2000  8.3 games/s  ETA 0h01m30s
[np-T] 1276/2000  8.3 games/s  ETA 0h01m27s
[np-T] 1292/2000  8.3 games/s  ETA 0h01m25s
[np-T] 1309/2000  8.3 games/s  ETA 0h01m23s
[np-T] 1332/2000  8.3 games/s  ETA 0h01m20s
[np-T] 1352/2000  8.3 games/s  ETA 0h01m17s
[np-T] 1370/2000  8.3 games/s  ETA 0h01m15s
[np-T] 1385/2000  8.3 games/s  ETA 0h01m13s
[np-T] 1400/2000  8.3 games/s  ETA 0h01m12s
[np-T] 1420/2000  8.3 games/s  ETA 0h01m09s
[np-T] 1434/2000  8.3 games/s  ETA 0h01m07s
[np-T] 1449/2000  8.3 games/s  ETA 0h01m06s
[np-T] 1467/2000  8.3 games/s  ETA 0h01m03s
[np-T] 1488/2000  8.4 games/s  ETA 0h01m01s
[np-T] 1508/2000  8.4 games/s  ETA 0h00m58s
[np-T] 1527/2000  8.4 games/s  ETA 0h00m56s
[np-T] 1542/2000  8.4 games/s  ETA 0h00m54s
[np-T] 1562/2000  8.4 games/s  ETA 0h00m52s
[np-T] 1581/2000  8.4 games/s  ETA 0h00m49s
[np-T] 1597/2000  8.4 games/s  ETA 0h00m47s
[np-T] 1616/2000  8.4 games/s  ETA 0h00m45s
[np-T] 1638/2000  8.4 games/s  ETA 0h00m42s
[np-T] 1658/2000  8.5 games/s  ETA 0h00m40s
[np-T] 1676/2000  8.5 games/s  ETA 0h00m38s
[np-T] 1689/2000  8.4 games/s  ETA 0h00m36s
[np-T] 1701/2000  8.4 games/s  ETA 0h00m35s
[np-T] 1723/2000  8.4 games/s  ETA 0h00m32s
[np-T] 1739/2000  8.4 games/s  ETA 0h00m30s
[np-T] 1759/2000  8.4 games/s  ETA 0h00m28s
[np-T] 1772/2000  8.4 games/s  ETA 0h00m27s
[np-T] 1788/2000  8.4 games/s  ETA 0h00m25s
[np-T] 1813/2000  8.5 games/s  ETA 0h00m22s
[np-T] 1832/2000  8.5 games/s  ETA 0h00m19s
[np-T] 1845/2000  8.5 games/s  ETA 0h00m18s
[np-T] 1864/2000  8.5 games/s  ETA 0h00m16s
[np-T] 1881/2000  8.5 games/s  ETA 0h00m14s
[np-T] 1905/2000  8.5 games/s  ETA 0h00m11s
[np-T] 1923/2000  8.5 games/s  ETA 0h00m09s
[np-T] 1941/2000  8.5 games/s  ETA 0h00m06s
[np-T] 1961/2000  8.5 games/s  ETA 0h00m04s
[np-T] 1976/2000  8.5 games/s  ETA 0h00m02s
[np-T] 1996/2000  8.5 games/s  ETA 0h00m00s
[np-T] 2000 games in 0h03m54s (8.5 games/s)
[np-T] summary -> sim/out/np-T.summary.json
