[powers-net] 176452 positions from pn-g1 (sha256 131670846061c7e0…)
[powers-net] starting net, held out: no powers 0.001442 (7277), powers 0.001223 (10255), Ogre on the board 0.001172 (8404)
[nnue] 158920 training positions, 17532 held out
[nnue] residual target: |search - linear| > 150 cp on 4.3% of positions (clipped)
[nnue] epoch   0  (the starting net)  val 0.001314
[nnue] epoch   1  lr 0.0005  train 0.001219  val 0.001246  3s
[nnue] epoch   2  lr 0.0005  train 0.001163  val 0.001240  6s
[nnue] epoch   3  lr 0.0005  train 0.001128  val 0.001242  9s
[nnue] epoch   4  lr 0.0004  train 0.001101  val 0.001246  12s
[nnue] epoch   5  lr 0.0004  train 0.001084  val 0.001250  15s
[nnue] epoch   6  lr 0.0003  train 0.001065  val 0.001256  18s
[nnue] epoch   7  lr 0.0003  train 0.001052  val 0.001261  21s
[nnue] epoch   8  lr 0.0002  train 0.001041  val 0.001265  24s
[nnue] epoch   9  lr 0.0001  train 0.001031  val 0.001266  27s
[nnue] epoch  10  lr 0.0001  train 0.001031  val 0.001269  30s
[nnue] epoch  11  lr 0.0001  train 0.001025  val 0.001269  33s
[nnue] epoch  12  lr 0.0000  train 0.001036  val 0.001270  36s
[nnue] best validation 0.001240 at epoch 2
[powers-net] c-lr05, held out: no powers 0.001334, powers 0.001173, Ogre on the board 0.001168
[powers-net] wrote sim/nnue-powers/c-lr05.{weights.ts,arm.json,train.json} and current.arm.json
