
=== phase-1 protocol/setup validation ===

PASS  setups: count >= 80  [96 setups]
PASS  setups: all FENs round-trip and are legal  [mutated=0 illegal=0 lab=0]
PASS  setups: fenSwapped is the colour-and-rank mirror  [mismatches=0]
PASS  setups: every current-game piece kind appears  [NBRQALGMS all seen]
PASS  setups: both kinds present  [64 mirror, 32 asymmetric]
PASS  setups: archer-bearing subset >= 40  [61]
PASS  setups: beast-bearing subset >= 40  [73]
PASS  setups: mirror starts are self-mirroring  [64]
PASS  setups: asymmetric starts hand the structure to the other army
PASS  phase-1-archer-adopted.proposed.json: id/games  [phase-1-archer-adopted games=400]
PASS  phase-1-archer-adopted.proposed.json: buildJobs count == games  [400]
PASS  phase-1-archer-adopted.proposed.json: pairs on  [true]
PASS  phase-1-archer-adopted.proposed.json: no early adjudication  [false]
PASS  phase-1-archer-adopted.proposed.json: one config per listed setup  [configs=61 listed=61]
PASS  phase-1-archer-adopted.proposed.json: pair/colour mapping  [pairBad=0 fenBad=0]
PASS  phase-1-archer-adopted.proposed.json: every job fen is a frozen setup fen  [foreign=0]
PASS  phase-1-archer-adopted.proposed.json: all fens are legal  [sampled first entry]
PASS  phase-1-archer-classic.proposed.json: id/games  [phase-1-archer-classic games=400]
PASS  phase-1-archer-classic.proposed.json: buildJobs count == games  [400]
PASS  phase-1-archer-classic.proposed.json: pairs on  [true]
PASS  phase-1-archer-classic.proposed.json: no early adjudication  [false]
PASS  phase-1-archer-classic.proposed.json: one config per listed setup  [configs=61 listed=61]
PASS  phase-1-archer-classic.proposed.json: pair/colour mapping  [pairBad=0 fenBad=0]
PASS  phase-1-archer-classic.proposed.json: every job fen is a frozen setup fen  [foreign=0]
PASS  phase-1-archer-classic.proposed.json: all fens are legal  [sampled first entry]
PASS  phase-1-beast-guard-focus.proposed.json: id/games  [phase-1-beast-guard-focus games=200]
PASS  phase-1-beast-guard-focus.proposed.json: buildJobs count == games  [200]
PASS  phase-1-beast-guard-focus.proposed.json: pairs on  [true]
PASS  phase-1-beast-guard-focus.proposed.json: no early adjudication  [false]
PASS  phase-1-beast-guard-focus.proposed.json: one config per listed setup  [configs=73 listed=73]
PASS  phase-1-beast-guard-focus.proposed.json: pair/colour mapping  [pairBad=0 fenBad=0]
PASS  phase-1-beast-guard-focus.proposed.json: every job fen is a frozen setup fen  [foreign=0]
PASS  phase-1-beast-guard-focus.proposed.json: all fens are legal  [sampled first entry]
PASS  phase-1-eval-deep-linear.proposed.json: id/games  [phase-1-eval-deep-linear games=400]
PASS  phase-1-eval-deep-linear.proposed.json: buildJobs count == games  [400]
PASS  phase-1-eval-deep-linear.proposed.json: pairs on  [true]
PASS  phase-1-eval-deep-linear.proposed.json: no early adjudication  [false]
PASS  phase-1-eval-deep-linear.proposed.json: one config per listed setup  [configs=96 listed=96]
PASS  phase-1-eval-deep-linear.proposed.json: pair/colour mapping  [pairBad=0 fenBad=0]
PASS  phase-1-eval-deep-linear.proposed.json: every job fen is a frozen setup fen  [foreign=0]
PASS  phase-1-eval-deep-linear.proposed.json: all fens are legal  [sampled first entry]
PASS  phase-1-eval-linear-vs-residual.proposed.json: id/games  [phase-1-eval-linear-vs-residual games=400]
PASS  phase-1-eval-linear-vs-residual.proposed.json: buildJobs count == games  [400]
PASS  phase-1-eval-linear-vs-residual.proposed.json: pairs on  [true]
PASS  phase-1-eval-linear-vs-residual.proposed.json: no early adjudication  [false]
PASS  phase-1-eval-linear-vs-residual.proposed.json: one config per listed setup  [configs=96 listed=96]
PASS  phase-1-eval-linear-vs-residual.proposed.json: pair/colour mapping  [pairBad=0 fenBad=0]
PASS  phase-1-eval-linear-vs-residual.proposed.json: every job fen is a frozen setup fen  [foreign=0]
PASS  phase-1-eval-linear-vs-residual.proposed.json: all fens are legal  [sampled first entry]
PASS  phase-1-throughput-d3.proposed.json: id/games  [phase-1-throughput-d3 games=24]
PASS  phase-1-throughput-d3.proposed.json: buildJobs count == games  [24]
PASS  phase-1-throughput-d3.proposed.json: pairs on  [true]
PASS  phase-1-throughput-d3.proposed.json: no early adjudication  [false]
PASS  phase-1-throughput-d3.proposed.json: one config per listed setup  [configs=12 listed=12]
PASS  phase-1-throughput-d3.proposed.json: pair/colour mapping  [pairBad=0 fenBad=0]
PASS  phase-1-throughput-d3.proposed.json: every job fen is a frozen setup fen  [foreign=0]
PASS  phase-1-throughput-d3.proposed.json: all fens are legal  [sampled first entry]
PASS  phase-1-throughput-d4.proposed.json: id/games  [phase-1-throughput-d4 games=24]
PASS  phase-1-throughput-d4.proposed.json: buildJobs count == games  [24]
PASS  phase-1-throughput-d4.proposed.json: pairs on  [true]
PASS  phase-1-throughput-d4.proposed.json: no early adjudication  [false]
PASS  phase-1-throughput-d4.proposed.json: one config per listed setup  [configs=12 listed=12]
PASS  phase-1-throughput-d4.proposed.json: pair/colour mapping  [pairBad=0 fenBad=0]
PASS  phase-1-throughput-d4.proposed.json: every job fen is a frozen setup fen  [foreign=0]
PASS  phase-1-throughput-d4.proposed.json: all fens are legal  [sampled first entry]
PASS  specs: all spec files loaded  [phase-1-archer-adopted, phase-1-archer-classic, phase-1-beast-guard-focus, phase-1-eval-deep-linear, phase-1-eval-linear-vs-residual, phase-1-throughput-d3, phase-1-throughput-d4]
PASS  archer arms: exactly one rule differs  [archerShots]
PASS  archer arms: adopted=plusDiagFwd2, classic=classic  [plusDiagFwd2/classic]
PASS  archer arms: same setups, seed and search  [seed 8101]
PASS  adopted archer arm == current adopted rules
PASS  classic arm freezes Beast/promotions/values  [{"beastCapture":"adjacent","promo":"standard"}]
PASS  phase-1-eval-linear-vs-residual: evalParams white=linear  [sim/nnue/eval-linear.json]
PASS  phase-1-eval-linear-vs-residual: evalParams black=pinned residual arm  [campaign/specs/phase-1-residual-eval.json]
PASS  phase-1-eval-deep-linear: evalParams white=linear  [sim/nnue/eval-linear.json]
PASS  phase-1-eval-deep-linear: evalParams black=pinned residual arm  [campaign/specs/phase-1-residual-eval.json]
PASS  deep-linear: unequal per-side depth  [white=5 black=4]
PASS  identity: sourceId is stable non-empty  [3545663dcf97]
PASS  phase-1-archer-adopted.proposed.json: specKey  [8c6682d5fc96]
PASS  phase-1-archer-classic.proposed.json: specKey  [05dd50c82a84]
PASS  phase-1-beast-guard-focus.proposed.json: specKey  [6af3cb76e924]
PASS  phase-1-eval-deep-linear.proposed.json: specKey  [dbed57768db8]
PASS  phase-1-eval-linear-vs-residual.proposed.json: specKey  [668d8755489c]
PASS  phase-1-throughput-d3.proposed.json: specKey  [94be836143d7]
PASS  phase-1-throughput-d4.proposed.json: specKey  [03f1fb58cf0d]
PASS  residual: weights.ts holds a net  [netLoaded=true]
PASS  residual: kind is residual  [residual/residual]
PASS  residual: blob is not a placeholder  [b64len=120408]
PASS  residual: committed blob matches the accepted Q6 model sha  [sha256(b64)=e17a27bfbadb029e419082ce…]
PASS  evaluator: simulation default is linear  [linear]
PASS  residual: applied on current-game setups (no lab fallback)  [nonzero=94/96 mean|Δ|=21.10 max=50 overClip=0]
PASS  residual: lab piece falls back to linear (documented, not residual evidence)  [Ogre position Δ=0]
PASS  eval-linear.json: loads linear  [linear]
PASS  eval-residual.json: loads residual  [residual]
PASS  eval-residual.json: net field state recorded  [NO net field — the arm relies on src/ai/nnue/weights.ts, which sourceId pins]
PASS  pinned arm: evaluator residual + kind residual  [residual/residual]
PASS  pinned arm: embeds the committed blob bytes  [len=120408 vs 120408]
PASS  pinned arm: blob sha matches accepted Q6 model  [sha256=e17a27bfbadb029e419082ce…]
PASS  pinned arm: loads as residual  [residual]

sourceId=3545663dcf97
  phase-1-archer-adopted: games=400 configs=61 specKey=8c6682d5fc96
  phase-1-archer-classic: games=400 configs=61 specKey=05dd50c82a84
  phase-1-beast-guard-focus: games=200 configs=73 specKey=6af3cb76e924
  phase-1-eval-deep-linear: games=400 configs=96 specKey=dbed57768db8
  phase-1-eval-linear-vs-residual: games=400 configs=96 specKey=668d8755489c
  phase-1-throughput-d3: games=24 configs=12 specKey=94be836143d7
  phase-1-throughput-d4: games=24 configs=12 specKey=03f1fb58cf0d

98/98 checks passed
